============================================
Job ID       : 5475747
Array Task   : 554
Replica ID   : 554
Node         : lri010
Start time   : Wed Apr 22 18:13:13 EDT 2026
============================================
[REPLICA 554] Starting...
  Sequence   : YYDPETGTWY
  Forcefield : amber
  Backend    : aer
  Max iter   : 2000
--- INITIALIZING QUANTUM BIOPHYSICS FOLDER (HARDWARE) ---
--- FORCE FIELD: AMBER ---
--- SCOUTING: Checking 50 starting points ---
 > Deterministic Seed: 313297321 (Derived from Sequence)
 > Best Start Found: Energy 456.87
[REPLICA 554] Init strategy: random, seed: 313297321
--- STARTING QUANTUM FOLDING (HYBRID PIPELINE) ---
Stage 1: Mechanical Collapse (COBYLA, statevector)...
 > Collapse Energy: 514.31
Stage 2: Physics Refinement (SLSQP, statevector)...
Optimization terminated successfully    (Exit mode 0)
            Current function value: 260.9380466715869
            Iterations: 141
            Function evaluations: 7779
            Gradient evaluations: 141
 > Refinement Energy: 260.94
Stage 3: Natural Relaxation (SLSQP, statevector)...
Optimization terminated successfully    (Exit mode 0)
            Current function value: -23.538822997789374
            Iterations: 163
            Function evaluations: 8924
            Gradient evaluations: 163
 > Relaxation Energy: -23.54

[EXTRACTION] Mode: sampler → backend='aer_simulator', shots=4096
  Submitting 3 circuits (Z / X / Y bases)...
  Done. Angles extracted from measurement statistics.

[RESULT] Final energy: -23.5388
[SAVED] outputs/reps_Brickwork_entanglement/slurm_YYDPETGTWY_amber/replica_554/replica_554_landscape.png
[REPLICA 554] RMSD: 6.556 Å
[REPLICA 554] Done!
  Energy     : -23.5388
  RMSD       : 6.556 Å
  Runtime    : 208.8s
  Saved to   : outputs/reps_Brickwork_entanglement/slurm_YYDPETGTWY_amber/replica_554/replica_554_result.json
============================================
End time     : Wed Apr 22 18:16:43 EDT 2026
Exit code    : 0
============================================
