============================================
Job ID       : 5421634
Array Task   : 385
Replica ID   : 385
Node         : lri042
Start time   : Tue Apr 14 06:07:14 EDT 2026
============================================
[REPLICA 385] Starting...
  Sequence   : YYDPETGTWY
  Forcefield : amber
  Backend    : aer
  Max iter   : 2000
--- INITIALIZING QUANTUM BIOPHYSICS FOLDER (HARDWARE) ---
--- FORCE FIELD: AMBER ---
--- PRIMING CIRCUIT FOR SHEET ---
 > Priming Error: 11.2777
[REPLICA 385] Init strategy: sheet, seed: 313297152
--- STARTING QUANTUM FOLDING (HYBRID PIPELINE) ---
Stage 1: Mechanical Collapse (COBYLA, statevector)...
 > Collapse Energy: 132.48
Stage 2: Physics Refinement (SLSQP, statevector)...
Optimization terminated successfully    (Exit mode 0)
            Current function value: 13.636426238850499
            Iterations: 416
            Function evaluations: 47857
            Gradient evaluations: 416
 > Refinement Energy: 13.64
Stage 3: Natural Relaxation (SLSQP, statevector)...
Optimization terminated successfully    (Exit mode 0)
            Current function value: -5.219053287269867
            Iterations: 255
            Function evaluations: 29595
            Gradient evaluations: 255
 > Relaxation Energy: -5.22

[EXTRACTION] Mode: sampler → backend='aer_simulator', shots=4096
  Submitting 3 circuits (Z / X / Y bases)...
  Done. Angles extracted from measurement statistics.

[RESULT] Final energy: -5.2191
[REPLICA 385] RMSD: 5.391 Å
[REPLICA 385] Done!
  Energy     : -5.2191
  RMSD       : 5.391 Å
  Runtime    : 1358.9s
  Saved to   : outputs/slurm_YYDPETGTWY_amber/replica_385/replica_385_result.json
============================================
End time     : Tue Apr 14 06:29:55 EDT 2026
Exit code    : 0
============================================
