============================================
Job ID       : 5495825
Array Task   : 378
Replica ID   : 378
Node         : lri065
Start time   : Mon Apr 27 13:45:09 EDT 2026
============================================
[REPLICA 378] Starting...
  Sequence     : YYDPETGTWY
  Forcefield   : amber
  Backend      : aer
  Max iter     : 2000
  Skip Stage 2 : False
--- INITIALIZING QUANTUM BIOPHYSICS FOLDER (HARDWARE) ---
--- FORCE FIELD: AMBER ---
[REPLICA 378] Ground truth loaded — 10 CA atoms
--- SCOUTING: Checking 50 starting points ---
 > Deterministic Seed: 313297145 (Derived from Sequence)
 > Best Start Found: Energy 286.41
[REPLICA 378] Init strategy: random, seed: 313297145
============================================
End time     : Mon Apr 27 13:45:11 EDT 2026
Exit code    : 0
============================================
