============================================
Job ID       : 5495152
Array Task   : 148
Replica ID   : 148
Node         : lri067
Start time   : Mon Apr 27 12:54:08 EDT 2026
============================================
[REPLICA 148] Starting...
  Sequence     : YYDPETGTWY
  Forcefield   : amber
  Backend      : aer
  Max iter     : 2000
  Skip Stage 2 : False
--- INITIALIZING QUANTUM BIOPHYSICS FOLDER (HARDWARE) ---
--- FORCE FIELD: AMBER ---
[REPLICA 148] Ground truth loaded — 10 CA atoms
--- SCOUTING: Checking 50 starting points ---
 > Deterministic Seed: 313296915 (Derived from Sequence)
 > Best Start Found: Energy 500.19
[REPLICA 148] Init strategy: random, seed: 313296915
============================================
End time     : Mon Apr 27 12:54:09 EDT 2026
Exit code    : 0
============================================
