============================================
Job ID       : 5495882
Array Task   : 34
Replica ID   : 34
Node         : lri065
Start time   : Mon Apr 27 13:47:10 EDT 2026
============================================
[REPLICA 34] Starting...
  Sequence     : YYDPETGTWY
  Forcefield   : amber
  Backend      : aer
  Max iter     : 2000
  Skip Stage 2 : True
--- INITIALIZING QUANTUM BIOPHYSICS FOLDER (HARDWARE) ---
--- FORCE FIELD: AMBER ---
[REPLICA 34] Ground truth loaded — 10 CA atoms
--- SCOUTING: Checking 50 starting points ---
 > Deterministic Seed: 313296801 (Derived from Sequence)
 > Best Start Found: Energy 364.14
[REPLICA 34] Init strategy: random, seed: 313296801
============================================
End time     : Mon Apr 27 13:47:12 EDT 2026
Exit code    : 0
============================================
