============================================
Job ID       : 5439616
Array Task   : 830
Replica ID   : 830
Node         : lri015
Start time   : Fri Apr 17 09:54:35 EDT 2026
============================================
[REPLICA 830] Starting...
  Sequence   : YYDPETGTWY
  Forcefield : amber
  Backend    : aer
  Max iter   : 2000
--- INITIALIZING QUANTUM BIOPHYSICS FOLDER (HARDWARE) ---
--- FORCE FIELD: AMBER ---
--- SCOUTING: Checking 50 starting points ---
 > Deterministic Seed: 313297597 (Derived from Sequence)
 > Best Start Found: Energy 400.03
[REPLICA 830] Init strategy: random, seed: 313297597
--- STARTING QUANTUM FOLDING (HYBRID PIPELINE) ---
Stage 1: Mechanical Collapse (COBYLA, statevector)...
 > Collapse Energy: 876.72
Stage 2: Physics Refinement (SLSQP, statevector)...
Optimization terminated successfully    (Exit mode 0)
            Current function value: 216.11006788579203
            Iterations: 152
            Function evaluations: 8361
            Gradient evaluations: 152
 > Refinement Energy: 216.11
Stage 3: Natural Relaxation (SLSQP, statevector)...
Optimization terminated successfully    (Exit mode 0)
            Current function value: -19.14766342229786
            Iterations: 104
            Function evaluations: 5812
            Gradient evaluations: 104
 > Relaxation Energy: -19.15

[EXTRACTION] Mode: sampler → backend='aer_simulator', shots=4096
  Submitting 3 circuits (Z / X / Y bases)...
  Done. Angles extracted from measurement statistics.

[RESULT] Final energy: -19.1477
[REPLICA 830] RMSD: 4.555 Å
[REPLICA 830] Done!
  Energy     : -19.1477
  RMSD       : 4.555 Å
  Runtime    : 177.6s
  Saved to   : outputs/reps_Brickwork_entanglement/slurm_YYDPETGTWY_amber/replica_830/replica_830_result.json
============================================
End time     : Fri Apr 17 09:57:34 EDT 2026
Exit code    : 0
============================================
