============================================
Job ID       : 5425693
Array Task   : 209
Replica ID   : 209
Node         : lri054
Start time   : Wed Apr 15 13:26:52 EDT 2026
============================================
[REPLICA 209] Starting...
  Sequence   : YYDPETGTWY
  Forcefield : amber
  Backend    : aer
  Max iter   : 2000
--- INITIALIZING QUANTUM BIOPHYSICS FOLDER (HARDWARE) ---
--- FORCE FIELD: AMBER ---
--- SCOUTING: Checking 50 starting points ---
 > Deterministic Seed: 313296976 (Derived from Sequence)
 > Best Start Found: Energy 366.29
[REPLICA 209] Init strategy: random, seed: 313296976
--- STARTING QUANTUM FOLDING (HYBRID PIPELINE) ---
Stage 1: Mechanical Collapse (COBYLA, statevector)...
 > Collapse Energy: 446.62
Stage 2: Physics Refinement (SLSQP, statevector)...
Optimization terminated successfully    (Exit mode 0)
            Current function value: 276.3923625813767
            Iterations: 209
            Function evaluations: 11190
            Gradient evaluations: 209
 > Refinement Energy: 276.39
Stage 3: Natural Relaxation (SLSQP, statevector)...
Optimization terminated successfully    (Exit mode 0)
            Current function value: 85.13398238264615
            Iterations: 137
            Function evaluations: 7453
            Gradient evaluations: 137
 > Relaxation Energy: 85.13

[EXTRACTION] Mode: sampler → backend='aer_simulator', shots=4096
  Submitting 3 circuits (Z / X / Y bases)...
  Done. Angles extracted from measurement statistics.

[RESULT] Final energy: 85.1340
[REPLICA 209] RMSD: 5.358 Å
[REPLICA 209] Done!
  Energy     : 85.1340
  RMSD       : 5.358 Å
  Runtime    : 256.3s
  Saved to   : outputs/linear_entanglement_1_rep/slurm_YYDPETGTWY_amber/replica_209/replica_209_result.json
============================================
End time     : Wed Apr 15 13:31:10 EDT 2026
Exit code    : 0
============================================
