============================================
Job ID       : 5496463
Array Task   : 190
Replica ID   : 190
Node         : lri036
Start time   : Mon Apr 27 14:19:08 EDT 2026
============================================
[REPLICA 190] Starting...
  Sequence     : YYDPETGTWY
  Forcefield   : amber
  Backend      : aer
  Max iter     : 2000
  Skip Stage 2 : True
--- INITIALIZING QUANTUM BIOPHYSICS FOLDER (HARDWARE) ---
--- FORCE FIELD: AMBER ---
[REPLICA 190] Ground truth loaded — 10 CA atoms
--- SCOUTING: Checking 50 starting points ---
 > Deterministic Seed: 313296957 (Derived from Sequence)
 > Best Start Found: Energy 299.21
[REPLICA 190] Init strategy: random, seed: 313296957
--- STARTING QUANTUM FOLDING (HYBRID PIPELINE) ---
Stage 1: Mechanical Collapse (COBYLA, statevector)...
 > Collapse Energy : 766.37
 > Stage 1 RMSD    : 3.0324 Å
Stage 2: SKIPPED
Stage 3: Natural Relaxation (SLSQP, statevector)...
Optimization terminated successfully    (Exit mode 0)
            Current function value: 89.21452629827627
            Iterations: 226
            Function evaluations: 12085
            Gradient evaluations: 226
 > Relaxation Energy : 89.21
 > Stage 3 RMSD      : 2.8828 Å

── RMSD Progress ──────────────────────────
  Stage 1 : 3.0324 Å
  Stage 2 : skipped
  Stage 3 : 2.8828 Å  ↓ better
──────────────────────────────────────────

[EXTRACTION] Mode: sampler → backend='aer_simulator', shots=4096
  Submitting 3 circuits (Z / X / Y bases)...
  Done. Angles extracted from measurement statistics.

[RESULT] Final energy: 89.2145
[REPLICA 190] Tracker saved → outputs/Skip1/slurm_YYDPETGTWY_amber/replica_190/replica_190_tracker.json
[SAVED] outputs/Skip1/slurm_YYDPETGTWY_amber/replica_190/replica_190_landscape.png
[REPLICA 190] Final RMSD: 6.584 Å

[REPLICA 190] ✓ Done!
  Energy       : 89.2145
  RMSD final   : 6.584 Å
  RMSD stage1  : 3.032 Å
  RMSD stage2  : skipped
  RMSD stage3  : 2.883 Å
  Runtime      : 156.0s
  Saved to     : outputs/Skip1/slurm_YYDPETGTWY_amber/replica_190/replica_190_result.json
============================================
End time     : Mon Apr 27 14:21:45 EDT 2026
Exit code    : 0
============================================
