============================================
Job ID       : 5440358
Array Task   : 276
Replica ID   : 276
Node         : lri015
Start time   : Fri Apr 17 13:36:48 EDT 2026
============================================
[REPLICA 276] Starting...
  Sequence   : DAYAQWLKDGGPSSGRPPPS
  Forcefield : amber
  Backend    : aer
  Max iter   : 2000
--- INITIALIZING QUANTUM BIOPHYSICS FOLDER (HARDWARE) ---
--- FORCE FIELD: AMBER ---
--- SCOUTING: Checking 50 starting points ---
 > Deterministic Seed: 2158523661 (Derived from Sequence)
 > Best Start Found: Energy 418.55
[REPLICA 276] Init strategy: random, seed: 2158523661
--- STARTING QUANTUM FOLDING (HYBRID PIPELINE) ---
Stage 1: Mechanical Collapse (COBYLA, statevector)...
 > Collapse Energy: 481.55
Stage 2: Physics Refinement (SLSQP, statevector)...
Optimization terminated successfully    (Exit mode 0)
            Current function value: -29.810652612536877
            Iterations: 199
            Function evaluations: 15895
            Gradient evaluations: 199
 > Refinement Energy: -29.81
Stage 3: Natural Relaxation (SLSQP, statevector)...
Optimization terminated successfully    (Exit mode 0)
            Current function value: -142.78528693861205
            Iterations: 268
            Function evaluations: 20929
            Gradient evaluations: 268
 > Relaxation Energy: -142.79

[EXTRACTION] Mode: sampler → backend='aer_simulator', shots=4096
  Submitting 3 circuits (Z / X / Y bases)...
  Done. Angles extracted from measurement statistics.

[RESULT] Final energy: -142.7853
[REPLICA 276] RMSD: 7.785 Å
[REPLICA 276] Done!
  Energy     : -142.7853
  RMSD       : 7.785 Å
  Runtime    : 716.0s
  Saved to   : outputs/reps_Brickwork_entanglement1/slurm_DAYAQWLKDGGPSSGRPPPS_amber/replica_276/replica_276_result.json
============================================
End time     : Fri Apr 17 13:48:45 EDT 2026
Exit code    : 0
============================================
