============================================
Job ID       : 5495060
Array Task   : 56
Replica ID   : 56
Node         : lri065
Start time   : Mon Apr 27 12:54:02 EDT 2026
============================================
[REPLICA 56] Starting...
  Sequence     : YYDPETGTWY
  Forcefield   : amber
  Backend      : aer
  Max iter     : 2000
  Skip Stage 2 : False
--- INITIALIZING QUANTUM BIOPHYSICS FOLDER (HARDWARE) ---
--- FORCE FIELD: AMBER ---
[REPLICA 56] Ground truth loaded — 10 CA atoms
--- SCOUTING: Checking 50 starting points ---
 > Deterministic Seed: 313296823 (Derived from Sequence)
 > Best Start Found: Energy 357.89
[REPLICA 56] Init strategy: random, seed: 313296823
============================================
End time     : Mon Apr 27 12:54:03 EDT 2026
Exit code    : 0
============================================
