============================================
Job ID       : 5442142
Array Task   : 596
Replica ID   : 596
Node         : lri014
Start time   : Fri Apr 17 16:14:58 EDT 2026
============================================
[REPLICA 596] Starting...
  Sequence   : DAYAQWLKDGGPSSGRPPPS
  Forcefield : amber
  Backend    : aer
  Max iter   : 2000
--- INITIALIZING QUANTUM BIOPHYSICS FOLDER (HARDWARE) ---
--- FORCE FIELD: AMBER ---
--- SCOUTING: Checking 50 starting points ---
 > Deterministic Seed: 2158523981 (Derived from Sequence)
 > Best Start Found: Energy 537.64
[REPLICA 596] Init strategy: random, seed: 2158523981
--- STARTING QUANTUM FOLDING (HYBRID PIPELINE) ---
Stage 1: Mechanical Collapse (COBYLA, statevector)...
 > Collapse Energy: 595.61
Stage 2: Physics Refinement (SLSQP, statevector)...
Optimization terminated successfully    (Exit mode 0)
            Current function value: -86.36549825642331
            Iterations: 198
            Function evaluations: 15756
            Gradient evaluations: 198
 > Refinement Energy: -86.37
Stage 3: Natural Relaxation (SLSQP, statevector)...
Optimization terminated successfully    (Exit mode 0)
            Current function value: -73.95259208196624
            Iterations: 299
            Function evaluations: 23311
            Gradient evaluations: 299
 > Relaxation Energy: -73.95

[EXTRACTION] Mode: sampler → backend='aer_simulator', shots=4096
  Submitting 3 circuits (Z / X / Y bases)...
  Done. Angles extracted from measurement statistics.

[RESULT] Final energy: -73.9526
[REPLICA 596] RMSD: 5.253 Å
[REPLICA 596] Done!
  Energy     : -73.9526
  RMSD       : 5.253 Å
  Runtime    : 713.0s
  Saved to   : outputs/reps_Brickwork_entanglement1/slurm_DAYAQWLKDGGPSSGRPPPS_amber/replica_596/replica_596_result.json
============================================
End time     : Fri Apr 17 16:26:52 EDT 2026
Exit code    : 0
============================================
