============================================
Job ID       : 5495262
Array Task   : 258
Replica ID   : 258
Node         : lri065
Start time   : Mon Apr 27 12:54:13 EDT 2026
============================================
[REPLICA 258] Starting...
  Sequence     : YYDPETGTWY
  Forcefield   : amber
  Backend      : aer
  Max iter     : 2000
  Skip Stage 2 : False
--- INITIALIZING QUANTUM BIOPHYSICS FOLDER (HARDWARE) ---
--- FORCE FIELD: AMBER ---
[REPLICA 258] Ground truth loaded — 10 CA atoms
--- SCOUTING: Checking 50 starting points ---
 > Deterministic Seed: 313297025 (Derived from Sequence)
 > Best Start Found: Energy 421.54
[REPLICA 258] Init strategy: random, seed: 313297025
============================================
End time     : Mon Apr 27 12:54:14 EDT 2026
Exit code    : 0
============================================
