============================================
Job ID       : 5442525
Array Task   : 633
Replica ID   : 633
Node         : lri000
Start time   : Fri Apr 17 16:32:59 EDT 2026
============================================
[REPLICA 633] Starting...
  Sequence   : DAYAQWLKDGGPSSGRPPPS
  Forcefield : amber
  Backend    : aer
  Max iter   : 2000
--- INITIALIZING QUANTUM BIOPHYSICS FOLDER (HARDWARE) ---
--- FORCE FIELD: AMBER ---
--- SCOUTING: Checking 50 starting points ---
 > Deterministic Seed: 2158524018 (Derived from Sequence)
 > Best Start Found: Energy 747.15
[REPLICA 633] Init strategy: random, seed: 2158524018
--- STARTING QUANTUM FOLDING (HYBRID PIPELINE) ---
Stage 1: Mechanical Collapse (COBYLA, statevector)...
 > Collapse Energy: 178.99
Stage 2: Physics Refinement (SLSQP, statevector)...
Optimization terminated successfully    (Exit mode 0)
            Current function value: 185.3949901644482
            Iterations: 447
            Function evaluations: 34211
            Gradient evaluations: 447
 > Refinement Energy: 185.39
Stage 3: Natural Relaxation (SLSQP, statevector)...
Optimization terminated successfully    (Exit mode 0)
            Current function value: -115.70663941313578
            Iterations: 246
            Function evaluations: 19298
            Gradient evaluations: 246
 > Relaxation Energy: -115.71

[EXTRACTION] Mode: sampler → backend='aer_simulator', shots=4096
  Submitting 3 circuits (Z / X / Y bases)...
  Done. Angles extracted from measurement statistics.

[RESULT] Final energy: -115.7066
[REPLICA 633] RMSD: 6.476 Å
[REPLICA 633] Done!
  Energy     : -115.7066
  RMSD       : 6.476 Å
  Runtime    : 1026.7s
  Saved to   : outputs/reps_Brickwork_entanglement1/slurm_DAYAQWLKDGGPSSGRPPPS_amber/replica_633/replica_633_result.json
============================================
End time     : Fri Apr 17 16:50:07 EDT 2026
Exit code    : 0
============================================
