============================================
Job ID       : 5475232
Array Task   : 55
Replica ID   : 55
Node         : lri015
Start time   : Wed Apr 22 18:06:32 EDT 2026
============================================
[REPLICA 55] Starting...
  Sequence   : YYDPETGTWY
  Forcefield : amber
  Backend    : aer
  Max iter   : 2000
--- INITIALIZING QUANTUM BIOPHYSICS FOLDER (HARDWARE) ---
--- FORCE FIELD: AMBER ---
--- SCOUTING: Checking 50 starting points ---
 > Deterministic Seed: 313296822 (Derived from Sequence)
 > Best Start Found: Energy 373.52
[REPLICA 55] Init strategy: random, seed: 313296822
--- STARTING QUANTUM FOLDING (HYBRID PIPELINE) ---
Stage 1: Mechanical Collapse (COBYLA, statevector)...
 > Collapse Energy: 431.60
Stage 2: Physics Refinement (SLSQP, statevector)...
Optimization terminated successfully    (Exit mode 0)
            Current function value: 1504.036819085919
            Iterations: 87
            Function evaluations: 5053
            Gradient evaluations: 87
 > Refinement Energy: 1504.04
Stage 3: Natural Relaxation (SLSQP, statevector)...
Optimization terminated successfully    (Exit mode 0)
            Current function value: 381.52109577949403
            Iterations: 76
            Function evaluations: 4287
            Gradient evaluations: 76
 > Relaxation Energy: 381.52

[EXTRACTION] Mode: sampler → backend='aer_simulator', shots=4096
  Submitting 3 circuits (Z / X / Y bases)...
  Done. Angles extracted from measurement statistics.

[RESULT] Final energy: 381.5211
[SAVED] outputs/reps_Brickwork_entanglement/slurm_YYDPETGTWY_amber/replica_55/replica_55_landscape.png
[REPLICA 55] RMSD: 5.394 Å
[REPLICA 55] Done!
  Energy     : 381.5211
  RMSD       : 5.394 Å
  Runtime    : 122.2s
  Saved to   : outputs/reps_Brickwork_entanglement/slurm_YYDPETGTWY_amber/replica_55/replica_55_result.json
============================================
End time     : Wed Apr 22 18:08:35 EDT 2026
Exit code    : 0
============================================
