============================================
Job ID       : 5495347
Array Task   : 343
Replica ID   : 343
Node         : lri031
Start time   : Mon Apr 27 12:54:17 EDT 2026
============================================
[REPLICA 343] Starting...
  Sequence     : YYDPETGTWY
  Forcefield   : amber
  Backend      : aer
  Max iter     : 2000
  Skip Stage 2 : False
--- INITIALIZING QUANTUM BIOPHYSICS FOLDER (HARDWARE) ---
--- FORCE FIELD: AMBER ---
[REPLICA 343] Ground truth loaded — 10 CA atoms
--- SCOUTING: Checking 50 starting points ---
 > Deterministic Seed: 313297110 (Derived from Sequence)
 > Best Start Found: Energy 489.16
[REPLICA 343] Init strategy: random, seed: 313297110
============================================
End time     : Mon Apr 27 12:54:19 EDT 2026
Exit code    : 0
============================================
