============================================
Job ID       : 5505366
Array Task   : 73
Replica ID   : 73
Node         : lri046
Start time   : Tue Apr 28 09:36:00 EDT 2026
============================================
[REPLICA 73] Starting...
  Sequence     : YYDPETGTWY
  Forcefield   : amber
  Backend      : aer
  Max iter     : 2000
  Skip Stage 2 : False
--- INITIALIZING QUANTUM BIOPHYSICS FOLDER (HARDWARE) ---
--- FORCE FIELD: AMBER ---
[REPLICA 73] Ground truth loaded — 10 CA atoms
--- SCOUTING: Checking 50 starting points ---
 > Deterministic Seed: 313296840 (Derived from Sequence)
 > Best Start Found: Energy 405.62
[REPLICA 73] Init strategy: random, seed: 313296840
--- STARTING QUANTUM FOLDING (HYBRID PIPELINE) ---
Stage 1: Mechanical Collapse (COBYLA, statevector)...
 > Collapse Energy : 407.62
 > Stage 1 RMSD    : 3.0571 Å
Stage 2: Physics Refinement (SLSQP, statevector)...
Optimization terminated successfully    (Exit mode 0)
            Current function value: 36.29556417915631
            Iterations: 240
            Function evaluations: 13000
            Gradient evaluations: 240
 > Refinement Energy : 36.30
 > Stage 2 RMSD      : 3.0805 Å
Stage 3: Natural Relaxation (SLSQP, statevector)...
Optimization terminated successfully    (Exit mode 0)
            Current function value: -58.40733367621301
            Iterations: 182
            Function evaluations: 9856
            Gradient evaluations: 182
 > Relaxation Energy : -58.41
 > Stage 3 RMSD      : 2.7637 Å

── RMSD Progress ──────────────────────────
  Stage 1 : 3.0571 Å
  Stage 2 : 3.0805 Å  ↑ worse
  Stage 3 : 2.7637 Å  ↓ better
──────────────────────────────────────────

[EXTRACTION] Mode: sampler → backend='aer_simulator', shots=4096
  Submitting 3 circuits (Z / X / Y bases)...
  Done. Angles extracted from measurement statistics.

[RESULT] Final energy: -58.4073
[REPLICA 73] Tracker saved → outputs/no_skip1/slurm_YYDPETGTWY_amber/replica_73/replica_73_tracker.json
[SAVED] outputs/no_skip1/slurm_YYDPETGTWY_amber/replica_73/replica_73_landscape.png
[REPLICA 73] Final RMSD: 5.750 Å

[REPLICA 73] ✓ Done!
  Energy       : -58.4073
  RMSD final   : 5.750 Å
  RMSD stage1  : 3.057 Å
  RMSD stage2  : 3.081 Å
  RMSD stage3  : 2.764 Å
  Runtime      : 282.7s
  Saved to     : outputs/no_skip1/slurm_YYDPETGTWY_amber/replica_73/replica_73_result.json
============================================
End time     : Tue Apr 28 09:40:51 EDT 2026
Exit code    : 0
============================================
