============================================
Job ID       : 5429676
Array Task   : 929
Replica ID   : 929
Node         : lri016
Start time   : Wed Apr 15 22:10:49 EDT 2026
============================================
[REPLICA 929] Starting...
  Sequence   : YYDPETGTWY
  Forcefield : amber
  Backend    : aer
  Max iter   : 2000
--- INITIALIZING QUANTUM BIOPHYSICS FOLDER (HARDWARE) ---
--- FORCE FIELD: AMBER ---
--- SCOUTING: Checking 50 starting points ---
 > Deterministic Seed: 313297696 (Derived from Sequence)
 > Best Start Found: Energy 366.31
[REPLICA 929] Init strategy: random, seed: 313297696
--- STARTING QUANTUM FOLDING (HYBRID PIPELINE) ---
Stage 1: Mechanical Collapse (COBYLA, statevector)...
 > Collapse Energy: 700.90
Stage 2: Physics Refinement (SLSQP, statevector)...
Optimization terminated successfully    (Exit mode 0)
            Current function value: 5.43158665037177
            Iterations: 251
            Function evaluations: 13360
            Gradient evaluations: 251
 > Refinement Energy: 5.43
Stage 3: Natural Relaxation (SLSQP, statevector)...
Optimization terminated successfully    (Exit mode 0)
            Current function value: -20.827885835578098
            Iterations: 469
            Function evaluations: 24415
            Gradient evaluations: 469
 > Relaxation Energy: -20.83

[EXTRACTION] Mode: sampler → backend='aer_simulator', shots=4096
  Submitting 3 circuits (Z / X / Y bases)...
  Done. Angles extracted from measurement statistics.

[RESULT] Final energy: -20.8279
[REPLICA 929] RMSD: 4.857 Å
[REPLICA 929] Done!
  Energy     : -20.8279
  RMSD       : 4.857 Å
  Runtime    : 481.5s
  Saved to   : outputs/Reps_qubits_d_2/slurm_YYDPETGTWY_amber/replica_929/replica_929_result.json
============================================
End time     : Wed Apr 15 22:18:52 EDT 2026
Exit code    : 0
============================================
