============================================
Job ID       : 5442370
Array Task   : 616
Replica ID   : 616
Node         : lri014
Start time   : Fri Apr 17 16:26:58 EDT 2026
============================================
[REPLICA 616] Starting...
  Sequence   : DAYAQWLKDGGPSSGRPPPS
  Forcefield : amber
  Backend    : aer
  Max iter   : 2000
--- INITIALIZING QUANTUM BIOPHYSICS FOLDER (HARDWARE) ---
--- FORCE FIELD: AMBER ---
--- SCOUTING: Checking 50 starting points ---
 > Deterministic Seed: 2158524001 (Derived from Sequence)
 > Best Start Found: Energy 688.12
[REPLICA 616] Init strategy: random, seed: 2158524001
--- STARTING QUANTUM FOLDING (HYBRID PIPELINE) ---
Stage 1: Mechanical Collapse (COBYLA, statevector)...
 > Collapse Energy: 469.96
Stage 2: Physics Refinement (SLSQP, statevector)...
Optimization terminated successfully    (Exit mode 0)
            Current function value: 97.06769520598992
            Iterations: 290
            Function evaluations: 22779
            Gradient evaluations: 290
 > Refinement Energy: 97.07
Stage 3: Natural Relaxation (SLSQP, statevector)...
Optimization terminated successfully    (Exit mode 0)
            Current function value: -67.92921133673734
            Iterations: 562
            Function evaluations: 42732
            Gradient evaluations: 562
 > Relaxation Energy: -67.93

[EXTRACTION] Mode: sampler → backend='aer_simulator', shots=4096
  Submitting 3 circuits (Z / X / Y bases)...
  Done. Angles extracted from measurement statistics.

[RESULT] Final energy: -67.9292
[REPLICA 616] RMSD: 9.139 Å
[REPLICA 616] Done!
  Energy     : -67.9292
  RMSD       : 9.139 Å
  Runtime    : 1218.3s
  Saved to   : outputs/reps_Brickwork_entanglement1/slurm_DAYAQWLKDGGPSSGRPPPS_amber/replica_616/replica_616_result.json
============================================
End time     : Fri Apr 17 16:47:18 EDT 2026
Exit code    : 0
============================================
