============================================
Job ID       : 5422673
Array Task   : 910
Replica ID   : 910
Node         : lri014
Start time   : Tue Apr 14 11:31:35 EDT 2026
============================================
[REPLICA 910] Starting...
  Sequence   : YYDPETGTWY
  Forcefield : amber
  Backend    : aer
  Max iter   : 2000
--- INITIALIZING QUANTUM BIOPHYSICS FOLDER (HARDWARE) ---
--- FORCE FIELD: AMBER ---
--- PRIMING CIRCUIT FOR SHEET ---
 > Priming Error: 11.7302
[REPLICA 910] Init strategy: sheet, seed: 313297677
--- STARTING QUANTUM FOLDING (HYBRID PIPELINE) ---
Stage 1: Mechanical Collapse (COBYLA, statevector)...
 > Collapse Energy: 317.91
Stage 2: Physics Refinement (SLSQP, statevector)...
Optimization terminated successfully    (Exit mode 0)
            Current function value: -58.484540582967085
            Iterations: 316
            Function evaluations: 36415
            Gradient evaluations: 316
 > Refinement Energy: -58.48
Stage 3: Natural Relaxation (SLSQP, statevector)...
Optimization terminated successfully    (Exit mode 0)
            Current function value: 8.832575757518477
            Iterations: 281
            Function evaluations: 32352
            Gradient evaluations: 281
 > Relaxation Energy: 8.83

[EXTRACTION] Mode: sampler → backend='aer_simulator', shots=4096
  Submitting 3 circuits (Z / X / Y bases)...
  Done. Angles extracted from measurement statistics.

[RESULT] Final energy: 8.8326
[REPLICA 910] RMSD: 4.482 Å
[REPLICA 910] Done!
  Energy     : 8.8326
  RMSD       : 4.482 Å
  Runtime    : 1185.4s
  Saved to   : outputs/slurm_YYDPETGTWY_amber/replica_910/replica_910_result.json
============================================
End time     : Tue Apr 14 11:51:21 EDT 2026
Exit code    : 0
============================================
