============================================
Job ID       : 5479093
Array Task   : 207
Replica ID   : 207
Node         : lri046
Start time   : Thu Apr 23 10:03:14 EDT 2026
============================================
[REPLICA 207] Starting...
  Sequence   : YYDPETGTWY
  Forcefield : amber
  Backend    : aer
  Max iter   : 2000
--- INITIALIZING QUANTUM BIOPHYSICS FOLDER (HARDWARE) ---
--- FORCE FIELD: AMBER ---
--- SCOUTING: Checking 50 starting points ---
 > Deterministic Seed: 313296974 (Derived from Sequence)
 > Best Start Found: Energy 417.14
[REPLICA 207] Init strategy: random, seed: 313296974
--- STARTING QUANTUM FOLDING (HYBRID PIPELINE) ---
Stage 1: Mechanical Collapse (COBYLA, statevector)...
 > Collapse Energy: 328.05
Stage 2: Physics Refinement (SLSQP, statevector)...
Optimization terminated successfully    (Exit mode 0)
            Current function value: -0.8994533811074479
            Iterations: 362
            Function evaluations: 18954
            Gradient evaluations: 362
 > Refinement Energy: -0.90
Stage 3: Natural Relaxation (SLSQP, statevector)...
Optimization terminated successfully    (Exit mode 0)
            Current function value: 134.85678932065986
            Iterations: 107
            Function evaluations: 6031
            Gradient evaluations: 107
 > Relaxation Energy: 134.86

[EXTRACTION] Mode: sampler → backend='aer_simulator', shots=4096
  Submitting 3 circuits (Z / X / Y bases)...
  Done. Angles extracted from measurement statistics.

[RESULT] Final energy: 134.8568
[SAVED] outputs/energy_reps_Brickwork_entanglement/slurm_YYDPETGTWY_amber/replica_207/replica_207_landscape.png
[REPLICA 207] RMSD: 6.606 Å
[REPLICA 207] Done!
  Energy     : 134.8568
  RMSD       : 6.606 Å
  Runtime    : 303.4s
  Saved to   : outputs/energy_reps_Brickwork_entanglement/slurm_YYDPETGTWY_amber/replica_207/replica_207_result.json
============================================
End time     : Thu Apr 23 10:08:18 EDT 2026
Exit code    : 0
============================================
