============================================
Job ID       : 5440337
Array Task   : 263
Replica ID   : 263
Node         : lri013
Start time   : Fri Apr 17 13:28:48 EDT 2026
============================================
[REPLICA 263] Starting...
  Sequence   : DAYAQWLKDGGPSSGRPPPS
  Forcefield : amber
  Backend    : aer
  Max iter   : 2000
--- INITIALIZING QUANTUM BIOPHYSICS FOLDER (HARDWARE) ---
--- FORCE FIELD: AMBER ---
--- SCOUTING: Checking 50 starting points ---
 > Deterministic Seed: 2158523648 (Derived from Sequence)
 > Best Start Found: Energy 570.02
[REPLICA 263] Init strategy: random, seed: 2158523648
--- STARTING QUANTUM FOLDING (HYBRID PIPELINE) ---
Stage 1: Mechanical Collapse (COBYLA, statevector)...
 > Collapse Energy: 184.31
Stage 2: Physics Refinement (SLSQP, statevector)...
Optimization terminated successfully    (Exit mode 0)
            Current function value: -52.262308901181896
            Iterations: 241
            Function evaluations: 19042
            Gradient evaluations: 241
 > Refinement Energy: -52.26
Stage 3: Natural Relaxation (SLSQP, statevector)...
Optimization terminated successfully    (Exit mode 0)
            Current function value: -55.75846916052006
            Iterations: 347
            Function evaluations: 26796
            Gradient evaluations: 347
 > Relaxation Energy: -55.76

[EXTRACTION] Mode: sampler → backend='aer_simulator', shots=4096
  Submitting 3 circuits (Z / X / Y bases)...
  Done. Angles extracted from measurement statistics.

[RESULT] Final energy: -55.7585
[REPLICA 263] RMSD: 14.628 Å
[REPLICA 263] Done!
  Energy     : -55.7585
  RMSD       : 14.628 Å
  Runtime    : 858.6s
  Saved to   : outputs/reps_Brickwork_entanglement1/slurm_DAYAQWLKDGGPSSGRPPPS_amber/replica_263/replica_263_result.json
============================================
End time     : Fri Apr 17 13:43:08 EDT 2026
Exit code    : 0
============================================
