============================================
Job ID       : 5496487
Array Task   : 214
Replica ID   : 214
Node         : lri038
Start time   : Mon Apr 27 14:19:08 EDT 2026
============================================
[REPLICA 214] Starting...
  Sequence     : YYDPETGTWY
  Forcefield   : amber
  Backend      : aer
  Max iter     : 2000
  Skip Stage 2 : True
--- INITIALIZING QUANTUM BIOPHYSICS FOLDER (HARDWARE) ---
--- FORCE FIELD: AMBER ---
[REPLICA 214] Ground truth loaded — 10 CA atoms
--- SCOUTING: Checking 50 starting points ---
 > Deterministic Seed: 313296981 (Derived from Sequence)
 > Best Start Found: Energy 413.14
[REPLICA 214] Init strategy: random, seed: 313296981
--- STARTING QUANTUM FOLDING (HYBRID PIPELINE) ---
Stage 1: Mechanical Collapse (COBYLA, statevector)...
 > Collapse Energy : 289.57
 > Stage 1 RMSD    : 3.9689 Å
Stage 2: SKIPPED
Stage 3: Natural Relaxation (SLSQP, statevector)...
Optimization terminated successfully    (Exit mode 0)
            Current function value: 1.6116793628636503
            Iterations: 567
            Function evaluations: 29292
            Gradient evaluations: 567
 > Relaxation Energy : 1.61
 > Stage 3 RMSD      : 3.2126 Å

── RMSD Progress ──────────────────────────
  Stage 1 : 3.9689 Å
  Stage 2 : skipped
  Stage 3 : 3.2126 Å  ↓ better
──────────────────────────────────────────

[EXTRACTION] Mode: sampler → backend='aer_simulator', shots=4096
  Submitting 3 circuits (Z / X / Y bases)...
  Done. Angles extracted from measurement statistics.

[RESULT] Final energy: 1.6117
[REPLICA 214] Tracker saved → outputs/Skip1/slurm_YYDPETGTWY_amber/replica_214/replica_214_tracker.json
[SAVED] outputs/Skip1/slurm_YYDPETGTWY_amber/replica_214/replica_214_landscape.png
[REPLICA 214] Final RMSD: 6.622 Å

[REPLICA 214] ✓ Done!
  Energy       : 1.6117
  RMSD final   : 6.622 Å
  RMSD stage1  : 3.969 Å
  RMSD stage2  : skipped
  RMSD stage3  : 3.213 Å
  Runtime      : 342.3s
  Saved to     : outputs/Skip1/slurm_YYDPETGTWY_amber/replica_214/replica_214_result.json
============================================
End time     : Mon Apr 27 14:24:52 EDT 2026
Exit code    : 0
============================================
