============================================
Job ID       : 5480497
Array Task   : 139
Replica ID   : 139
Node         : lri057
Start time   : Thu Apr 23 11:36:52 EDT 2026
============================================
[REPLICA 139] Starting...
  Sequence   : YYDPETGTWY
  Forcefield : amber
  Backend    : aer
  Max iter   : 20
--- INITIALIZING QUANTUM BIOPHYSICS FOLDER (HARDWARE) ---
--- FORCE FIELD: AMBER ---
--- SCOUTING: Checking 50 starting points ---
 > Deterministic Seed: 313296906 (Derived from Sequence)
 > Best Start Found: Energy 340.42
[REPLICA 139] Init strategy: random, seed: 313296906
--- STARTING QUANTUM FOLDING (HYBRID PIPELINE) ---
Stage 1: Mechanical Collapse (COBYLA, statevector)...
 > Collapse Energy: 1175.79
Stage 2: Physics Refinement (SLSQP, statevector)...
Iteration limit reached    (Exit mode 9)
            Current function value: 3039.1706249621398
            Iterations: 20
            Function evaluations: 1170
            Gradient evaluations: 20
 > Refinement Energy: 3039.17
Stage 3: Natural Relaxation (SLSQP, statevector)...
Iteration limit reached    (Exit mode 9)
            Current function value: 888.6634414195022
            Iterations: 20
            Function evaluations: 1169
            Gradient evaluations: 20
 > Relaxation Energy: 888.66

[EXTRACTION] Mode: sampler → backend='aer_simulator', shots=4096
  Submitting 3 circuits (Z / X / Y bases)...
  Done. Angles extracted from measurement statistics.

[RESULT] Final energy: 888.6634
[REPLICA 139] Tracker saved → outputs/energy_reps_Brickwork_entanglement11/slurm_YYDPETGTWY_amber/replica_139/replica_139_tracker.json
[SAVED] outputs/energy_reps_Brickwork_entanglement11/slurm_YYDPETGTWY_amber/replica_139/replica_139_landscape.png
[REPLICA 139] RMSD: 6.333 Å
[REPLICA 139] Done!
  Energy     : 888.6634
  RMSD       : 6.333 Å
  Runtime    : 34.7s
  Saved to   : outputs/energy_reps_Brickwork_entanglement11/slurm_YYDPETGTWY_amber/replica_139/replica_139_result.json
============================================
End time     : Thu Apr 23 11:37:28 EDT 2026
Exit code    : 0
============================================
