============================================
Job ID       : 5428432
Array Task   : 572
Replica ID   : 572
Node         : lri014
Start time   : Wed Apr 15 20:15:33 EDT 2026
============================================
[REPLICA 572] Starting...
  Sequence   : YYDPETGTWY
  Forcefield : amber
  Backend    : aer
  Max iter   : 2000
--- INITIALIZING QUANTUM BIOPHYSICS FOLDER (HARDWARE) ---
--- FORCE FIELD: AMBER ---
--- SCOUTING: Checking 50 starting points ---
 > Deterministic Seed: 313297339 (Derived from Sequence)
 > Best Start Found: Energy 430.38
[REPLICA 572] Init strategy: random, seed: 313297339
--- STARTING QUANTUM FOLDING (HYBRID PIPELINE) ---
Stage 1: Mechanical Collapse (COBYLA, statevector)...
 > Collapse Energy: 734.79
Stage 2: Physics Refinement (SLSQP, statevector)...
Optimization terminated successfully    (Exit mode 0)
            Current function value: -0.21392072684265906
            Iterations: 147
            Function evaluations: 8114
            Gradient evaluations: 147
 > Refinement Energy: -0.21
Stage 3: Natural Relaxation (SLSQP, statevector)...
Optimization terminated successfully    (Exit mode 0)
            Current function value: -50.27785303028514
            Iterations: 290
            Function evaluations: 15361
            Gradient evaluations: 290
 > Relaxation Energy: -50.28

[EXTRACTION] Mode: sampler → backend='aer_simulator', shots=4096
  Submitting 3 circuits (Z / X / Y bases)...
  Done. Angles extracted from measurement statistics.

[RESULT] Final energy: -50.2779
[REPLICA 572] RMSD: 7.195 Å
[REPLICA 572] Done!
  Energy     : -50.2779
  RMSD       : 7.195 Å
  Runtime    : 295.3s
  Saved to   : outputs/Reps_qubits_d_2/slurm_YYDPETGTWY_amber/replica_572/replica_572_result.json
============================================
End time     : Wed Apr 15 20:20:30 EDT 2026
Exit code    : 0
============================================
