============================================
Job ID       : 5495042
Array Task   : 38
Replica ID   : 38
Node         : lri028
Start time   : Mon Apr 27 12:53:58 EDT 2026
============================================
[REPLICA 38] Starting...
  Sequence     : YYDPETGTWY
  Forcefield   : amber
  Backend      : aer
  Max iter     : 2000
  Skip Stage 2 : False
--- INITIALIZING QUANTUM BIOPHYSICS FOLDER (HARDWARE) ---
--- FORCE FIELD: AMBER ---
[REPLICA 38] Ground truth loaded — 10 CA atoms
--- SCOUTING: Checking 50 starting points ---
 > Deterministic Seed: 313296805 (Derived from Sequence)
 > Best Start Found: Energy 343.19
[REPLICA 38] Init strategy: random, seed: 313296805
============================================
End time     : Mon Apr 27 12:54:01 EDT 2026
Exit code    : 0
============================================
