============================================
Job ID       : 5479250
Array Task   : 323
Replica ID   : 323
Node         : lri037
Start time   : Thu Apr 23 10:06:13 EDT 2026
============================================
[REPLICA 323] Starting...
  Sequence   : YYDPETGTWY
  Forcefield : amber
  Backend    : aer
  Max iter   : 2000
--- INITIALIZING QUANTUM BIOPHYSICS FOLDER (HARDWARE) ---
--- FORCE FIELD: AMBER ---
--- SCOUTING: Checking 50 starting points ---
 > Deterministic Seed: 313297090 (Derived from Sequence)
 > Best Start Found: Energy 288.22
[REPLICA 323] Init strategy: random, seed: 313297090
--- STARTING QUANTUM FOLDING (HYBRID PIPELINE) ---
Stage 1: Mechanical Collapse (COBYLA, statevector)...
 > Collapse Energy: 307.95
Stage 2: Physics Refinement (SLSQP, statevector)...
Optimization terminated successfully    (Exit mode 0)
            Current function value: 116.21921104408256
            Iterations: 193
            Function evaluations: 10467
            Gradient evaluations: 193
 > Refinement Energy: 116.22
Stage 3: Natural Relaxation (SLSQP, statevector)...
Optimization terminated successfully    (Exit mode 0)
            Current function value: 38.844802677045244
            Iterations: 332
            Function evaluations: 17326
            Gradient evaluations: 332
 > Relaxation Energy: 38.84

[EXTRACTION] Mode: sampler → backend='aer_simulator', shots=4096
  Submitting 3 circuits (Z / X / Y bases)...
  Done. Angles extracted from measurement statistics.

[RESULT] Final energy: 38.8448
[SAVED] outputs/energy_reps_Brickwork_entanglement/slurm_YYDPETGTWY_amber/replica_323/replica_323_landscape.png
[REPLICA 323] RMSD: 6.052 Å
[REPLICA 323] Done!
  Energy     : 38.8448
  RMSD       : 6.052 Å
  Runtime    : 347.5s
  Saved to   : outputs/energy_reps_Brickwork_entanglement/slurm_YYDPETGTWY_amber/replica_323/replica_323_result.json
============================================
End time     : Thu Apr 23 10:12:01 EDT 2026
Exit code    : 0
============================================
