============================================
Job ID       : 5494683
Array Task   : 235
Replica ID   : 235
Node         : lri026
Start time   : Mon Apr 27 11:29:45 EDT 2026
============================================
[REPLICA 235] Starting...
  Sequence     : YYDPETGTWY
  Forcefield   : amber
  Backend      : aer
  Max iter     : 2000
  Skip Stage 2 : False
--- INITIALIZING QUANTUM BIOPHYSICS FOLDER (HARDWARE) ---
--- FORCE FIELD: AMBER ---
[REPLICA 235] Ground truth loaded — 10 CA atoms
--- SCOUTING: Checking 50 starting points ---
 > Deterministic Seed: 313297002 (Derived from Sequence)
 > Best Start Found: Energy 485.17
[REPLICA 235] Init strategy: random, seed: 313297002
============================================
End time     : Mon Apr 27 11:29:47 EDT 2026
Exit code    : 0
============================================
