============================================
Job ID       : 5496092
Array Task   : 244
Replica ID   : 244
Node         : lri035
Start time   : Mon Apr 27 13:47:17 EDT 2026
============================================
[REPLICA 244] Starting...
  Sequence     : YYDPETGTWY
  Forcefield   : amber
  Backend      : aer
  Max iter     : 2000
  Skip Stage 2 : True
--- INITIALIZING QUANTUM BIOPHYSICS FOLDER (HARDWARE) ---
--- FORCE FIELD: AMBER ---
[REPLICA 244] Ground truth loaded — 10 CA atoms
--- SCOUTING: Checking 50 starting points ---
 > Deterministic Seed: 313297011 (Derived from Sequence)
 > Best Start Found: Energy 333.92
[REPLICA 244] Init strategy: random, seed: 313297011
============================================
End time     : Mon Apr 27 13:47:19 EDT 2026
Exit code    : 0
============================================
