============================================
Job ID       : 5505644
Array Task   : 346
Replica ID   : 346
Node         : lri051
Start time   : Tue Apr 28 09:41:07 EDT 2026
============================================
[REPLICA 346] Starting...
  Sequence     : YYDPETGTWY
  Forcefield   : amber
  Backend      : aer
  Max iter     : 2000
  Skip Stage 2 : False
--- INITIALIZING QUANTUM BIOPHYSICS FOLDER (HARDWARE) ---
--- FORCE FIELD: AMBER ---
[REPLICA 346] Ground truth loaded — 10 CA atoms
--- SCOUTING: Checking 50 starting points ---
 > Deterministic Seed: 313297113 (Derived from Sequence)
 > Best Start Found: Energy 445.79
[REPLICA 346] Init strategy: random, seed: 313297113
--- STARTING QUANTUM FOLDING (HYBRID PIPELINE) ---
Stage 1: Mechanical Collapse (COBYLA, statevector)...
 > Collapse Energy : 436.06
 > Stage 1 RMSD    : 3.3787 Å
Stage 2: Physics Refinement (SLSQP, statevector)...
Optimization terminated successfully    (Exit mode 0)
            Current function value: 145.6878578782951
            Iterations: 300
            Function evaluations: 15855
            Gradient evaluations: 300
 > Refinement Energy : 145.69
 > Stage 2 RMSD      : 3.2586 Å
Stage 3: Natural Relaxation (SLSQP, statevector)...
Optimization terminated successfully    (Exit mode 0)
            Current function value: 50.50729387617495
            Iterations: 146
            Function evaluations: 8015
            Gradient evaluations: 146
 > Relaxation Energy : 50.51
 > Stage 3 RMSD      : 4.0296 Å

── RMSD Progress ──────────────────────────
  Stage 1 : 3.3787 Å
  Stage 2 : 3.2586 Å  ↓ better
  Stage 3 : 4.0296 Å  ↑ worse
──────────────────────────────────────────

[EXTRACTION] Mode: sampler → backend='aer_simulator', shots=4096
  Submitting 3 circuits (Z / X / Y bases)...
  Done. Angles extracted from measurement statistics.

[RESULT] Final energy: 50.5073
[REPLICA 346] Tracker saved → outputs/no_skip1/slurm_YYDPETGTWY_amber/replica_346/replica_346_tracker.json
[SAVED] outputs/no_skip1/slurm_YYDPETGTWY_amber/replica_346/replica_346_landscape.png
[REPLICA 346] Final RMSD: 5.669 Å

[REPLICA 346] ✓ Done!
  Energy       : 50.5073
  RMSD final   : 5.669 Å
  RMSD stage1  : 3.379 Å
  RMSD stage2  : 3.259 Å
  RMSD stage3  : 4.030 Å
  Runtime      : 292.8s
  Saved to     : outputs/no_skip1/slurm_YYDPETGTWY_amber/replica_346/replica_346_result.json
============================================
End time     : Tue Apr 28 09:46:01 EDT 2026
Exit code    : 0
============================================
