============================================
Job ID       : 5496442
Array Task   : 169
Replica ID   : 169
Node         : lri033
Start time   : Mon Apr 27 14:18:56 EDT 2026
============================================
[REPLICA 169] Starting...
  Sequence     : YYDPETGTWY
  Forcefield   : amber
  Backend      : aer
  Max iter     : 2000
  Skip Stage 2 : True
--- INITIALIZING QUANTUM BIOPHYSICS FOLDER (HARDWARE) ---
--- FORCE FIELD: AMBER ---
[REPLICA 169] Ground truth loaded — 10 CA atoms
--- SCOUTING: Checking 50 starting points ---
 > Deterministic Seed: 313296936 (Derived from Sequence)
 > Best Start Found: Energy 291.94
[REPLICA 169] Init strategy: random, seed: 313296936
--- STARTING QUANTUM FOLDING (HYBRID PIPELINE) ---
Stage 1: Mechanical Collapse (COBYLA, statevector)...
 > Collapse Energy : 289.57
 > Stage 1 RMSD    : 2.4584 Å
Stage 2: SKIPPED
Stage 3: Natural Relaxation (SLSQP, statevector)...
Optimization terminated successfully    (Exit mode 0)
            Current function value: 40.321271504943695
            Iterations: 228
            Function evaluations: 12209
            Gradient evaluations: 228
 > Relaxation Energy : 40.32
 > Stage 3 RMSD      : 2.9451 Å

── RMSD Progress ──────────────────────────
  Stage 1 : 2.4584 Å
  Stage 2 : skipped
  Stage 3 : 2.9451 Å  ↑ worse
──────────────────────────────────────────

[EXTRACTION] Mode: sampler → backend='aer_simulator', shots=4096
  Submitting 3 circuits (Z / X / Y bases)...
  Done. Angles extracted from measurement statistics.

[RESULT] Final energy: 40.3213
[REPLICA 169] Tracker saved → outputs/Skip1/slurm_YYDPETGTWY_amber/replica_169/replica_169_tracker.json
[SAVED] outputs/Skip1/slurm_YYDPETGTWY_amber/replica_169/replica_169_landscape.png
[REPLICA 169] Final RMSD: 4.262 Å

[REPLICA 169] ✓ Done!
  Energy       : 40.3213
  RMSD final   : 4.262 Å
  RMSD stage1  : 2.458 Å
  RMSD stage2  : skipped
  RMSD stage3  : 2.945 Å
  Runtime      : 175.9s
  Saved to     : outputs/Skip1/slurm_YYDPETGTWY_amber/replica_169/replica_169_result.json
============================================
End time     : Mon Apr 27 14:21:54 EDT 2026
Exit code    : 0
============================================
