============================================
Job ID       : 5495202
Array Task   : 198
Replica ID   : 198
Node         : lri009
Start time   : Mon Apr 27 12:54:10 EDT 2026
============================================
[REPLICA 198] Starting...
  Sequence     : YYDPETGTWY
  Forcefield   : amber
  Backend      : aer
  Max iter     : 2000
  Skip Stage 2 : False
--- INITIALIZING QUANTUM BIOPHYSICS FOLDER (HARDWARE) ---
--- FORCE FIELD: AMBER ---
[REPLICA 198] Ground truth loaded — 10 CA atoms
--- SCOUTING: Checking 50 starting points ---
 > Deterministic Seed: 313296965 (Derived from Sequence)
 > Best Start Found: Energy 317.24
[REPLICA 198] Init strategy: random, seed: 313296965
============================================
End time     : Mon Apr 27 12:54:11 EDT 2026
Exit code    : 0
============================================
