============================================
Job ID       : 5439346
Array Task   : 649
Replica ID   : 649
Node         : lri015
Start time   : Fri Apr 17 09:18:33 EDT 2026
============================================
[REPLICA 649] Starting...
  Sequence   : YYDPETGTWY
  Forcefield : amber
  Backend    : aer
  Max iter   : 2000
--- INITIALIZING QUANTUM BIOPHYSICS FOLDER (HARDWARE) ---
--- FORCE FIELD: AMBER ---
--- SCOUTING: Checking 50 starting points ---
 > Deterministic Seed: 313297416 (Derived from Sequence)
 > Best Start Found: Energy 375.67
[REPLICA 649] Init strategy: random, seed: 313297416
--- STARTING QUANTUM FOLDING (HYBRID PIPELINE) ---
Stage 1: Mechanical Collapse (COBYLA, statevector)...
 > Collapse Energy: 435.02
Stage 2: Physics Refinement (SLSQP, statevector)...
Optimization terminated successfully    (Exit mode 0)
            Current function value: 36.009086312197354
            Iterations: 139
            Function evaluations: 7702
            Gradient evaluations: 139
 > Refinement Energy: 36.01
Stage 3: Natural Relaxation (SLSQP, statevector)...
Optimization terminated successfully    (Exit mode 0)
            Current function value: 15.829587830822907
            Iterations: 127
            Function evaluations: 7005
            Gradient evaluations: 127
 > Relaxation Energy: 15.83

[EXTRACTION] Mode: sampler → backend='aer_simulator', shots=4096
  Submitting 3 circuits (Z / X / Y bases)...
  Done. Angles extracted from measurement statistics.

[RESULT] Final energy: 15.8296
[REPLICA 649] RMSD: 5.201 Å
[REPLICA 649] Done!
  Energy     : 15.8296
  RMSD       : 5.201 Å
  Runtime    : 189.6s
  Saved to   : outputs/reps_Brickwork_entanglement/slurm_YYDPETGTWY_amber/replica_649/replica_649_result.json
============================================
End time     : Fri Apr 17 09:21:44 EDT 2026
Exit code    : 0
============================================
