============================================
Job ID       : 5421718
Array Task   : 466
Replica ID   : 466
Node         : lri013
Start time   : Tue Apr 14 06:35:17 EDT 2026
============================================
[REPLICA 466] Starting...
  Sequence   : YYDPETGTWY
  Forcefield : amber
  Backend    : aer
  Max iter   : 2000
--- INITIALIZING QUANTUM BIOPHYSICS FOLDER (HARDWARE) ---
--- FORCE FIELD: AMBER ---
--- PRIMING CIRCUIT FOR SHEET ---
 > Priming Error: 19.1281
[REPLICA 466] Init strategy: sheet, seed: 313297233
--- STARTING QUANTUM FOLDING (HYBRID PIPELINE) ---
Stage 1: Mechanical Collapse (COBYLA, statevector)...
 > Collapse Energy: 404.74
Stage 2: Physics Refinement (SLSQP, statevector)...
Optimization terminated successfully    (Exit mode 0)
            Current function value: -7.399146231349127
            Iterations: 376
            Function evaluations: 43189
            Gradient evaluations: 376
 > Refinement Energy: -7.40
Stage 3: Natural Relaxation (SLSQP, statevector)...
Optimization terminated successfully    (Exit mode 0)
            Current function value: 0.1183944508419249
            Iterations: 228
            Function evaluations: 26459
            Gradient evaluations: 228
 > Relaxation Energy: 0.12

[EXTRACTION] Mode: sampler → backend='aer_simulator', shots=4096
  Submitting 3 circuits (Z / X / Y bases)...
  Done. Angles extracted from measurement statistics.

[RESULT] Final energy: 0.1184
[REPLICA 466] RMSD: 4.061 Å
[REPLICA 466] Done!
  Energy     : 0.1184
  RMSD       : 4.061 Å
  Runtime    : 1295.1s
  Saved to   : outputs/slurm_YYDPETGTWY_amber/replica_466/replica_466_result.json
============================================
End time     : Tue Apr 14 06:56:53 EDT 2026
Exit code    : 0
============================================
