============================================
Job ID       : 5496370
Array Task   : 99
Replica ID   : 99
Node         : lri068
Start time   : Mon Apr 27 14:18:54 EDT 2026
============================================
[REPLICA 99] Starting...
  Sequence     : YYDPETGTWY
  Forcefield   : amber
  Backend      : aer
  Max iter     : 2000
  Skip Stage 2 : True
--- INITIALIZING QUANTUM BIOPHYSICS FOLDER (HARDWARE) ---
--- FORCE FIELD: AMBER ---
[REPLICA 99] Ground truth loaded — 10 CA atoms
--- SCOUTING: Checking 50 starting points ---
 > Deterministic Seed: 313296866 (Derived from Sequence)
 > Best Start Found: Energy 387.32
[REPLICA 99] Init strategy: random, seed: 313296866
--- STARTING QUANTUM FOLDING (HYBRID PIPELINE) ---
Stage 1: Mechanical Collapse (COBYLA, statevector)...
 > Collapse Energy : 277.65
 > Stage 1 RMSD    : 3.7696 Å
Stage 2: SKIPPED
Stage 3: Natural Relaxation (SLSQP, statevector)...
Optimization terminated successfully    (Exit mode 0)
            Current function value: 206.13781269278368
            Iterations: 341
            Function evaluations: 17857
            Gradient evaluations: 341
 > Relaxation Energy : 206.14
 > Stage 3 RMSD      : 3.0137 Å

── RMSD Progress ──────────────────────────
  Stage 1 : 3.7696 Å
  Stage 2 : skipped
  Stage 3 : 3.0137 Å  ↓ better
──────────────────────────────────────────

[EXTRACTION] Mode: sampler → backend='aer_simulator', shots=4096
  Submitting 3 circuits (Z / X / Y bases)...
  Done. Angles extracted from measurement statistics.

[RESULT] Final energy: 206.1378
[REPLICA 99] Tracker saved → outputs/Skip1/slurm_YYDPETGTWY_amber/replica_99/replica_99_tracker.json
[SAVED] outputs/Skip1/slurm_YYDPETGTWY_amber/replica_99/replica_99_landscape.png
[REPLICA 99] Final RMSD: 6.082 Å

[REPLICA 99] ✓ Done!
  Energy       : 206.1378
  RMSD final   : 6.082 Å
  RMSD stage1  : 3.770 Å
  RMSD stage2  : skipped
  RMSD stage3  : 3.014 Å
  Runtime      : 219.9s
  Saved to     : outputs/Skip1/slurm_YYDPETGTWY_amber/replica_99/replica_99_result.json
============================================
End time     : Mon Apr 27 14:22:36 EDT 2026
Exit code    : 0
============================================
