============================================
Job ID       : 5437407
Array Task   : 679
Replica ID   : 679
Node         : lri015
Start time   : Thu Apr 16 23:44:03 EDT 2026
============================================
[REPLICA 679] Starting...
  Sequence   : YYDPETGTWY
  Forcefield : amber
  Backend    : aer
  Max iter   : 2000
--- INITIALIZING QUANTUM BIOPHYSICS FOLDER (HARDWARE) ---
--- FORCE FIELD: AMBER ---
--- SCOUTING: Checking 50 starting points ---
 > Deterministic Seed: 313297446 (Derived from Sequence)
 > Best Start Found: Energy 425.69
[REPLICA 679] Init strategy: random, seed: 313297446
--- STARTING QUANTUM FOLDING (HYBRID PIPELINE) ---
Stage 1: Mechanical Collapse (COBYLA, statevector)...
 > Collapse Energy: 540.62
Stage 2: Physics Refinement (SLSQP, statevector)...
Optimization terminated successfully    (Exit mode 0)
            Current function value: 408.8040828087246
            Iterations: 165
            Function evaluations: 8992
            Gradient evaluations: 165
 > Refinement Energy: 408.80
Stage 3: Natural Relaxation (SLSQP, statevector)...
Optimization terminated successfully    (Exit mode 0)
            Current function value: 34.18471737082516
            Iterations: 200
            Function evaluations: 10777
            Gradient evaluations: 200
 > Relaxation Energy: 34.18

[EXTRACTION] Mode: sampler → backend='aer_simulator', shots=4096
  Submitting 3 circuits (Z / X / Y bases)...
  Done. Angles extracted from measurement statistics.

[RESULT] Final energy: 34.1847
[REPLICA 679] RMSD: 2.956 Å
[REPLICA 679] Done!
  Energy     : 34.1847
  RMSD       : 2.956 Å
  Runtime    : 239.6s
  Saved to   : outputs/Brickwork_entanglement/slurm_YYDPETGTWY_amber/replica_679/replica_679_result.json
============================================
End time     : Thu Apr 16 23:48:04 EDT 2026
Exit code    : 0
============================================
