============================================
Job ID       : 5421376
Array Task   : 136
Replica ID   : 136
Node         : lri016
Start time   : Tue Apr 14 04:39:07 EDT 2026
============================================
[REPLICA 136] Starting...
  Sequence   : YYDPETGTWY
  Forcefield : amber
  Backend    : aer
  Max iter   : 2000
--- INITIALIZING QUANTUM BIOPHYSICS FOLDER (HARDWARE) ---
--- FORCE FIELD: AMBER ---
--- PRIMING CIRCUIT FOR SHEET ---
 > Priming Error: 7.3142
[REPLICA 136] Init strategy: sheet, seed: 313296903
--- STARTING QUANTUM FOLDING (HYBRID PIPELINE) ---
Stage 1: Mechanical Collapse (COBYLA, statevector)...
 > Collapse Energy: 157.84
Stage 2: Physics Refinement (SLSQP, statevector)...
Optimization terminated successfully    (Exit mode 0)
            Current function value: -46.515992518677926
            Iterations: 417
            Function evaluations: 47654
            Gradient evaluations: 417
 > Refinement Energy: -46.52
Stage 3: Natural Relaxation (SLSQP, statevector)...
Optimization terminated successfully    (Exit mode 0)
            Current function value: -58.76988958152272
            Iterations: 249
            Function evaluations: 28940
            Gradient evaluations: 249
 > Relaxation Energy: -58.77

[EXTRACTION] Mode: sampler → backend='aer_simulator', shots=4096
  Submitting 3 circuits (Z / X / Y bases)...
  Done. Angles extracted from measurement statistics.

[RESULT] Final energy: -58.7699
[REPLICA 136] RMSD: 4.937 Å
[REPLICA 136] Done!
  Energy     : -58.7699
  RMSD       : 4.937 Å
  Runtime    : 1355.0s
  Saved to   : outputs/slurm_YYDPETGTWY_amber/replica_136/replica_136_result.json
============================================
End time     : Tue Apr 14 05:01:44 EDT 2026
Exit code    : 0
============================================
