============================================
Job ID       : 5496246
Array Task   : 398
Replica ID   : 398
Node         : lri009
Start time   : Mon Apr 27 13:47:25 EDT 2026
============================================
[REPLICA 398] Starting...
  Sequence     : YYDPETGTWY
  Forcefield   : amber
  Backend      : aer
  Max iter     : 2000
  Skip Stage 2 : True
--- INITIALIZING QUANTUM BIOPHYSICS FOLDER (HARDWARE) ---
--- FORCE FIELD: AMBER ---
[REPLICA 398] Ground truth loaded — 10 CA atoms
--- SCOUTING: Checking 50 starting points ---
 > Deterministic Seed: 313297165 (Derived from Sequence)
 > Best Start Found: Energy 399.02
[REPLICA 398] Init strategy: random, seed: 313297165
============================================
End time     : Mon Apr 27 13:47:26 EDT 2026
Exit code    : 0
============================================
