============================================
Job ID       : 5495797
Array Task   : 350
Replica ID   : 350
Node         : lri025
Start time   : Mon Apr 27 13:45:09 EDT 2026
============================================
[REPLICA 350] Starting...
  Sequence     : YYDPETGTWY
  Forcefield   : amber
  Backend      : aer
  Max iter     : 2000
  Skip Stage 2 : False
--- INITIALIZING QUANTUM BIOPHYSICS FOLDER (HARDWARE) ---
--- FORCE FIELD: AMBER ---
[REPLICA 350] Ground truth loaded — 10 CA atoms
--- SCOUTING: Checking 50 starting points ---
 > Deterministic Seed: 313297117 (Derived from Sequence)
 > Best Start Found: Energy 482.47
[REPLICA 350] Init strategy: random, seed: 313297117
============================================
End time     : Mon Apr 27 13:45:11 EDT 2026
Exit code    : 0
============================================
