============================================
Job ID       : 5496221
Array Task   : 373
Replica ID   : 373
Node         : lri065
Start time   : Mon Apr 27 13:47:23 EDT 2026
============================================
[REPLICA 373] Starting...
  Sequence     : YYDPETGTWY
  Forcefield   : amber
  Backend      : aer
  Max iter     : 2000
  Skip Stage 2 : True
--- INITIALIZING QUANTUM BIOPHYSICS FOLDER (HARDWARE) ---
--- FORCE FIELD: AMBER ---
[REPLICA 373] Ground truth loaded — 10 CA atoms
--- SCOUTING: Checking 50 starting points ---
 > Deterministic Seed: 313297140 (Derived from Sequence)
 > Best Start Found: Energy 449.44
[REPLICA 373] Init strategy: random, seed: 313297140
============================================
End time     : Mon Apr 27 13:47:25 EDT 2026
Exit code    : 0
============================================
