============================================
Job ID       : 5428655
Array Task   : 648
Replica ID   : 648
Node         : lri016
Start time   : Wed Apr 15 20:37:34 EDT 2026
============================================
[REPLICA 648] Starting...
  Sequence   : YYDPETGTWY
  Forcefield : amber
  Backend    : aer
  Max iter   : 2000
--- INITIALIZING QUANTUM BIOPHYSICS FOLDER (HARDWARE) ---
--- FORCE FIELD: AMBER ---
--- SCOUTING: Checking 50 starting points ---
 > Deterministic Seed: 313297415 (Derived from Sequence)
 > Best Start Found: Energy 320.50
[REPLICA 648] Init strategy: random, seed: 313297415
--- STARTING QUANTUM FOLDING (HYBRID PIPELINE) ---
Stage 1: Mechanical Collapse (COBYLA, statevector)...
 > Collapse Energy: 526.21
Stage 2: Physics Refinement (SLSQP, statevector)...
Optimization terminated successfully    (Exit mode 0)
            Current function value: 264.24262043565585
            Iterations: 134
            Function evaluations: 7468
            Gradient evaluations: 134
 > Refinement Energy: 264.24
Stage 3: Natural Relaxation (SLSQP, statevector)...
Optimization terminated successfully    (Exit mode 0)
            Current function value: -40.309318967422875
            Iterations: 128
            Function evaluations: 7034
            Gradient evaluations: 128
 > Relaxation Energy: -40.31

[EXTRACTION] Mode: sampler → backend='aer_simulator', shots=4096
  Submitting 3 circuits (Z / X / Y bases)...
  Done. Angles extracted from measurement statistics.

[RESULT] Final energy: -40.3093
[REPLICA 648] RMSD: 6.258 Å
[REPLICA 648] Done!
  Energy     : -40.3093
  RMSD       : 6.258 Å
  Runtime    : 186.4s
  Saved to   : outputs/Reps_qubits_d_2/slurm_YYDPETGTWY_amber/replica_648/replica_648_result.json
============================================
End time     : Wed Apr 15 20:40:42 EDT 2026
Exit code    : 0
============================================
