============================================
Job ID       : 5434929
Array Task   : 73
Replica ID   : 73
Node         : lri014
Start time   : Thu Apr 16 16:55:35 EDT 2026
============================================
[REPLICA 73] Starting...
  Sequence   : YYDPETGTWY
  Forcefield : amber
  Backend    : aer
  Max iter   : 2000
--- INITIALIZING QUANTUM BIOPHYSICS FOLDER (HARDWARE) ---
--- FORCE FIELD: AMBER ---
--- SCOUTING: Checking 50 starting points ---
 > Deterministic Seed: 313296840 (Derived from Sequence)
 > Best Start Found: Energy 405.62
[REPLICA 73] Init strategy: random, seed: 313296840
--- STARTING QUANTUM FOLDING (HYBRID PIPELINE) ---
Stage 1: Mechanical Collapse (COBYLA, statevector)...
 > Collapse Energy: 407.62
Stage 2: Physics Refinement (SLSQP, statevector)...
Optimization terminated successfully    (Exit mode 0)
            Current function value: 36.29556417915631
            Iterations: 240
            Function evaluations: 13000
            Gradient evaluations: 240
 > Refinement Energy: 36.30
Stage 3: Natural Relaxation (SLSQP, statevector)...
Optimization terminated successfully    (Exit mode 0)
            Current function value: -58.40733367621301
            Iterations: 182
            Function evaluations: 9856
            Gradient evaluations: 182
 > Relaxation Energy: -58.41

[EXTRACTION] Mode: sampler → backend='aer_simulator', shots=4096
  Submitting 3 circuits (Z / X / Y bases)...
  Done. Angles extracted from measurement statistics.

[RESULT] Final energy: -58.4073
[REPLICA 73] RMSD: 5.794 Å
[REPLICA 73] Done!
  Energy     : -58.4073
  RMSD       : 5.794 Å
  Runtime    : 275.3s
  Saved to   : outputs/Brickwork_entanglement/slurm_YYDPETGTWY_amber/replica_73/replica_73_result.json
============================================
End time     : Thu Apr 16 17:00:12 EDT 2026
Exit code    : 0
============================================
