============================================
Job ID       : 5497384
Array Task   : 232
Replica ID   : 232
Node         : lri043
Start time   : Mon Apr 27 14:49:17 EDT 2026
============================================
[REPLICA 232] Starting...
  Sequence     : YYDPETGTWY
  Forcefield   : amber
  Backend      : aer
  Max iter     : 2000
  Skip Stage 2 : False
--- INITIALIZING QUANTUM BIOPHYSICS FOLDER (HARDWARE) ---
--- FORCE FIELD: AMBER ---
[REPLICA 232] Ground truth loaded — 10 CA atoms
--- SCOUTING: Checking 50 starting points ---
 > Deterministic Seed: 313296999 (Derived from Sequence)
 > Best Start Found: Energy 372.24
[REPLICA 232] Init strategy: random, seed: 313296999
--- STARTING QUANTUM FOLDING (HYBRID PIPELINE) ---
Stage 1: Mechanical Collapse (COBYLA, statevector)...
 > Collapse Energy : 296.66
 > Stage 1 RMSD    : 3.4706 Å
Stage 2: Physics Refinement (SLSQP, statevector)...
Optimization terminated successfully    (Exit mode 0)
            Current function value: 5.101039466844785
            Iterations: 115
            Function evaluations: 6366
            Gradient evaluations: 115
 > Refinement Energy : 5.10
 > Stage 2 RMSD      : 4.0832 Å
Stage 3: Natural Relaxation (SLSQP, statevector)...
Optimization terminated successfully    (Exit mode 0)
            Current function value: 7.569681278988008
            Iterations: 223
            Function evaluations: 11784
            Gradient evaluations: 223
 > Relaxation Energy : 7.57
 > Stage 3 RMSD      : 3.5740 Å

── RMSD Progress ──────────────────────────
  Stage 1 : 3.4706 Å
  Stage 2 : 4.0832 Å  ↑ worse
  Stage 3 : 3.5740 Å  ↓ better
──────────────────────────────────────────

[EXTRACTION] Mode: sampler → backend='aer_simulator', shots=4096
  Submitting 3 circuits (Z / X / Y bases)...
  Done. Angles extracted from measurement statistics.

[RESULT] Final energy: 7.5697
[REPLICA 232] Tracker saved → outputs/no_skip/slurm_YYDPETGTWY_amber/replica_232/replica_232_tracker.json
[SAVED] outputs/no_skip/slurm_YYDPETGTWY_amber/replica_232/replica_232_landscape.png
[REPLICA 232] Final RMSD: 5.541 Å

[REPLICA 232] ✓ Done!
  Energy       : 7.5697
  RMSD final   : 5.541 Å
  RMSD stage1  : 3.471 Å
  RMSD stage2  : 4.083 Å
  RMSD stage3  : 3.574 Å
  Runtime      : 232.0s
  Saved to     : outputs/no_skip/slurm_YYDPETGTWY_amber/replica_232/replica_232_result.json
============================================
End time     : Mon Apr 27 14:53:11 EDT 2026
Exit code    : 0
============================================
