============================================
Job ID       : 5494658
Array Task   : 210
Replica ID   : 210
Node         : lri068
Start time   : Mon Apr 27 11:29:45 EDT 2026
============================================
[REPLICA 210] Starting...
  Sequence     : YYDPETGTWY
  Forcefield   : amber
  Backend      : aer
  Max iter     : 2000
  Skip Stage 2 : False
--- INITIALIZING QUANTUM BIOPHYSICS FOLDER (HARDWARE) ---
--- FORCE FIELD: AMBER ---
[REPLICA 210] Ground truth loaded — 10 CA atoms
--- SCOUTING: Checking 50 starting points ---
 > Deterministic Seed: 313296977 (Derived from Sequence)
 > Best Start Found: Energy 276.61
[REPLICA 210] Init strategy: random, seed: 313296977
============================================
End time     : Mon Apr 27 11:29:47 EDT 2026
Exit code    : 0
============================================
