============================================
Job ID       : 5474445
Array Task   : 294
Replica ID   : 294
Node         : lri068
Start time   : Wed Apr 22 17:54:20 EDT 2026
============================================
[REPLICA 294] Starting...
  Sequence   : YYDPETGTWY
  Forcefield : amber
  Backend    : aer
  Max iter   : 2000
--- INITIALIZING QUANTUM BIOPHYSICS FOLDER (HARDWARE) ---
--- FORCE FIELD: AMBER ---
--- SCOUTING: Checking 50 starting points ---
 > Deterministic Seed: 313297061 (Derived from Sequence)
 > Best Start Found: Energy 362.42
[REPLICA 294] Init strategy: random, seed: 313297061
--- STARTING QUANTUM FOLDING (HYBRID PIPELINE) ---
Stage 1: Mechanical Collapse (COBYLA, statevector)...
 > Collapse Energy: 410.63
Stage 2: Physics Refinement (SLSQP, statevector)...
Optimization terminated successfully    (Exit mode 0)
            Current function value: 17.827994167314763
            Iterations: 220
            Function evaluations: 11801
            Gradient evaluations: 220
 > Refinement Energy: 17.83
Stage 3: Natural Relaxation (SLSQP, statevector)...
Optimization terminated successfully    (Exit mode 0)
            Current function value: -28.716818550698708
            Iterations: 163
            Function evaluations: 8851
            Gradient evaluations: 163
 > Relaxation Energy: -28.72

[EXTRACTION] Mode: sampler → backend='aer_simulator', shots=4096
  Submitting 3 circuits (Z / X / Y bases)...
  Done. Angles extracted from measurement statistics.

[RESULT] Final energy: -28.7168
[SAVED] outputs/reps_Brickwork_entanglement/slurm_YYDPETGTWY_amber/replica_294/replica_294_landscape.png
[REPLICA 294] RMSD: 5.526 Å
[REPLICA 294] Done!
  Energy     : -28.7168
  RMSD       : 5.526 Å
  Runtime    : 253.4s
  Saved to   : outputs/reps_Brickwork_entanglement/slurm_YYDPETGTWY_amber/replica_294/replica_294_result.json
============================================
End time     : Wed Apr 22 17:58:34 EDT 2026
Exit code    : 0
============================================
