============================================
Job ID       : 5443182
Array Task   : 837
Replica ID   : 837
Node         : lri054
Start time   : Fri Apr 17 18:05:08 EDT 2026
============================================
[REPLICA 837] Starting...
  Sequence   : DAYAQWLKDGGPSSGRPPPS
  Forcefield : amber
  Backend    : aer
  Max iter   : 2000
--- INITIALIZING QUANTUM BIOPHYSICS FOLDER (HARDWARE) ---
--- FORCE FIELD: AMBER ---
--- SCOUTING: Checking 50 starting points ---
 > Deterministic Seed: 2158524222 (Derived from Sequence)
 > Best Start Found: Energy 461.56
[REPLICA 837] Init strategy: random, seed: 2158524222
--- STARTING QUANTUM FOLDING (HYBRID PIPELINE) ---
Stage 1: Mechanical Collapse (COBYLA, statevector)...
 > Collapse Energy: 211.69
Stage 2: Physics Refinement (SLSQP, statevector)...
Optimization terminated successfully    (Exit mode 0)
            Current function value: -84.242503803111
            Iterations: 280
            Function evaluations: 22014
            Gradient evaluations: 280
 > Refinement Energy: -84.24
Stage 3: Natural Relaxation (SLSQP, statevector)...
Optimization terminated successfully    (Exit mode 0)
            Current function value: -145.35358785113513
            Iterations: 189
            Function evaluations: 14955
            Gradient evaluations: 189
 > Relaxation Energy: -145.35

[EXTRACTION] Mode: sampler → backend='aer_simulator', shots=4096
  Submitting 3 circuits (Z / X / Y bases)...
  Done. Angles extracted from measurement statistics.

[RESULT] Final energy: -145.3536
[REPLICA 837] RMSD: 6.144 Å
[REPLICA 837] Done!
  Energy     : -145.3536
  RMSD       : 6.144 Å
  Runtime    : 697.7s
  Saved to   : outputs/reps_Brickwork_entanglement1/slurm_DAYAQWLKDGGPSSGRPPPS_amber/replica_837/replica_837_result.json
============================================
End time     : Fri Apr 17 18:16:48 EDT 2026
Exit code    : 0
============================================
