============================================
Job ID       : 5443101
Array Task   : 802
Replica ID   : 802
Node         : lri000
Start time   : Fri Apr 17 17:51:07 EDT 2026
============================================
[REPLICA 802] Starting...
  Sequence   : DAYAQWLKDGGPSSGRPPPS
  Forcefield : amber
  Backend    : aer
  Max iter   : 2000
--- INITIALIZING QUANTUM BIOPHYSICS FOLDER (HARDWARE) ---
--- FORCE FIELD: AMBER ---
--- SCOUTING: Checking 50 starting points ---
 > Deterministic Seed: 2158524187 (Derived from Sequence)
 > Best Start Found: Energy 589.95
[REPLICA 802] Init strategy: random, seed: 2158524187
--- STARTING QUANTUM FOLDING (HYBRID PIPELINE) ---
Stage 1: Mechanical Collapse (COBYLA, statevector)...
 > Collapse Energy: 185.21
Stage 2: Physics Refinement (SLSQP, statevector)...
Optimization terminated successfully    (Exit mode 0)
            Current function value: 124.07192277199002
            Iterations: 417
            Function evaluations: 31987
            Gradient evaluations: 417
 > Refinement Energy: 124.07
Stage 3: Natural Relaxation (SLSQP, statevector)...
Optimization terminated successfully    (Exit mode 0)
            Current function value: -50.39723326114548
            Iterations: 187
            Function evaluations: 14782
            Gradient evaluations: 187
 > Relaxation Energy: -50.40

[EXTRACTION] Mode: sampler → backend='aer_simulator', shots=4096
  Submitting 3 circuits (Z / X / Y bases)...
  Done. Angles extracted from measurement statistics.

[RESULT] Final energy: -50.3972
[REPLICA 802] RMSD: 4.788 Å
[REPLICA 802] Done!
  Energy     : -50.3972
  RMSD       : 4.788 Å
  Runtime    : 883.8s
  Saved to   : outputs/reps_Brickwork_entanglement1/slurm_DAYAQWLKDGGPSSGRPPPS_amber/replica_802/replica_802_result.json
============================================
End time     : Fri Apr 17 18:05:52 EDT 2026
Exit code    : 0
============================================
