============================================
Job ID       : 5422325
Array Task   : 685
Replica ID   : 685
Node         : lri016
Start time   : Tue Apr 14 10:03:31 EDT 2026
============================================
[REPLICA 685] Starting...
  Sequence   : YYDPETGTWY
  Forcefield : amber
  Backend    : aer
  Max iter   : 2000
--- INITIALIZING QUANTUM BIOPHYSICS FOLDER (HARDWARE) ---
--- FORCE FIELD: AMBER ---
--- PRIMING CIRCUIT FOR SHEET ---
 > Priming Error: 6.7330
[REPLICA 685] Init strategy: sheet, seed: 313297452
--- STARTING QUANTUM FOLDING (HYBRID PIPELINE) ---
Stage 1: Mechanical Collapse (COBYLA, statevector)...
 > Collapse Energy: 282.37
Stage 2: Physics Refinement (SLSQP, statevector)...
Optimization terminated successfully    (Exit mode 0)
            Current function value: -102.81227580201997
            Iterations: 306
            Function evaluations: 35369
            Gradient evaluations: 306
 > Refinement Energy: -102.81
Stage 3: Natural Relaxation (SLSQP, statevector)...
Optimization terminated successfully    (Exit mode 0)
            Current function value: -36.325076573087564
            Iterations: 237
            Function evaluations: 27425
            Gradient evaluations: 237
 > Relaxation Energy: -36.33

[EXTRACTION] Mode: sampler → backend='aer_simulator', shots=4096
  Submitting 3 circuits (Z / X / Y bases)...
  Done. Angles extracted from measurement statistics.

[RESULT] Final energy: -36.3251
[REPLICA 685] RMSD: 4.644 Å
[REPLICA 685] Done!
  Energy     : -36.3251
  RMSD       : 4.644 Å
  Runtime    : 1174.1s
  Saved to   : outputs/slurm_YYDPETGTWY_amber/replica_685/replica_685_result.json
============================================
End time     : Tue Apr 14 10:23:06 EDT 2026
Exit code    : 0
============================================
