============================================
Job ID       : 5495931
Array Task   : 83
Replica ID   : 83
Node         : lri065
Start time   : Mon Apr 27 13:47:13 EDT 2026
============================================
[REPLICA 83] Starting...
  Sequence     : YYDPETGTWY
  Forcefield   : amber
  Backend      : aer
  Max iter     : 2000
  Skip Stage 2 : True
--- INITIALIZING QUANTUM BIOPHYSICS FOLDER (HARDWARE) ---
--- FORCE FIELD: AMBER ---
[REPLICA 83] Ground truth loaded — 10 CA atoms
--- SCOUTING: Checking 50 starting points ---
 > Deterministic Seed: 313296850 (Derived from Sequence)
 > Best Start Found: Energy 316.59
[REPLICA 83] Init strategy: random, seed: 313296850
============================================
End time     : Mon Apr 27 13:47:15 EDT 2026
Exit code    : 0
============================================
