============================================
Job ID       : 5435214
Array Task   : 243
Replica ID   : 243
Node         : lri013
Start time   : Thu Apr 16 19:49:46 EDT 2026
============================================
[REPLICA 243] Starting...
  Sequence   : YYDPETGTWY
  Forcefield : amber
  Backend    : aer
  Max iter   : 2000
--- INITIALIZING QUANTUM BIOPHYSICS FOLDER (HARDWARE) ---
--- FORCE FIELD: AMBER ---
--- SCOUTING: Checking 50 starting points ---
 > Deterministic Seed: 313297010 (Derived from Sequence)
 > Best Start Found: Energy 378.13
[REPLICA 243] Init strategy: random, seed: 313297010
--- STARTING QUANTUM FOLDING (HYBRID PIPELINE) ---
Stage 1: Mechanical Collapse (COBYLA, statevector)...
 > Collapse Energy: 749.85
Stage 2: Physics Refinement (SLSQP, statevector)...
Optimization terminated successfully    (Exit mode 0)
            Current function value: 78.18196043738972
            Iterations: 363
            Function evaluations: 18981
            Gradient evaluations: 363
 > Refinement Energy: 78.18
Stage 3: Natural Relaxation (SLSQP, statevector)...
Optimization terminated successfully    (Exit mode 0)
            Current function value: -21.59137374102474
            Iterations: 261
            Function evaluations: 14071
            Gradient evaluations: 261
 > Relaxation Energy: -21.59

[EXTRACTION] Mode: sampler → backend='aer_simulator', shots=4096
  Submitting 3 circuits (Z / X / Y bases)...
  Done. Angles extracted from measurement statistics.

[RESULT] Final energy: -21.5914
[REPLICA 243] RMSD: 5.178 Å
[REPLICA 243] Done!
  Energy     : -21.5914
  RMSD       : 5.178 Å
  Runtime    : 414.9s
  Saved to   : outputs/Brickwork_entanglement/slurm_YYDPETGTWY_amber/replica_243/replica_243_result.json
============================================
End time     : Thu Apr 16 19:56:43 EDT 2026
Exit code    : 0
============================================
