============================================
Job ID       : 5496174
Array Task   : 326
Replica ID   : 326
Node         : lri041
Start time   : Mon Apr 27 13:47:19 EDT 2026
============================================
[REPLICA 326] Starting...
  Sequence     : YYDPETGTWY
  Forcefield   : amber
  Backend      : aer
  Max iter     : 2000
  Skip Stage 2 : True
--- INITIALIZING QUANTUM BIOPHYSICS FOLDER (HARDWARE) ---
--- FORCE FIELD: AMBER ---
[REPLICA 326] Ground truth loaded — 10 CA atoms
--- SCOUTING: Checking 50 starting points ---
 > Deterministic Seed: 313297093 (Derived from Sequence)
 > Best Start Found: Energy 415.36
[REPLICA 326] Init strategy: random, seed: 313297093
============================================
End time     : Mon Apr 27 13:47:22 EDT 2026
Exit code    : 0
============================================
