============================================
Job ID       : 5438801
Array Task   : 182
Replica ID   : 182
Node         : lri015
Start time   : Fri Apr 17 07:42:28 EDT 2026
============================================
[REPLICA 182] Starting...
  Sequence   : YYDPETGTWY
  Forcefield : amber
  Backend    : aer
  Max iter   : 2000
--- INITIALIZING QUANTUM BIOPHYSICS FOLDER (HARDWARE) ---
--- FORCE FIELD: AMBER ---
--- SCOUTING: Checking 50 starting points ---
 > Deterministic Seed: 313296949 (Derived from Sequence)
 > Best Start Found: Energy 468.94
[REPLICA 182] Init strategy: random, seed: 313296949
--- STARTING QUANTUM FOLDING (HYBRID PIPELINE) ---
Stage 1: Mechanical Collapse (COBYLA, statevector)...
 > Collapse Energy: 315.75
Stage 2: Physics Refinement (SLSQP, statevector)...
Optimization terminated successfully    (Exit mode 0)
            Current function value: 30.12098417830137
            Iterations: 228
            Function evaluations: 12278
            Gradient evaluations: 228
 > Refinement Energy: 30.12
Stage 3: Natural Relaxation (SLSQP, statevector)...
Optimization terminated successfully    (Exit mode 0)
            Current function value: -23.527936144215694
            Iterations: 147
            Function evaluations: 8073
            Gradient evaluations: 147
 > Relaxation Energy: -23.53

[EXTRACTION] Mode: sampler → backend='aer_simulator', shots=4096
  Submitting 3 circuits (Z / X / Y bases)...
  Done. Angles extracted from measurement statistics.

[RESULT] Final energy: -23.5279
[REPLICA 182] RMSD: 6.983 Å
[REPLICA 182] Done!
  Energy     : -23.5279
  RMSD       : 6.983 Å
  Runtime    : 265.3s
  Saved to   : outputs/reps_Brickwork_entanglement/slurm_YYDPETGTWY_amber/replica_182/replica_182_result.json
============================================
End time     : Fri Apr 17 07:46:54 EDT 2026
Exit code    : 0
============================================
