============================================
Job ID       : 5495142
Array Task   : 138
Replica ID   : 138
Node         : lri029
Start time   : Mon Apr 27 12:54:05 EDT 2026
============================================
[REPLICA 138] Starting...
  Sequence     : YYDPETGTWY
  Forcefield   : amber
  Backend      : aer
  Max iter     : 2000
  Skip Stage 2 : False
--- INITIALIZING QUANTUM BIOPHYSICS FOLDER (HARDWARE) ---
--- FORCE FIELD: AMBER ---
[REPLICA 138] Ground truth loaded — 10 CA atoms
--- SCOUTING: Checking 50 starting points ---
 > Deterministic Seed: 313296905 (Derived from Sequence)
 > Best Start Found: Energy 377.07
[REPLICA 138] Init strategy: random, seed: 313296905
============================================
End time     : Mon Apr 27 12:54:07 EDT 2026
Exit code    : 0
============================================
