============================================
Job ID       : 5494760
Array Task   : 312
Replica ID   : 312
Node         : lri028
Start time   : Mon Apr 27 11:29:50 EDT 2026
============================================
[REPLICA 312] Starting...
  Sequence     : YYDPETGTWY
  Forcefield   : amber
  Backend      : aer
  Max iter     : 2000
  Skip Stage 2 : False
--- INITIALIZING QUANTUM BIOPHYSICS FOLDER (HARDWARE) ---
--- FORCE FIELD: AMBER ---
[REPLICA 312] Ground truth loaded — 10 CA atoms
--- SCOUTING: Checking 50 starting points ---
 > Deterministic Seed: 313297079 (Derived from Sequence)
 > Best Start Found: Energy 364.43
[REPLICA 312] Init strategy: random, seed: 313297079
============================================
End time     : Mon Apr 27 11:29:51 EDT 2026
Exit code    : 0
============================================
