============================================
Job ID       : 5439094
Array Task   : 425
Replica ID   : 425
Node         : lri015
Start time   : Fri Apr 17 08:38:31 EDT 2026
============================================
[REPLICA 425] Starting...
  Sequence   : YYDPETGTWY
  Forcefield : amber
  Backend    : aer
  Max iter   : 2000
--- INITIALIZING QUANTUM BIOPHYSICS FOLDER (HARDWARE) ---
--- FORCE FIELD: AMBER ---
--- SCOUTING: Checking 50 starting points ---
 > Deterministic Seed: 313297192 (Derived from Sequence)
 > Best Start Found: Energy 348.65
[REPLICA 425] Init strategy: random, seed: 313297192
--- STARTING QUANTUM FOLDING (HYBRID PIPELINE) ---
Stage 1: Mechanical Collapse (COBYLA, statevector)...
 > Collapse Energy: 147.12
Stage 2: Physics Refinement (SLSQP, statevector)...
Optimization terminated successfully    (Exit mode 0)
            Current function value: 17.06434260635267
            Iterations: 284
            Function evaluations: 15027
            Gradient evaluations: 284
 > Refinement Energy: 17.06
Stage 3: Natural Relaxation (SLSQP, statevector)...
Optimization terminated successfully    (Exit mode 0)
            Current function value: 22.21974638555124
            Iterations: 215
            Function evaluations: 11414
            Gradient evaluations: 215
 > Relaxation Energy: 22.22

[EXTRACTION] Mode: sampler → backend='aer_simulator', shots=4096
  Submitting 3 circuits (Z / X / Y bases)...
  Done. Angles extracted from measurement statistics.

[RESULT] Final energy: 22.2197
[REPLICA 425] RMSD: 5.167 Å
[REPLICA 425] Done!
  Energy     : 22.2197
  RMSD       : 5.167 Å
  Runtime    : 323.8s
  Saved to   : outputs/reps_Brickwork_entanglement/slurm_YYDPETGTWY_amber/replica_425/replica_425_result.json
============================================
End time     : Fri Apr 17 08:43:56 EDT 2026
Exit code    : 0
============================================
