============================================
Job ID       : 5442713
Array Task   : 661
Replica ID   : 661
Node         : lri000
Start time   : Fri Apr 17 16:47:00 EDT 2026
============================================
[REPLICA 661] Starting...
  Sequence   : DAYAQWLKDGGPSSGRPPPS
  Forcefield : amber
  Backend    : aer
  Max iter   : 2000
--- INITIALIZING QUANTUM BIOPHYSICS FOLDER (HARDWARE) ---
--- FORCE FIELD: AMBER ---
--- SCOUTING: Checking 50 starting points ---
 > Deterministic Seed: 2158524046 (Derived from Sequence)
 > Best Start Found: Energy 590.96
[REPLICA 661] Init strategy: random, seed: 2158524046
--- STARTING QUANTUM FOLDING (HYBRID PIPELINE) ---
Stage 1: Mechanical Collapse (COBYLA, statevector)...
 > Collapse Energy: 503.90
Stage 2: Physics Refinement (SLSQP, statevector)...
Optimization terminated successfully    (Exit mode 0)
            Current function value: -80.01772954050149
            Iterations: 242
            Function evaluations: 19125
            Gradient evaluations: 242
 > Refinement Energy: -80.02
Stage 3: Natural Relaxation (SLSQP, statevector)...
Optimization terminated successfully    (Exit mode 0)
            Current function value: -134.97979292159556
            Iterations: 285
            Function evaluations: 22073
            Gradient evaluations: 285
 > Relaxation Energy: -134.98

[EXTRACTION] Mode: sampler → backend='aer_simulator', shots=4096
  Submitting 3 circuits (Z / X / Y bases)...
  Done. Angles extracted from measurement statistics.

[RESULT] Final energy: -134.9798
[REPLICA 661] RMSD: 6.947 Å
[REPLICA 661] Done!
  Energy     : -134.9798
  RMSD       : 6.947 Å
  Runtime    : 780.5s
  Saved to   : outputs/reps_Brickwork_entanglement1/slurm_DAYAQWLKDGGPSSGRPPPS_amber/replica_661/replica_661_result.json
============================================
End time     : Fri Apr 17 17:00:02 EDT 2026
Exit code    : 0
============================================
