============================================
Job ID       : 5494695
Array Task   : 247
Replica ID   : 247
Node         : lri000
Start time   : Mon Apr 27 11:29:47 EDT 2026
============================================
[REPLICA 247] Starting...
  Sequence     : YYDPETGTWY
  Forcefield   : amber
  Backend      : aer
  Max iter     : 2000
  Skip Stage 2 : False
--- INITIALIZING QUANTUM BIOPHYSICS FOLDER (HARDWARE) ---
--- FORCE FIELD: AMBER ---
[REPLICA 247] Ground truth loaded — 10 CA atoms
--- SCOUTING: Checking 50 starting points ---
 > Deterministic Seed: 313297014 (Derived from Sequence)
 > Best Start Found: Energy 409.55
[REPLICA 247] Init strategy: random, seed: 313297014
============================================
End time     : Mon Apr 27 11:29:48 EDT 2026
Exit code    : 0
============================================
