============================================
Job ID       : 5505625
Array Task   : 328
Replica ID   : 328
Node         : lri058
Start time   : Tue Apr 28 09:40:51 EDT 2026
============================================
[REPLICA 328] Starting...
  Sequence     : YYDPETGTWY
  Forcefield   : amber
  Backend      : aer
  Max iter     : 2000
  Skip Stage 2 : False
--- INITIALIZING QUANTUM BIOPHYSICS FOLDER (HARDWARE) ---
--- FORCE FIELD: AMBER ---
[REPLICA 328] Ground truth loaded — 10 CA atoms
--- SCOUTING: Checking 50 starting points ---
 > Deterministic Seed: 313297095 (Derived from Sequence)
 > Best Start Found: Energy 398.24
[REPLICA 328] Init strategy: random, seed: 313297095
--- STARTING QUANTUM FOLDING (HYBRID PIPELINE) ---
Stage 1: Mechanical Collapse (COBYLA, statevector)...
 > Collapse Energy : 207.84
 > Stage 1 RMSD    : 3.7742 Å
Stage 2: Physics Refinement (SLSQP, statevector)...
Optimization terminated successfully    (Exit mode 0)
            Current function value: 13.666528287710515
            Iterations: 188
            Function evaluations: 10024
            Gradient evaluations: 188
 > Refinement Energy : 13.67
 > Stage 2 RMSD      : 2.9987 Å
Stage 3: Natural Relaxation (SLSQP, statevector)...
Optimization terminated successfully    (Exit mode 0)
            Current function value: -16.028562207006733
            Iterations: 152
            Function evaluations: 8263
            Gradient evaluations: 152
 > Relaxation Energy : -16.03
 > Stage 3 RMSD      : 3.5994 Å

── RMSD Progress ──────────────────────────
  Stage 1 : 3.7742 Å
  Stage 2 : 2.9987 Å  ↓ better
  Stage 3 : 3.5994 Å  ↓ better
──────────────────────────────────────────

[EXTRACTION] Mode: sampler → backend='aer_simulator', shots=4096
  Submitting 3 circuits (Z / X / Y bases)...
  Done. Angles extracted from measurement statistics.

[RESULT] Final energy: -16.0286
[REPLICA 328] Tracker saved → outputs/no_skip1/slurm_YYDPETGTWY_amber/replica_328/replica_328_tracker.json
[SAVED] outputs/no_skip1/slurm_YYDPETGTWY_amber/replica_328/replica_328_landscape.png
[REPLICA 328] Final RMSD: 6.629 Å

[REPLICA 328] ✓ Done!
  Energy       : -16.0286
  RMSD final   : 6.629 Å
  RMSD stage1  : 3.774 Å
  RMSD stage2  : 2.999 Å
  RMSD stage3  : 3.599 Å
  Runtime      : 225.4s
  Saved to     : outputs/no_skip1/slurm_YYDPETGTWY_amber/replica_328/replica_328_result.json
============================================
End time     : Tue Apr 28 09:44:37 EDT 2026
Exit code    : 0
============================================
