============================================
Job ID       : 5480141
Array Task   : 73
Replica ID   : 73
Node         : lri007
Start time   : Thu Apr 23 11:18:50 EDT 2026
============================================
[REPLICA 73] Starting...
  Sequence   : YYDPETGTWY
  Forcefield : amber
  Backend    : aer
  Max iter   : 20
--- INITIALIZING QUANTUM BIOPHYSICS FOLDER (HARDWARE) ---
--- FORCE FIELD: AMBER ---
--- SCOUTING: Checking 50 starting points ---
 > Deterministic Seed: 313296840 (Derived from Sequence)
 > Best Start Found: Energy 405.62
[REPLICA 73] Init strategy: random, seed: 313296840
--- STARTING QUANTUM FOLDING (HYBRID PIPELINE) ---
Stage 1: Mechanical Collapse (COBYLA, statevector)...
 > Collapse Energy: 1100.31
Stage 2: Physics Refinement (SLSQP, statevector)...
Iteration limit reached    (Exit mode 9)
            Current function value: 5012.73471215439
            Iterations: 20
            Function evaluations: 1170
            Gradient evaluations: 20
 > Refinement Energy: 5012.73
Stage 3: Natural Relaxation (SLSQP, statevector)...
Iteration limit reached    (Exit mode 9)
            Current function value: 1520.126279451691
            Iterations: 20
            Function evaluations: 1167
            Gradient evaluations: 20
 > Relaxation Energy: 1520.13

[EXTRACTION] Mode: sampler → backend='aer_simulator', shots=4096
  Submitting 3 circuits (Z / X / Y bases)...
  Done. Angles extracted from measurement statistics.

[RESULT] Final energy: 1520.1263
[REPLICA 73] Tracker saved → outputs/energy_reps_Brickwork_entanglement11/slurm_YYDPETGTWY_amber/replica_73/replica_73_tracker.json
[SAVED] outputs/energy_reps_Brickwork_entanglement11/slurm_YYDPETGTWY_amber/replica_73/replica_73_landscape.png
[REPLICA 73] RMSD: 4.680 Å
[REPLICA 73] Done!
  Energy     : 1520.1263
  RMSD       : 4.680 Å
  Runtime    : 36.0s
  Saved to   : outputs/energy_reps_Brickwork_entanglement11/slurm_YYDPETGTWY_amber/replica_73/replica_73_result.json
============================================
End time     : Thu Apr 23 11:19:28 EDT 2026
Exit code    : 0
============================================
