============================================
Job ID       : 5480261
Array Task   : 109
Replica ID   : 109
Node         : lri025
Start time   : Thu Apr 23 11:26:51 EDT 2026
============================================
[REPLICA 109] Starting...
  Sequence   : YYDPETGTWY
  Forcefield : amber
  Backend    : aer
  Max iter   : 20
--- INITIALIZING QUANTUM BIOPHYSICS FOLDER (HARDWARE) ---
--- FORCE FIELD: AMBER ---
--- SCOUTING: Checking 50 starting points ---
 > Deterministic Seed: 313296876 (Derived from Sequence)
 > Best Start Found: Energy 295.08
[REPLICA 109] Init strategy: random, seed: 313296876
--- STARTING QUANTUM FOLDING (HYBRID PIPELINE) ---
Stage 1: Mechanical Collapse (COBYLA, statevector)...
 > Collapse Energy: 1495.26
Stage 2: Physics Refinement (SLSQP, statevector)...
Iteration limit reached    (Exit mode 9)
            Current function value: 8396.61458269001
            Iterations: 20
            Function evaluations: 1170
            Gradient evaluations: 20
 > Refinement Energy: 8396.61
Stage 3: Natural Relaxation (SLSQP, statevector)...
Iteration limit reached    (Exit mode 9)
            Current function value: 563.4900275918008
            Iterations: 20
            Function evaluations: 1170
            Gradient evaluations: 20
 > Relaxation Energy: 563.49

[EXTRACTION] Mode: sampler → backend='aer_simulator', shots=4096
  Submitting 3 circuits (Z / X / Y bases)...
  Done. Angles extracted from measurement statistics.

[RESULT] Final energy: 563.4900
[REPLICA 109] Tracker saved → outputs/energy_reps_Brickwork_entanglement11/slurm_YYDPETGTWY_amber/replica_109/replica_109_tracker.json
[SAVED] outputs/energy_reps_Brickwork_entanglement11/slurm_YYDPETGTWY_amber/replica_109/replica_109_landscape.png
[REPLICA 109] RMSD: 7.315 Å
[REPLICA 109] Done!
  Energy     : 563.4900
  RMSD       : 7.315 Å
  Runtime    : 27.6s
  Saved to   : outputs/energy_reps_Brickwork_entanglement11/slurm_YYDPETGTWY_amber/replica_109/replica_109_result.json
============================================
End time     : Thu Apr 23 11:27:20 EDT 2026
Exit code    : 0
============================================
