============================================
Job ID       : 5505342
Array Task   : 49
Replica ID   : 49
Node         : lri041
Start time   : Tue Apr 28 09:35:56 EDT 2026
============================================
[REPLICA 49] Starting...
  Sequence     : YYDPETGTWY
  Forcefield   : amber
  Backend      : aer
  Max iter     : 2000
  Skip Stage 2 : False
--- INITIALIZING QUANTUM BIOPHYSICS FOLDER (HARDWARE) ---
--- FORCE FIELD: AMBER ---
[REPLICA 49] Ground truth loaded — 10 CA atoms
--- SCOUTING: Checking 50 starting points ---
 > Deterministic Seed: 313296816 (Derived from Sequence)
 > Best Start Found: Energy 457.17
[REPLICA 49] Init strategy: random, seed: 313296816
--- STARTING QUANTUM FOLDING (HYBRID PIPELINE) ---
Stage 1: Mechanical Collapse (COBYLA, statevector)...
 > Collapse Energy : 370.82
 > Stage 1 RMSD    : 2.5647 Å
Stage 2: Physics Refinement (SLSQP, statevector)...
Optimization terminated successfully    (Exit mode 0)
            Current function value: 108.417583846586
            Iterations: 124
            Function evaluations: 6903
            Gradient evaluations: 124
 > Refinement Energy : 108.42
 > Stage 2 RMSD      : 3.0367 Å
Stage 3: Natural Relaxation (SLSQP, statevector)...
Optimization terminated successfully    (Exit mode 0)
            Current function value: 82.48472688386826
            Iterations: 286
            Function evaluations: 15078
            Gradient evaluations: 286
 > Relaxation Energy : 82.48
 > Stage 3 RMSD      : 2.6677 Å

── RMSD Progress ──────────────────────────
  Stage 1 : 2.5647 Å
  Stage 2 : 3.0367 Å  ↑ worse
  Stage 3 : 2.6677 Å  ↓ better
──────────────────────────────────────────

[EXTRACTION] Mode: sampler → backend='aer_simulator', shots=4096
  Submitting 3 circuits (Z / X / Y bases)...
  Done. Angles extracted from measurement statistics.

[RESULT] Final energy: 82.4847
[REPLICA 49] Tracker saved → outputs/no_skip1/slurm_YYDPETGTWY_amber/replica_49/replica_49_tracker.json
[SAVED] outputs/no_skip1/slurm_YYDPETGTWY_amber/replica_49/replica_49_landscape.png
[REPLICA 49] Final RMSD: 5.193 Å

[REPLICA 49] ✓ Done!
  Energy       : 82.4847
  RMSD final   : 5.193 Å
  RMSD stage1  : 2.565 Å
  RMSD stage2  : 3.037 Å
  RMSD stage3  : 2.668 Å
  Runtime      : 279.9s
  Saved to     : outputs/no_skip1/slurm_YYDPETGTWY_amber/replica_49/replica_49_result.json
============================================
End time     : Tue Apr 28 09:40:49 EDT 2026
Exit code    : 0
============================================
