============================================
Job ID       : 5435884
Array Task   : 384
Replica ID   : 384
Node         : lri015
Start time   : Thu Apr 16 21:19:52 EDT 2026
============================================
[REPLICA 384] Starting...
  Sequence   : YYDPETGTWY
  Forcefield : amber
  Backend    : aer
  Max iter   : 2000
--- INITIALIZING QUANTUM BIOPHYSICS FOLDER (HARDWARE) ---
--- FORCE FIELD: AMBER ---
--- SCOUTING: Checking 50 starting points ---
 > Deterministic Seed: 313297151 (Derived from Sequence)
 > Best Start Found: Energy 274.94
[REPLICA 384] Init strategy: random, seed: 313297151
--- STARTING QUANTUM FOLDING (HYBRID PIPELINE) ---
Stage 1: Mechanical Collapse (COBYLA, statevector)...
 > Collapse Energy: 213.10
Stage 2: Physics Refinement (SLSQP, statevector)...
Optimization terminated successfully    (Exit mode 0)
            Current function value: 64.96270973402427
            Iterations: 269
            Function evaluations: 14383
            Gradient evaluations: 269
 > Refinement Energy: 64.96
Stage 3: Natural Relaxation (SLSQP, statevector)...
Optimization terminated successfully    (Exit mode 0)
            Current function value: -29.531549605987454
            Iterations: 212
            Function evaluations: 11382
            Gradient evaluations: 212
 > Relaxation Energy: -29.53

[EXTRACTION] Mode: sampler → backend='aer_simulator', shots=4096
  Submitting 3 circuits (Z / X / Y bases)...
  Done. Angles extracted from measurement statistics.

[RESULT] Final energy: -29.5315
[REPLICA 384] RMSD: 5.909 Å
[REPLICA 384] Done!
  Energy     : -29.5315
  RMSD       : 5.909 Å
  Runtime    : 311.7s
  Saved to   : outputs/Brickwork_entanglement/slurm_YYDPETGTWY_amber/replica_384/replica_384_result.json
============================================
End time     : Thu Apr 16 21:25:05 EDT 2026
Exit code    : 0
============================================
