============================================
Job ID       : 5443352
Array Task   : 906
Replica ID   : 906
Node         : lri054
Start time   : Fri Apr 17 18:35:11 EDT 2026
============================================
[REPLICA 906] Starting...
  Sequence   : DAYAQWLKDGGPSSGRPPPS
  Forcefield : amber
  Backend    : aer
  Max iter   : 2000
--- INITIALIZING QUANTUM BIOPHYSICS FOLDER (HARDWARE) ---
--- FORCE FIELD: AMBER ---
--- SCOUTING: Checking 50 starting points ---
 > Deterministic Seed: 2158524291 (Derived from Sequence)
 > Best Start Found: Energy 548.47
[REPLICA 906] Init strategy: random, seed: 2158524291
--- STARTING QUANTUM FOLDING (HYBRID PIPELINE) ---
Stage 1: Mechanical Collapse (COBYLA, statevector)...
 > Collapse Energy: 599.83
Stage 2: Physics Refinement (SLSQP, statevector)...
Optimization terminated successfully    (Exit mode 0)
            Current function value: 20.146324560443237
            Iterations: 239
            Function evaluations: 18875
            Gradient evaluations: 239
 > Refinement Energy: 20.15
Stage 3: Natural Relaxation (SLSQP, statevector)...
Optimization terminated successfully    (Exit mode 0)
            Current function value: -192.29612452834252
            Iterations: 440
            Function evaluations: 33529
            Gradient evaluations: 440
 > Relaxation Energy: -192.30

[EXTRACTION] Mode: sampler → backend='aer_simulator', shots=4096
  Submitting 3 circuits (Z / X / Y bases)...
  Done. Angles extracted from measurement statistics.

[RESULT] Final energy: -192.2961
[REPLICA 906] RMSD: 8.004 Å
[REPLICA 906] Done!
  Energy     : -192.2961
  RMSD       : 8.004 Å
  Runtime    : 1031.4s
  Saved to   : outputs/reps_Brickwork_entanglement1/slurm_DAYAQWLKDGGPSSGRPPPS_amber/replica_906/replica_906_result.json
============================================
End time     : Fri Apr 17 18:52:24 EDT 2026
Exit code    : 0
============================================
