============================================
Job ID       : 5424976
Array Task   : 882
Replica ID   : 882
Node         : lri018
Start time   : Tue Apr 14 22:16:22 EDT 2026
============================================
[REPLICA 882] Starting...
  Sequence   : YYDPETGTWY
  Forcefield : amber
  Backend    : aer
  Max iter   : 2000
--- INITIALIZING QUANTUM BIOPHYSICS FOLDER (HARDWARE) ---
--- FORCE FIELD: AMBER ---
--- SCOUTING: Checking 50 starting points ---
 > Deterministic Seed: 313297649 (Derived from Sequence)
 > Best Start Found: Energy 456.80
[REPLICA 882] Init strategy: random, seed: 313297649
--- STARTING QUANTUM FOLDING (HYBRID PIPELINE) ---
Stage 1: Mechanical Collapse (COBYLA, statevector)...
 > Collapse Energy: 371.72
Stage 2: Physics Refinement (SLSQP, statevector)...
Optimization terminated successfully    (Exit mode 0)
            Current function value: -1.0986694520817601
            Iterations: 309
            Function evaluations: 35755
            Gradient evaluations: 309
 > Refinement Energy: -1.10
Stage 3: Natural Relaxation (SLSQP, statevector)...
Optimization terminated successfully    (Exit mode 0)
            Current function value: -97.80402075892744
            Iterations: 290
            Function evaluations: 33411
            Gradient evaluations: 290
 > Relaxation Energy: -97.80

[EXTRACTION] Mode: sampler → backend='aer_simulator', shots=4096
  Submitting 3 circuits (Z / X / Y bases)...
  Done. Angles extracted from measurement statistics.

[RESULT] Final energy: -97.8040
[REPLICA 882] RMSD: 5.526 Å
[REPLICA 882] Done!
  Energy     : -97.8040
  RMSD       : 5.526 Å
  Runtime    : 1233.7s
  Saved to   : outputs/only_random_strategy/slurm_YYDPETGTWY_amber/replica_882/replica_882_result.json
============================================
End time     : Tue Apr 14 22:36:57 EDT 2026
Exit code    : 0
============================================
