============================================
Job ID       : 5496025
Array Task   : 177
Replica ID   : 177
Node         : lri025
Start time   : Mon Apr 27 13:47:17 EDT 2026
============================================
[REPLICA 177] Starting...
  Sequence     : YYDPETGTWY
  Forcefield   : amber
  Backend      : aer
  Max iter     : 2000
  Skip Stage 2 : True
--- INITIALIZING QUANTUM BIOPHYSICS FOLDER (HARDWARE) ---
--- FORCE FIELD: AMBER ---
[REPLICA 177] Ground truth loaded — 10 CA atoms
--- SCOUTING: Checking 50 starting points ---
 > Deterministic Seed: 313296944 (Derived from Sequence)
 > Best Start Found: Energy 293.06
[REPLICA 177] Init strategy: random, seed: 313296944
============================================
End time     : Mon Apr 27 13:47:19 EDT 2026
Exit code    : 0
============================================
