============================================
Job ID       : 5496519
Array Task   : 246
Replica ID   : 246
Node         : lri041
Start time   : Mon Apr 27 14:19:08 EDT 2026
============================================
[REPLICA 246] Starting...
  Sequence     : YYDPETGTWY
  Forcefield   : amber
  Backend      : aer
  Max iter     : 2000
  Skip Stage 2 : True
--- INITIALIZING QUANTUM BIOPHYSICS FOLDER (HARDWARE) ---
--- FORCE FIELD: AMBER ---
[REPLICA 246] Ground truth loaded — 10 CA atoms
--- SCOUTING: Checking 50 starting points ---
 > Deterministic Seed: 313297013 (Derived from Sequence)
 > Best Start Found: Energy 447.36
[REPLICA 246] Init strategy: random, seed: 313297013
--- STARTING QUANTUM FOLDING (HYBRID PIPELINE) ---
Stage 1: Mechanical Collapse (COBYLA, statevector)...
 > Collapse Energy : 266.03
 > Stage 1 RMSD    : 2.8212 Å
Stage 2: SKIPPED
Stage 3: Natural Relaxation (SLSQP, statevector)...
Optimization terminated successfully    (Exit mode 0)
            Current function value: -12.104606346662155
            Iterations: 284
            Function evaluations: 14994
            Gradient evaluations: 284
 > Relaxation Energy : -12.10
 > Stage 3 RMSD      : 2.7691 Å

── RMSD Progress ──────────────────────────
  Stage 1 : 2.8212 Å
  Stage 2 : skipped
  Stage 3 : 2.7691 Å  ↓ better
──────────────────────────────────────────

[EXTRACTION] Mode: sampler → backend='aer_simulator', shots=4096
  Submitting 3 circuits (Z / X / Y bases)...
  Done. Angles extracted from measurement statistics.

[RESULT] Final energy: -12.1046
[REPLICA 246] Tracker saved → outputs/Skip1/slurm_YYDPETGTWY_amber/replica_246/replica_246_tracker.json
[SAVED] outputs/Skip1/slurm_YYDPETGTWY_amber/replica_246/replica_246_landscape.png
[REPLICA 246] Final RMSD: 5.094 Å

[REPLICA 246] ✓ Done!
  Energy       : -12.1046
  RMSD final   : 5.094 Å
  RMSD stage1  : 2.821 Å
  RMSD stage2  : skipped
  RMSD stage3  : 2.769 Å
  Runtime      : 185.6s
  Saved to     : outputs/Skip1/slurm_YYDPETGTWY_amber/replica_246/replica_246_result.json
============================================
End time     : Mon Apr 27 14:22:15 EDT 2026
Exit code    : 0
============================================
