============================================
Job ID       : 5443566
Array Task   : 997
Replica ID   : 997
Node         : lri014
Start time   : Fri Apr 17 19:19:17 EDT 2026
============================================
[REPLICA 997] Starting...
  Sequence   : DAYAQWLKDGGPSSGRPPPS
  Forcefield : amber
  Backend    : aer
  Max iter   : 2000
--- INITIALIZING QUANTUM BIOPHYSICS FOLDER (HARDWARE) ---
--- FORCE FIELD: AMBER ---
--- SCOUTING: Checking 50 starting points ---
 > Deterministic Seed: 2158524382 (Derived from Sequence)
 > Best Start Found: Energy 340.49
[REPLICA 997] Init strategy: random, seed: 2158524382
--- STARTING QUANTUM FOLDING (HYBRID PIPELINE) ---
Stage 1: Mechanical Collapse (COBYLA, statevector)...
 > Collapse Energy: 476.19
Stage 2: Physics Refinement (SLSQP, statevector)...
Optimization terminated successfully    (Exit mode 0)
            Current function value: -28.904195602835102
            Iterations: 255
            Function evaluations: 20033
            Gradient evaluations: 255
 > Refinement Energy: -28.90
Stage 3: Natural Relaxation (SLSQP, statevector)...
Optimization terminated successfully    (Exit mode 0)
            Current function value: -36.15113687106654
            Iterations: 756
            Function evaluations: 57119
            Gradient evaluations: 756
 > Relaxation Energy: -36.15

[EXTRACTION] Mode: sampler → backend='aer_simulator', shots=4096
  Submitting 3 circuits (Z / X / Y bases)...
  Done. Angles extracted from measurement statistics.

[RESULT] Final energy: -36.1511
[REPLICA 997] RMSD: 7.861 Å
[REPLICA 997] Done!
  Energy     : -36.1511
  RMSD       : 7.861 Å
  Runtime    : 1470.4s
  Saved to   : outputs/reps_Brickwork_entanglement1/slurm_DAYAQWLKDGGPSSGRPPPS_amber/replica_997/replica_997_result.json
============================================
End time     : Fri Apr 17 19:43:49 EDT 2026
Exit code    : 0
============================================
