============================================
Job ID       : 5427024
Array Task   : 960
Replica ID   : 960
Node         : lri054
Start time   : Wed Apr 15 16:59:05 EDT 2026
============================================
[REPLICA 960] Starting...
  Sequence   : YYDPETGTWY
  Forcefield : amber
  Backend    : aer
  Max iter   : 2000
--- INITIALIZING QUANTUM BIOPHYSICS FOLDER (HARDWARE) ---
--- FORCE FIELD: AMBER ---
--- SCOUTING: Checking 50 starting points ---
 > Deterministic Seed: 313297727 (Derived from Sequence)
 > Best Start Found: Energy 386.76
[REPLICA 960] Init strategy: random, seed: 313297727
--- STARTING QUANTUM FOLDING (HYBRID PIPELINE) ---
Stage 1: Mechanical Collapse (COBYLA, statevector)...
 > Collapse Energy: 288.76
Stage 2: Physics Refinement (SLSQP, statevector)...
Optimization terminated successfully    (Exit mode 0)
            Current function value: -42.1997786336903
            Iterations: 149
            Function evaluations: 8233
            Gradient evaluations: 149
 > Refinement Energy: -42.20
Stage 3: Natural Relaxation (SLSQP, statevector)...
Optimization terminated successfully    (Exit mode 0)
            Current function value: 2.4114018386409075
            Iterations: 262
            Function evaluations: 13832
            Gradient evaluations: 262
 > Relaxation Energy: 2.41

[EXTRACTION] Mode: sampler → backend='aer_simulator', shots=4096
  Submitting 3 circuits (Z / X / Y bases)...
  Done. Angles extracted from measurement statistics.

[RESULT] Final energy: 2.4114
[REPLICA 960] RMSD: 6.015 Å
[REPLICA 960] Done!
  Energy     : 2.4114
  RMSD       : 6.015 Å
  Runtime    : 279.9s
  Saved to   : outputs/linear_entanglement_1_rep/slurm_YYDPETGTWY_amber/replica_960/replica_960_result.json
============================================
End time     : Wed Apr 15 17:03:46 EDT 2026
Exit code    : 0
============================================
