============================================
Job ID       : 5495149
Array Task   : 145
Replica ID   : 145
Node         : lri000
Start time   : Mon Apr 27 12:54:08 EDT 2026
============================================
[REPLICA 145] Starting...
  Sequence     : YYDPETGTWY
  Forcefield   : amber
  Backend      : aer
  Max iter     : 2000
  Skip Stage 2 : False
--- INITIALIZING QUANTUM BIOPHYSICS FOLDER (HARDWARE) ---
--- FORCE FIELD: AMBER ---
[REPLICA 145] Ground truth loaded — 10 CA atoms
--- SCOUTING: Checking 50 starting points ---
 > Deterministic Seed: 313296912 (Derived from Sequence)
 > Best Start Found: Energy 393.92
[REPLICA 145] Init strategy: random, seed: 313296912
============================================
End time     : Mon Apr 27 12:54:09 EDT 2026
Exit code    : 0
============================================
