============================================
Job ID       : 5495124
Array Task   : 120
Replica ID   : 120
Node         : lri025
Start time   : Mon Apr 27 12:54:05 EDT 2026
============================================
[REPLICA 120] Starting...
  Sequence     : YYDPETGTWY
  Forcefield   : amber
  Backend      : aer
  Max iter     : 2000
  Skip Stage 2 : False
--- INITIALIZING QUANTUM BIOPHYSICS FOLDER (HARDWARE) ---
--- FORCE FIELD: AMBER ---
[REPLICA 120] Ground truth loaded — 10 CA atoms
--- SCOUTING: Checking 50 starting points ---
 > Deterministic Seed: 313296887 (Derived from Sequence)
 > Best Start Found: Energy 361.75
[REPLICA 120] Init strategy: random, seed: 313296887
============================================
End time     : Mon Apr 27 12:54:07 EDT 2026
Exit code    : 0
============================================
