============================================
Job ID       : 5497315
Array Task   : 163
Replica ID   : 163
Node         : lri037
Start time   : Mon Apr 27 14:49:17 EDT 2026
============================================
[REPLICA 163] Starting...
  Sequence     : YYDPETGTWY
  Forcefield   : amber
  Backend      : aer
  Max iter     : 2000
  Skip Stage 2 : False
--- INITIALIZING QUANTUM BIOPHYSICS FOLDER (HARDWARE) ---
--- FORCE FIELD: AMBER ---
[REPLICA 163] Ground truth loaded — 10 CA atoms
--- SCOUTING: Checking 50 starting points ---
 > Deterministic Seed: 313296930 (Derived from Sequence)
 > Best Start Found: Energy 403.64
[REPLICA 163] Init strategy: random, seed: 313296930
--- STARTING QUANTUM FOLDING (HYBRID PIPELINE) ---
Stage 1: Mechanical Collapse (COBYLA, statevector)...
 > Collapse Energy : 307.28
 > Stage 1 RMSD    : 3.2065 Å
Stage 2: Physics Refinement (SLSQP, statevector)...
Optimization terminated successfully    (Exit mode 0)
            Current function value: 103.90755713711526
            Iterations: 206
            Function evaluations: 11058
            Gradient evaluations: 206
 > Refinement Energy : 103.91
 > Stage 2 RMSD      : 2.5722 Å
Stage 3: Natural Relaxation (SLSQP, statevector)...
Optimization terminated successfully    (Exit mode 0)
            Current function value: -20.712759331140553
            Iterations: 153
            Function evaluations: 8367
            Gradient evaluations: 153
 > Relaxation Energy : -20.71
 > Stage 3 RMSD      : 3.1929 Å

── RMSD Progress ──────────────────────────
  Stage 1 : 3.2065 Å
  Stage 2 : 2.5722 Å  ↓ better
  Stage 3 : 3.1929 Å  ↓ better
──────────────────────────────────────────

[EXTRACTION] Mode: sampler → backend='aer_simulator', shots=4096
  Submitting 3 circuits (Z / X / Y bases)...
  Done. Angles extracted from measurement statistics.

[RESULT] Final energy: -20.7128
[REPLICA 163] Tracker saved → outputs/no_skip/slurm_YYDPETGTWY_amber/replica_163/replica_163_tracker.json
[SAVED] outputs/no_skip/slurm_YYDPETGTWY_amber/replica_163/replica_163_landscape.png
[REPLICA 163] Final RMSD: 4.818 Å

[REPLICA 163] ✓ Done!
  Energy       : -20.7128
  RMSD final   : 4.818 Å
  RMSD stage1  : 3.206 Å
  RMSD stage2  : 2.572 Å
  RMSD stage3  : 3.193 Å
  Runtime      : 238.5s
  Saved to     : outputs/no_skip/slurm_YYDPETGTWY_amber/replica_163/replica_163_result.json
============================================
End time     : Mon Apr 27 14:53:17 EDT 2026
Exit code    : 0
============================================
