============================================
Job ID       : 5495328
Array Task   : 324
Replica ID   : 324
Node         : lri026
Start time   : Mon Apr 27 12:54:17 EDT 2026
============================================
[REPLICA 324] Starting...
  Sequence     : YYDPETGTWY
  Forcefield   : amber
  Backend      : aer
  Max iter     : 2000
  Skip Stage 2 : False
--- INITIALIZING QUANTUM BIOPHYSICS FOLDER (HARDWARE) ---
--- FORCE FIELD: AMBER ---
[REPLICA 324] Ground truth loaded — 10 CA atoms
--- SCOUTING: Checking 50 starting points ---
 > Deterministic Seed: 313297091 (Derived from Sequence)
 > Best Start Found: Energy 329.43
[REPLICA 324] Init strategy: random, seed: 313297091
============================================
End time     : Mon Apr 27 12:54:19 EDT 2026
Exit code    : 0
============================================
