============================================
Job ID       : 5428082
Array Task   : 482
Replica ID   : 482
Node         : lri016
Start time   : Wed Apr 15 19:43:16 EDT 2026
============================================
[REPLICA 482] Starting...
  Sequence   : YYDPETGTWY
  Forcefield : amber
  Backend    : aer
  Max iter   : 2000
--- INITIALIZING QUANTUM BIOPHYSICS FOLDER (HARDWARE) ---
--- FORCE FIELD: AMBER ---
--- SCOUTING: Checking 50 starting points ---
 > Deterministic Seed: 313297249 (Derived from Sequence)
 > Best Start Found: Energy 504.77
[REPLICA 482] Init strategy: random, seed: 313297249
--- STARTING QUANTUM FOLDING (HYBRID PIPELINE) ---
Stage 1: Mechanical Collapse (COBYLA, statevector)...
 > Collapse Energy: 466.01
Stage 2: Physics Refinement (SLSQP, statevector)...
Optimization terminated successfully    (Exit mode 0)
            Current function value: 99.04920383180422
            Iterations: 329
            Function evaluations: 17332
            Gradient evaluations: 329
 > Refinement Energy: 99.05
Stage 3: Natural Relaxation (SLSQP, statevector)...
Optimization terminated successfully    (Exit mode 0)
            Current function value: 31.098485684182847
            Iterations: 152
            Function evaluations: 8183
            Gradient evaluations: 152
 > Relaxation Energy: 31.10

[EXTRACTION] Mode: sampler → backend='aer_simulator', shots=4096
  Submitting 3 circuits (Z / X / Y bases)...
  Done. Angles extracted from measurement statistics.

[RESULT] Final energy: 31.0985
[REPLICA 482] RMSD: 5.523 Å
[REPLICA 482] Done!
  Energy     : 31.0985
  RMSD       : 5.523 Å
  Runtime    : 330.4s
  Saved to   : outputs/Reps_qubits_d_2/slurm_YYDPETGTWY_amber/replica_482/replica_482_result.json
============================================
End time     : Wed Apr 15 19:48:47 EDT 2026
Exit code    : 0
============================================
