============================================
Job ID       : 5428408
Array Task   : 568
Replica ID   : 568
Node         : lri054
Start time   : Wed Apr 15 20:13:34 EDT 2026
============================================
[REPLICA 568] Starting...
  Sequence   : YYDPETGTWY
  Forcefield : amber
  Backend    : aer
  Max iter   : 2000
--- INITIALIZING QUANTUM BIOPHYSICS FOLDER (HARDWARE) ---
--- FORCE FIELD: AMBER ---
--- SCOUTING: Checking 50 starting points ---
 > Deterministic Seed: 313297335 (Derived from Sequence)
 > Best Start Found: Energy 447.32
[REPLICA 568] Init strategy: random, seed: 313297335
--- STARTING QUANTUM FOLDING (HYBRID PIPELINE) ---
Stage 1: Mechanical Collapse (COBYLA, statevector)...
 > Collapse Energy: 345.50
Stage 2: Physics Refinement (SLSQP, statevector)...
Optimization terminated successfully    (Exit mode 0)
            Current function value: -61.87342753447256
            Iterations: 366
            Function evaluations: 19004
            Gradient evaluations: 366
 > Refinement Energy: -61.87
Stage 3: Natural Relaxation (SLSQP, statevector)...
Optimization terminated successfully    (Exit mode 0)
            Current function value: -57.53811023853956
            Iterations: 213
            Function evaluations: 11347
            Gradient evaluations: 213
 > Relaxation Energy: -57.54

[EXTRACTION] Mode: sampler → backend='aer_simulator', shots=4096
  Submitting 3 circuits (Z / X / Y bases)...
  Done. Angles extracted from measurement statistics.

[RESULT] Final energy: -57.5381
[REPLICA 568] RMSD: 4.502 Å
[REPLICA 568] Done!
  Energy     : -57.5381
  RMSD       : 4.502 Å
  Runtime    : 379.4s
  Saved to   : outputs/Reps_qubits_d_2/slurm_YYDPETGTWY_amber/replica_568/replica_568_result.json
============================================
End time     : Wed Apr 15 20:19:55 EDT 2026
Exit code    : 0
============================================
