============================================
Job ID       : 5425705
Array Task   : 220
Replica ID   : 220
Node         : lri016
Start time   : Wed Apr 15 13:28:52 EDT 2026
============================================
[REPLICA 220] Starting...
  Sequence   : YYDPETGTWY
  Forcefield : amber
  Backend    : aer
  Max iter   : 2000
--- INITIALIZING QUANTUM BIOPHYSICS FOLDER (HARDWARE) ---
--- FORCE FIELD: AMBER ---
--- SCOUTING: Checking 50 starting points ---
 > Deterministic Seed: 313296987 (Derived from Sequence)
 > Best Start Found: Energy 340.16
[REPLICA 220] Init strategy: random, seed: 313296987
--- STARTING QUANTUM FOLDING (HYBRID PIPELINE) ---
Stage 1: Mechanical Collapse (COBYLA, statevector)...
 > Collapse Energy: 539.74
Stage 2: Physics Refinement (SLSQP, statevector)...
Optimization terminated successfully    (Exit mode 0)
            Current function value: 182.52227434699276
            Iterations: 543
            Function evaluations: 28140
            Gradient evaluations: 543
 > Refinement Energy: 182.52
Stage 3: Natural Relaxation (SLSQP, statevector)...
Optimization terminated successfully    (Exit mode 0)
            Current function value: 18.525740187543178
            Iterations: 188
            Function evaluations: 10124
            Gradient evaluations: 188
 > Relaxation Energy: 18.53

[EXTRACTION] Mode: sampler → backend='aer_simulator', shots=4096
  Submitting 3 circuits (Z / X / Y bases)...
  Done. Angles extracted from measurement statistics.

[RESULT] Final energy: 18.5257
[REPLICA 220] RMSD: 5.683 Å
[REPLICA 220] Done!
  Energy     : 18.5257
  RMSD       : 5.683 Å
  Runtime    : 484.5s
  Saved to   : outputs/linear_entanglement_1_rep/slurm_YYDPETGTWY_amber/replica_220/replica_220_result.json
============================================
End time     : Wed Apr 15 13:36:58 EDT 2026
Exit code    : 0
============================================
