============================================
Job ID       : 5495140
Array Task   : 136
Replica ID   : 136
Node         : lri029
Start time   : Mon Apr 27 12:54:05 EDT 2026
============================================
[REPLICA 136] Starting...
  Sequence     : YYDPETGTWY
  Forcefield   : amber
  Backend      : aer
  Max iter     : 2000
  Skip Stage 2 : False
--- INITIALIZING QUANTUM BIOPHYSICS FOLDER (HARDWARE) ---
--- FORCE FIELD: AMBER ---
[REPLICA 136] Ground truth loaded — 10 CA atoms
--- SCOUTING: Checking 50 starting points ---
 > Deterministic Seed: 313296903 (Derived from Sequence)
 > Best Start Found: Energy 276.08
[REPLICA 136] Init strategy: random, seed: 313296903
============================================
End time     : Mon Apr 27 12:54:07 EDT 2026
Exit code    : 0
============================================
