============================================
Job ID       : 5440151
Array Task   : 154
Replica ID   : 154
Node         : lri054
Start time   : Fri Apr 17 12:18:42 EDT 2026
============================================
[REPLICA 154] Starting...
  Sequence   : DAYAQWLKDGGPSSGRPPPS
  Forcefield : amber
  Backend    : aer
  Max iter   : 2000
--- INITIALIZING QUANTUM BIOPHYSICS FOLDER (HARDWARE) ---
--- FORCE FIELD: AMBER ---
--- SCOUTING: Checking 50 starting points ---
 > Deterministic Seed: 2158523539 (Derived from Sequence)
 > Best Start Found: Energy 458.22
[REPLICA 154] Init strategy: random, seed: 2158523539
--- STARTING QUANTUM FOLDING (HYBRID PIPELINE) ---
Stage 1: Mechanical Collapse (COBYLA, statevector)...
 > Collapse Energy: 372.95
Stage 2: Physics Refinement (SLSQP, statevector)...
Optimization terminated successfully    (Exit mode 0)
            Current function value: 144.19566084784614
            Iterations: 295
            Function evaluations: 23066
            Gradient evaluations: 295
 > Refinement Energy: 144.20
Stage 3: Natural Relaxation (SLSQP, statevector)...
Optimization terminated successfully    (Exit mode 0)
            Current function value: 13.269498390224836
            Iterations: 517
            Function evaluations: 39320
            Gradient evaluations: 517
 > Relaxation Energy: 13.27

[EXTRACTION] Mode: sampler → backend='aer_simulator', shots=4096
  Submitting 3 circuits (Z / X / Y bases)...
  Done. Angles extracted from measurement statistics.

[RESULT] Final energy: 13.2695
[REPLICA 154] RMSD: 6.864 Å
[REPLICA 154] Done!
  Energy     : 13.2695
  RMSD       : 6.864 Å
  Runtime    : 1133.2s
  Saved to   : outputs/reps_Brickwork_entanglement1/slurm_DAYAQWLKDGGPSSGRPPPS_amber/replica_154/replica_154_result.json
============================================
End time     : Fri Apr 17 12:37:37 EDT 2026
Exit code    : 0
============================================
