============================================
Job ID       : 5475158
Array Task   : 981
Replica ID   : 981
Node         : lri065
Start time   : Wed Apr 22 18:05:56 EDT 2026
============================================
[REPLICA 981] Starting...
  Sequence   : YYDPETGTWY
  Forcefield : amber
  Backend    : aer
  Max iter   : 2000
--- INITIALIZING QUANTUM BIOPHYSICS FOLDER (HARDWARE) ---
--- FORCE FIELD: AMBER ---
--- SCOUTING: Checking 50 starting points ---
 > Deterministic Seed: 313297748 (Derived from Sequence)
 > Best Start Found: Energy 345.16
[REPLICA 981] Init strategy: random, seed: 313297748
--- STARTING QUANTUM FOLDING (HYBRID PIPELINE) ---
Stage 1: Mechanical Collapse (COBYLA, statevector)...
 > Collapse Energy: 402.37
Stage 2: Physics Refinement (SLSQP, statevector)...
Optimization terminated successfully    (Exit mode 0)
            Current function value: -13.88994783971204
            Iterations: 357
            Function evaluations: 18725
            Gradient evaluations: 357
 > Refinement Energy: -13.89
Stage 3: Natural Relaxation (SLSQP, statevector)...
Optimization terminated successfully    (Exit mode 0)
            Current function value: 21.058803386382348
            Iterations: 475
            Function evaluations: 24727
            Gradient evaluations: 475
 > Relaxation Energy: 21.06

[EXTRACTION] Mode: sampler → backend='aer_simulator', shots=4096
  Submitting 3 circuits (Z / X / Y bases)...
  Done. Angles extracted from measurement statistics.

[RESULT] Final energy: 21.0588
[SAVED] outputs/reps_Brickwork_entanglement/slurm_YYDPETGTWY_amber/replica_981/replica_981_landscape.png
[REPLICA 981] RMSD: 5.932 Å
[REPLICA 981] Done!
  Energy     : 21.0588
  RMSD       : 5.932 Å
  Runtime    : 517.6s
  Saved to   : outputs/reps_Brickwork_entanglement/slurm_YYDPETGTWY_amber/replica_981/replica_981_result.json
============================================
End time     : Wed Apr 22 18:14:34 EDT 2026
Exit code    : 0
============================================
