============================================
Job ID       : 5495008
Array Task   : 4
Replica ID   : 4
Node         : lri067
Start time   : Mon Apr 27 12:53:58 EDT 2026
============================================
[REPLICA 4] Starting...
  Sequence     : YYDPETGTWY
  Forcefield   : amber
  Backend      : aer
  Max iter     : 2000
  Skip Stage 2 : False
--- INITIALIZING QUANTUM BIOPHYSICS FOLDER (HARDWARE) ---
--- FORCE FIELD: AMBER ---
[REPLICA 4] Ground truth loaded — 10 CA atoms
--- SCOUTING: Checking 50 starting points ---
 > Deterministic Seed: 313296771 (Derived from Sequence)
 > Best Start Found: Energy 402.84
[REPLICA 4] Init strategy: random, seed: 313296771
============================================
End time     : Mon Apr 27 12:54:02 EDT 2026
Exit code    : 0
============================================
