============================================
Job ID       : 5495209
Array Task   : 205
Replica ID   : 205
Node         : lri068
Start time   : Mon Apr 27 12:54:10 EDT 2026
============================================
[REPLICA 205] Starting...
  Sequence     : YYDPETGTWY
  Forcefield   : amber
  Backend      : aer
  Max iter     : 2000
  Skip Stage 2 : False
--- INITIALIZING QUANTUM BIOPHYSICS FOLDER (HARDWARE) ---
--- FORCE FIELD: AMBER ---
[REPLICA 205] Ground truth loaded — 10 CA atoms
--- SCOUTING: Checking 50 starting points ---
 > Deterministic Seed: 313296972 (Derived from Sequence)
 > Best Start Found: Energy 299.26
[REPLICA 205] Init strategy: random, seed: 313296972
============================================
End time     : Mon Apr 27 12:54:11 EDT 2026
Exit code    : 0
============================================
