============================================
Job ID       : 5495598
Array Task   : 151
Replica ID   : 151
Node         : lri032
Start time   : Mon Apr 27 13:44:56 EDT 2026
============================================
[REPLICA 151] Starting...
  Sequence     : YYDPETGTWY
  Forcefield   : amber
  Backend      : aer
  Max iter     : 2000
  Skip Stage 2 : False
--- INITIALIZING QUANTUM BIOPHYSICS FOLDER (HARDWARE) ---
--- FORCE FIELD: AMBER ---
[REPLICA 151] Ground truth loaded — 10 CA atoms
--- SCOUTING: Checking 50 starting points ---
 > Deterministic Seed: 313296918 (Derived from Sequence)
 > Best Start Found: Energy 342.29
[REPLICA 151] Init strategy: random, seed: 313296918
============================================
End time     : Mon Apr 27 13:44:58 EDT 2026
Exit code    : 0
============================================
