============================================
Job ID       : 5496343
Array Task   : 72
Replica ID   : 72
Node         : lri065
Start time   : Mon Apr 27 14:18:54 EDT 2026
============================================
[REPLICA 72] Starting...
  Sequence     : YYDPETGTWY
  Forcefield   : amber
  Backend      : aer
  Max iter     : 2000
  Skip Stage 2 : True
--- INITIALIZING QUANTUM BIOPHYSICS FOLDER (HARDWARE) ---
--- FORCE FIELD: AMBER ---
[REPLICA 72] Ground truth loaded — 10 CA atoms
--- SCOUTING: Checking 50 starting points ---
 > Deterministic Seed: 313296839 (Derived from Sequence)
 > Best Start Found: Energy 467.38
[REPLICA 72] Init strategy: random, seed: 313296839
--- STARTING QUANTUM FOLDING (HYBRID PIPELINE) ---
Stage 1: Mechanical Collapse (COBYLA, statevector)...
 > Collapse Energy : 650.44
 > Stage 1 RMSD    : 3.2091 Å
Stage 2: SKIPPED
Stage 3: Natural Relaxation (SLSQP, statevector)...
Optimization terminated successfully    (Exit mode 0)
            Current function value: -57.46471470968177
            Iterations: 288
            Function evaluations: 15261
            Gradient evaluations: 288
 > Relaxation Energy : -57.46
 > Stage 3 RMSD      : 2.8169 Å

── RMSD Progress ──────────────────────────
  Stage 1 : 3.2091 Å
  Stage 2 : skipped
  Stage 3 : 2.8169 Å  ↓ better
──────────────────────────────────────────

[EXTRACTION] Mode: sampler → backend='aer_simulator', shots=4096
  Submitting 3 circuits (Z / X / Y bases)...
  Done. Angles extracted from measurement statistics.

[RESULT] Final energy: -57.4647
[REPLICA 72] Tracker saved → outputs/Skip1/slurm_YYDPETGTWY_amber/replica_72/replica_72_tracker.json
[SAVED] outputs/Skip1/slurm_YYDPETGTWY_amber/replica_72/replica_72_landscape.png
[REPLICA 72] Final RMSD: 6.437 Å

[REPLICA 72] ✓ Done!
  Energy       : -57.4647
  RMSD final   : 6.437 Å
  RMSD stage1  : 3.209 Å
  RMSD stage2  : skipped
  RMSD stage3  : 2.817 Å
  Runtime      : 186.8s
  Saved to     : outputs/Skip1/slurm_YYDPETGTWY_amber/replica_72/replica_72_result.json
============================================
End time     : Mon Apr 27 14:22:03 EDT 2026
Exit code    : 0
============================================
