============================================
Job ID       : 5436017
Array Task   : 397
Replica ID   : 397
Node         : lri015
Start time   : Thu Apr 16 21:33:53 EDT 2026
============================================
[REPLICA 397] Starting...
  Sequence   : YYDPETGTWY
  Forcefield : amber
  Backend    : aer
  Max iter   : 2000
--- INITIALIZING QUANTUM BIOPHYSICS FOLDER (HARDWARE) ---
--- FORCE FIELD: AMBER ---
--- SCOUTING: Checking 50 starting points ---
 > Deterministic Seed: 313297164 (Derived from Sequence)
 > Best Start Found: Energy 306.63
[REPLICA 397] Init strategy: random, seed: 313297164
--- STARTING QUANTUM FOLDING (HYBRID PIPELINE) ---
Stage 1: Mechanical Collapse (COBYLA, statevector)...
 > Collapse Energy: 542.61
Stage 2: Physics Refinement (SLSQP, statevector)...
Optimization terminated successfully    (Exit mode 0)
            Current function value: 130.19224408517286
            Iterations: 160
            Function evaluations: 8733
            Gradient evaluations: 160
 > Refinement Energy: 130.19
Stage 3: Natural Relaxation (SLSQP, statevector)...
Optimization terminated successfully    (Exit mode 0)
            Current function value: -1.0352900414335728
            Iterations: 182
            Function evaluations: 9779
            Gradient evaluations: 182
 > Relaxation Energy: -1.04

[EXTRACTION] Mode: sampler → backend='aer_simulator', shots=4096
  Submitting 3 circuits (Z / X / Y bases)...
  Done. Angles extracted from measurement statistics.

[RESULT] Final energy: -1.0353
[REPLICA 397] RMSD: 6.102 Å
[REPLICA 397] Done!
  Energy     : -1.0353
  RMSD       : 6.102 Å
  Runtime    : 230.5s
  Saved to   : outputs/Brickwork_entanglement/slurm_YYDPETGTWY_amber/replica_397/replica_397_result.json
============================================
End time     : Thu Apr 16 21:37:44 EDT 2026
Exit code    : 0
============================================
