============================================
Job ID       : 5429808
Array Task   : 995
Replica ID   : 995
Node         : lri016
Start time   : Wed Apr 15 22:32:51 EDT 2026
============================================
[REPLICA 995] Starting...
  Sequence   : YYDPETGTWY
  Forcefield : amber
  Backend    : aer
  Max iter   : 2000
--- INITIALIZING QUANTUM BIOPHYSICS FOLDER (HARDWARE) ---
--- FORCE FIELD: AMBER ---
--- SCOUTING: Checking 50 starting points ---
 > Deterministic Seed: 313297762 (Derived from Sequence)
 > Best Start Found: Energy 249.92
[REPLICA 995] Init strategy: random, seed: 313297762
--- STARTING QUANTUM FOLDING (HYBRID PIPELINE) ---
Stage 1: Mechanical Collapse (COBYLA, statevector)...
 > Collapse Energy: 514.10
Stage 2: Physics Refinement (SLSQP, statevector)...
Optimization terminated successfully    (Exit mode 0)
            Current function value: 107.714130764045
            Iterations: 413
            Function evaluations: 21452
            Gradient evaluations: 413
 > Refinement Energy: 107.71
Stage 3: Natural Relaxation (SLSQP, statevector)...
Optimization terminated successfully    (Exit mode 0)
            Current function value: -31.127009473711002
            Iterations: 177
            Function evaluations: 9557
            Gradient evaluations: 177
 > Relaxation Energy: -31.13

[EXTRACTION] Mode: sampler → backend='aer_simulator', shots=4096
  Submitting 3 circuits (Z / X / Y bases)...
  Done. Angles extracted from measurement statistics.

[RESULT] Final energy: -31.1270
[REPLICA 995] RMSD: 5.422 Å
[REPLICA 995] Done!
  Energy     : -31.1270
  RMSD       : 5.422 Å
  Runtime    : 381.1s
  Saved to   : outputs/Reps_qubits_d_2/slurm_YYDPETGTWY_amber/replica_995/replica_995_result.json
============================================
End time     : Wed Apr 15 22:39:13 EDT 2026
Exit code    : 0
============================================
