============================================
Job ID       : 5496135
Array Task   : 287
Replica ID   : 287
Node         : lri025
Start time   : Mon Apr 27 13:47:19 EDT 2026
============================================
[REPLICA 287] Starting...
  Sequence     : YYDPETGTWY
  Forcefield   : amber
  Backend      : aer
  Max iter     : 2000
  Skip Stage 2 : True
--- INITIALIZING QUANTUM BIOPHYSICS FOLDER (HARDWARE) ---
--- FORCE FIELD: AMBER ---
[REPLICA 287] Ground truth loaded — 10 CA atoms
--- SCOUTING: Checking 50 starting points ---
 > Deterministic Seed: 313297054 (Derived from Sequence)
 > Best Start Found: Energy 289.94
[REPLICA 287] Init strategy: random, seed: 313297054
============================================
End time     : Mon Apr 27 13:47:21 EDT 2026
Exit code    : 0
============================================
