============================================
Job ID       : 5495943
Array Task   : 95
Replica ID   : 95
Node         : lri067
Start time   : Mon Apr 27 13:47:13 EDT 2026
============================================
[REPLICA 95] Starting...
  Sequence     : YYDPETGTWY
  Forcefield   : amber
  Backend      : aer
  Max iter     : 2000
  Skip Stage 2 : True
--- INITIALIZING QUANTUM BIOPHYSICS FOLDER (HARDWARE) ---
--- FORCE FIELD: AMBER ---
[REPLICA 95] Ground truth loaded — 10 CA atoms
--- SCOUTING: Checking 50 starting points ---
 > Deterministic Seed: 313296862 (Derived from Sequence)
 > Best Start Found: Energy 330.99
[REPLICA 95] Init strategy: random, seed: 313296862
============================================
End time     : Mon Apr 27 13:47:15 EDT 2026
Exit code    : 0
============================================
