============================================
Job ID       : 5435053
Array Task   : 138
Replica ID   : 138
Node         : lri015
Start time   : Thu Apr 16 18:13:40 EDT 2026
============================================
[REPLICA 138] Starting...
  Sequence   : YYDPETGTWY
  Forcefield : amber
  Backend    : aer
  Max iter   : 2000
--- INITIALIZING QUANTUM BIOPHYSICS FOLDER (HARDWARE) ---
--- FORCE FIELD: AMBER ---
--- SCOUTING: Checking 50 starting points ---
 > Deterministic Seed: 313296905 (Derived from Sequence)
 > Best Start Found: Energy 377.07
[REPLICA 138] Init strategy: random, seed: 313296905
--- STARTING QUANTUM FOLDING (HYBRID PIPELINE) ---
Stage 1: Mechanical Collapse (COBYLA, statevector)...
 > Collapse Energy: 324.51
Stage 2: Physics Refinement (SLSQP, statevector)...
Optimization terminated successfully    (Exit mode 0)
            Current function value: 83.81415676211668
            Iterations: 169
            Function evaluations: 9141
            Gradient evaluations: 169
 > Refinement Energy: 83.81
Stage 3: Natural Relaxation (SLSQP, statevector)...
Optimization terminated successfully    (Exit mode 0)
            Current function value: 29.05136414901903
            Iterations: 210
            Function evaluations: 11256
            Gradient evaluations: 210
 > Relaxation Energy: 29.05

[EXTRACTION] Mode: sampler → backend='aer_simulator', shots=4096
  Submitting 3 circuits (Z / X / Y bases)...
  Done. Angles extracted from measurement statistics.

[RESULT] Final energy: 29.0514
[REPLICA 138] RMSD: 5.610 Å
[REPLICA 138] Done!
  Energy     : 29.0514
  RMSD       : 5.610 Å
  Runtime    : 253.9s
  Saved to   : outputs/Brickwork_entanglement/slurm_YYDPETGTWY_amber/replica_138/replica_138_result.json
============================================
End time     : Thu Apr 16 18:17:55 EDT 2026
Exit code    : 0
============================================
