============================================
Job ID       : 5421744
Array Task   : 492
Replica ID   : 492
Node         : lri042
Start time   : Tue Apr 14 12:11:37 EDT 2026
============================================
[REPLICA 492] Starting...
  Sequence   : YYDPETGTWY
  Forcefield : amber
  Backend    : aer
  Max iter   : 2000
--- INITIALIZING QUANTUM BIOPHYSICS FOLDER (HARDWARE) ---
--- FORCE FIELD: AMBER ---
--- PRIMING CIRCUIT FOR HELIX ---
 > Priming Error: 7.2239
[REPLICA 492] Init strategy: helix, seed: 313297259
--- STARTING QUANTUM FOLDING (HYBRID PIPELINE) ---
Stage 1: Mechanical Collapse (COBYLA, statevector)...
 > Collapse Energy: 225.31
Stage 2: Physics Refinement (SLSQP, statevector)...
Optimization terminated successfully    (Exit mode 0)
            Current function value: 16.8063167594278
            Iterations: 308
            Function evaluations: 35556
            Gradient evaluations: 308
 > Refinement Energy: 16.81
Stage 3: Natural Relaxation (SLSQP, statevector)...
Optimization terminated successfully    (Exit mode 0)
            Current function value: -95.73903917025103
            Iterations: 385
            Function evaluations: 44078
            Gradient evaluations: 385
 > Relaxation Energy: -95.74

[EXTRACTION] Mode: sampler → backend='aer_simulator', shots=4096
  Submitting 3 circuits (Z / X / Y bases)...
  Done. Angles extracted from measurement statistics.

[RESULT] Final energy: -95.7390
[REPLICA 492] RMSD: 6.882 Å
[REPLICA 492] Done!
  Energy     : -95.7390
  RMSD       : 6.882 Å
  Runtime    : 1382.1s
  Saved to   : outputs/slurm_YYDPETGTWY_amber/replica_492/replica_492_result.json
============================================
End time     : Tue Apr 14 12:34:40 EDT 2026
Exit code    : 0
============================================
