============================================
Job ID       : 5439839
Array Task   : 1
Replica ID   : 1
Node         : lri014
Start time   : Fri Apr 17 10:34:38 EDT 2026
============================================
[REPLICA 1] Starting...
  Sequence   : DAYAQWLKDGGPSSGRPPPS
  Forcefield : amber
  Backend    : aer
  Max iter   : 2000
--- INITIALIZING QUANTUM BIOPHYSICS FOLDER (HARDWARE) ---
--- FORCE FIELD: AMBER ---
--- SCOUTING: Checking 50 starting points ---
 > Deterministic Seed: 2158523386 (Derived from Sequence)
 > Best Start Found: Energy 518.02
[REPLICA 1] Init strategy: random, seed: 2158523386
--- STARTING QUANTUM FOLDING (HYBRID PIPELINE) ---
Stage 1: Mechanical Collapse (COBYLA, statevector)...
 > Collapse Energy: 932.80
Stage 2: Physics Refinement (SLSQP, statevector)...
Optimization terminated successfully    (Exit mode 0)
            Current function value: 231.10264816960103
            Iterations: 835
            Function evaluations: 62785
            Gradient evaluations: 835
 > Refinement Energy: 231.10
Stage 3: Natural Relaxation (SLSQP, statevector)...
Optimization terminated successfully    (Exit mode 0)
            Current function value: -87.49803848170451
            Iterations: 776
            Function evaluations: 58524
            Gradient evaluations: 776
 > Relaxation Energy: -87.50

[EXTRACTION] Mode: sampler → backend='aer_simulator', shots=4096
  Submitting 3 circuits (Z / X / Y bases)...
  Done. Angles extracted from measurement statistics.

[RESULT] Final energy: -87.4980
[REPLICA 1] RMSD: 4.338 Å
[REPLICA 1] Done!
  Energy     : -87.4980
  RMSD       : 4.338 Å
  Runtime    : 2155.1s
  Saved to   : outputs/reps_Brickwork_entanglement1/slurm_DAYAQWLKDGGPSSGRPPPS_amber/replica_1/replica_1_result.json
============================================
End time     : Fri Apr 17 11:10:34 EDT 2026
Exit code    : 0
============================================
