============================================
Job ID       : 5496670
Array Task   : 397
Replica ID   : 397
Node         : lri040
Start time   : Mon Apr 27 14:21:15 EDT 2026
============================================
[REPLICA 397] Starting...
  Sequence     : YYDPETGTWY
  Forcefield   : amber
  Backend      : aer
  Max iter     : 2000
  Skip Stage 2 : True
--- INITIALIZING QUANTUM BIOPHYSICS FOLDER (HARDWARE) ---
--- FORCE FIELD: AMBER ---
[REPLICA 397] Ground truth loaded — 10 CA atoms
--- SCOUTING: Checking 50 starting points ---
 > Deterministic Seed: 313297164 (Derived from Sequence)
 > Best Start Found: Energy 306.63
[REPLICA 397] Init strategy: random, seed: 313297164
--- STARTING QUANTUM FOLDING (HYBRID PIPELINE) ---
Stage 1: Mechanical Collapse (COBYLA, statevector)...
 > Collapse Energy : 542.61
 > Stage 1 RMSD    : 2.3424 Å
Stage 2: SKIPPED
Stage 3: Natural Relaxation (SLSQP, statevector)...
Optimization terminated successfully    (Exit mode 0)
            Current function value: 27.29557594734021
            Iterations: 119
            Function evaluations: 6604
            Gradient evaluations: 119
 > Relaxation Energy : 27.30
 > Stage 3 RMSD      : 2.5046 Å

── RMSD Progress ──────────────────────────
  Stage 1 : 2.3424 Å
  Stage 2 : skipped
  Stage 3 : 2.5046 Å  ↑ worse
──────────────────────────────────────────

[EXTRACTION] Mode: sampler → backend='aer_simulator', shots=4096
  Submitting 3 circuits (Z / X / Y bases)...
  Done. Angles extracted from measurement statistics.

[RESULT] Final energy: 27.2956
[REPLICA 397] Tracker saved → outputs/Skip1/slurm_YYDPETGTWY_amber/replica_397/replica_397_tracker.json
[SAVED] outputs/Skip1/slurm_YYDPETGTWY_amber/replica_397/replica_397_landscape.png
[REPLICA 397] Final RMSD: 4.939 Å

[REPLICA 397] ✓ Done!
  Energy       : 27.2956
  RMSD final   : 4.939 Å
  RMSD stage1  : 2.342 Å
  RMSD stage2  : skipped
  RMSD stage3  : 2.505 Å
  Runtime      : 88.0s
  Saved to     : outputs/Skip1/slurm_YYDPETGTWY_amber/replica_397/replica_397_result.json
============================================
End time     : Mon Apr 27 14:22:44 EDT 2026
Exit code    : 0
============================================
