============================================
Job ID       : 5495366
Array Task   : 362
Replica ID   : 362
Node         : lri034
Start time   : Mon Apr 27 12:54:17 EDT 2026
============================================
[REPLICA 362] Starting...
  Sequence     : YYDPETGTWY
  Forcefield   : amber
  Backend      : aer
  Max iter     : 2000
  Skip Stage 2 : False
--- INITIALIZING QUANTUM BIOPHYSICS FOLDER (HARDWARE) ---
--- FORCE FIELD: AMBER ---
[REPLICA 362] Ground truth loaded — 10 CA atoms
--- SCOUTING: Checking 50 starting points ---
 > Deterministic Seed: 313297129 (Derived from Sequence)
 > Best Start Found: Energy 381.83
[REPLICA 362] Init strategy: random, seed: 313297129
============================================
End time     : Mon Apr 27 12:54:19 EDT 2026
Exit code    : 0
============================================
