============================================
Job ID       : 5496598
Array Task   : 325
Replica ID   : 325
Node         : lri047
Start time   : Mon Apr 27 14:20:46 EDT 2026
============================================
[REPLICA 325] Starting...
  Sequence     : YYDPETGTWY
  Forcefield   : amber
  Backend      : aer
  Max iter     : 2000
  Skip Stage 2 : True
--- INITIALIZING QUANTUM BIOPHYSICS FOLDER (HARDWARE) ---
--- FORCE FIELD: AMBER ---
[REPLICA 325] Ground truth loaded — 10 CA atoms
--- SCOUTING: Checking 50 starting points ---
 > Deterministic Seed: 313297092 (Derived from Sequence)
 > Best Start Found: Energy 480.74
[REPLICA 325] Init strategy: random, seed: 313297092
--- STARTING QUANTUM FOLDING (HYBRID PIPELINE) ---
Stage 1: Mechanical Collapse (COBYLA, statevector)...
 > Collapse Energy : 462.65
 > Stage 1 RMSD    : 3.0610 Å
Stage 2: SKIPPED
Stage 3: Natural Relaxation (SLSQP, statevector)...
Optimization terminated successfully    (Exit mode 0)
            Current function value: -20.973063814389118
            Iterations: 243
            Function evaluations: 12818
            Gradient evaluations: 243
 > Relaxation Energy : -20.97
 > Stage 3 RMSD      : 2.8243 Å

── RMSD Progress ──────────────────────────
  Stage 1 : 3.0610 Å
  Stage 2 : skipped
  Stage 3 : 2.8243 Å  ↓ better
──────────────────────────────────────────

[EXTRACTION] Mode: sampler → backend='aer_simulator', shots=4096
  Submitting 3 circuits (Z / X / Y bases)...
  Done. Angles extracted from measurement statistics.

[RESULT] Final energy: -20.9731
[REPLICA 325] Tracker saved → outputs/Skip1/slurm_YYDPETGTWY_amber/replica_325/replica_325_tracker.json
[SAVED] outputs/Skip1/slurm_YYDPETGTWY_amber/replica_325/replica_325_landscape.png
[REPLICA 325] Final RMSD: 6.545 Å

[REPLICA 325] ✓ Done!
  Energy       : -20.9731
  RMSD final   : 6.545 Å
  RMSD stage1  : 3.061 Å
  RMSD stage2  : skipped
  RMSD stage3  : 2.824 Å
  Runtime      : 167.8s
  Saved to     : outputs/Skip1/slurm_YYDPETGTWY_amber/replica_325/replica_325_result.json
============================================
End time     : Mon Apr 27 14:23:35 EDT 2026
Exit code    : 0
============================================
