============================================
Job ID       : 5495449
Array Task   : 2
Replica ID   : 2
Node         : lri025
Start time   : Mon Apr 27 13:44:52 EDT 2026
============================================
[REPLICA 2] Starting...
  Sequence     : YYDPETGTWY
  Forcefield   : amber
  Backend      : aer
  Max iter     : 2000
  Skip Stage 2 : False
--- INITIALIZING QUANTUM BIOPHYSICS FOLDER (HARDWARE) ---
--- FORCE FIELD: AMBER ---
[REPLICA 2] Ground truth loaded — 10 CA atoms
--- SCOUTING: Checking 50 starting points ---
 > Deterministic Seed: 313296769 (Derived from Sequence)
 > Best Start Found: Energy 481.17
[REPLICA 2] Init strategy: random, seed: 313296769
============================================
End time     : Mon Apr 27 13:44:54 EDT 2026
Exit code    : 0
============================================
