============================================
Job ID       : 5480117
Array Task   : 62
Replica ID   : 62
Node         : lri007
Start time   : Thu Apr 23 11:16:50 EDT 2026
============================================
[REPLICA 62] Starting...
  Sequence   : YYDPETGTWY
  Forcefield : amber
  Backend    : aer
  Max iter   : 20
--- INITIALIZING QUANTUM BIOPHYSICS FOLDER (HARDWARE) ---
--- FORCE FIELD: AMBER ---
--- SCOUTING: Checking 50 starting points ---
 > Deterministic Seed: 313296829 (Derived from Sequence)
 > Best Start Found: Energy 355.43
[REPLICA 62] Init strategy: random, seed: 313296829
--- STARTING QUANTUM FOLDING (HYBRID PIPELINE) ---
Stage 1: Mechanical Collapse (COBYLA, statevector)...
 > Collapse Energy: 632.18
Stage 2: Physics Refinement (SLSQP, statevector)...
Iteration limit reached    (Exit mode 9)
            Current function value: 5939.181328455514
            Iterations: 20
            Function evaluations: 1170
            Gradient evaluations: 20
 > Refinement Energy: 5939.18
Stage 3: Natural Relaxation (SLSQP, statevector)...
Iteration limit reached    (Exit mode 9)
            Current function value: 623.5843715436608
            Iterations: 20
            Function evaluations: 1170
            Gradient evaluations: 20
 > Relaxation Energy: 623.58

[EXTRACTION] Mode: sampler → backend='aer_simulator', shots=4096
  Submitting 3 circuits (Z / X / Y bases)...
  Done. Angles extracted from measurement statistics.

[RESULT] Final energy: 623.5844
[REPLICA 62] Tracker saved → outputs/energy_reps_Brickwork_entanglement11/slurm_YYDPETGTWY_amber/replica_62/replica_62_tracker.json
[SAVED] outputs/energy_reps_Brickwork_entanglement11/slurm_YYDPETGTWY_amber/replica_62/replica_62_landscape.png
[REPLICA 62] RMSD: 5.637 Å
[REPLICA 62] Done!
  Energy     : 623.5844
  RMSD       : 5.637 Å
  Runtime    : 35.9s
  Saved to   : outputs/energy_reps_Brickwork_entanglement11/slurm_YYDPETGTWY_amber/replica_62/replica_62_result.json
============================================
End time     : Thu Apr 23 11:17:27 EDT 2026
Exit code    : 0
============================================
