============================================
Job ID       : 5495225
Array Task   : 221
Replica ID   : 221
Node         : lri032
Start time   : Mon Apr 27 12:54:10 EDT 2026
============================================
[REPLICA 221] Starting...
  Sequence     : YYDPETGTWY
  Forcefield   : amber
  Backend      : aer
  Max iter     : 2000
  Skip Stage 2 : False
--- INITIALIZING QUANTUM BIOPHYSICS FOLDER (HARDWARE) ---
--- FORCE FIELD: AMBER ---
[REPLICA 221] Ground truth loaded — 10 CA atoms
--- SCOUTING: Checking 50 starting points ---
 > Deterministic Seed: 313296988 (Derived from Sequence)
 > Best Start Found: Energy 433.96
[REPLICA 221] Init strategy: random, seed: 313296988
============================================
End time     : Mon Apr 27 12:54:12 EDT 2026
Exit code    : 0
============================================
