============================================
Job ID       : 5437370
Array Task   : 665
Replica ID   : 665
Node         : lri013
Start time   : Thu Apr 16 23:42:03 EDT 2026
============================================
[REPLICA 665] Starting...
  Sequence   : YYDPETGTWY
  Forcefield : amber
  Backend    : aer
  Max iter   : 2000
--- INITIALIZING QUANTUM BIOPHYSICS FOLDER (HARDWARE) ---
--- FORCE FIELD: AMBER ---
--- SCOUTING: Checking 50 starting points ---
 > Deterministic Seed: 313297432 (Derived from Sequence)
 > Best Start Found: Energy 296.84
[REPLICA 665] Init strategy: random, seed: 313297432
--- STARTING QUANTUM FOLDING (HYBRID PIPELINE) ---
Stage 1: Mechanical Collapse (COBYLA, statevector)...
 > Collapse Energy: 562.58
Stage 2: Physics Refinement (SLSQP, statevector)...
Optimization terminated successfully    (Exit mode 0)
            Current function value: 73.8636709866042
            Iterations: 127
            Function evaluations: 7045
            Gradient evaluations: 127
 > Refinement Energy: 73.86
Stage 3: Natural Relaxation (SLSQP, statevector)...
Optimization terminated successfully    (Exit mode 0)
            Current function value: -18.291960759031586
            Iterations: 125
            Function evaluations: 6848
            Gradient evaluations: 125
 > Relaxation Energy: -18.29

[EXTRACTION] Mode: sampler → backend='aer_simulator', shots=4096
  Submitting 3 circuits (Z / X / Y bases)...
  Done. Angles extracted from measurement statistics.

[RESULT] Final energy: -18.2920
[REPLICA 665] RMSD: 6.349 Å
[REPLICA 665] Done!
  Energy     : -18.2920
  RMSD       : 6.349 Å
  Runtime    : 171.8s
  Saved to   : outputs/Brickwork_entanglement/slurm_YYDPETGTWY_amber/replica_665/replica_665_result.json
============================================
End time     : Thu Apr 16 23:44:56 EDT 2026
Exit code    : 0
============================================
