============================================
Job ID       : 5495325
Array Task   : 321
Replica ID   : 321
Node         : lri026
Start time   : Mon Apr 27 12:54:17 EDT 2026
============================================
[REPLICA 321] Starting...
  Sequence     : YYDPETGTWY
  Forcefield   : amber
  Backend      : aer
  Max iter     : 2000
  Skip Stage 2 : False
--- INITIALIZING QUANTUM BIOPHYSICS FOLDER (HARDWARE) ---
--- FORCE FIELD: AMBER ---
[REPLICA 321] Ground truth loaded — 10 CA atoms
--- SCOUTING: Checking 50 starting points ---
 > Deterministic Seed: 313297088 (Derived from Sequence)
 > Best Start Found: Energy 355.55
[REPLICA 321] Init strategy: random, seed: 313297088
============================================
End time     : Mon Apr 27 12:54:19 EDT 2026
Exit code    : 0
============================================
