============================================
Job ID       : 5479262
Array Task   : 335
Replica ID   : 335
Node         : lri063
Start time   : Thu Apr 23 10:06:33 EDT 2026
============================================
[REPLICA 335] Starting...
  Sequence   : YYDPETGTWY
  Forcefield : amber
  Backend    : aer
  Max iter   : 2000
--- INITIALIZING QUANTUM BIOPHYSICS FOLDER (HARDWARE) ---
--- FORCE FIELD: AMBER ---
--- SCOUTING: Checking 50 starting points ---
 > Deterministic Seed: 313297102 (Derived from Sequence)
 > Best Start Found: Energy 401.05
[REPLICA 335] Init strategy: random, seed: 313297102
--- STARTING QUANTUM FOLDING (HYBRID PIPELINE) ---
Stage 1: Mechanical Collapse (COBYLA, statevector)...
 > Collapse Energy: 199.33
Stage 2: Physics Refinement (SLSQP, statevector)...
Optimization terminated successfully    (Exit mode 0)
            Current function value: 108.67503438116337
            Iterations: 149
            Function evaluations: 8221
            Gradient evaluations: 149
 > Refinement Energy: 108.68
Stage 3: Natural Relaxation (SLSQP, statevector)...
Optimization terminated successfully    (Exit mode 0)
            Current function value: 6.011460979541696
            Iterations: 306
            Function evaluations: 15961
            Gradient evaluations: 306
 > Relaxation Energy: 6.01

[EXTRACTION] Mode: sampler → backend='aer_simulator', shots=4096
  Submitting 3 circuits (Z / X / Y bases)...
  Done. Angles extracted from measurement statistics.

[RESULT] Final energy: 6.0115
[SAVED] outputs/energy_reps_Brickwork_entanglement/slurm_YYDPETGTWY_amber/replica_335/replica_335_landscape.png
[REPLICA 335] RMSD: 6.835 Å
[REPLICA 335] Done!
  Energy     : 6.0115
  RMSD       : 6.835 Å
  Runtime    : 296.6s
  Saved to   : outputs/energy_reps_Brickwork_entanglement/slurm_YYDPETGTWY_amber/replica_335/replica_335_result.json
============================================
End time     : Thu Apr 23 10:11:30 EDT 2026
Exit code    : 0
============================================
