============================================
Job ID       : 5496177
Array Task   : 329
Replica ID   : 329
Node         : lri041
Start time   : Mon Apr 27 13:47:19 EDT 2026
============================================
[REPLICA 329] Starting...
  Sequence     : YYDPETGTWY
  Forcefield   : amber
  Backend      : aer
  Max iter     : 2000
  Skip Stage 2 : True
--- INITIALIZING QUANTUM BIOPHYSICS FOLDER (HARDWARE) ---
--- FORCE FIELD: AMBER ---
[REPLICA 329] Ground truth loaded — 10 CA atoms
--- SCOUTING: Checking 50 starting points ---
 > Deterministic Seed: 313297096 (Derived from Sequence)
 > Best Start Found: Energy 354.13
[REPLICA 329] Init strategy: random, seed: 313297096
============================================
End time     : Mon Apr 27 13:47:22 EDT 2026
Exit code    : 0
============================================
