============================================
Job ID       : 5496237
Array Task   : 389
Replica ID   : 389
Node         : lri027
Start time   : Mon Apr 27 13:47:23 EDT 2026
============================================
[REPLICA 389] Starting...
  Sequence     : YYDPETGTWY
  Forcefield   : amber
  Backend      : aer
  Max iter     : 2000
  Skip Stage 2 : True
--- INITIALIZING QUANTUM BIOPHYSICS FOLDER (HARDWARE) ---
--- FORCE FIELD: AMBER ---
[REPLICA 389] Ground truth loaded — 10 CA atoms
--- SCOUTING: Checking 50 starting points ---
 > Deterministic Seed: 313297156 (Derived from Sequence)
 > Best Start Found: Energy 361.17
[REPLICA 389] Init strategy: random, seed: 313297156
============================================
End time     : Mon Apr 27 13:47:25 EDT 2026
Exit code    : 0
============================================
