============================================
Job ID       : 5440680
Array Task   : 479
Replica ID   : 479
Node         : lri013
Start time   : Fri Apr 17 15:18:54 EDT 2026
============================================
[REPLICA 479] Starting...
  Sequence   : DAYAQWLKDGGPSSGRPPPS
  Forcefield : amber
  Backend    : aer
  Max iter   : 2000
--- INITIALIZING QUANTUM BIOPHYSICS FOLDER (HARDWARE) ---
--- FORCE FIELD: AMBER ---
--- SCOUTING: Checking 50 starting points ---
 > Deterministic Seed: 2158523864 (Derived from Sequence)
 > Best Start Found: Energy 410.09
[REPLICA 479] Init strategy: random, seed: 2158523864
--- STARTING QUANTUM FOLDING (HYBRID PIPELINE) ---
Stage 1: Mechanical Collapse (COBYLA, statevector)...
 > Collapse Energy: 732.83
Stage 2: Physics Refinement (SLSQP, statevector)...
Optimization terminated successfully    (Exit mode 0)
            Current function value: -4.91499599617228
            Iterations: 287
            Function evaluations: 22422
            Gradient evaluations: 287
 > Refinement Energy: -4.91
Stage 3: Natural Relaxation (SLSQP, statevector)...
Optimization terminated successfully    (Exit mode 0)
            Current function value: -89.88762240723206
            Iterations: 248
            Function evaluations: 19507
            Gradient evaluations: 248
 > Relaxation Energy: -89.89

[EXTRACTION] Mode: sampler → backend='aer_simulator', shots=4096
  Submitting 3 circuits (Z / X / Y bases)...
  Done. Angles extracted from measurement statistics.

[RESULT] Final energy: -89.8876
[REPLICA 479] RMSD: 6.180 Å
[REPLICA 479] Done!
  Energy     : -89.8876
  RMSD       : 6.180 Å
  Runtime    : 787.2s
  Saved to   : outputs/reps_Brickwork_entanglement1/slurm_DAYAQWLKDGGPSSGRPPPS_amber/replica_479/replica_479_result.json
============================================
End time     : Fri Apr 17 15:32:02 EDT 2026
Exit code    : 0
============================================
