============================================
Job ID       : 5423371
Array Task   : 380
Replica ID   : 380
Node         : lri016
Start time   : Tue Apr 14 16:35:55 EDT 2026
============================================
[REPLICA 380] Starting...
  Sequence   : YYDPETGTWY
  Forcefield : amber
  Backend    : aer
  Max iter   : 2000
--- INITIALIZING QUANTUM BIOPHYSICS FOLDER (HARDWARE) ---
--- FORCE FIELD: AMBER ---
--- SCOUTING: Checking 50 starting points ---
 > Deterministic Seed: 313297147 (Derived from Sequence)
 > Best Start Found: Energy 366.66
[REPLICA 380] Init strategy: random, seed: 313297147
--- STARTING QUANTUM FOLDING (HYBRID PIPELINE) ---
Stage 1: Mechanical Collapse (COBYLA, statevector)...
 > Collapse Energy: 462.21
Stage 2: Physics Refinement (SLSQP, statevector)...
Optimization terminated successfully    (Exit mode 0)
            Current function value: 60.3278624656684
            Iterations: 304
            Function evaluations: 35140
            Gradient evaluations: 304
 > Refinement Energy: 60.33
Stage 3: Natural Relaxation (SLSQP, statevector)...
Optimization terminated successfully    (Exit mode 0)
            Current function value: -97.68281616902932
            Iterations: 297
            Function evaluations: 34127
            Gradient evaluations: 297
 > Relaxation Energy: -97.68

[EXTRACTION] Mode: sampler → backend='aer_simulator', shots=4096
  Submitting 3 circuits (Z / X / Y bases)...
  Done. Angles extracted from measurement statistics.

[RESULT] Final energy: -97.6828
[REPLICA 380] RMSD: 3.678 Å
[REPLICA 380] Done!
  Energy     : -97.6828
  RMSD       : 3.678 Å
  Runtime    : 1210.0s
  Saved to   : outputs/probability_vectors/slurm_YYDPETGTWY_amber/replica_380/replica_380_result.json
============================================
End time     : Tue Apr 14 16:56:06 EDT 2026
Exit code    : 0
============================================
