============================================
Job ID       : 5494688
Array Task   : 240
Replica ID   : 240
Node         : lri030
Start time   : Mon Apr 27 11:29:45 EDT 2026
============================================
[REPLICA 240] Starting...
  Sequence     : YYDPETGTWY
  Forcefield   : amber
  Backend      : aer
  Max iter     : 2000
  Skip Stage 2 : False
--- INITIALIZING QUANTUM BIOPHYSICS FOLDER (HARDWARE) ---
--- FORCE FIELD: AMBER ---
[REPLICA 240] Ground truth loaded — 10 CA atoms
--- SCOUTING: Checking 50 starting points ---
 > Deterministic Seed: 313297007 (Derived from Sequence)
 > Best Start Found: Energy 255.27
[REPLICA 240] Init strategy: random, seed: 313297007
============================================
End time     : Mon Apr 27 11:29:47 EDT 2026
Exit code    : 0
============================================
