============================================
Job ID       : 5437503
Array Task   : 712
Replica ID   : 712
Node         : lri015
Start time   : Thu Apr 16 23:52:04 EDT 2026
============================================
[REPLICA 712] Starting...
  Sequence   : YYDPETGTWY
  Forcefield : amber
  Backend    : aer
  Max iter   : 2000
--- INITIALIZING QUANTUM BIOPHYSICS FOLDER (HARDWARE) ---
--- FORCE FIELD: AMBER ---
--- SCOUTING: Checking 50 starting points ---
 > Deterministic Seed: 313297479 (Derived from Sequence)
 > Best Start Found: Energy 361.52
[REPLICA 712] Init strategy: random, seed: 313297479
--- STARTING QUANTUM FOLDING (HYBRID PIPELINE) ---
Stage 1: Mechanical Collapse (COBYLA, statevector)...
 > Collapse Energy: 316.11
Stage 2: Physics Refinement (SLSQP, statevector)...
Optimization terminated successfully    (Exit mode 0)
            Current function value: 77.34165013519022
            Iterations: 192
            Function evaluations: 10445
            Gradient evaluations: 192
 > Refinement Energy: 77.34
Stage 3: Natural Relaxation (SLSQP, statevector)...
Optimization terminated successfully    (Exit mode 0)
            Current function value: 85.06509416864097
            Iterations: 380
            Function evaluations: 19932
            Gradient evaluations: 380
 > Relaxation Energy: 85.07

[EXTRACTION] Mode: sampler → backend='aer_simulator', shots=4096
  Submitting 3 circuits (Z / X / Y bases)...
  Done. Angles extracted from measurement statistics.

[RESULT] Final energy: 85.0651
[REPLICA 712] RMSD: 5.495 Å
[REPLICA 712] Done!
  Energy     : 85.0651
  RMSD       : 5.495 Å
  Runtime    : 369.5s
  Saved to   : outputs/Brickwork_entanglement/slurm_YYDPETGTWY_amber/replica_712/replica_712_result.json
============================================
End time     : Thu Apr 16 23:58:15 EDT 2026
Exit code    : 0
============================================
