============================================
Job ID       : 5440644
Array Task   : 453
Replica ID   : 453
Node         : lri054
Start time   : Fri Apr 17 15:10:53 EDT 2026
============================================
[REPLICA 453] Starting...
  Sequence   : DAYAQWLKDGGPSSGRPPPS
  Forcefield : amber
  Backend    : aer
  Max iter   : 2000
--- INITIALIZING QUANTUM BIOPHYSICS FOLDER (HARDWARE) ---
--- FORCE FIELD: AMBER ---
--- SCOUTING: Checking 50 starting points ---
 > Deterministic Seed: 2158523838 (Derived from Sequence)
 > Best Start Found: Energy 390.73
[REPLICA 453] Init strategy: random, seed: 2158523838
--- STARTING QUANTUM FOLDING (HYBRID PIPELINE) ---
Stage 1: Mechanical Collapse (COBYLA, statevector)...
 > Collapse Energy: 203.13
Stage 2: Physics Refinement (SLSQP, statevector)...
Optimization terminated successfully    (Exit mode 0)
            Current function value: -222.93734098850163
            Iterations: 379
            Function evaluations: 29349
            Gradient evaluations: 379
 > Refinement Energy: -222.94
Stage 3: Natural Relaxation (SLSQP, statevector)...
Optimization terminated successfully    (Exit mode 0)
            Current function value: -203.5597520177232
            Iterations: 940
            Function evaluations: 71024
            Gradient evaluations: 940
 > Relaxation Energy: -203.56

[EXTRACTION] Mode: sampler → backend='aer_simulator', shots=4096
  Submitting 3 circuits (Z / X / Y bases)...
  Done. Angles extracted from measurement statistics.

[RESULT] Final energy: -203.5598
[REPLICA 453] RMSD: 6.418 Å
[REPLICA 453] Done!
  Energy     : -203.5598
  RMSD       : 6.418 Å
  Runtime    : 1828.6s
  Saved to   : outputs/reps_Brickwork_entanglement1/slurm_DAYAQWLKDGGPSSGRPPPS_amber/replica_453/replica_453_result.json
============================================
End time     : Fri Apr 17 15:41:23 EDT 2026
Exit code    : 0
============================================
