============================================
Job ID       : 5494467
Array Task   : 19
Replica ID   : 19
Node         : lri025
Start time   : Mon Apr 27 11:29:22 EDT 2026
============================================
[REPLICA 19] Starting...
  Sequence     : YYDPETGTWY
  Forcefield   : amber
  Backend      : aer
  Max iter     : 2000
  Skip Stage 2 : False
--- INITIALIZING QUANTUM BIOPHYSICS FOLDER (HARDWARE) ---
--- FORCE FIELD: AMBER ---
[REPLICA 19] Ground truth loaded — 10 CA atoms
--- SCOUTING: Checking 50 starting points ---
 > Deterministic Seed: 313296786 (Derived from Sequence)
 > Best Start Found: Energy 556.18
[REPLICA 19] Init strategy: random, seed: 313296786
============================================
End time     : Mon Apr 27 11:29:36 EDT 2026
Exit code    : 0
============================================
