============================================
Job ID       : 5437625
Array Task   : 760
Replica ID   : 760
Node         : lri054
Start time   : Fri Apr 17 00:02:05 EDT 2026
============================================
[REPLICA 760] Starting...
  Sequence   : YYDPETGTWY
  Forcefield : amber
  Backend    : aer
  Max iter   : 2000
--- INITIALIZING QUANTUM BIOPHYSICS FOLDER (HARDWARE) ---
--- FORCE FIELD: AMBER ---
--- SCOUTING: Checking 50 starting points ---
 > Deterministic Seed: 313297527 (Derived from Sequence)
 > Best Start Found: Energy 401.96
[REPLICA 760] Init strategy: random, seed: 313297527
--- STARTING QUANTUM FOLDING (HYBRID PIPELINE) ---
Stage 1: Mechanical Collapse (COBYLA, statevector)...
 > Collapse Energy: 596.95
Stage 2: Physics Refinement (SLSQP, statevector)...
Optimization terminated successfully    (Exit mode 0)
            Current function value: 52.037932006300345
            Iterations: 163
            Function evaluations: 8956
            Gradient evaluations: 163
 > Refinement Energy: 52.04
Stage 3: Natural Relaxation (SLSQP, statevector)...
Optimization terminated successfully    (Exit mode 0)
            Current function value: 2.4294354570449945
            Iterations: 159
            Function evaluations: 8739
            Gradient evaluations: 159
 > Relaxation Energy: 2.43

[EXTRACTION] Mode: sampler → backend='aer_simulator', shots=4096
  Submitting 3 circuits (Z / X / Y bases)...
  Done. Angles extracted from measurement statistics.

[RESULT] Final energy: 2.4294
[REPLICA 760] RMSD: 4.742 Å
[REPLICA 760] Done!
  Energy     : 2.4294
  RMSD       : 4.742 Å
  Runtime    : 208.4s
  Saved to   : outputs/Brickwork_entanglement/slurm_YYDPETGTWY_amber/replica_760/replica_760_result.json
============================================
End time     : Fri Apr 17 00:05:34 EDT 2026
Exit code    : 0
============================================
