============================================
Job ID       : 5440121
Array Task   : 134
Replica ID   : 134
Node         : lri014
Start time   : Fri Apr 17 12:04:42 EDT 2026
============================================
[REPLICA 134] Starting...
  Sequence   : DAYAQWLKDGGPSSGRPPPS
  Forcefield : amber
  Backend    : aer
  Max iter   : 2000
--- INITIALIZING QUANTUM BIOPHYSICS FOLDER (HARDWARE) ---
--- FORCE FIELD: AMBER ---
--- SCOUTING: Checking 50 starting points ---
 > Deterministic Seed: 2158523519 (Derived from Sequence)
 > Best Start Found: Energy 485.19
[REPLICA 134] Init strategy: random, seed: 2158523519
--- STARTING QUANTUM FOLDING (HYBRID PIPELINE) ---
Stage 1: Mechanical Collapse (COBYLA, statevector)...
 > Collapse Energy: 892.26
Stage 2: Physics Refinement (SLSQP, statevector)...
Optimization terminated successfully    (Exit mode 0)
            Current function value: -34.22244562028877
            Iterations: 415
            Function evaluations: 32029
            Gradient evaluations: 415
 > Refinement Energy: -34.22
Stage 3: Natural Relaxation (SLSQP, statevector)...
Optimization terminated successfully    (Exit mode 0)
            Current function value: -81.39473618730543
            Iterations: 349
            Function evaluations: 26996
            Gradient evaluations: 349
 > Relaxation Energy: -81.39

[EXTRACTION] Mode: sampler → backend='aer_simulator', shots=4096
  Submitting 3 circuits (Z / X / Y bases)...
  Done. Angles extracted from measurement statistics.

[RESULT] Final energy: -81.3947
[REPLICA 134] RMSD: 6.807 Å
[REPLICA 134] Done!
  Energy     : -81.3947
  RMSD       : 6.807 Å
  Runtime    : 1163.2s
  Saved to   : outputs/reps_Brickwork_entanglement1/slurm_DAYAQWLKDGGPSSGRPPPS_amber/replica_134/replica_134_result.json
============================================
End time     : Fri Apr 17 12:24:07 EDT 2026
Exit code    : 0
============================================
