============================================
Job ID       : 5495351
Array Task   : 347
Replica ID   : 347
Node         : lri032
Start time   : Mon Apr 27 12:54:17 EDT 2026
============================================
[REPLICA 347] Starting...
  Sequence     : YYDPETGTWY
  Forcefield   : amber
  Backend      : aer
  Max iter     : 2000
  Skip Stage 2 : False
--- INITIALIZING QUANTUM BIOPHYSICS FOLDER (HARDWARE) ---
--- FORCE FIELD: AMBER ---
[REPLICA 347] Ground truth loaded — 10 CA atoms
--- SCOUTING: Checking 50 starting points ---
 > Deterministic Seed: 313297114 (Derived from Sequence)
 > Best Start Found: Energy 317.82
[REPLICA 347] Init strategy: random, seed: 313297114
============================================
End time     : Mon Apr 27 12:54:19 EDT 2026
Exit code    : 0
============================================
