============================================
Job ID       : 5496033
Array Task   : 185
Replica ID   : 185
Node         : lri056
Start time   : Mon Apr 27 13:47:17 EDT 2026
============================================
[REPLICA 185] Starting...
  Sequence     : YYDPETGTWY
  Forcefield   : amber
  Backend      : aer
  Max iter     : 2000
  Skip Stage 2 : True
--- INITIALIZING QUANTUM BIOPHYSICS FOLDER (HARDWARE) ---
--- FORCE FIELD: AMBER ---
[REPLICA 185] Ground truth loaded — 10 CA atoms
--- SCOUTING: Checking 50 starting points ---
 > Deterministic Seed: 313296952 (Derived from Sequence)
 > Best Start Found: Energy 362.02
[REPLICA 185] Init strategy: random, seed: 313296952
============================================
End time     : Mon Apr 27 13:47:19 EDT 2026
Exit code    : 0
============================================
