============================================
Job ID       : 5495791
Array Task   : 344
Replica ID   : 344
Node         : lri025
Start time   : Mon Apr 27 13:45:09 EDT 2026
============================================
[REPLICA 344] Starting...
  Sequence     : YYDPETGTWY
  Forcefield   : amber
  Backend      : aer
  Max iter     : 2000
  Skip Stage 2 : False
--- INITIALIZING QUANTUM BIOPHYSICS FOLDER (HARDWARE) ---
--- FORCE FIELD: AMBER ---
[REPLICA 344] Ground truth loaded — 10 CA atoms
--- SCOUTING: Checking 50 starting points ---
 > Deterministic Seed: 313297111 (Derived from Sequence)
 > Best Start Found: Energy 346.63
[REPLICA 344] Init strategy: random, seed: 313297111
============================================
End time     : Mon Apr 27 13:45:11 EDT 2026
Exit code    : 0
============================================
