============================================
Job ID       : 5435262
Array Task   : 274
Replica ID   : 274
Node         : lri013
Start time   : Thu Apr 16 20:13:49 EDT 2026
============================================
[REPLICA 274] Starting...
  Sequence   : YYDPETGTWY
  Forcefield : amber
  Backend    : aer
  Max iter   : 2000
--- INITIALIZING QUANTUM BIOPHYSICS FOLDER (HARDWARE) ---
--- FORCE FIELD: AMBER ---
--- SCOUTING: Checking 50 starting points ---
 > Deterministic Seed: 313297041 (Derived from Sequence)
 > Best Start Found: Energy 154.91
[REPLICA 274] Init strategy: random, seed: 313297041
--- STARTING QUANTUM FOLDING (HYBRID PIPELINE) ---
Stage 1: Mechanical Collapse (COBYLA, statevector)...
 > Collapse Energy: 169.01
Stage 2: Physics Refinement (SLSQP, statevector)...
Optimization terminated successfully    (Exit mode 0)
            Current function value: 36.947628663315065
            Iterations: 196
            Function evaluations: 10608
            Gradient evaluations: 196
 > Refinement Energy: 36.95
Stage 3: Natural Relaxation (SLSQP, statevector)...
Optimization terminated successfully    (Exit mode 0)
            Current function value: 1.2043943205886545
            Iterations: 177
            Function evaluations: 9475
            Gradient evaluations: 177
 > Relaxation Energy: 1.20

[EXTRACTION] Mode: sampler → backend='aer_simulator', shots=4096
  Submitting 3 circuits (Z / X / Y bases)...
  Done. Angles extracted from measurement statistics.

[RESULT] Final energy: 1.2044
[REPLICA 274] RMSD: 5.707 Å
[REPLICA 274] Done!
  Energy     : 1.2044
  RMSD       : 5.707 Å
  Runtime    : 246.3s
  Saved to   : outputs/Brickwork_entanglement/slurm_YYDPETGTWY_amber/replica_274/replica_274_result.json
============================================
End time     : Thu Apr 16 20:17:57 EDT 2026
Exit code    : 0
============================================
