============================================
Job ID       : 5442746
Array Task   : 672
Replica ID   : 672
Node         : lri013
Start time   : Fri Apr 17 16:53:01 EDT 2026
============================================
[REPLICA 672] Starting...
  Sequence   : DAYAQWLKDGGPSSGRPPPS
  Forcefield : amber
  Backend    : aer
  Max iter   : 2000
--- INITIALIZING QUANTUM BIOPHYSICS FOLDER (HARDWARE) ---
--- FORCE FIELD: AMBER ---
--- SCOUTING: Checking 50 starting points ---
 > Deterministic Seed: 2158524057 (Derived from Sequence)
 > Best Start Found: Energy 709.58
[REPLICA 672] Init strategy: random, seed: 2158524057
--- STARTING QUANTUM FOLDING (HYBRID PIPELINE) ---
Stage 1: Mechanical Collapse (COBYLA, statevector)...
 > Collapse Energy: 246.06
Stage 2: Physics Refinement (SLSQP, statevector)...
Optimization terminated successfully    (Exit mode 0)
            Current function value: 1124.9575705906193
            Iterations: 299
            Function evaluations: 24360
            Gradient evaluations: 299
 > Refinement Energy: 1124.96
Stage 3: Natural Relaxation (SLSQP, statevector)...
Optimization terminated successfully    (Exit mode 0)
            Current function value: 568.0054507252686
            Iterations: 162
            Function evaluations: 13325
            Gradient evaluations: 162
 > Relaxation Energy: 568.01

[EXTRACTION] Mode: sampler → backend='aer_simulator', shots=4096
  Submitting 3 circuits (Z / X / Y bases)...
  Done. Angles extracted from measurement statistics.

[RESULT] Final energy: 568.0055
[REPLICA 672] RMSD: 7.764 Å
[REPLICA 672] Done!
  Energy     : 568.0055
  RMSD       : 7.764 Å
  Runtime    : 723.3s
  Saved to   : outputs/reps_Brickwork_entanglement1/slurm_DAYAQWLKDGGPSSGRPPPS_amber/replica_672/replica_672_result.json
============================================
End time     : Fri Apr 17 17:05:05 EDT 2026
Exit code    : 0
============================================
