============================================
Job ID       : 5426386
Array Task   : 486
Replica ID   : 486
Node         : lri054
Start time   : Wed Apr 15 14:42:56 EDT 2026
============================================
[REPLICA 486] Starting...
  Sequence   : YYDPETGTWY
  Forcefield : amber
  Backend    : aer
  Max iter   : 2000
--- INITIALIZING QUANTUM BIOPHYSICS FOLDER (HARDWARE) ---
--- FORCE FIELD: AMBER ---
--- SCOUTING: Checking 50 starting points ---
 > Deterministic Seed: 313297253 (Derived from Sequence)
 > Best Start Found: Energy 363.13
[REPLICA 486] Init strategy: random, seed: 313297253
--- STARTING QUANTUM FOLDING (HYBRID PIPELINE) ---
Stage 1: Mechanical Collapse (COBYLA, statevector)...
 > Collapse Energy: 597.38
Stage 2: Physics Refinement (SLSQP, statevector)...
Optimization terminated successfully    (Exit mode 0)
            Current function value: 82.48934284097687
            Iterations: 488
            Function evaluations: 25293
            Gradient evaluations: 488
 > Refinement Energy: 82.49
Stage 3: Natural Relaxation (SLSQP, statevector)...
Optimization terminated successfully    (Exit mode 0)
            Current function value: 80.58407762820946
            Iterations: 292
            Function evaluations: 15411
            Gradient evaluations: 292
 > Relaxation Energy: 80.58

[EXTRACTION] Mode: sampler → backend='aer_simulator', shots=4096
  Submitting 3 circuits (Z / X / Y bases)...
  Done. Angles extracted from measurement statistics.

[RESULT] Final energy: 80.5841
[REPLICA 486] RMSD: 4.873 Å
[REPLICA 486] Done!
  Energy     : 80.5841
  RMSD       : 4.873 Å
  Runtime    : 505.9s
  Saved to   : outputs/linear_entanglement_1_rep/slurm_YYDPETGTWY_amber/replica_486/replica_486_result.json
============================================
End time     : Wed Apr 15 14:51:23 EDT 2026
Exit code    : 0
============================================
