============================================
Job ID       : 5497281
Array Task   : 131
Replica ID   : 131
Node         : lri032
Start time   : Mon Apr 27 14:48:18 EDT 2026
============================================
[REPLICA 131] Starting...
  Sequence     : YYDPETGTWY
  Forcefield   : amber
  Backend      : aer
  Max iter     : 2000
  Skip Stage 2 : False
--- INITIALIZING QUANTUM BIOPHYSICS FOLDER (HARDWARE) ---
--- FORCE FIELD: AMBER ---
[REPLICA 131] Ground truth loaded — 10 CA atoms
--- SCOUTING: Checking 50 starting points ---
 > Deterministic Seed: 313296898 (Derived from Sequence)
 > Best Start Found: Energy 403.33
[REPLICA 131] Init strategy: random, seed: 313296898
--- STARTING QUANTUM FOLDING (HYBRID PIPELINE) ---
Stage 1: Mechanical Collapse (COBYLA, statevector)...
 > Collapse Energy : 313.32
 > Stage 1 RMSD    : 3.3408 Å
Stage 2: Physics Refinement (SLSQP, statevector)...
Optimization terminated successfully    (Exit mode 0)
            Current function value: 67.2106163189386
            Iterations: 182
            Function evaluations: 9813
            Gradient evaluations: 182
 > Refinement Energy : 67.21
 > Stage 2 RMSD      : 2.1455 Å
Stage 3: Natural Relaxation (SLSQP, statevector)...
Optimization terminated successfully    (Exit mode 0)
            Current function value: 25.615311989801803
            Iterations: 142
            Function evaluations: 7808
            Gradient evaluations: 142
 > Relaxation Energy : 25.62
 > Stage 3 RMSD      : 2.6558 Å

── RMSD Progress ──────────────────────────
  Stage 1 : 3.3408 Å
  Stage 2 : 2.1455 Å  ↓ better
  Stage 3 : 2.6558 Å  ↓ better
──────────────────────────────────────────

[EXTRACTION] Mode: sampler → backend='aer_simulator', shots=4096
  Submitting 3 circuits (Z / X / Y bases)...
  Done. Angles extracted from measurement statistics.

[RESULT] Final energy: 25.6153
[REPLICA 131] Tracker saved → outputs/no_skip/slurm_YYDPETGTWY_amber/replica_131/replica_131_tracker.json
[SAVED] outputs/no_skip/slurm_YYDPETGTWY_amber/replica_131/replica_131_landscape.png
[REPLICA 131] Final RMSD: 6.361 Å

[REPLICA 131] ✓ Done!
  Energy       : 25.6153
  RMSD final   : 6.361 Å
  RMSD stage1  : 3.341 Å
  RMSD stage2  : 2.146 Å
  RMSD stage3  : 2.656 Å
  Runtime      : 232.8s
  Saved to     : outputs/no_skip/slurm_YYDPETGTWY_amber/replica_131/replica_131_result.json
============================================
End time     : Mon Apr 27 14:52:14 EDT 2026
Exit code    : 0
============================================
