============================================
Job ID       : 5495039
Array Task   : 35
Replica ID   : 35
Node         : lri026
Start time   : Mon Apr 27 12:53:58 EDT 2026
============================================
[REPLICA 35] Starting...
  Sequence     : YYDPETGTWY
  Forcefield   : amber
  Backend      : aer
  Max iter     : 2000
  Skip Stage 2 : False
--- INITIALIZING QUANTUM BIOPHYSICS FOLDER (HARDWARE) ---
--- FORCE FIELD: AMBER ---
[REPLICA 35] Ground truth loaded — 10 CA atoms
--- SCOUTING: Checking 50 starting points ---
 > Deterministic Seed: 313296802 (Derived from Sequence)
 > Best Start Found: Energy 387.44
[REPLICA 35] Init strategy: random, seed: 313296802
============================================
End time     : Mon Apr 27 12:54:03 EDT 2026
Exit code    : 0
============================================
