============================================
Job ID       : 5440321
Array Task   : 253
Replica ID   : 253
Node         : lri015
Start time   : Fri Apr 17 13:22:47 EDT 2026
============================================
[REPLICA 253] Starting...
  Sequence   : DAYAQWLKDGGPSSGRPPPS
  Forcefield : amber
  Backend    : aer
  Max iter   : 2000
--- INITIALIZING QUANTUM BIOPHYSICS FOLDER (HARDWARE) ---
--- FORCE FIELD: AMBER ---
--- SCOUTING: Checking 50 starting points ---
 > Deterministic Seed: 2158523638 (Derived from Sequence)
 > Best Start Found: Energy 466.30
[REPLICA 253] Init strategy: random, seed: 2158523638
--- STARTING QUANTUM FOLDING (HYBRID PIPELINE) ---
Stage 1: Mechanical Collapse (COBYLA, statevector)...
 > Collapse Energy: 404.45
Stage 2: Physics Refinement (SLSQP, statevector)...
Optimization terminated successfully    (Exit mode 0)
            Current function value: 29.84159518750351
            Iterations: 467
            Function evaluations: 35696
            Gradient evaluations: 467
 > Refinement Energy: 29.84
Stage 3: Natural Relaxation (SLSQP, statevector)...
Optimization terminated successfully    (Exit mode 0)
            Current function value: -72.86036508370246
            Iterations: 288
            Function evaluations: 22367
            Gradient evaluations: 288
 > Relaxation Energy: -72.86

[EXTRACTION] Mode: sampler → backend='aer_simulator', shots=4096
  Submitting 3 circuits (Z / X / Y bases)...
  Done. Angles extracted from measurement statistics.

[RESULT] Final energy: -72.8604
[REPLICA 253] RMSD: 8.796 Å
[REPLICA 253] Done!
  Energy     : -72.8604
  RMSD       : 8.796 Å
  Runtime    : 1104.0s
  Saved to   : outputs/reps_Brickwork_entanglement1/slurm_DAYAQWLKDGGPSSGRPPPS_amber/replica_253/replica_253_result.json
============================================
End time     : Fri Apr 17 13:41:13 EDT 2026
Exit code    : 0
============================================
