============================================
Job ID       : 5474933
Array Task   : 758
Replica ID   : 758
Node         : lri010
Start time   : Wed Apr 22 18:03:23 EDT 2026
============================================
[REPLICA 758] Starting...
  Sequence   : YYDPETGTWY
  Forcefield : amber
  Backend    : aer
  Max iter   : 2000
--- INITIALIZING QUANTUM BIOPHYSICS FOLDER (HARDWARE) ---
--- FORCE FIELD: AMBER ---
--- SCOUTING: Checking 50 starting points ---
 > Deterministic Seed: 313297525 (Derived from Sequence)
 > Best Start Found: Energy 428.62
[REPLICA 758] Init strategy: random, seed: 313297525
--- STARTING QUANTUM FOLDING (HYBRID PIPELINE) ---
Stage 1: Mechanical Collapse (COBYLA, statevector)...
 > Collapse Energy: 433.13
Stage 2: Physics Refinement (SLSQP, statevector)...
Optimization terminated successfully    (Exit mode 0)
            Current function value: 42.722091019831964
            Iterations: 187
            Function evaluations: 10093
            Gradient evaluations: 187
 > Refinement Energy: 42.72
Stage 3: Natural Relaxation (SLSQP, statevector)...
Optimization terminated successfully    (Exit mode 0)
            Current function value: 9.986133949819795
            Iterations: 161
            Function evaluations: 8730
            Gradient evaluations: 161
 > Relaxation Energy: 9.99

[EXTRACTION] Mode: sampler → backend='aer_simulator', shots=4096
  Submitting 3 circuits (Z / X / Y bases)...
  Done. Angles extracted from measurement statistics.

[RESULT] Final energy: 9.9861
[SAVED] outputs/reps_Brickwork_entanglement/slurm_YYDPETGTWY_amber/replica_758/replica_758_landscape.png
[REPLICA 758] RMSD: 4.674 Å
[REPLICA 758] Done!
  Energy     : 9.9861
  RMSD       : 4.674 Å
  Runtime    : 231.3s
  Saved to   : outputs/reps_Brickwork_entanglement/slurm_YYDPETGTWY_amber/replica_758/replica_758_result.json
============================================
End time     : Wed Apr 22 18:07:15 EDT 2026
Exit code    : 0
============================================
