============================================
Job ID       : 5442698
Array Task   : 656
Replica ID   : 656
Node         : lri013
Start time   : Fri Apr 17 16:45:01 EDT 2026
============================================
[REPLICA 656] Starting...
  Sequence   : DAYAQWLKDGGPSSGRPPPS
  Forcefield : amber
  Backend    : aer
  Max iter   : 2000
--- INITIALIZING QUANTUM BIOPHYSICS FOLDER (HARDWARE) ---
--- FORCE FIELD: AMBER ---
--- SCOUTING: Checking 50 starting points ---
 > Deterministic Seed: 2158524041 (Derived from Sequence)
 > Best Start Found: Energy 448.00
[REPLICA 656] Init strategy: random, seed: 2158524041
--- STARTING QUANTUM FOLDING (HYBRID PIPELINE) ---
Stage 1: Mechanical Collapse (COBYLA, statevector)...
 > Collapse Energy: 357.67
Stage 2: Physics Refinement (SLSQP, statevector)...
Optimization terminated successfully    (Exit mode 0)
            Current function value: -15.031751105242723
            Iterations: 198
            Function evaluations: 15705
            Gradient evaluations: 198
 > Refinement Energy: -15.03
Stage 3: Natural Relaxation (SLSQP, statevector)...
Optimization terminated successfully    (Exit mode 0)
            Current function value: -60.603446483353075
            Iterations: 281
            Function evaluations: 21933
            Gradient evaluations: 281
 > Relaxation Energy: -60.60

[EXTRACTION] Mode: sampler → backend='aer_simulator', shots=4096
  Submitting 3 circuits (Z / X / Y bases)...
  Done. Angles extracted from measurement statistics.

[RESULT] Final energy: -60.6034
[REPLICA 656] RMSD: 5.605 Å
[REPLICA 656] Done!
  Energy     : -60.6034
  RMSD       : 5.605 Å
  Runtime    : 717.9s
  Saved to   : outputs/reps_Brickwork_entanglement1/slurm_DAYAQWLKDGGPSSGRPPPS_amber/replica_656/replica_656_result.json
============================================
End time     : Fri Apr 17 16:57:00 EDT 2026
Exit code    : 0
============================================
