============================================
Job ID       : 5494466
Array Task   : 18
Replica ID   : 18
Node         : lri025
Start time   : Mon Apr 27 11:29:21 EDT 2026
============================================
[REPLICA 18] Starting...
  Sequence     : YYDPETGTWY
  Forcefield   : amber
  Backend      : aer
  Max iter     : 2000
  Skip Stage 2 : False
--- INITIALIZING QUANTUM BIOPHYSICS FOLDER (HARDWARE) ---
--- FORCE FIELD: AMBER ---
[REPLICA 18] Ground truth loaded — 10 CA atoms
--- SCOUTING: Checking 50 starting points ---
 > Deterministic Seed: 313296785 (Derived from Sequence)
 > Best Start Found: Energy 360.07
[REPLICA 18] Init strategy: random, seed: 313296785
============================================
End time     : Mon Apr 27 11:29:36 EDT 2026
Exit code    : 0
============================================
