============================================
Job ID       : 5442084
Array Task   : 556
Replica ID   : 556
Node         : lri000
Start time   : Fri Apr 17 15:56:56 EDT 2026
============================================
[REPLICA 556] Starting...
  Sequence   : DAYAQWLKDGGPSSGRPPPS
  Forcefield : amber
  Backend    : aer
  Max iter   : 2000
--- INITIALIZING QUANTUM BIOPHYSICS FOLDER (HARDWARE) ---
--- FORCE FIELD: AMBER ---
--- SCOUTING: Checking 50 starting points ---
 > Deterministic Seed: 2158523941 (Derived from Sequence)
 > Best Start Found: Energy 399.85
[REPLICA 556] Init strategy: random, seed: 2158523941
--- STARTING QUANTUM FOLDING (HYBRID PIPELINE) ---
Stage 1: Mechanical Collapse (COBYLA, statevector)...
 > Collapse Energy: 533.57
Stage 2: Physics Refinement (SLSQP, statevector)...
Optimization terminated successfully    (Exit mode 0)
            Current function value: 3513.009173251902
            Iterations: 294
            Function evaluations: 23945
            Gradient evaluations: 294
 > Refinement Energy: 3513.01
Stage 3: Natural Relaxation (SLSQP, statevector)...
Optimization terminated successfully    (Exit mode 0)
            Current function value: 673.6454197890523
            Iterations: 195
            Function evaluations: 15980
            Gradient evaluations: 195
 > Relaxation Energy: 673.65

[EXTRACTION] Mode: sampler → backend='aer_simulator', shots=4096
  Submitting 3 circuits (Z / X / Y bases)...
  Done. Angles extracted from measurement statistics.

[RESULT] Final energy: 673.6454
[REPLICA 556] RMSD: 11.721 Å
[REPLICA 556] Done!
  Energy     : 673.6454
  RMSD       : 11.721 Å
  Runtime    : 768.1s
  Saved to   : outputs/reps_Brickwork_entanglement1/slurm_DAYAQWLKDGGPSSGRPPPS_amber/replica_556/replica_556_result.json
============================================
End time     : Fri Apr 17 16:09:46 EDT 2026
Exit code    : 0
============================================
