============================================
Job ID       : 5427250
Array Task   : 151
Replica ID   : 151
Node         : lri016
Start time   : Wed Apr 15 17:53:10 EDT 2026
============================================
[REPLICA 151] Starting...
  Sequence   : YYDPETGTWY
  Forcefield : amber
  Backend    : aer
  Max iter   : 2000
--- INITIALIZING QUANTUM BIOPHYSICS FOLDER (HARDWARE) ---
--- FORCE FIELD: AMBER ---
--- SCOUTING: Checking 50 starting points ---
 > Deterministic Seed: 313296918 (Derived from Sequence)
 > Best Start Found: Energy 387.98
[REPLICA 151] Init strategy: random, seed: 313296918
--- STARTING QUANTUM FOLDING (HYBRID PIPELINE) ---
Stage 1: Mechanical Collapse (COBYLA, statevector)...
 > Collapse Energy: 909.78
Stage 2: Physics Refinement (SLSQP, statevector)...
Optimization terminated successfully    (Exit mode 0)
            Current function value: 361.7606011528679
            Iterations: 355
            Function evaluations: 18747
            Gradient evaluations: 355
 > Refinement Energy: 361.76
Stage 3: Natural Relaxation (SLSQP, statevector)...
Optimization terminated successfully    (Exit mode 0)
            Current function value: -23.41286184656493
            Iterations: 177
            Function evaluations: 9492
            Gradient evaluations: 177
 > Relaxation Energy: -23.41

[EXTRACTION] Mode: sampler → backend='aer_simulator', shots=4096
  Submitting 3 circuits (Z / X / Y bases)...
  Done. Angles extracted from measurement statistics.

[RESULT] Final energy: -23.4129
[REPLICA 151] RMSD: 4.951 Å
[REPLICA 151] Done!
  Energy     : -23.4129
  RMSD       : 4.951 Å
  Runtime    : 359.0s
  Saved to   : outputs/Reps_qubits_d_2/slurm_YYDPETGTWY_amber/replica_151/replica_151_result.json
============================================
End time     : Wed Apr 15 17:59:11 EDT 2026
Exit code    : 0
============================================
