============================================
Job ID       : 5422379
Array Task   : 727
Replica ID   : 727
Node         : lri016
Start time   : Tue Apr 14 10:19:31 EDT 2026
============================================
[REPLICA 727] Starting...
  Sequence   : YYDPETGTWY
  Forcefield : amber
  Backend    : aer
  Max iter   : 2000
--- INITIALIZING QUANTUM BIOPHYSICS FOLDER (HARDWARE) ---
--- FORCE FIELD: AMBER ---
--- PRIMING CIRCUIT FOR SHEET ---
 > Priming Error: 13.0016
[REPLICA 727] Init strategy: sheet, seed: 313297494
--- STARTING QUANTUM FOLDING (HYBRID PIPELINE) ---
Stage 1: Mechanical Collapse (COBYLA, statevector)...
 > Collapse Energy: 380.44
Stage 2: Physics Refinement (SLSQP, statevector)...
Optimization terminated successfully    (Exit mode 0)
            Current function value: -39.39371352771131
            Iterations: 475
            Function evaluations: 53890
            Gradient evaluations: 475
 > Refinement Energy: -39.39
Stage 3: Natural Relaxation (SLSQP, statevector)...
Optimization terminated successfully    (Exit mode 0)
            Current function value: -53.93572788872376
            Iterations: 235
            Function evaluations: 27252
            Gradient evaluations: 235
 > Relaxation Energy: -53.94

[EXTRACTION] Mode: sampler → backend='aer_simulator', shots=4096
  Submitting 3 circuits (Z / X / Y bases)...
  Done. Angles extracted from measurement statistics.

[RESULT] Final energy: -53.9357
[REPLICA 727] RMSD: 4.155 Å
[REPLICA 727] Done!
  Energy     : -53.9357
  RMSD       : 4.155 Å
  Runtime    : 1511.2s
  Saved to   : outputs/slurm_YYDPETGTWY_amber/replica_727/replica_727_result.json
============================================
End time     : Tue Apr 14 10:44:44 EDT 2026
Exit code    : 0
============================================
