============================================
Job ID       : 5494712
Array Task   : 264
Replica ID   : 264
Node         : lri035
Start time   : Mon Apr 27 11:29:47 EDT 2026
============================================
[REPLICA 264] Starting...
  Sequence     : YYDPETGTWY
  Forcefield   : amber
  Backend      : aer
  Max iter     : 2000
  Skip Stage 2 : False
--- INITIALIZING QUANTUM BIOPHYSICS FOLDER (HARDWARE) ---
--- FORCE FIELD: AMBER ---
[REPLICA 264] Ground truth loaded — 10 CA atoms
--- SCOUTING: Checking 50 starting points ---
 > Deterministic Seed: 313297031 (Derived from Sequence)
 > Best Start Found: Energy 386.89
[REPLICA 264] Init strategy: random, seed: 313297031
============================================
End time     : Mon Apr 27 11:29:49 EDT 2026
Exit code    : 0
============================================
