============================================
Job ID       : 5495167
Array Task   : 163
Replica ID   : 163
Node         : lri027
Start time   : Mon Apr 27 12:54:08 EDT 2026
============================================
[REPLICA 163] Starting...
  Sequence     : YYDPETGTWY
  Forcefield   : amber
  Backend      : aer
  Max iter     : 2000
  Skip Stage 2 : False
--- INITIALIZING QUANTUM BIOPHYSICS FOLDER (HARDWARE) ---
--- FORCE FIELD: AMBER ---
[REPLICA 163] Ground truth loaded — 10 CA atoms
--- SCOUTING: Checking 50 starting points ---
 > Deterministic Seed: 313296930 (Derived from Sequence)
 > Best Start Found: Energy 403.64
[REPLICA 163] Init strategy: random, seed: 313296930
============================================
End time     : Mon Apr 27 12:54:09 EDT 2026
Exit code    : 0
============================================
