============================================
Job ID       : 5494647
Array Task   : 199
Replica ID   : 199
Node         : lri029
Start time   : Mon Apr 27 11:29:41 EDT 2026
============================================
[REPLICA 199] Starting...
  Sequence     : YYDPETGTWY
  Forcefield   : amber
  Backend      : aer
  Max iter     : 2000
  Skip Stage 2 : False
--- INITIALIZING QUANTUM BIOPHYSICS FOLDER (HARDWARE) ---
--- FORCE FIELD: AMBER ---
[REPLICA 199] Ground truth loaded — 10 CA atoms
--- SCOUTING: Checking 50 starting points ---
 > Deterministic Seed: 313296966 (Derived from Sequence)
 > Best Start Found: Energy 395.77
[REPLICA 199] Init strategy: random, seed: 313296966
============================================
End time     : Mon Apr 27 11:29:43 EDT 2026
Exit code    : 0
============================================
