============================================
Job ID       : 5438985
Array Task   : 328
Replica ID   : 328
Node         : lri015
Start time   : Fri Apr 17 08:18:30 EDT 2026
============================================
[REPLICA 328] Starting...
  Sequence   : YYDPETGTWY
  Forcefield : amber
  Backend    : aer
  Max iter   : 2000
--- INITIALIZING QUANTUM BIOPHYSICS FOLDER (HARDWARE) ---
--- FORCE FIELD: AMBER ---
--- SCOUTING: Checking 50 starting points ---
 > Deterministic Seed: 313297095 (Derived from Sequence)
 > Best Start Found: Energy 398.24
[REPLICA 328] Init strategy: random, seed: 313297095
--- STARTING QUANTUM FOLDING (HYBRID PIPELINE) ---
Stage 1: Mechanical Collapse (COBYLA, statevector)...
 > Collapse Energy: 207.84
Stage 2: Physics Refinement (SLSQP, statevector)...
Optimization terminated successfully    (Exit mode 0)
            Current function value: 13.666528287710515
            Iterations: 188
            Function evaluations: 10024
            Gradient evaluations: 188
 > Refinement Energy: 13.67
Stage 3: Natural Relaxation (SLSQP, statevector)...
Optimization terminated successfully    (Exit mode 0)
            Current function value: -16.028562207006733
            Iterations: 152
            Function evaluations: 8263
            Gradient evaluations: 152
 > Relaxation Energy: -16.03

[EXTRACTION] Mode: sampler → backend='aer_simulator', shots=4096
  Submitting 3 circuits (Z / X / Y bases)...
  Done. Angles extracted from measurement statistics.

[RESULT] Final energy: -16.0286
[REPLICA 328] RMSD: 6.420 Å
[REPLICA 328] Done!
  Energy     : -16.0286
  RMSD       : 6.420 Å
  Runtime    : 225.0s
  Saved to   : outputs/reps_Brickwork_entanglement/slurm_YYDPETGTWY_amber/replica_328/replica_328_result.json
============================================
End time     : Fri Apr 17 08:22:17 EDT 2026
Exit code    : 0
============================================
