============================================
Job ID       : 5422546
Array Task   : 796
Replica ID   : 796
Node         : lri016
Start time   : Tue Apr 14 10:45:32 EDT 2026
============================================
[REPLICA 796] Starting...
  Sequence   : YYDPETGTWY
  Forcefield : amber
  Backend    : aer
  Max iter   : 2000
--- INITIALIZING QUANTUM BIOPHYSICS FOLDER (HARDWARE) ---
--- FORCE FIELD: AMBER ---
--- PRIMING CIRCUIT FOR SHEET ---
 > Priming Error: 15.5954
[REPLICA 796] Init strategy: sheet, seed: 313297563
--- STARTING QUANTUM FOLDING (HYBRID PIPELINE) ---
Stage 1: Mechanical Collapse (COBYLA, statevector)...
 > Collapse Energy: 87.73
Stage 2: Physics Refinement (SLSQP, statevector)...
Optimization terminated successfully    (Exit mode 0)
            Current function value: -18.447838897267037
            Iterations: 586
            Function evaluations: 66159
            Gradient evaluations: 586
 > Refinement Energy: -18.45
Stage 3: Natural Relaxation (SLSQP, statevector)...
Optimization terminated successfully    (Exit mode 0)
            Current function value: 142.9823877288314
            Iterations: 611
            Function evaluations: 69006
            Gradient evaluations: 611
 > Relaxation Energy: 142.98

[EXTRACTION] Mode: sampler → backend='aer_simulator', shots=4096
  Submitting 3 circuits (Z / X / Y bases)...
  Done. Angles extracted from measurement statistics.

[RESULT] Final energy: 142.9824
[REPLICA 796] RMSD: 6.286 Å
[REPLICA 796] Done!
  Energy     : 142.9824
  RMSD       : 6.286 Å
  Runtime    : 2488.6s
  Saved to   : outputs/slurm_YYDPETGTWY_amber/replica_796/replica_796_result.json
============================================
End time     : Tue Apr 14 11:27:02 EDT 2026
Exit code    : 0
============================================
