============================================
Job ID       : 5422982
Array Task   : 108
Replica ID   : 108
Node         : lri054
Start time   : Tue Apr 14 14:43:46 EDT 2026
============================================
[REPLICA 108] Starting...
  Sequence   : YYDPETGTWY
  Forcefield : amber
  Backend    : aer
  Max iter   : 2000
--- INITIALIZING QUANTUM BIOPHYSICS FOLDER (HARDWARE) ---
--- FORCE FIELD: AMBER ---
--- SCOUTING: Checking 50 starting points ---
 > Deterministic Seed: 313296875 (Derived from Sequence)
 > Best Start Found: Energy 392.66
[REPLICA 108] Init strategy: random, seed: 313296875
--- STARTING QUANTUM FOLDING (HYBRID PIPELINE) ---
Stage 1: Mechanical Collapse (COBYLA, statevector)...
 > Collapse Energy: 326.71
Stage 2: Physics Refinement (SLSQP, statevector)...
Optimization terminated successfully    (Exit mode 0)
            Current function value: 13.347635458480854
            Iterations: 315
            Function evaluations: 36219
            Gradient evaluations: 315
 > Refinement Energy: 13.35
Stage 3: Natural Relaxation (SLSQP, statevector)...
Optimization terminated successfully    (Exit mode 0)
            Current function value: 36.29641834520517
            Iterations: 243
            Function evaluations: 28227
            Gradient evaluations: 243
 > Relaxation Energy: 36.30

[EXTRACTION] Mode: sampler → backend='aer_simulator', shots=4096
  Submitting 3 circuits (Z / X / Y bases)...
  Done. Angles extracted from measurement statistics.

[RESULT] Final energy: 36.2964
[REPLICA 108] RMSD: 3.963 Å
[REPLICA 108] Done!
  Energy     : 36.2964
  RMSD       : 3.963 Å
  Runtime    : 1295.3s
  Saved to   : outputs/probability_vectors/slurm_YYDPETGTWY_amber/replica_108/replica_108_result.json
============================================
End time     : Tue Apr 14 15:05:24 EDT 2026
Exit code    : 0
============================================
