============================================
Job ID       : 5494745
Array Task   : 297
Replica ID   : 297
Node         : lri068
Start time   : Mon Apr 27 11:29:50 EDT 2026
============================================
[REPLICA 297] Starting...
  Sequence     : YYDPETGTWY
  Forcefield   : amber
  Backend      : aer
  Max iter     : 2000
  Skip Stage 2 : False
--- INITIALIZING QUANTUM BIOPHYSICS FOLDER (HARDWARE) ---
--- FORCE FIELD: AMBER ---
[REPLICA 297] Ground truth loaded — 10 CA atoms
--- SCOUTING: Checking 50 starting points ---
 > Deterministic Seed: 313297064 (Derived from Sequence)
 > Best Start Found: Energy 350.56
[REPLICA 297] Init strategy: random, seed: 313297064
============================================
End time     : Mon Apr 27 11:29:52 EDT 2026
Exit code    : 0
============================================
