============================================
Job ID       : 5429675
Array Task   : 928
Replica ID   : 928
Node         : lri016
Start time   : Wed Apr 15 22:10:49 EDT 2026
============================================
[REPLICA 928] Starting...
  Sequence   : YYDPETGTWY
  Forcefield : amber
  Backend    : aer
  Max iter   : 2000
--- INITIALIZING QUANTUM BIOPHYSICS FOLDER (HARDWARE) ---
--- FORCE FIELD: AMBER ---
--- SCOUTING: Checking 50 starting points ---
 > Deterministic Seed: 313297695 (Derived from Sequence)
 > Best Start Found: Energy 309.49
[REPLICA 928] Init strategy: random, seed: 313297695
--- STARTING QUANTUM FOLDING (HYBRID PIPELINE) ---
Stage 1: Mechanical Collapse (COBYLA, statevector)...
 > Collapse Energy: 161.58
Stage 2: Physics Refinement (SLSQP, statevector)...
Optimization terminated successfully    (Exit mode 0)
            Current function value: 96.52123883683713
            Iterations: 250
            Function evaluations: 13208
            Gradient evaluations: 250
 > Refinement Energy: 96.52
Stage 3: Natural Relaxation (SLSQP, statevector)...
Optimization terminated successfully    (Exit mode 0)
            Current function value: -24.02230762140134
            Iterations: 234
            Function evaluations: 12392
            Gradient evaluations: 234
 > Relaxation Energy: -24.02

[EXTRACTION] Mode: sampler → backend='aer_simulator', shots=4096
  Submitting 3 circuits (Z / X / Y bases)...
  Done. Angles extracted from measurement statistics.

[RESULT] Final energy: -24.0223
[REPLICA 928] RMSD: 6.333 Å
[REPLICA 928] Done!
  Energy     : -24.0223
  RMSD       : 6.333 Å
  Runtime    : 329.6s
  Saved to   : outputs/Reps_qubits_d_2/slurm_YYDPETGTWY_amber/replica_928/replica_928_result.json
============================================
End time     : Wed Apr 15 22:16:20 EDT 2026
Exit code    : 0
============================================
