============================================
Job ID       : 5475095
Array Task   : 919
Replica ID   : 919
Node         : lri012
Start time   : Wed Apr 22 18:05:07 EDT 2026
============================================
[REPLICA 919] Starting...
  Sequence   : YYDPETGTWY
  Forcefield : amber
  Backend    : aer
  Max iter   : 2000
--- INITIALIZING QUANTUM BIOPHYSICS FOLDER (HARDWARE) ---
--- FORCE FIELD: AMBER ---
--- SCOUTING: Checking 50 starting points ---
 > Deterministic Seed: 313297686 (Derived from Sequence)
 > Best Start Found: Energy 371.18
[REPLICA 919] Init strategy: random, seed: 313297686
--- STARTING QUANTUM FOLDING (HYBRID PIPELINE) ---
Stage 1: Mechanical Collapse (COBYLA, statevector)...
 > Collapse Energy: 274.70
Stage 2: Physics Refinement (SLSQP, statevector)...
Optimization terminated successfully    (Exit mode 0)
            Current function value: -16.466056178008426
            Iterations: 263
            Function evaluations: 13881
            Gradient evaluations: 263
 > Refinement Energy: -16.47
Stage 3: Natural Relaxation (SLSQP, statevector)...
Optimization terminated successfully    (Exit mode 0)
            Current function value: 4.60084721038355
            Iterations: 203
            Function evaluations: 10810
            Gradient evaluations: 203
 > Relaxation Energy: 4.60

[EXTRACTION] Mode: sampler → backend='aer_simulator', shots=4096
  Submitting 3 circuits (Z / X / Y bases)...
  Done. Angles extracted from measurement statistics.

[RESULT] Final energy: 4.6008
[SAVED] outputs/reps_Brickwork_entanglement/slurm_YYDPETGTWY_amber/replica_919/replica_919_landscape.png
[REPLICA 919] RMSD: 5.518 Å
[REPLICA 919] Done!
  Energy     : 4.6008
  RMSD       : 5.518 Å
  Runtime    : 299.9s
  Saved to   : outputs/reps_Brickwork_entanglement/slurm_YYDPETGTWY_amber/replica_919/replica_919_result.json
============================================
End time     : Wed Apr 22 18:10:11 EDT 2026
Exit code    : 0
============================================
