============================================
Job ID       : 5495258
Array Task   : 254
Replica ID   : 254
Node         : lri065
Start time   : Mon Apr 27 12:54:13 EDT 2026
============================================
[REPLICA 254] Starting...
  Sequence     : YYDPETGTWY
  Forcefield   : amber
  Backend      : aer
  Max iter     : 2000
  Skip Stage 2 : False
--- INITIALIZING QUANTUM BIOPHYSICS FOLDER (HARDWARE) ---
--- FORCE FIELD: AMBER ---
[REPLICA 254] Ground truth loaded — 10 CA atoms
--- SCOUTING: Checking 50 starting points ---
 > Deterministic Seed: 313297021 (Derived from Sequence)
 > Best Start Found: Energy 419.04
[REPLICA 254] Init strategy: random, seed: 313297021
============================================
End time     : Mon Apr 27 12:54:15 EDT 2026
Exit code    : 0
============================================
