============================================
Job ID       : 5439059
Array Task   : 392
Replica ID   : 392
Node         : lri015
Start time   : Fri Apr 17 08:32:31 EDT 2026
============================================
[REPLICA 392] Starting...
  Sequence   : YYDPETGTWY
  Forcefield : amber
  Backend    : aer
  Max iter   : 2000
--- INITIALIZING QUANTUM BIOPHYSICS FOLDER (HARDWARE) ---
--- FORCE FIELD: AMBER ---
--- SCOUTING: Checking 50 starting points ---
 > Deterministic Seed: 313297159 (Derived from Sequence)
 > Best Start Found: Energy 282.09
[REPLICA 392] Init strategy: random, seed: 313297159
--- STARTING QUANTUM FOLDING (HYBRID PIPELINE) ---
Stage 1: Mechanical Collapse (COBYLA, statevector)...
 > Collapse Energy: 193.97
Stage 2: Physics Refinement (SLSQP, statevector)...
Optimization terminated successfully    (Exit mode 0)
            Current function value: 22.235240125455352
            Iterations: 401
            Function evaluations: 20786
            Gradient evaluations: 401
 > Refinement Energy: 22.24
Stage 3: Natural Relaxation (SLSQP, statevector)...
Optimization terminated successfully    (Exit mode 0)
            Current function value: -12.215164216969706
            Iterations: 125
            Function evaluations: 6950
            Gradient evaluations: 125
 > Relaxation Energy: -12.22

[EXTRACTION] Mode: sampler → backend='aer_simulator', shots=4096
  Submitting 3 circuits (Z / X / Y bases)...
  Done. Angles extracted from measurement statistics.

[RESULT] Final energy: -12.2152
[REPLICA 392] RMSD: 5.885 Å
[REPLICA 392] Done!
  Energy     : -12.2152
  RMSD       : 5.885 Å
  Runtime    : 338.4s
  Saved to   : outputs/reps_Brickwork_entanglement/slurm_YYDPETGTWY_amber/replica_392/replica_392_result.json
============================================
End time     : Fri Apr 17 08:38:11 EDT 2026
Exit code    : 0
============================================
