============================================
Job ID       : 5443265
Array Task   : 868
Replica ID   : 868
Node         : lri054
Start time   : Fri Apr 17 18:19:10 EDT 2026
============================================
[REPLICA 868] Starting...
  Sequence   : DAYAQWLKDGGPSSGRPPPS
  Forcefield : amber
  Backend    : aer
  Max iter   : 2000
--- INITIALIZING QUANTUM BIOPHYSICS FOLDER (HARDWARE) ---
--- FORCE FIELD: AMBER ---
--- SCOUTING: Checking 50 starting points ---
 > Deterministic Seed: 2158524253 (Derived from Sequence)
 > Best Start Found: Energy 524.20
[REPLICA 868] Init strategy: random, seed: 2158524253
--- STARTING QUANTUM FOLDING (HYBRID PIPELINE) ---
Stage 1: Mechanical Collapse (COBYLA, statevector)...
 > Collapse Energy: 770.90
Stage 2: Physics Refinement (SLSQP, statevector)...
Optimization terminated successfully    (Exit mode 0)
            Current function value: -94.73334501841465
            Iterations: 317
            Function evaluations: 24793
            Gradient evaluations: 317
 > Refinement Energy: -94.73
Stage 3: Natural Relaxation (SLSQP, statevector)...
Optimization terminated successfully    (Exit mode 0)
            Current function value: -26.262813692557778
            Iterations: 599
            Function evaluations: 45544
            Gradient evaluations: 599
 > Relaxation Energy: -26.26

[EXTRACTION] Mode: sampler → backend='aer_simulator', shots=4096
  Submitting 3 circuits (Z / X / Y bases)...
  Done. Angles extracted from measurement statistics.

[RESULT] Final energy: -26.2628
[REPLICA 868] RMSD: 6.419 Å
[REPLICA 868] Done!
  Energy     : -26.2628
  RMSD       : 6.419 Å
  Runtime    : 1262.0s
  Saved to   : outputs/reps_Brickwork_entanglement1/slurm_DAYAQWLKDGGPSSGRPPPS_amber/replica_868/replica_868_result.json
============================================
End time     : Fri Apr 17 18:40:13 EDT 2026
Exit code    : 0
============================================
