============================================
Job ID       : 5440392
Array Task   : 294
Replica ID   : 294
Node         : lri014
Start time   : Fri Apr 17 13:48:48 EDT 2026
============================================
[REPLICA 294] Starting...
  Sequence   : DAYAQWLKDGGPSSGRPPPS
  Forcefield : amber
  Backend    : aer
  Max iter   : 2000
--- INITIALIZING QUANTUM BIOPHYSICS FOLDER (HARDWARE) ---
--- FORCE FIELD: AMBER ---
--- SCOUTING: Checking 50 starting points ---
 > Deterministic Seed: 2158523679 (Derived from Sequence)
 > Best Start Found: Energy 469.91
[REPLICA 294] Init strategy: random, seed: 2158523679
--- STARTING QUANTUM FOLDING (HYBRID PIPELINE) ---
Stage 1: Mechanical Collapse (COBYLA, statevector)...
 > Collapse Energy: 758.07
Stage 2: Physics Refinement (SLSQP, statevector)...
Optimization terminated successfully    (Exit mode 0)
            Current function value: -113.8196561230327
            Iterations: 447
            Function evaluations: 34412
            Gradient evaluations: 447
 > Refinement Energy: -113.82
Stage 3: Natural Relaxation (SLSQP, statevector)...
Optimization terminated successfully    (Exit mode 0)
            Current function value: -136.48332092691103
            Iterations: 357
            Function evaluations: 27459
            Gradient evaluations: 357
 > Relaxation Energy: -136.48

[EXTRACTION] Mode: sampler → backend='aer_simulator', shots=4096
  Submitting 3 circuits (Z / X / Y bases)...
  Done. Angles extracted from measurement statistics.

[RESULT] Final energy: -136.4833
[REPLICA 294] RMSD: 6.051 Å
[REPLICA 294] Done!
  Energy     : -136.4833
  RMSD       : 6.051 Å
  Runtime    : 1122.0s
  Saved to   : outputs/reps_Brickwork_entanglement1/slurm_DAYAQWLKDGGPSSGRPPPS_amber/replica_294/replica_294_result.json
============================================
End time     : Fri Apr 17 14:07:32 EDT 2026
Exit code    : 0
============================================
