============================================
Job ID       : 5426791
Array Task   : 742
Replica ID   : 742
Node         : lri016
Start time   : Wed Apr 15 15:55:01 EDT 2026
============================================
[REPLICA 742] Starting...
  Sequence   : YYDPETGTWY
  Forcefield : amber
  Backend    : aer
  Max iter   : 2000
--- INITIALIZING QUANTUM BIOPHYSICS FOLDER (HARDWARE) ---
--- FORCE FIELD: AMBER ---
--- SCOUTING: Checking 50 starting points ---
 > Deterministic Seed: 313297509 (Derived from Sequence)
 > Best Start Found: Energy 287.63
[REPLICA 742] Init strategy: random, seed: 313297509
--- STARTING QUANTUM FOLDING (HYBRID PIPELINE) ---
Stage 1: Mechanical Collapse (COBYLA, statevector)...
 > Collapse Energy: 280.43
Stage 2: Physics Refinement (SLSQP, statevector)...
Optimization terminated successfully    (Exit mode 0)
            Current function value: -35.89893035480667
            Iterations: 253
            Function evaluations: 13434
            Gradient evaluations: 253
 > Refinement Energy: -35.90
Stage 3: Natural Relaxation (SLSQP, statevector)...
Optimization terminated successfully    (Exit mode 0)
            Current function value: -21.446052129920016
            Iterations: 141
            Function evaluations: 7796
            Gradient evaluations: 141
 > Relaxation Energy: -21.45

[EXTRACTION] Mode: sampler → backend='aer_simulator', shots=4096
  Submitting 3 circuits (Z / X / Y bases)...
  Done. Angles extracted from measurement statistics.

[RESULT] Final energy: -21.4461
[REPLICA 742] RMSD: 6.483 Å
[REPLICA 742] Done!
  Energy     : -21.4461
  RMSD       : 6.483 Å
  Runtime    : 275.9s
  Saved to   : outputs/linear_entanglement_1_rep/slurm_YYDPETGTWY_amber/replica_742/replica_742_result.json
============================================
End time     : Wed Apr 15 15:59:38 EDT 2026
Exit code    : 0
============================================
