============================================
Job ID       : 5440517
Array Task   : 372
Replica ID   : 372
Node         : lri014
Start time   : Fri Apr 17 14:28:50 EDT 2026
============================================
[REPLICA 372] Starting...
  Sequence   : DAYAQWLKDGGPSSGRPPPS
  Forcefield : amber
  Backend    : aer
  Max iter   : 2000
--- INITIALIZING QUANTUM BIOPHYSICS FOLDER (HARDWARE) ---
--- FORCE FIELD: AMBER ---
--- SCOUTING: Checking 50 starting points ---
 > Deterministic Seed: 2158523757 (Derived from Sequence)
 > Best Start Found: Energy 468.44
[REPLICA 372] Init strategy: random, seed: 2158523757
--- STARTING QUANTUM FOLDING (HYBRID PIPELINE) ---
Stage 1: Mechanical Collapse (COBYLA, statevector)...
 > Collapse Energy: 1025.25
Stage 2: Physics Refinement (SLSQP, statevector)...
Optimization terminated successfully    (Exit mode 0)
            Current function value: -77.71586032794178
            Iterations: 400
            Function evaluations: 30755
            Gradient evaluations: 400
 > Refinement Energy: -77.72
Stage 3: Natural Relaxation (SLSQP, statevector)...
Optimization terminated successfully    (Exit mode 0)
            Current function value: -142.92301630210778
            Iterations: 591
            Function evaluations: 45065
            Gradient evaluations: 591
 > Relaxation Energy: -142.92

[EXTRACTION] Mode: sampler → backend='aer_simulator', shots=4096
  Submitting 3 circuits (Z / X / Y bases)...
  Done. Angles extracted from measurement statistics.

[RESULT] Final energy: -142.9230
[REPLICA 372] RMSD: 6.540 Å
[REPLICA 372] Done!
  Energy     : -142.9230
  RMSD       : 6.540 Å
  Runtime    : 1394.4s
  Saved to   : outputs/reps_Brickwork_entanglement1/slurm_DAYAQWLKDGGPSSGRPPPS_amber/replica_372/replica_372_result.json
============================================
End time     : Fri Apr 17 14:52:06 EDT 2026
Exit code    : 0
============================================
