============================================
Job ID       : 5496074
Array Task   : 226
Replica ID   : 226
Node         : lri067
Start time   : Mon Apr 27 13:47:17 EDT 2026
============================================
[REPLICA 226] Starting...
  Sequence     : YYDPETGTWY
  Forcefield   : amber
  Backend      : aer
  Max iter     : 2000
  Skip Stage 2 : True
--- INITIALIZING QUANTUM BIOPHYSICS FOLDER (HARDWARE) ---
--- FORCE FIELD: AMBER ---
[REPLICA 226] Ground truth loaded — 10 CA atoms
--- SCOUTING: Checking 50 starting points ---
 > Deterministic Seed: 313296993 (Derived from Sequence)
 > Best Start Found: Energy 358.12
[REPLICA 226] Init strategy: random, seed: 313296993
============================================
End time     : Mon Apr 27 13:47:19 EDT 2026
Exit code    : 0
============================================
