============================================
Job ID       : 5421850
Array Task   : 529
Replica ID   : 529
Node         : lri014
Start time   : Tue Apr 14 08:54:43 EDT 2026
============================================
[REPLICA 529] Starting...
  Sequence   : YYDPETGTWY
  Forcefield : amber
  Backend    : aer
  Max iter   : 2000
--- INITIALIZING QUANTUM BIOPHYSICS FOLDER (HARDWARE) ---
--- FORCE FIELD: AMBER ---
--- PRIMING CIRCUIT FOR SHEET ---
 > Priming Error: 7.5505
[REPLICA 529] Init strategy: sheet, seed: 313297296
--- STARTING QUANTUM FOLDING (HYBRID PIPELINE) ---
Stage 1: Mechanical Collapse (COBYLA, statevector)...
 > Collapse Energy: 406.41
Stage 2: Physics Refinement (SLSQP, statevector)...
Optimization terminated successfully    (Exit mode 0)
            Current function value: -44.493724968548655
            Iterations: 345
            Function evaluations: 39660
            Gradient evaluations: 345
 > Refinement Energy: -44.49
Stage 3: Natural Relaxation (SLSQP, statevector)...
Optimization terminated successfully    (Exit mode 0)
            Current function value: -123.10871682802731
            Iterations: 311
            Function evaluations: 35618
            Gradient evaluations: 311
 > Relaxation Energy: -123.11

[EXTRACTION] Mode: sampler → backend='aer_simulator', shots=4096
  Submitting 3 circuits (Z / X / Y bases)...
  Done. Angles extracted from measurement statistics.

[RESULT] Final energy: -123.1087
[REPLICA 529] RMSD: 4.381 Å
[REPLICA 529] Done!
  Energy     : -123.1087
  RMSD       : 4.381 Å
  Runtime    : 1338.9s
  Saved to   : outputs/slurm_YYDPETGTWY_amber/replica_529/replica_529_result.json
============================================
End time     : Tue Apr 14 09:17:04 EDT 2026
Exit code    : 0
============================================
