============================================
Job ID       : 5496233
Array Task   : 385
Replica ID   : 385
Node         : lri068
Start time   : Mon Apr 27 13:47:23 EDT 2026
============================================
[REPLICA 385] Starting...
  Sequence     : YYDPETGTWY
  Forcefield   : amber
  Backend      : aer
  Max iter     : 2000
  Skip Stage 2 : True
--- INITIALIZING QUANTUM BIOPHYSICS FOLDER (HARDWARE) ---
--- FORCE FIELD: AMBER ---
[REPLICA 385] Ground truth loaded — 10 CA atoms
--- SCOUTING: Checking 50 starting points ---
 > Deterministic Seed: 313297152 (Derived from Sequence)
 > Best Start Found: Energy 232.51
[REPLICA 385] Init strategy: random, seed: 313297152
============================================
End time     : Mon Apr 27 13:47:25 EDT 2026
Exit code    : 0
============================================
