============================================
Job ID       : 5496043
Array Task   : 195
Replica ID   : 195
Node         : lri027
Start time   : Mon Apr 27 13:47:17 EDT 2026
============================================
[REPLICA 195] Starting...
  Sequence     : YYDPETGTWY
  Forcefield   : amber
  Backend      : aer
  Max iter     : 2000
  Skip Stage 2 : True
--- INITIALIZING QUANTUM BIOPHYSICS FOLDER (HARDWARE) ---
--- FORCE FIELD: AMBER ---
[REPLICA 195] Ground truth loaded — 10 CA atoms
--- SCOUTING: Checking 50 starting points ---
 > Deterministic Seed: 313296962 (Derived from Sequence)
 > Best Start Found: Energy 520.81
[REPLICA 195] Init strategy: random, seed: 313296962
============================================
End time     : Mon Apr 27 13:47:19 EDT 2026
Exit code    : 0
============================================
