============================================
Job ID       : 5425599
Array Task   : 123
Replica ID   : 123
Node         : lri016
Start time   : Wed Apr 15 13:02:48 EDT 2026
============================================
[REPLICA 123] Starting...
  Sequence   : YYDPETGTWY
  Forcefield : amber
  Backend    : aer
  Max iter   : 2000
--- INITIALIZING QUANTUM BIOPHYSICS FOLDER (HARDWARE) ---
--- FORCE FIELD: AMBER ---
--- SCOUTING: Checking 50 starting points ---
 > Deterministic Seed: 313296890 (Derived from Sequence)
 > Best Start Found: Energy 452.37
[REPLICA 123] Init strategy: random, seed: 313296890
--- STARTING QUANTUM FOLDING (HYBRID PIPELINE) ---
Stage 1: Mechanical Collapse (COBYLA, statevector)...
 > Collapse Energy: 515.10
Stage 2: Physics Refinement (SLSQP, statevector)...
Optimization terminated successfully    (Exit mode 0)
            Current function value: 73.9955747390428
            Iterations: 186
            Function evaluations: 10079
            Gradient evaluations: 186
 > Refinement Energy: 74.00
Stage 3: Natural Relaxation (SLSQP, statevector)...
Optimization terminated successfully    (Exit mode 0)
            Current function value: 73.71673620401751
            Iterations: 378
            Function evaluations: 19741
            Gradient evaluations: 378
 > Relaxation Energy: 73.72

[EXTRACTION] Mode: sampler → backend='aer_simulator', shots=4096
  Submitting 3 circuits (Z / X / Y bases)...
  Done. Angles extracted from measurement statistics.

[RESULT] Final energy: 73.7167
[REPLICA 123] RMSD: 5.495 Å
[REPLICA 123] Done!
  Energy     : 73.7167
  RMSD       : 5.495 Å
  Runtime    : 397.0s
  Saved to   : outputs/linear_entanglement_1_rep/slurm_YYDPETGTWY_amber/replica_123/replica_123_result.json
============================================
End time     : Wed Apr 15 13:09:26 EDT 2026
Exit code    : 0
============================================
