============================================
Job ID       : 5425928
Array Task   : 324
Replica ID   : 324
Node         : lri054
Start time   : Wed Apr 15 13:56:54 EDT 2026
============================================
[REPLICA 324] Starting...
  Sequence   : YYDPETGTWY
  Forcefield : amber
  Backend    : aer
  Max iter   : 2000
--- INITIALIZING QUANTUM BIOPHYSICS FOLDER (HARDWARE) ---
--- FORCE FIELD: AMBER ---
--- SCOUTING: Checking 50 starting points ---
 > Deterministic Seed: 313297091 (Derived from Sequence)
 > Best Start Found: Energy 324.00
[REPLICA 324] Init strategy: random, seed: 313297091
--- STARTING QUANTUM FOLDING (HYBRID PIPELINE) ---
Stage 1: Mechanical Collapse (COBYLA, statevector)...
 > Collapse Energy: 593.79
Stage 2: Physics Refinement (SLSQP, statevector)...
Optimization terminated successfully    (Exit mode 0)
            Current function value: 174.16098382551874
            Iterations: 186
            Function evaluations: 10128
            Gradient evaluations: 186
 > Refinement Energy: 174.16
Stage 3: Natural Relaxation (SLSQP, statevector)...
Optimization terminated successfully    (Exit mode 0)
            Current function value: -33.24585532346586
            Iterations: 167
            Function evaluations: 8951
            Gradient evaluations: 167
 > Relaxation Energy: -33.25

[EXTRACTION] Mode: sampler → backend='aer_simulator', shots=4096
  Submitting 3 circuits (Z / X / Y bases)...
  Done. Angles extracted from measurement statistics.

[RESULT] Final energy: -33.2459
[REPLICA 324] RMSD: 4.989 Å
[REPLICA 324] Done!
  Energy     : -33.2459
  RMSD       : 4.989 Å
  Runtime    : 246.3s
  Saved to   : outputs/linear_entanglement_1_rep/slurm_YYDPETGTWY_amber/replica_324/replica_324_result.json
============================================
End time     : Wed Apr 15 14:01:01 EDT 2026
Exit code    : 0
============================================
