============================================
Job ID       : 5481004
Array Task   : 349
Replica ID   : 349
Node         : lri059
Start time   : Thu Apr 23 11:53:50 EDT 2026
============================================
[REPLICA 349] Starting...
  Sequence   : YYDPETGTWY
  Forcefield : amber
  Backend    : aer
  Max iter   : 20
--- INITIALIZING QUANTUM BIOPHYSICS FOLDER (HARDWARE) ---
--- FORCE FIELD: AMBER ---
--- SCOUTING: Checking 50 starting points ---
 > Deterministic Seed: 313297116 (Derived from Sequence)
 > Best Start Found: Energy 430.40
[REPLICA 349] Init strategy: random, seed: 313297116
--- STARTING QUANTUM FOLDING (HYBRID PIPELINE) ---
Stage 1: Mechanical Collapse (COBYLA, statevector)...
 > Collapse Energy: 2260.02
Stage 2: Physics Refinement (SLSQP, statevector)...
Iteration limit reached    (Exit mode 9)
            Current function value: 2748.262691672555
            Iterations: 20
            Function evaluations: 1170
            Gradient evaluations: 20
 > Refinement Energy: 2748.26
Stage 3: Natural Relaxation (SLSQP, statevector)...
Iteration limit reached    (Exit mode 9)
            Current function value: 708.0870752927973
            Iterations: 20
            Function evaluations: 1170
            Gradient evaluations: 20
 > Relaxation Energy: 708.09

[EXTRACTION] Mode: sampler → backend='aer_simulator', shots=4096
  Submitting 3 circuits (Z / X / Y bases)...
  Done. Angles extracted from measurement statistics.

[RESULT] Final energy: 708.0871
[REPLICA 349] Tracker saved → outputs/energy_reps_Brickwork_entanglement11/slurm_YYDPETGTWY_amber/replica_349/replica_349_tracker.json
[SAVED] outputs/energy_reps_Brickwork_entanglement11/slurm_YYDPETGTWY_amber/replica_349/replica_349_landscape.png
[REPLICA 349] RMSD: 4.683 Å
[REPLICA 349] Done!
  Energy     : 708.0871
  RMSD       : 4.683 Å
  Runtime    : 30.6s
  Saved to   : outputs/energy_reps_Brickwork_entanglement11/slurm_YYDPETGTWY_amber/replica_349/replica_349_result.json
============================================
End time     : Thu Apr 23 11:54:25 EDT 2026
Exit code    : 0
============================================
