============================================
Job ID       : 5496203
Array Task   : 355
Replica ID   : 355
Node         : lri056
Start time   : Mon Apr 27 13:47:23 EDT 2026
============================================
[REPLICA 355] Starting...
  Sequence     : YYDPETGTWY
  Forcefield   : amber
  Backend      : aer
  Max iter     : 2000
  Skip Stage 2 : True
--- INITIALIZING QUANTUM BIOPHYSICS FOLDER (HARDWARE) ---
--- FORCE FIELD: AMBER ---
[REPLICA 355] Ground truth loaded — 10 CA atoms
--- SCOUTING: Checking 50 starting points ---
 > Deterministic Seed: 313297122 (Derived from Sequence)
 > Best Start Found: Energy 363.76
[REPLICA 355] Init strategy: random, seed: 313297122
============================================
End time     : Mon Apr 27 13:47:25 EDT 2026
Exit code    : 0
============================================
