============================================
Job ID       : 5440598
Array Task   : 429
Replica ID   : 429
Node         : lri015
Start time   : Fri Apr 17 14:56:52 EDT 2026
============================================
[REPLICA 429] Starting...
  Sequence   : DAYAQWLKDGGPSSGRPPPS
  Forcefield : amber
  Backend    : aer
  Max iter   : 2000
--- INITIALIZING QUANTUM BIOPHYSICS FOLDER (HARDWARE) ---
--- FORCE FIELD: AMBER ---
--- SCOUTING: Checking 50 starting points ---
 > Deterministic Seed: 2158523814 (Derived from Sequence)
 > Best Start Found: Energy 385.76
[REPLICA 429] Init strategy: random, seed: 2158523814
--- STARTING QUANTUM FOLDING (HYBRID PIPELINE) ---
Stage 1: Mechanical Collapse (COBYLA, statevector)...
 > Collapse Energy: 280.16
Stage 2: Physics Refinement (SLSQP, statevector)...
Optimization terminated successfully    (Exit mode 0)
            Current function value: -5.372953736768919
            Iterations: 420
            Function evaluations: 32325
            Gradient evaluations: 420
 > Refinement Energy: -5.37
Stage 3: Natural Relaxation (SLSQP, statevector)...
Optimization terminated successfully    (Exit mode 0)
            Current function value: -27.035682914970234
            Iterations: 364
            Function evaluations: 28094
            Gradient evaluations: 364
 > Relaxation Energy: -27.04

[EXTRACTION] Mode: sampler → backend='aer_simulator', shots=4096
  Submitting 3 circuits (Z / X / Y bases)...
  Done. Angles extracted from measurement statistics.

[RESULT] Final energy: -27.0357
[REPLICA 429] RMSD: 8.403 Å
[REPLICA 429] Done!
  Energy     : -27.0357
  RMSD       : 8.403 Å
  Runtime    : 1155.4s
  Saved to   : outputs/reps_Brickwork_entanglement1/slurm_DAYAQWLKDGGPSSGRPPPS_amber/replica_429/replica_429_result.json
============================================
End time     : Fri Apr 17 15:16:08 EDT 2026
Exit code    : 0
============================================
