============================================
Job ID       : 5424673
Array Task   : 597
Replica ID   : 597
Node         : lri054
Start time   : Tue Apr 14 21:14:17 EDT 2026
============================================
[REPLICA 597] Starting...
  Sequence   : YYDPETGTWY
  Forcefield : amber
  Backend    : aer
  Max iter   : 2000
--- INITIALIZING QUANTUM BIOPHYSICS FOLDER (HARDWARE) ---
--- FORCE FIELD: AMBER ---
--- SCOUTING: Checking 50 starting points ---
 > Deterministic Seed: 313297364 (Derived from Sequence)
 > Best Start Found: Energy 514.88
[REPLICA 597] Init strategy: random, seed: 313297364
--- STARTING QUANTUM FOLDING (HYBRID PIPELINE) ---
Stage 1: Mechanical Collapse (COBYLA, statevector)...
 > Collapse Energy: 214.03
Stage 2: Physics Refinement (SLSQP, statevector)...
Optimization terminated successfully    (Exit mode 0)
            Current function value: -48.35064058180473
            Iterations: 513
            Function evaluations: 58301
            Gradient evaluations: 513
 > Refinement Energy: -48.35
Stage 3: Natural Relaxation (SLSQP, statevector)...
Optimization terminated successfully    (Exit mode 0)
            Current function value: 40.46295838591488
            Iterations: 365
            Function evaluations: 41800
            Gradient evaluations: 365
 > Relaxation Energy: 40.46

[EXTRACTION] Mode: sampler → backend='aer_simulator', shots=4096
  Submitting 3 circuits (Z / X / Y bases)...
  Done. Angles extracted from measurement statistics.

[RESULT] Final energy: 40.4630
[REPLICA 597] RMSD: 5.955 Å
[REPLICA 597] Done!
  Energy     : 40.4630
  RMSD       : 5.955 Å
  Runtime    : 1736.2s
  Saved to   : outputs/only_random_strategy/slurm_YYDPETGTWY_amber/replica_597/replica_597_result.json
============================================
End time     : Tue Apr 14 21:43:15 EDT 2026
Exit code    : 0
============================================
