============================================
Job ID       : 5440209
Array Task   : 187
Replica ID   : 187
Node         : lri014
Start time   : Fri Apr 17 12:42:44 EDT 2026
============================================
[REPLICA 187] Starting...
  Sequence   : DAYAQWLKDGGPSSGRPPPS
  Forcefield : amber
  Backend    : aer
  Max iter   : 2000
--- INITIALIZING QUANTUM BIOPHYSICS FOLDER (HARDWARE) ---
--- FORCE FIELD: AMBER ---
--- SCOUTING: Checking 50 starting points ---
 > Deterministic Seed: 2158523572 (Derived from Sequence)
 > Best Start Found: Energy 365.81
[REPLICA 187] Init strategy: random, seed: 2158523572
--- STARTING QUANTUM FOLDING (HYBRID PIPELINE) ---
Stage 1: Mechanical Collapse (COBYLA, statevector)...
 > Collapse Energy: 547.75
Stage 2: Physics Refinement (SLSQP, statevector)...
Optimization terminated successfully    (Exit mode 0)
            Current function value: -90.55003028605321
            Iterations: 225
            Function evaluations: 17846
            Gradient evaluations: 225
 > Refinement Energy: -90.55
Stage 3: Natural Relaxation (SLSQP, statevector)...
Optimization terminated successfully    (Exit mode 0)
            Current function value: 22.84008508419435
            Iterations: 194
            Function evaluations: 15440
            Gradient evaluations: 194
 > Relaxation Energy: 22.84

[EXTRACTION] Mode: sampler → backend='aer_simulator', shots=4096
  Submitting 3 circuits (Z / X / Y bases)...
  Done. Angles extracted from measurement statistics.

[RESULT] Final energy: 22.8401
[REPLICA 187] RMSD: 4.053 Å
[REPLICA 187] Done!
  Energy     : 22.8401
  RMSD       : 4.053 Å
  Runtime    : 615.4s
  Saved to   : outputs/reps_Brickwork_entanglement1/slurm_DAYAQWLKDGGPSSGRPPPS_amber/replica_187/replica_187_result.json
============================================
End time     : Fri Apr 17 12:53:00 EDT 2026
Exit code    : 0
============================================
