============================================
Job ID       : 5480953
Array Task   : 299
Replica ID   : 299
Node         : lri066
Start time   : Thu Apr 23 11:53:29 EDT 2026
============================================
[REPLICA 299] Starting...
  Sequence   : YYDPETGTWY
  Forcefield : amber
  Backend    : aer
  Max iter   : 20
--- INITIALIZING QUANTUM BIOPHYSICS FOLDER (HARDWARE) ---
--- FORCE FIELD: AMBER ---
--- SCOUTING: Checking 50 starting points ---
 > Deterministic Seed: 313297066 (Derived from Sequence)
 > Best Start Found: Energy 307.43
[REPLICA 299] Init strategy: random, seed: 313297066
--- STARTING QUANTUM FOLDING (HYBRID PIPELINE) ---
Stage 1: Mechanical Collapse (COBYLA, statevector)...
 > Collapse Energy: 734.47
Stage 2: Physics Refinement (SLSQP, statevector)...
Iteration limit reached    (Exit mode 9)
            Current function value: 7791.659982314479
            Iterations: 20
            Function evaluations: 1170
            Gradient evaluations: 20
 > Refinement Energy: 7791.66
Stage 3: Natural Relaxation (SLSQP, statevector)...
Iteration limit reached    (Exit mode 9)
            Current function value: 528.6909377935109
            Iterations: 20
            Function evaluations: 1169
            Gradient evaluations: 20
 > Relaxation Energy: 528.69

[EXTRACTION] Mode: sampler → backend='aer_simulator', shots=4096
  Submitting 3 circuits (Z / X / Y bases)...
  Done. Angles extracted from measurement statistics.

[RESULT] Final energy: 528.6909
[REPLICA 299] Tracker saved → outputs/energy_reps_Brickwork_entanglement11/slurm_YYDPETGTWY_amber/replica_299/replica_299_tracker.json
[SAVED] outputs/energy_reps_Brickwork_entanglement11/slurm_YYDPETGTWY_amber/replica_299/replica_299_landscape.png
[REPLICA 299] RMSD: 6.072 Å
[REPLICA 299] Done!
  Energy     : 528.6909
  RMSD       : 6.072 Å
  Runtime    : 29.9s
  Saved to   : outputs/energy_reps_Brickwork_entanglement11/slurm_YYDPETGTWY_amber/replica_299/replica_299_result.json
============================================
End time     : Thu Apr 23 11:54:00 EDT 2026
Exit code    : 0
============================================
