============================================
Job ID       : 5423935
Array Task   : 889
Replica ID   : 889
Node         : lri015
Start time   : Tue Apr 14 18:44:06 EDT 2026
============================================
[REPLICA 889] Starting...
  Sequence   : YYDPETGTWY
  Forcefield : amber
  Backend    : aer
  Max iter   : 2000
--- INITIALIZING QUANTUM BIOPHYSICS FOLDER (HARDWARE) ---
--- FORCE FIELD: AMBER ---
--- SCOUTING: Checking 50 starting points ---
 > Deterministic Seed: 313297656 (Derived from Sequence)
 > Best Start Found: Energy 394.06
[REPLICA 889] Init strategy: random, seed: 313297656
--- STARTING QUANTUM FOLDING (HYBRID PIPELINE) ---
Stage 1: Mechanical Collapse (COBYLA, statevector)...
 > Collapse Energy: 236.99
Stage 2: Physics Refinement (SLSQP, statevector)...
Optimization terminated successfully    (Exit mode 0)
            Current function value: 16.53636168643043
            Iterations: 304
            Function evaluations: 35222
            Gradient evaluations: 304
 > Refinement Energy: 16.54
Stage 3: Natural Relaxation (SLSQP, statevector)...
Optimization terminated successfully    (Exit mode 0)
            Current function value: -71.70489816953139
            Iterations: 251
            Function evaluations: 29082
            Gradient evaluations: 251
 > Relaxation Energy: -71.70

[EXTRACTION] Mode: sampler → backend='aer_simulator', shots=4096
  Submitting 3 circuits (Z / X / Y bases)...
  Done. Angles extracted from measurement statistics.

[RESULT] Final energy: -71.7049
[REPLICA 889] RMSD: 6.148 Å
[REPLICA 889] Done!
  Energy     : -71.7049
  RMSD       : 6.148 Å
  Runtime    : 1170.5s
  Saved to   : outputs/probability_vectors/slurm_YYDPETGTWY_amber/replica_889/replica_889_result.json
============================================
End time     : Tue Apr 14 19:03:37 EDT 2026
Exit code    : 0
============================================
