============================================
Job ID       : 5495516
Array Task   : 69
Replica ID   : 69
Node         : lri065
Start time   : Mon Apr 27 13:44:54 EDT 2026
============================================
[REPLICA 69] Starting...
  Sequence     : YYDPETGTWY
  Forcefield   : amber
  Backend      : aer
  Max iter     : 2000
  Skip Stage 2 : False
--- INITIALIZING QUANTUM BIOPHYSICS FOLDER (HARDWARE) ---
--- FORCE FIELD: AMBER ---
[REPLICA 69] Ground truth loaded — 10 CA atoms
--- SCOUTING: Checking 50 starting points ---
 > Deterministic Seed: 313296836 (Derived from Sequence)
 > Best Start Found: Energy 329.60
[REPLICA 69] Init strategy: random, seed: 313296836
============================================
End time     : Mon Apr 27 13:44:56 EDT 2026
Exit code    : 0
============================================
