============================================
Job ID       : 5494532
Array Task   : 84
Replica ID   : 84
Node         : lri041
Start time   : Mon Apr 27 11:29:30 EDT 2026
============================================
[REPLICA 84] Starting...
  Sequence     : YYDPETGTWY
  Forcefield   : amber
  Backend      : aer
  Max iter     : 2000
  Skip Stage 2 : False
--- INITIALIZING QUANTUM BIOPHYSICS FOLDER (HARDWARE) ---
--- FORCE FIELD: AMBER ---
[REPLICA 84] Ground truth loaded — 10 CA atoms
--- SCOUTING: Checking 50 starting points ---
 > Deterministic Seed: 313296851 (Derived from Sequence)
 > Best Start Found: Energy 400.41
[REPLICA 84] Init strategy: random, seed: 313296851
============================================
End time     : Mon Apr 27 11:29:36 EDT 2026
Exit code    : 0
============================================
