============================================
Job ID       : 5496211
Array Task   : 363
Replica ID   : 363
Node         : lri066
Start time   : Mon Apr 27 13:47:23 EDT 2026
============================================
[REPLICA 363] Starting...
  Sequence     : YYDPETGTWY
  Forcefield   : amber
  Backend      : aer
  Max iter     : 2000
  Skip Stage 2 : True
--- INITIALIZING QUANTUM BIOPHYSICS FOLDER (HARDWARE) ---
--- FORCE FIELD: AMBER ---
[REPLICA 363] Ground truth loaded — 10 CA atoms
--- SCOUTING: Checking 50 starting points ---
 > Deterministic Seed: 313297130 (Derived from Sequence)
 > Best Start Found: Energy 380.96
[REPLICA 363] Init strategy: random, seed: 313297130
============================================
End time     : Mon Apr 27 13:47:25 EDT 2026
Exit code    : 0
============================================
