============================================
Job ID       : 5494489
Array Task   : 41
Replica ID   : 41
Node         : lri031
Start time   : Mon Apr 27 11:29:22 EDT 2026
============================================
[REPLICA 41] Starting...
  Sequence     : YYDPETGTWY
  Forcefield   : amber
  Backend      : aer
  Max iter     : 2000
  Skip Stage 2 : False
--- INITIALIZING QUANTUM BIOPHYSICS FOLDER (HARDWARE) ---
--- FORCE FIELD: AMBER ---
[REPLICA 41] Ground truth loaded — 10 CA atoms
--- SCOUTING: Checking 50 starting points ---
 > Deterministic Seed: 313296808 (Derived from Sequence)
 > Best Start Found: Energy 226.09
[REPLICA 41] Init strategy: random, seed: 313296808
============================================
End time     : Mon Apr 27 11:29:36 EDT 2026
Exit code    : 0
============================================
