============================================
Job ID       : 5440052
Array Task   : 90
Replica ID   : 90
Node         : lri054
Start time   : Fri Apr 17 11:34:41 EDT 2026
============================================
[REPLICA 90] Starting...
  Sequence   : DAYAQWLKDGGPSSGRPPPS
  Forcefield : amber
  Backend    : aer
  Max iter   : 2000
--- INITIALIZING QUANTUM BIOPHYSICS FOLDER (HARDWARE) ---
--- FORCE FIELD: AMBER ---
--- SCOUTING: Checking 50 starting points ---
 > Deterministic Seed: 2158523475 (Derived from Sequence)
 > Best Start Found: Energy 546.66
[REPLICA 90] Init strategy: random, seed: 2158523475
--- STARTING QUANTUM FOLDING (HYBRID PIPELINE) ---
Stage 1: Mechanical Collapse (COBYLA, statevector)...
 > Collapse Energy: 392.18
Stage 2: Physics Refinement (SLSQP, statevector)...
Optimization terminated successfully    (Exit mode 0)
            Current function value: 40.53221514376194
            Iterations: 186
            Function evaluations: 14810
            Gradient evaluations: 186
 > Refinement Energy: 40.53
Stage 3: Natural Relaxation (SLSQP, statevector)...
Optimization terminated successfully    (Exit mode 0)
            Current function value: -96.3917950111923
            Iterations: 426
            Function evaluations: 32708
            Gradient evaluations: 426
 > Relaxation Energy: -96.39

[EXTRACTION] Mode: sampler → backend='aer_simulator', shots=4096
  Submitting 3 circuits (Z / X / Y bases)...
  Done. Angles extracted from measurement statistics.

[RESULT] Final energy: -96.3918
[REPLICA 90] RMSD: 5.834 Å
[REPLICA 90] Done!
  Energy     : -96.3918
  RMSD       : 5.834 Å
  Runtime    : 876.9s
  Saved to   : outputs/reps_Brickwork_entanglement1/slurm_DAYAQWLKDGGPSSGRPPPS_amber/replica_90/replica_90_result.json
============================================
End time     : Fri Apr 17 11:49:19 EDT 2026
Exit code    : 0
============================================
