============================================
Job ID       : 5442988
Array Task   : 761
Replica ID   : 761
Node         : lri015
Start time   : Fri Apr 17 17:33:05 EDT 2026
============================================
[REPLICA 761] Starting...
  Sequence   : DAYAQWLKDGGPSSGRPPPS
  Forcefield : amber
  Backend    : aer
  Max iter   : 2000
--- INITIALIZING QUANTUM BIOPHYSICS FOLDER (HARDWARE) ---
--- FORCE FIELD: AMBER ---
--- SCOUTING: Checking 50 starting points ---
 > Deterministic Seed: 2158524146 (Derived from Sequence)
 > Best Start Found: Energy 562.17
[REPLICA 761] Init strategy: random, seed: 2158524146
--- STARTING QUANTUM FOLDING (HYBRID PIPELINE) ---
Stage 1: Mechanical Collapse (COBYLA, statevector)...
 > Collapse Energy: 374.78
Stage 2: Physics Refinement (SLSQP, statevector)...
Optimization terminated successfully    (Exit mode 0)
            Current function value: 46.25214521024395
            Iterations: 256
            Function evaluations: 20125
            Gradient evaluations: 256
 > Refinement Energy: 46.25
Stage 3: Natural Relaxation (SLSQP, statevector)...
Optimization terminated successfully    (Exit mode 0)
            Current function value: -156.2986252258183
            Iterations: 327
            Function evaluations: 25381
            Gradient evaluations: 327
 > Relaxation Energy: -156.30

[EXTRACTION] Mode: sampler → backend='aer_simulator', shots=4096
  Submitting 3 circuits (Z / X / Y bases)...
  Done. Angles extracted from measurement statistics.

[RESULT] Final energy: -156.2986
[REPLICA 761] RMSD: 5.464 Å
[REPLICA 761] Done!
  Energy     : -156.2986
  RMSD       : 5.464 Å
  Runtime    : 831.8s
  Saved to   : outputs/reps_Brickwork_entanglement1/slurm_DAYAQWLKDGGPSSGRPPPS_amber/replica_761/replica_761_result.json
============================================
End time     : Fri Apr 17 17:46:58 EDT 2026
Exit code    : 0
============================================
