============================================
Job ID       : 5495494
Array Task   : 47
Replica ID   : 47
Node         : lri068
Start time   : Mon Apr 27 13:44:52 EDT 2026
============================================
[REPLICA 47] Starting...
  Sequence     : YYDPETGTWY
  Forcefield   : amber
  Backend      : aer
  Max iter     : 2000
  Skip Stage 2 : False
--- INITIALIZING QUANTUM BIOPHYSICS FOLDER (HARDWARE) ---
--- FORCE FIELD: AMBER ---
[REPLICA 47] Ground truth loaded — 10 CA atoms
--- SCOUTING: Checking 50 starting points ---
 > Deterministic Seed: 313296814 (Derived from Sequence)
 > Best Start Found: Energy 379.71
[REPLICA 47] Init strategy: random, seed: 313296814
============================================
End time     : Mon Apr 27 13:44:54 EDT 2026
Exit code    : 0
============================================
