============================================
Job ID       : 5427468
Array Task   : 302
Replica ID   : 302
Node         : lri014
Start time   : Wed Apr 15 18:45:13 EDT 2026
============================================
[REPLICA 302] Starting...
  Sequence   : YYDPETGTWY
  Forcefield : amber
  Backend    : aer
  Max iter   : 2000
--- INITIALIZING QUANTUM BIOPHYSICS FOLDER (HARDWARE) ---
--- FORCE FIELD: AMBER ---
--- SCOUTING: Checking 50 starting points ---
 > Deterministic Seed: 313297069 (Derived from Sequence)
 > Best Start Found: Energy 482.18
[REPLICA 302] Init strategy: random, seed: 313297069
--- STARTING QUANTUM FOLDING (HYBRID PIPELINE) ---
Stage 1: Mechanical Collapse (COBYLA, statevector)...
 > Collapse Energy: 199.56
Stage 2: Physics Refinement (SLSQP, statevector)...
Optimization terminated successfully    (Exit mode 0)
            Current function value: 82.48079732644365
            Iterations: 161
            Function evaluations: 8752
            Gradient evaluations: 161
 > Refinement Energy: 82.48
Stage 3: Natural Relaxation (SLSQP, statevector)...
Optimization terminated successfully    (Exit mode 0)
            Current function value: -37.569201140458134
            Iterations: 430
            Function evaluations: 22432
            Gradient evaluations: 430
 > Relaxation Energy: -37.57

[EXTRACTION] Mode: sampler → backend='aer_simulator', shots=4096
  Submitting 3 circuits (Z / X / Y bases)...
  Done. Angles extracted from measurement statistics.

[RESULT] Final energy: -37.5692
[REPLICA 302] RMSD: 4.606 Å
[REPLICA 302] Done!
  Energy     : -37.5692
  RMSD       : 4.606 Å
  Runtime    : 390.8s
  Saved to   : outputs/Reps_qubits_d_2/slurm_YYDPETGTWY_amber/replica_302/replica_302_result.json
============================================
End time     : Wed Apr 15 18:51:45 EDT 2026
Exit code    : 0
============================================
