============================================
Job ID       : 5480974
Array Task   : 319
Replica ID   : 319
Node         : lri055
Start time   : Thu Apr 23 11:53:41 EDT 2026
============================================
[REPLICA 319] Starting...
  Sequence   : YYDPETGTWY
  Forcefield : amber
  Backend    : aer
  Max iter   : 20
--- INITIALIZING QUANTUM BIOPHYSICS FOLDER (HARDWARE) ---
--- FORCE FIELD: AMBER ---
--- SCOUTING: Checking 50 starting points ---
 > Deterministic Seed: 313297086 (Derived from Sequence)
 > Best Start Found: Energy 449.50
[REPLICA 319] Init strategy: random, seed: 313297086
--- STARTING QUANTUM FOLDING (HYBRID PIPELINE) ---
Stage 1: Mechanical Collapse (COBYLA, statevector)...
 > Collapse Energy: 897.99
Stage 2: Physics Refinement (SLSQP, statevector)...
Iteration limit reached    (Exit mode 9)
            Current function value: 11216.919987625046
            Iterations: 20
            Function evaluations: 1170
            Gradient evaluations: 20
 > Refinement Energy: 11216.92
Stage 3: Natural Relaxation (SLSQP, statevector)...
Iteration limit reached    (Exit mode 9)
            Current function value: 752.2526502303481
            Iterations: 20
            Function evaluations: 1170
            Gradient evaluations: 20
 > Relaxation Energy: 752.25

[EXTRACTION] Mode: sampler → backend='aer_simulator', shots=4096
  Submitting 3 circuits (Z / X / Y bases)...
  Done. Angles extracted from measurement statistics.

[RESULT] Final energy: 752.2527
[REPLICA 319] Tracker saved → outputs/energy_reps_Brickwork_entanglement11/slurm_YYDPETGTWY_amber/replica_319/replica_319_tracker.json
[SAVED] outputs/energy_reps_Brickwork_entanglement11/slurm_YYDPETGTWY_amber/replica_319/replica_319_landscape.png
[REPLICA 319] RMSD: 4.857 Å
[REPLICA 319] Done!
  Energy     : 752.2527
  RMSD       : 4.857 Å
  Runtime    : 29.8s
  Saved to   : outputs/energy_reps_Brickwork_entanglement11/slurm_YYDPETGTWY_amber/replica_319/replica_319_result.json
============================================
End time     : Thu Apr 23 11:54:12 EDT 2026
Exit code    : 0
============================================
