============================================
Job ID       : 5496022
Array Task   : 174
Replica ID   : 174
Node         : lri033
Start time   : Mon Apr 27 13:47:17 EDT 2026
============================================
[REPLICA 174] Starting...
  Sequence     : YYDPETGTWY
  Forcefield   : amber
  Backend      : aer
  Max iter     : 2000
  Skip Stage 2 : True
--- INITIALIZING QUANTUM BIOPHYSICS FOLDER (HARDWARE) ---
--- FORCE FIELD: AMBER ---
[REPLICA 174] Ground truth loaded — 10 CA atoms
--- SCOUTING: Checking 50 starting points ---
 > Deterministic Seed: 313296941 (Derived from Sequence)
 > Best Start Found: Energy 403.68
[REPLICA 174] Init strategy: random, seed: 313296941
============================================
End time     : Mon Apr 27 13:47:19 EDT 2026
Exit code    : 0
============================================
