============================================
Job ID       : 5494793
Array Task   : 345
Replica ID   : 345
Node         : lri067
Start time   : Mon Apr 27 11:29:53 EDT 2026
============================================
[REPLICA 345] Starting...
  Sequence     : YYDPETGTWY
  Forcefield   : amber
  Backend      : aer
  Max iter     : 2000
  Skip Stage 2 : False
--- INITIALIZING QUANTUM BIOPHYSICS FOLDER (HARDWARE) ---
--- FORCE FIELD: AMBER ---
[REPLICA 345] Ground truth loaded — 10 CA atoms
--- SCOUTING: Checking 50 starting points ---
 > Deterministic Seed: 313297112 (Derived from Sequence)
 > Best Start Found: Energy 374.39
[REPLICA 345] Init strategy: random, seed: 313297112
============================================
End time     : Mon Apr 27 11:29:54 EDT 2026
Exit code    : 0
============================================
