============================================
Job ID       : 5496009
Array Task   : 161
Replica ID   : 161
Node         : lri032
Start time   : Mon Apr 27 13:47:15 EDT 2026
============================================
[REPLICA 161] Starting...
  Sequence     : YYDPETGTWY
  Forcefield   : amber
  Backend      : aer
  Max iter     : 2000
  Skip Stage 2 : True
--- INITIALIZING QUANTUM BIOPHYSICS FOLDER (HARDWARE) ---
--- FORCE FIELD: AMBER ---
[REPLICA 161] Ground truth loaded — 10 CA atoms
--- SCOUTING: Checking 50 starting points ---
 > Deterministic Seed: 313296928 (Derived from Sequence)
 > Best Start Found: Energy 352.63
[REPLICA 161] Init strategy: random, seed: 313296928
============================================
End time     : Mon Apr 27 13:47:17 EDT 2026
Exit code    : 0
============================================
