============================================
Job ID       : 5495848
Array Task   : 0
Replica ID   : 0
Node         : lri025
Start time   : Mon Apr 27 13:47:10 EDT 2026
============================================
[REPLICA 0] Starting...
  Sequence     : YYDPETGTWY
  Forcefield   : amber
  Backend      : aer
  Max iter     : 2000
  Skip Stage 2 : True
--- INITIALIZING QUANTUM BIOPHYSICS FOLDER (HARDWARE) ---
--- FORCE FIELD: AMBER ---
[REPLICA 0] Ground truth loaded — 10 CA atoms
--- SCOUTING: Checking 50 starting points ---
 > Deterministic Seed: 313296767 (Derived from Sequence)
 > Best Start Found: Energy 387.60
[REPLICA 0] Init strategy: random, seed: 313296767
============================================
End time     : Mon Apr 27 13:47:12 EDT 2026
Exit code    : 0
============================================
