============================================
Job ID       : 5474433
Array Task   : 283
Replica ID   : 283
Node         : lri054
Start time   : Wed Apr 22 17:53:57 EDT 2026
============================================
[REPLICA 283] Starting...
  Sequence   : YYDPETGTWY
  Forcefield : amber
  Backend    : aer
  Max iter   : 2000
--- INITIALIZING QUANTUM BIOPHYSICS FOLDER (HARDWARE) ---
--- FORCE FIELD: AMBER ---
--- SCOUTING: Checking 50 starting points ---
 > Deterministic Seed: 313297050 (Derived from Sequence)
 > Best Start Found: Energy 367.21
[REPLICA 283] Init strategy: random, seed: 313297050
--- STARTING QUANTUM FOLDING (HYBRID PIPELINE) ---
Stage 1: Mechanical Collapse (COBYLA, statevector)...
 > Collapse Energy: 240.09
Stage 2: Physics Refinement (SLSQP, statevector)...
Optimization terminated successfully    (Exit mode 0)
            Current function value: -7.445188831082534
            Iterations: 204
            Function evaluations: 11099
            Gradient evaluations: 204
 > Refinement Energy: -7.45
Stage 3: Natural Relaxation (SLSQP, statevector)...
Optimization terminated successfully    (Exit mode 0)
            Current function value: 164.99493669612986
            Iterations: 223
            Function evaluations: 11970
            Gradient evaluations: 223
 > Relaxation Energy: 164.99

[EXTRACTION] Mode: sampler → backend='aer_simulator', shots=4096
  Submitting 3 circuits (Z / X / Y bases)...
  Done. Angles extracted from measurement statistics.

[RESULT] Final energy: 164.9949
[SAVED] outputs/reps_Brickwork_entanglement/slurm_YYDPETGTWY_amber/replica_283/replica_283_landscape.png
[REPLICA 283] RMSD: 6.426 Å
[REPLICA 283] Done!
  Energy     : 164.9949
  RMSD       : 6.426 Å
  Runtime    : 281.3s
  Saved to   : outputs/reps_Brickwork_entanglement/slurm_YYDPETGTWY_amber/replica_283/replica_283_result.json
============================================
End time     : Wed Apr 22 17:58:39 EDT 2026
Exit code    : 0
============================================
