============================================
Job ID       : 5505697
Array Task   : 397
Replica ID   : 397
Node         : lri058
Start time   : Tue Apr 28 09:42:06 EDT 2026
============================================
[REPLICA 397] Starting...
  Sequence     : YYDPETGTWY
  Forcefield   : amber
  Backend      : aer
  Max iter     : 2000
  Skip Stage 2 : False
--- INITIALIZING QUANTUM BIOPHYSICS FOLDER (HARDWARE) ---
--- FORCE FIELD: AMBER ---
[REPLICA 397] Ground truth loaded — 10 CA atoms
--- SCOUTING: Checking 50 starting points ---
 > Deterministic Seed: 313297164 (Derived from Sequence)
 > Best Start Found: Energy 306.63
[REPLICA 397] Init strategy: random, seed: 313297164
--- STARTING QUANTUM FOLDING (HYBRID PIPELINE) ---
Stage 1: Mechanical Collapse (COBYLA, statevector)...
 > Collapse Energy : 542.61
 > Stage 1 RMSD    : 2.3424 Å
Stage 2: Physics Refinement (SLSQP, statevector)...
Optimization terminated successfully    (Exit mode 0)
            Current function value: 130.19224408517286
            Iterations: 160
            Function evaluations: 8733
            Gradient evaluations: 160
 > Refinement Energy : 130.19
 > Stage 2 RMSD      : 3.0033 Å
Stage 3: Natural Relaxation (SLSQP, statevector)...
Optimization terminated successfully    (Exit mode 0)
            Current function value: -1.0352900414335728
            Iterations: 182
            Function evaluations: 9779
            Gradient evaluations: 182
 > Relaxation Energy : -1.04
 > Stage 3 RMSD      : 4.5015 Å

── RMSD Progress ──────────────────────────
  Stage 1 : 2.3424 Å
  Stage 2 : 3.0033 Å  ↑ worse
  Stage 3 : 4.5015 Å  ↑ worse
──────────────────────────────────────────

[EXTRACTION] Mode: sampler → backend='aer_simulator', shots=4096
  Submitting 3 circuits (Z / X / Y bases)...
  Done. Angles extracted from measurement statistics.

[RESULT] Final energy: -1.0353
[REPLICA 397] Tracker saved → outputs/no_skip1/slurm_YYDPETGTWY_amber/replica_397/replica_397_tracker.json
[SAVED] outputs/no_skip1/slurm_YYDPETGTWY_amber/replica_397/replica_397_landscape.png
[REPLICA 397] Final RMSD: 6.137 Å

[REPLICA 397] ✓ Done!
  Energy       : -1.0353
  RMSD final   : 6.137 Å
  RMSD stage1  : 2.342 Å
  RMSD stage2  : 3.003 Å
  RMSD stage3  : 4.502 Å
  Runtime      : 229.0s
  Saved to     : outputs/no_skip1/slurm_YYDPETGTWY_amber/replica_397/replica_397_result.json
============================================
End time     : Tue Apr 28 09:45:56 EDT 2026
Exit code    : 0
============================================
