============================================
Job ID       : 5478579
Array Task   : 31
Replica ID   : 31
Node         : lri015
Start time   : Thu Apr 23 09:46:43 EDT 2026
============================================
[REPLICA 31] Starting...
  Sequence   : YYDPETGTWY
  Forcefield : amber
  Backend    : aer
  Max iter   : 2000
--- INITIALIZING QUANTUM BIOPHYSICS FOLDER (HARDWARE) ---
--- FORCE FIELD: AMBER ---
--- SCOUTING: Checking 50 starting points ---
 > Deterministic Seed: 313296798 (Derived from Sequence)
 > Best Start Found: Energy 303.15
[REPLICA 31] Init strategy: random, seed: 313296798
--- STARTING QUANTUM FOLDING (HYBRID PIPELINE) ---
Stage 1: Mechanical Collapse (COBYLA, statevector)...
 > Collapse Energy: 397.75
Stage 2: Physics Refinement (SLSQP, statevector)...
Optimization terminated successfully    (Exit mode 0)
            Current function value: 39.92031741252521
            Iterations: 154
            Function evaluations: 8487
            Gradient evaluations: 154
 > Refinement Energy: 39.92
Stage 3: Natural Relaxation (SLSQP, statevector)...
Optimization terminated successfully    (Exit mode 0)
            Current function value: -15.782487345350608
            Iterations: 130
            Function evaluations: 7155
            Gradient evaluations: 130
 > Relaxation Energy: -15.78

[EXTRACTION] Mode: sampler → backend='aer_simulator', shots=4096
  Submitting 3 circuits (Z / X / Y bases)...
  Done. Angles extracted from measurement statistics.

[RESULT] Final energy: -15.7825
[SAVED] outputs/energy_reps_Brickwork_entanglement/slurm_YYDPETGTWY_amber/replica_31/replica_31_landscape.png
[REPLICA 31] RMSD: 5.940 Å
[REPLICA 31] Done!
  Energy     : -15.7825
  RMSD       : 5.940 Å
  Runtime    : 189.9s
  Saved to   : outputs/energy_reps_Brickwork_entanglement/slurm_YYDPETGTWY_amber/replica_31/replica_31_result.json
============================================
End time     : Thu Apr 23 09:49:54 EDT 2026
Exit code    : 0
============================================
