============================================
Job ID       : 5425653
Array Task   : 170
Replica ID   : 170
Node         : lri016
Start time   : Wed Apr 15 13:16:51 EDT 2026
============================================
[REPLICA 170] Starting...
  Sequence   : YYDPETGTWY
  Forcefield : amber
  Backend    : aer
  Max iter   : 2000
--- INITIALIZING QUANTUM BIOPHYSICS FOLDER (HARDWARE) ---
--- FORCE FIELD: AMBER ---
--- SCOUTING: Checking 50 starting points ---
 > Deterministic Seed: 313296937 (Derived from Sequence)
 > Best Start Found: Energy 283.61
[REPLICA 170] Init strategy: random, seed: 313296937
--- STARTING QUANTUM FOLDING (HYBRID PIPELINE) ---
Stage 1: Mechanical Collapse (COBYLA, statevector)...
 > Collapse Energy: 352.17
Stage 2: Physics Refinement (SLSQP, statevector)...
Optimization terminated successfully    (Exit mode 0)
            Current function value: 83.73511383634138
            Iterations: 222
            Function evaluations: 11857
            Gradient evaluations: 222
 > Refinement Energy: 83.74
Stage 3: Natural Relaxation (SLSQP, statevector)...
Optimization terminated successfully    (Exit mode 0)
            Current function value: -46.53609281852418
            Iterations: 129
            Function evaluations: 7180
            Gradient evaluations: 129
 > Relaxation Energy: -46.54

[EXTRACTION] Mode: sampler → backend='aer_simulator', shots=4096
  Submitting 3 circuits (Z / X / Y bases)...
  Done. Angles extracted from measurement statistics.

[RESULT] Final energy: -46.5361
[REPLICA 170] RMSD: 5.078 Å
[REPLICA 170] Done!
  Energy     : -46.5361
  RMSD       : 5.078 Å
  Runtime    : 246.7s
  Saved to   : outputs/linear_entanglement_1_rep/slurm_YYDPETGTWY_amber/replica_170/replica_170_result.json
============================================
End time     : Wed Apr 15 13:20:59 EDT 2026
Exit code    : 0
============================================
