============================================
Job ID       : 5439298
Array Task   : 605
Replica ID   : 605
Node         : lri015
Start time   : Fri Apr 17 09:10:32 EDT 2026
============================================
[REPLICA 605] Starting...
  Sequence   : YYDPETGTWY
  Forcefield : amber
  Backend    : aer
  Max iter   : 2000
--- INITIALIZING QUANTUM BIOPHYSICS FOLDER (HARDWARE) ---
--- FORCE FIELD: AMBER ---
--- SCOUTING: Checking 50 starting points ---
 > Deterministic Seed: 313297372 (Derived from Sequence)
 > Best Start Found: Energy 327.88
[REPLICA 605] Init strategy: random, seed: 313297372
--- STARTING QUANTUM FOLDING (HYBRID PIPELINE) ---
Stage 1: Mechanical Collapse (COBYLA, statevector)...
 > Collapse Energy: 183.83
Stage 2: Physics Refinement (SLSQP, statevector)...
Optimization terminated successfully    (Exit mode 0)
            Current function value: 139.47649774011495
            Iterations: 249
            Function evaluations: 13325
            Gradient evaluations: 249
 > Refinement Energy: 139.48
Stage 3: Natural Relaxation (SLSQP, statevector)...
Optimization terminated successfully    (Exit mode 0)
            Current function value: -27.494277775721326
            Iterations: 229
            Function evaluations: 12196
            Gradient evaluations: 229
 > Relaxation Energy: -27.49

[EXTRACTION] Mode: sampler → backend='aer_simulator', shots=4096
  Submitting 3 circuits (Z / X / Y bases)...
  Done. Angles extracted from measurement statistics.

[RESULT] Final energy: -27.4943
[REPLICA 605] RMSD: 6.123 Å
[REPLICA 605] Done!
  Energy     : -27.4943
  RMSD       : 6.123 Å
  Runtime    : 315.4s
  Saved to   : outputs/reps_Brickwork_entanglement/slurm_YYDPETGTWY_amber/replica_605/replica_605_result.json
============================================
End time     : Fri Apr 17 09:15:50 EDT 2026
Exit code    : 0
============================================
