============================================
Job ID       : 5427631
Array Task   : 339
Replica ID   : 339
Node         : lri015
Start time   : Wed Apr 15 18:59:13 EDT 2026
============================================
[REPLICA 339] Starting...
  Sequence   : YYDPETGTWY
  Forcefield : amber
  Backend    : aer
  Max iter   : 2000
--- INITIALIZING QUANTUM BIOPHYSICS FOLDER (HARDWARE) ---
--- FORCE FIELD: AMBER ---
--- SCOUTING: Checking 50 starting points ---
 > Deterministic Seed: 313297106 (Derived from Sequence)
 > Best Start Found: Energy 283.89
[REPLICA 339] Init strategy: random, seed: 313297106
--- STARTING QUANTUM FOLDING (HYBRID PIPELINE) ---
Stage 1: Mechanical Collapse (COBYLA, statevector)...
 > Collapse Energy: 294.46
Stage 2: Physics Refinement (SLSQP, statevector)...
Optimization terminated successfully    (Exit mode 0)
            Current function value: 103.43473149957504
            Iterations: 133
            Function evaluations: 7443
            Gradient evaluations: 133
 > Refinement Energy: 103.43
Stage 3: Natural Relaxation (SLSQP, statevector)...
Optimization terminated successfully    (Exit mode 0)
            Current function value: 149.13376344111282
            Iterations: 261
            Function evaluations: 13918
            Gradient evaluations: 261
 > Relaxation Energy: 149.13

[EXTRACTION] Mode: sampler → backend='aer_simulator', shots=4096
  Submitting 3 circuits (Z / X / Y bases)...
  Done. Angles extracted from measurement statistics.

[RESULT] Final energy: 149.1338
[REPLICA 339] RMSD: 5.992 Å
[REPLICA 339] Done!
  Energy     : 149.1338
  RMSD       : 5.992 Å
  Runtime    : 275.4s
  Saved to   : outputs/Reps_qubits_d_2/slurm_YYDPETGTWY_amber/replica_339/replica_339_result.json
============================================
End time     : Wed Apr 15 19:03:50 EDT 2026
Exit code    : 0
============================================
