============================================
Job ID       : 5496107
Array Task   : 259
Replica ID   : 259
Node         : lri036
Start time   : Mon Apr 27 13:47:17 EDT 2026
============================================
[REPLICA 259] Starting...
  Sequence     : YYDPETGTWY
  Forcefield   : amber
  Backend      : aer
  Max iter     : 2000
  Skip Stage 2 : True
--- INITIALIZING QUANTUM BIOPHYSICS FOLDER (HARDWARE) ---
--- FORCE FIELD: AMBER ---
[REPLICA 259] Ground truth loaded — 10 CA atoms
--- SCOUTING: Checking 50 starting points ---
 > Deterministic Seed: 313297026 (Derived from Sequence)
 > Best Start Found: Energy 350.35
[REPLICA 259] Init strategy: random, seed: 313297026
============================================
End time     : Mon Apr 27 13:47:20 EDT 2026
Exit code    : 0
============================================
