============================================
Job ID       : 5505353
Array Task   : 60
Replica ID   : 60
Node         : lri045
Start time   : Tue Apr 28 09:35:58 EDT 2026
============================================
[REPLICA 60] Starting...
  Sequence     : YYDPETGTWY
  Forcefield   : amber
  Backend      : aer
  Max iter     : 2000
  Skip Stage 2 : False
--- INITIALIZING QUANTUM BIOPHYSICS FOLDER (HARDWARE) ---
--- FORCE FIELD: AMBER ---
[REPLICA 60] Ground truth loaded — 10 CA atoms
--- SCOUTING: Checking 50 starting points ---
 > Deterministic Seed: 313296827 (Derived from Sequence)
 > Best Start Found: Energy 404.96
[REPLICA 60] Init strategy: random, seed: 313296827
--- STARTING QUANTUM FOLDING (HYBRID PIPELINE) ---
Stage 1: Mechanical Collapse (COBYLA, statevector)...
 > Collapse Energy : 197.80
 > Stage 1 RMSD    : 3.2366 Å
Stage 2: Physics Refinement (SLSQP, statevector)...
Optimization terminated successfully    (Exit mode 0)
            Current function value: 149.22023505447885
            Iterations: 130
            Function evaluations: 7271
            Gradient evaluations: 130
 > Refinement Energy : 149.22
 > Stage 2 RMSD      : 3.4435 Å
Stage 3: Natural Relaxation (SLSQP, statevector)...
Optimization terminated successfully    (Exit mode 0)
            Current function value: 48.66824128208885
            Iterations: 140
            Function evaluations: 7705
            Gradient evaluations: 140
 > Relaxation Energy : 48.67
 > Stage 3 RMSD      : 3.7370 Å

── RMSD Progress ──────────────────────────
  Stage 1 : 3.2366 Å
  Stage 2 : 3.4435 Å  ↑ worse
  Stage 3 : 3.7370 Å  ↑ worse
──────────────────────────────────────────

[EXTRACTION] Mode: sampler → backend='aer_simulator', shots=4096
  Submitting 3 circuits (Z / X / Y bases)...
  Done. Angles extracted from measurement statistics.

[RESULT] Final energy: 48.6682
[REPLICA 60] Tracker saved → outputs/no_skip1/slurm_YYDPETGTWY_amber/replica_60/replica_60_tracker.json
[SAVED] outputs/no_skip1/slurm_YYDPETGTWY_amber/replica_60/replica_60_landscape.png
[REPLICA 60] Final RMSD: 6.066 Å

[REPLICA 60] ✓ Done!
  Energy       : 48.6682
  RMSD final   : 6.066 Å
  RMSD stage1  : 3.237 Å
  RMSD stage2  : 3.443 Å
  RMSD stage3  : 3.737 Å
  Runtime      : 182.1s
  Saved to     : outputs/no_skip1/slurm_YYDPETGTWY_amber/replica_60/replica_60_result.json
============================================
End time     : Tue Apr 28 09:39:11 EDT 2026
Exit code    : 0
============================================
