============================================
Job ID       : 5481023
Array Task   : 368
Replica ID   : 368
Node         : lri009
Start time   : Thu Apr 23 11:54:03 EDT 2026
============================================
[REPLICA 368] Starting...
  Sequence   : YYDPETGTWY
  Forcefield : amber
  Backend    : aer
  Max iter   : 20
--- INITIALIZING QUANTUM BIOPHYSICS FOLDER (HARDWARE) ---
--- FORCE FIELD: AMBER ---
--- SCOUTING: Checking 50 starting points ---
 > Deterministic Seed: 313297135 (Derived from Sequence)
 > Best Start Found: Energy 316.89
[REPLICA 368] Init strategy: random, seed: 313297135
--- STARTING QUANTUM FOLDING (HYBRID PIPELINE) ---
Stage 1: Mechanical Collapse (COBYLA, statevector)...
 > Collapse Energy: 1039.65
Stage 2: Physics Refinement (SLSQP, statevector)...
Iteration limit reached    (Exit mode 9)
            Current function value: 4619.144109939261
            Iterations: 20
            Function evaluations: 1170
            Gradient evaluations: 20
 > Refinement Energy: 4619.14
Stage 3: Natural Relaxation (SLSQP, statevector)...
Iteration limit reached    (Exit mode 9)
            Current function value: 1614.8063367716986
            Iterations: 20
            Function evaluations: 1169
            Gradient evaluations: 20
 > Relaxation Energy: 1614.81

[EXTRACTION] Mode: sampler → backend='aer_simulator', shots=4096
  Submitting 3 circuits (Z / X / Y bases)...
  Done. Angles extracted from measurement statistics.

[RESULT] Final energy: 1614.8063
[REPLICA 368] Tracker saved → outputs/energy_reps_Brickwork_entanglement11/slurm_YYDPETGTWY_amber/replica_368/replica_368_tracker.json
[SAVED] outputs/energy_reps_Brickwork_entanglement11/slurm_YYDPETGTWY_amber/replica_368/replica_368_landscape.png
[REPLICA 368] RMSD: 5.228 Å
[REPLICA 368] Done!
  Energy     : 1614.8063
  RMSD       : 5.228 Å
  Runtime    : 31.3s
  Saved to   : outputs/energy_reps_Brickwork_entanglement11/slurm_YYDPETGTWY_amber/replica_368/replica_368_result.json
============================================
End time     : Thu Apr 23 11:54:35 EDT 2026
Exit code    : 0
============================================
