============================================
Job ID       : 5424369
Array Task   : 307
Replica ID   : 307
Node         : lri024
Start time   : Tue Apr 14 20:14:11 EDT 2026
============================================
[REPLICA 307] Starting...
  Sequence   : YYDPETGTWY
  Forcefield : amber
  Backend    : aer
  Max iter   : 2000
--- INITIALIZING QUANTUM BIOPHYSICS FOLDER (HARDWARE) ---
--- FORCE FIELD: AMBER ---
--- SCOUTING: Checking 50 starting points ---
 > Deterministic Seed: 313297074 (Derived from Sequence)
 > Best Start Found: Energy 376.30
[REPLICA 307] Init strategy: random, seed: 313297074
--- STARTING QUANTUM FOLDING (HYBRID PIPELINE) ---
Stage 1: Mechanical Collapse (COBYLA, statevector)...
 > Collapse Energy: 291.95
Stage 2: Physics Refinement (SLSQP, statevector)...
Optimization terminated successfully    (Exit mode 0)
            Current function value: 25.070974738811003
            Iterations: 273
            Function evaluations: 31807
            Gradient evaluations: 273
 > Refinement Energy: 25.07
Stage 3: Natural Relaxation (SLSQP, statevector)...
Optimization terminated successfully    (Exit mode 0)
            Current function value: -17.75761267619462
            Iterations: 263
            Function evaluations: 30453
            Gradient evaluations: 263
 > Relaxation Energy: -17.76

[EXTRACTION] Mode: sampler → backend='aer_simulator', shots=4096
  Submitting 3 circuits (Z / X / Y bases)...
  Done. Angles extracted from measurement statistics.

[RESULT] Final energy: -17.7576
[REPLICA 307] RMSD: 4.687 Å
[REPLICA 307] Done!
  Energy     : -17.7576
  RMSD       : 4.687 Å
  Runtime    : 1085.5s
  Saved to   : outputs/only_random_strategy/slurm_YYDPETGTWY_amber/replica_307/replica_307_result.json
============================================
End time     : Tue Apr 14 20:32:18 EDT 2026
Exit code    : 0
============================================
