============================================
Job ID       : 5496182
Array Task   : 334
Replica ID   : 334
Node         : lri027
Start time   : Mon Apr 27 13:47:19 EDT 2026
============================================
[REPLICA 334] Starting...
  Sequence     : YYDPETGTWY
  Forcefield   : amber
  Backend      : aer
  Max iter     : 2000
  Skip Stage 2 : True
--- INITIALIZING QUANTUM BIOPHYSICS FOLDER (HARDWARE) ---
--- FORCE FIELD: AMBER ---
[REPLICA 334] Ground truth loaded — 10 CA atoms
--- SCOUTING: Checking 50 starting points ---
 > Deterministic Seed: 313297101 (Derived from Sequence)
 > Best Start Found: Energy 267.92
[REPLICA 334] Init strategy: random, seed: 313297101
============================================
End time     : Mon Apr 27 13:47:21 EDT 2026
Exit code    : 0
============================================
