============================================
Job ID       : 5437322
Array Task   : 648
Replica ID   : 648
Node         : lri015
Start time   : Thu Apr 16 23:38:03 EDT 2026
============================================
[REPLICA 648] Starting...
  Sequence   : YYDPETGTWY
  Forcefield : amber
  Backend    : aer
  Max iter   : 2000
--- INITIALIZING QUANTUM BIOPHYSICS FOLDER (HARDWARE) ---
--- FORCE FIELD: AMBER ---
--- SCOUTING: Checking 50 starting points ---
 > Deterministic Seed: 313297415 (Derived from Sequence)
 > Best Start Found: Energy 470.73
[REPLICA 648] Init strategy: random, seed: 313297415
--- STARTING QUANTUM FOLDING (HYBRID PIPELINE) ---
Stage 1: Mechanical Collapse (COBYLA, statevector)...
 > Collapse Energy: 537.12
Stage 2: Physics Refinement (SLSQP, statevector)...
Optimization terminated successfully    (Exit mode 0)
            Current function value: 9.376066873136702
            Iterations: 237
            Function evaluations: 12596
            Gradient evaluations: 237
 > Refinement Energy: 9.38
Stage 3: Natural Relaxation (SLSQP, statevector)...
Optimization terminated successfully    (Exit mode 0)
            Current function value: 11.227306645104553
            Iterations: 210
            Function evaluations: 11248
            Gradient evaluations: 210
 > Relaxation Energy: 11.23

[EXTRACTION] Mode: sampler → backend='aer_simulator', shots=4096
  Submitting 3 circuits (Z / X / Y bases)...
  Done. Angles extracted from measurement statistics.

[RESULT] Final energy: 11.2273
[REPLICA 648] RMSD: 6.496 Å
[REPLICA 648] Done!
  Energy     : 11.2273
  RMSD       : 6.496 Å
  Runtime    : 291.5s
  Saved to   : outputs/Brickwork_entanglement/slurm_YYDPETGTWY_amber/replica_648/replica_648_result.json
============================================
End time     : Thu Apr 16 23:42:56 EDT 2026
Exit code    : 0
============================================
