============================================
Job ID       : 5421025
Array Task   : 100
Replica ID   : 100
Node         : lri021
Start time   : Tue Apr 14 01:50:53 EDT 2026
============================================
[REPLICA 100] Starting...
  Sequence   : YYDPETGTWY
  Forcefield : amber
  Backend    : aer
  Max iter   : 2000
--- INITIALIZING QUANTUM BIOPHYSICS FOLDER (HARDWARE) ---
--- FORCE FIELD: AMBER ---
--- PRIMING CIRCUIT FOR SHEET ---
 > Priming Error: 14.7134
[REPLICA 100] Init strategy: sheet, seed: 313296867
--- STARTING QUANTUM FOLDING (HYBRID PIPELINE) ---
Stage 1: Mechanical Collapse (COBYLA, statevector)...
 > Collapse Energy: 547.97
Stage 2: Physics Refinement (SLSQP, statevector)...
Optimization terminated successfully    (Exit mode 0)
            Current function value: 16.425779804912374
            Iterations: 266
            Function evaluations: 30803
            Gradient evaluations: 266
 > Refinement Energy: 16.43
Stage 3: Natural Relaxation (SLSQP, statevector)...
Optimization terminated successfully    (Exit mode 0)
            Current function value: 61.0628869379273
            Iterations: 624
            Function evaluations: 70402
            Gradient evaluations: 624
 > Relaxation Energy: 61.06

[EXTRACTION] Mode: sampler → backend='aer_simulator', shots=4096
  Submitting 3 circuits (Z / X / Y bases)...
  Done. Angles extracted from measurement statistics.

[RESULT] Final energy: 61.0629
[REPLICA 100] RMSD: 5.023 Å
[REPLICA 100] Done!
  Energy     : 61.0629
  RMSD       : 5.023 Å
  Runtime    : 1776.3s
  Saved to   : outputs/slurm_YYDPETGTWY_amber/replica_100/replica_100_result.json
============================================
End time     : Tue Apr 14 02:20:30 EDT 2026
Exit code    : 0
============================================
