============================================
Job ID       : 5439270
Array Task   : 582
Replica ID   : 582
Node         : lri014
Start time   : Fri Apr 17 09:06:32 EDT 2026
============================================
[REPLICA 582] Starting...
  Sequence   : YYDPETGTWY
  Forcefield : amber
  Backend    : aer
  Max iter   : 2000
--- INITIALIZING QUANTUM BIOPHYSICS FOLDER (HARDWARE) ---
--- FORCE FIELD: AMBER ---
--- SCOUTING: Checking 50 starting points ---
 > Deterministic Seed: 313297349 (Derived from Sequence)
 > Best Start Found: Energy 363.69
[REPLICA 582] Init strategy: random, seed: 313297349
--- STARTING QUANTUM FOLDING (HYBRID PIPELINE) ---
Stage 1: Mechanical Collapse (COBYLA, statevector)...
 > Collapse Energy: 387.46
Stage 2: Physics Refinement (SLSQP, statevector)...
Optimization terminated successfully    (Exit mode 0)
            Current function value: 76.52686861401722
            Iterations: 270
            Function evaluations: 14249
            Gradient evaluations: 270
 > Refinement Energy: 76.53
Stage 3: Natural Relaxation (SLSQP, statevector)...
Optimization terminated successfully    (Exit mode 0)
            Current function value: -31.29257061109305
            Iterations: 247
            Function evaluations: 13257
            Gradient evaluations: 247
 > Relaxation Energy: -31.29

[EXTRACTION] Mode: sampler → backend='aer_simulator', shots=4096
  Submitting 3 circuits (Z / X / Y bases)...
  Done. Angles extracted from measurement statistics.

[RESULT] Final energy: -31.2926
[REPLICA 582] RMSD: 5.654 Å
[REPLICA 582] Done!
  Energy     : -31.2926
  RMSD       : 5.654 Å
  Runtime    : 323.6s
  Saved to   : outputs/reps_Brickwork_entanglement/slurm_YYDPETGTWY_amber/replica_582/replica_582_result.json
============================================
End time     : Fri Apr 17 09:11:57 EDT 2026
Exit code    : 0
============================================
