============================================
Job ID       : 5495724
Array Task   : 277
Replica ID   : 277
Node         : lri032
Start time   : Mon Apr 27 13:45:02 EDT 2026
============================================
[REPLICA 277] Starting...
  Sequence     : YYDPETGTWY
  Forcefield   : amber
  Backend      : aer
  Max iter     : 2000
  Skip Stage 2 : False
--- INITIALIZING QUANTUM BIOPHYSICS FOLDER (HARDWARE) ---
--- FORCE FIELD: AMBER ---
[REPLICA 277] Ground truth loaded — 10 CA atoms
--- SCOUTING: Checking 50 starting points ---
 > Deterministic Seed: 313297044 (Derived from Sequence)
 > Best Start Found: Energy 399.60
[REPLICA 277] Init strategy: random, seed: 313297044
============================================
End time     : Mon Apr 27 13:45:04 EDT 2026
Exit code    : 0
============================================
