============================================
Job ID       : 5443340
Array Task   : 900
Replica ID   : 900
Node         : lri054
Start time   : Fri Apr 17 18:33:11 EDT 2026
============================================
[REPLICA 900] Starting...
  Sequence   : DAYAQWLKDGGPSSGRPPPS
  Forcefield : amber
  Backend    : aer
  Max iter   : 2000
--- INITIALIZING QUANTUM BIOPHYSICS FOLDER (HARDWARE) ---
--- FORCE FIELD: AMBER ---
--- SCOUTING: Checking 50 starting points ---
 > Deterministic Seed: 2158524285 (Derived from Sequence)
 > Best Start Found: Energy 612.53
[REPLICA 900] Init strategy: random, seed: 2158524285
--- STARTING QUANTUM FOLDING (HYBRID PIPELINE) ---
Stage 1: Mechanical Collapse (COBYLA, statevector)...
 > Collapse Energy: 415.22
Stage 2: Physics Refinement (SLSQP, statevector)...
Optimization terminated successfully    (Exit mode 0)
            Current function value: -125.15471697952083
            Iterations: 244
            Function evaluations: 19237
            Gradient evaluations: 244
 > Refinement Energy: -125.15
Stage 3: Natural Relaxation (SLSQP, statevector)...
Optimization terminated successfully    (Exit mode 0)
            Current function value: 50.89108156378232
            Iterations: 592
            Function evaluations: 45071
            Gradient evaluations: 592
 > Relaxation Energy: 50.89

[EXTRACTION] Mode: sampler → backend='aer_simulator', shots=4096
  Submitting 3 circuits (Z / X / Y bases)...
  Done. Angles extracted from measurement statistics.

[RESULT] Final energy: 50.8911
[REPLICA 900] RMSD: 10.835 Å
[REPLICA 900] Done!
  Energy     : 50.8911
  RMSD       : 10.835 Å
  Runtime    : 1166.8s
  Saved to   : outputs/reps_Brickwork_entanglement1/slurm_DAYAQWLKDGGPSSGRPPPS_amber/replica_900/replica_900_result.json
============================================
End time     : Fri Apr 17 18:52:39 EDT 2026
Exit code    : 0
============================================
