============================================
Job ID       : 5442038
Array Task   : 523
Replica ID   : 523
Node         : lri054
Start time   : Fri Apr 17 15:42:55 EDT 2026
============================================
[REPLICA 523] Starting...
  Sequence   : DAYAQWLKDGGPSSGRPPPS
  Forcefield : amber
  Backend    : aer
  Max iter   : 2000
--- INITIALIZING QUANTUM BIOPHYSICS FOLDER (HARDWARE) ---
--- FORCE FIELD: AMBER ---
--- SCOUTING: Checking 50 starting points ---
 > Deterministic Seed: 2158523908 (Derived from Sequence)
 > Best Start Found: Energy 628.69
[REPLICA 523] Init strategy: random, seed: 2158523908
--- STARTING QUANTUM FOLDING (HYBRID PIPELINE) ---
Stage 1: Mechanical Collapse (COBYLA, statevector)...
 > Collapse Energy: 471.52
Stage 2: Physics Refinement (SLSQP, statevector)...
Optimization terminated successfully    (Exit mode 0)
            Current function value: -61.51941213883392
            Iterations: 273
            Function evaluations: 21246
            Gradient evaluations: 273
 > Refinement Energy: -61.52
Stage 3: Natural Relaxation (SLSQP, statevector)...
Optimization terminated successfully    (Exit mode 0)
            Current function value: 31.381447244867964
            Iterations: 517
            Function evaluations: 39520
            Gradient evaluations: 517
 > Relaxation Energy: 31.38

[EXTRACTION] Mode: sampler → backend='aer_simulator', shots=4096
  Submitting 3 circuits (Z / X / Y bases)...
  Done. Angles extracted from measurement statistics.

[RESULT] Final energy: 31.3814
[REPLICA 523] RMSD: 6.902 Å
[REPLICA 523] Done!
  Energy     : 31.3814
  RMSD       : 6.902 Å
  Runtime    : 1124.0s
  Saved to   : outputs/reps_Brickwork_entanglement1/slurm_DAYAQWLKDGGPSSGRPPPS_amber/replica_523/replica_523_result.json
============================================
End time     : Fri Apr 17 16:01:41 EDT 2026
Exit code    : 0
============================================
