============================================
Job ID       : 5440092
Array Task   : 116
Replica ID   : 116
Node         : lri013
Start time   : Fri Apr 17 11:52:41 EDT 2026
============================================
[REPLICA 116] Starting...
  Sequence   : DAYAQWLKDGGPSSGRPPPS
  Forcefield : amber
  Backend    : aer
  Max iter   : 2000
--- INITIALIZING QUANTUM BIOPHYSICS FOLDER (HARDWARE) ---
--- FORCE FIELD: AMBER ---
--- SCOUTING: Checking 50 starting points ---
 > Deterministic Seed: 2158523501 (Derived from Sequence)
 > Best Start Found: Energy 675.60
[REPLICA 116] Init strategy: random, seed: 2158523501
--- STARTING QUANTUM FOLDING (HYBRID PIPELINE) ---
Stage 1: Mechanical Collapse (COBYLA, statevector)...
 > Collapse Energy: 305.33
Stage 2: Physics Refinement (SLSQP, statevector)...
Optimization terminated successfully    (Exit mode 0)
            Current function value: 72.91023195234001
            Iterations: 456
            Function evaluations: 34869
            Gradient evaluations: 456
 > Refinement Energy: 72.91
Stage 3: Natural Relaxation (SLSQP, statevector)...
Optimization terminated successfully    (Exit mode 0)
            Current function value: -44.577223287817176
            Iterations: 181
            Function evaluations: 14465
            Gradient evaluations: 181
 > Relaxation Energy: -44.58

[EXTRACTION] Mode: sampler → backend='aer_simulator', shots=4096
  Submitting 3 circuits (Z / X / Y bases)...
  Done. Angles extracted from measurement statistics.

[RESULT] Final energy: -44.5772
[REPLICA 116] RMSD: 7.792 Å
[REPLICA 116] Done!
  Energy     : -44.5772
  RMSD       : 7.792 Å
  Runtime    : 941.4s
  Saved to   : outputs/reps_Brickwork_entanglement1/slurm_DAYAQWLKDGGPSSGRPPPS_amber/replica_116/replica_116_result.json
============================================
End time     : Fri Apr 17 12:08:24 EDT 2026
Exit code    : 0
============================================
