============================================
Job ID       : 5494468
Array Task   : 20
Replica ID   : 20
Node         : lri028
Start time   : Mon Apr 27 11:29:21 EDT 2026
============================================
[REPLICA 20] Starting...
  Sequence     : YYDPETGTWY
  Forcefield   : amber
  Backend      : aer
  Max iter     : 2000
  Skip Stage 2 : False
--- INITIALIZING QUANTUM BIOPHYSICS FOLDER (HARDWARE) ---
--- FORCE FIELD: AMBER ---
[REPLICA 20] Ground truth loaded — 10 CA atoms
--- SCOUTING: Checking 50 starting points ---
 > Deterministic Seed: 313296787 (Derived from Sequence)
 > Best Start Found: Energy 340.55
[REPLICA 20] Init strategy: random, seed: 313296787
============================================
End time     : Mon Apr 27 11:29:33 EDT 2026
Exit code    : 0
============================================
