============================================
Job ID       : 5494698
Array Task   : 250
Replica ID   : 250
Node         : lri028
Start time   : Mon Apr 27 11:29:47 EDT 2026
============================================
[REPLICA 250] Starting...
  Sequence     : YYDPETGTWY
  Forcefield   : amber
  Backend      : aer
  Max iter     : 2000
  Skip Stage 2 : False
--- INITIALIZING QUANTUM BIOPHYSICS FOLDER (HARDWARE) ---
--- FORCE FIELD: AMBER ---
[REPLICA 250] Ground truth loaded — 10 CA atoms
--- SCOUTING: Checking 50 starting points ---
 > Deterministic Seed: 313297017 (Derived from Sequence)
 > Best Start Found: Energy 283.91
[REPLICA 250] Init strategy: random, seed: 313297017
============================================
End time     : Mon Apr 27 11:29:48 EDT 2026
Exit code    : 0
============================================
