============================================
Job ID       : 5495537
Array Task   : 90
Replica ID   : 90
Node         : lri030
Start time   : Mon Apr 27 13:44:54 EDT 2026
============================================
[REPLICA 90] Starting...
  Sequence     : YYDPETGTWY
  Forcefield   : amber
  Backend      : aer
  Max iter     : 2000
  Skip Stage 2 : False
--- INITIALIZING QUANTUM BIOPHYSICS FOLDER (HARDWARE) ---
--- FORCE FIELD: AMBER ---
[REPLICA 90] Ground truth loaded — 10 CA atoms
--- SCOUTING: Checking 50 starting points ---
 > Deterministic Seed: 313296857 (Derived from Sequence)
 > Best Start Found: Energy 394.37
[REPLICA 90] Init strategy: random, seed: 313296857
============================================
End time     : Mon Apr 27 13:44:56 EDT 2026
Exit code    : 0
============================================
