============================================
Job ID       : 5496147
Array Task   : 299
Replica ID   : 299
Node         : lri067
Start time   : Mon Apr 27 13:47:19 EDT 2026
============================================
[REPLICA 299] Starting...
  Sequence     : YYDPETGTWY
  Forcefield   : amber
  Backend      : aer
  Max iter     : 2000
  Skip Stage 2 : True
--- INITIALIZING QUANTUM BIOPHYSICS FOLDER (HARDWARE) ---
--- FORCE FIELD: AMBER ---
[REPLICA 299] Ground truth loaded — 10 CA atoms
--- SCOUTING: Checking 50 starting points ---
 > Deterministic Seed: 313297066 (Derived from Sequence)
 > Best Start Found: Energy 307.43
[REPLICA 299] Init strategy: random, seed: 313297066
============================================
End time     : Mon Apr 27 13:47:21 EDT 2026
Exit code    : 0
============================================
