============================================
Job ID       : 5548205
Array Task   : 341
Replica ID   : 341
Node         : lri041
Start time   : Thu May  7 10:16:07 EDT 2026
============================================
[REPLICA 341] Starting...
  Sequence     : YYDPETGTWY
  Forcefield   : amber
  Backend      : aer
  Max iter     : 2000
  Skip Stage 2 : False
--- INITIALIZING QUANTUM BIOPHYSICS FOLDER (HARDWARE) ---
--- FORCE FIELD: AMBER ---
[REPLICA 341] Ground truth loaded — 10 CA atoms
--- SCOUTING: Checking 50 starting points ---
 > Deterministic Seed: 313297108 (Derived from Sequence)
 > Best Start Found: Energy 96.90
[REPLICA 341] Init strategy: random, seed: 313297108
--- STARTING QUANTUM FOLDING (HYBRID PIPELINE) ---
Stage 1: Mechanical Collapse (COBYLA, statevector)...
 > Collapse Energy : 344.09
 > Stage 1 RMSD    : 2.8426 Å
Stage 2: Physics Refinement (SLSQP, statevector)...
Optimization terminated successfully    (Exit mode 0)
            Current function value: -6.8796851810140165
            Iterations: 173
            Function evaluations: 9403
            Gradient evaluations: 173
 > Refinement Energy : -6.88
 > Stage 2 RMSD      : 3.7957 Å
Stage 3: Natural Relaxation (SLSQP, statevector)...
Optimization terminated successfully    (Exit mode 0)
            Current function value: 57.3918835141716
            Iterations: 254
            Function evaluations: 13504
            Gradient evaluations: 254
 > Relaxation Energy : 57.39
 > Stage 3 RMSD      : 3.2909 Å

── RMSD Progress ──────────────────────────
  Stage 1 : 2.8426 Å
  Stage 2 : 3.7957 Å  ↑ worse
  Stage 3 : 3.2909 Å  ↓ better
──────────────────────────────────────────

[EXTRACTION] Mode: sampler → backend='aer_simulator', shots=4096
  Submitting 3 circuits (Z / X / Y bases)...
  Done. Angles extracted from measurement statistics.

[RESULT] Final energy: 57.3919
[REPLICA 341] Tracker saved → outputs/no_skip1/slurm_YYDPETGTWY_amber/replica_341/replica_341_tracker.json
[SAVED] outputs/no_skip1/slurm_YYDPETGTWY_amber/replica_341/replica_341_landscape.png
[REPLICA 341] Final RMSD: 5.462 Å

[REPLICA 341] ✓ Done!
  Energy       : 57.3919
  RMSD final   : 5.462 Å
  RMSD stage1  : 2.843 Å
  RMSD stage2  : 3.796 Å
  RMSD stage3  : 3.291 Å
  Runtime      : 281.6s
  Saved to     : outputs/no_skip1/slurm_YYDPETGTWY_amber/replica_341/replica_341_result.json
============================================
End time     : Thu May  7 10:20:55 EDT 2026
Exit code    : 0
============================================
