============================================
Job ID       : 5481039
Array Task   : 384
Replica ID   : 384
Node         : lri066
Start time   : Thu Apr 23 11:54:03 EDT 2026
============================================
[REPLICA 384] Starting...
  Sequence   : YYDPETGTWY
  Forcefield : amber
  Backend    : aer
  Max iter   : 20
--- INITIALIZING QUANTUM BIOPHYSICS FOLDER (HARDWARE) ---
--- FORCE FIELD: AMBER ---
--- SCOUTING: Checking 50 starting points ---
 > Deterministic Seed: 313297151 (Derived from Sequence)
 > Best Start Found: Energy 274.94
[REPLICA 384] Init strategy: random, seed: 313297151
--- STARTING QUANTUM FOLDING (HYBRID PIPELINE) ---
Stage 1: Mechanical Collapse (COBYLA, statevector)...
 > Collapse Energy: 884.80
Stage 2: Physics Refinement (SLSQP, statevector)...
Iteration limit reached    (Exit mode 9)
            Current function value: 6680.2457844583905
            Iterations: 20
            Function evaluations: 1170
            Gradient evaluations: 20
 > Refinement Energy: 6680.25
Stage 3: Natural Relaxation (SLSQP, statevector)...
Iteration limit reached    (Exit mode 9)
            Current function value: 2014.7137370881571
            Iterations: 20
            Function evaluations: 1169
            Gradient evaluations: 20
 > Relaxation Energy: 2014.71

[EXTRACTION] Mode: sampler → backend='aer_simulator', shots=4096
  Submitting 3 circuits (Z / X / Y bases)...
  Done. Angles extracted from measurement statistics.

[RESULT] Final energy: 2014.7137
[REPLICA 384] Tracker saved → outputs/energy_reps_Brickwork_entanglement11/slurm_YYDPETGTWY_amber/replica_384/replica_384_tracker.json
[SAVED] outputs/energy_reps_Brickwork_entanglement11/slurm_YYDPETGTWY_amber/replica_384/replica_384_landscape.png
[REPLICA 384] RMSD: 7.239 Å
[REPLICA 384] Done!
  Energy     : 2014.7137
  RMSD       : 7.239 Å
  Runtime    : 29.8s
  Saved to   : outputs/energy_reps_Brickwork_entanglement11/slurm_YYDPETGTWY_amber/replica_384/replica_384_result.json
============================================
End time     : Thu Apr 23 11:54:34 EDT 2026
Exit code    : 0
============================================
