============================================
Job ID       : 5496515
Array Task   : 242
Replica ID   : 242
Node         : lri041
Start time   : Mon Apr 27 14:19:08 EDT 2026
============================================
[REPLICA 242] Starting...
  Sequence     : YYDPETGTWY
  Forcefield   : amber
  Backend      : aer
  Max iter     : 2000
  Skip Stage 2 : True
--- INITIALIZING QUANTUM BIOPHYSICS FOLDER (HARDWARE) ---
--- FORCE FIELD: AMBER ---
[REPLICA 242] Ground truth loaded — 10 CA atoms
--- SCOUTING: Checking 50 starting points ---
 > Deterministic Seed: 313297009 (Derived from Sequence)
 > Best Start Found: Energy 333.60
[REPLICA 242] Init strategy: random, seed: 313297009
--- STARTING QUANTUM FOLDING (HYBRID PIPELINE) ---
Stage 1: Mechanical Collapse (COBYLA, statevector)...
 > Collapse Energy : 538.52
 > Stage 1 RMSD    : 2.7914 Å
Stage 2: SKIPPED
Stage 3: Natural Relaxation (SLSQP, statevector)...
Optimization terminated successfully    (Exit mode 0)
            Current function value: -16.22688798035556
            Iterations: 187
            Function evaluations: 10131
            Gradient evaluations: 187
 > Relaxation Energy : -16.23
 > Stage 3 RMSD      : 2.8773 Å

── RMSD Progress ──────────────────────────
  Stage 1 : 2.7914 Å
  Stage 2 : skipped
  Stage 3 : 2.8773 Å  ↑ worse
──────────────────────────────────────────

[EXTRACTION] Mode: sampler → backend='aer_simulator', shots=4096
  Submitting 3 circuits (Z / X / Y bases)...
  Done. Angles extracted from measurement statistics.

[RESULT] Final energy: -16.2269
[REPLICA 242] Tracker saved → outputs/Skip1/slurm_YYDPETGTWY_amber/replica_242/replica_242_tracker.json
[SAVED] outputs/Skip1/slurm_YYDPETGTWY_amber/replica_242/replica_242_landscape.png
[REPLICA 242] Final RMSD: 4.193 Å

[REPLICA 242] ✓ Done!
  Energy       : -16.2269
  RMSD final   : 4.193 Å
  RMSD stage1  : 2.791 Å
  RMSD stage2  : skipped
  RMSD stage3  : 2.877 Å
  Runtime      : 128.5s
  Saved to     : outputs/Skip1/slurm_YYDPETGTWY_amber/replica_242/replica_242_result.json
============================================
End time     : Mon Apr 27 14:21:18 EDT 2026
Exit code    : 0
============================================
