============================================
Job ID       : 5438160
Array Task   : 979
Replica ID   : 979
Node         : lri014
Start time   : Fri Apr 17 00:44:07 EDT 2026
============================================
[REPLICA 979] Starting...
  Sequence   : YYDPETGTWY
  Forcefield : amber
  Backend    : aer
  Max iter   : 2000
--- INITIALIZING QUANTUM BIOPHYSICS FOLDER (HARDWARE) ---
--- FORCE FIELD: AMBER ---
--- SCOUTING: Checking 50 starting points ---
 > Deterministic Seed: 313297746 (Derived from Sequence)
 > Best Start Found: Energy 364.78
[REPLICA 979] Init strategy: random, seed: 313297746
--- STARTING QUANTUM FOLDING (HYBRID PIPELINE) ---
Stage 1: Mechanical Collapse (COBYLA, statevector)...
 > Collapse Energy: 375.61
Stage 2: Physics Refinement (SLSQP, statevector)...
Optimization terminated successfully    (Exit mode 0)
            Current function value: 326.1303426888603
            Iterations: 123
            Function evaluations: 6837
            Gradient evaluations: 123
 > Refinement Energy: 326.13
Stage 3: Natural Relaxation (SLSQP, statevector)...
Optimization terminated successfully    (Exit mode 0)
            Current function value: 14.856462098332035
            Iterations: 452
            Function evaluations: 23446
            Gradient evaluations: 452
 > Relaxation Energy: 14.86

[EXTRACTION] Mode: sampler → backend='aer_simulator', shots=4096
  Submitting 3 circuits (Z / X / Y bases)...
  Done. Angles extracted from measurement statistics.

[RESULT] Final energy: 14.8565
[REPLICA 979] RMSD: 6.358 Å
[REPLICA 979] Done!
  Energy     : 14.8565
  RMSD       : 6.358 Å
  Runtime    : 354.3s
  Saved to   : outputs/Brickwork_entanglement/slurm_YYDPETGTWY_amber/replica_979/replica_979_result.json
============================================
End time     : Fri Apr 17 00:50:02 EDT 2026
Exit code    : 0
============================================
