============================================
Job ID       : 5495054
Array Task   : 50
Replica ID   : 50
Node         : lri000
Start time   : Mon Apr 27 12:54:02 EDT 2026
============================================
[REPLICA 50] Starting...
  Sequence     : YYDPETGTWY
  Forcefield   : amber
  Backend      : aer
  Max iter     : 2000
  Skip Stage 2 : False
--- INITIALIZING QUANTUM BIOPHYSICS FOLDER (HARDWARE) ---
--- FORCE FIELD: AMBER ---
[REPLICA 50] Ground truth loaded — 10 CA atoms
--- SCOUTING: Checking 50 starting points ---
 > Deterministic Seed: 313296817 (Derived from Sequence)
 > Best Start Found: Energy 305.65
[REPLICA 50] Init strategy: random, seed: 313296817
============================================
End time     : Mon Apr 27 12:54:03 EDT 2026
Exit code    : 0
============================================
