============================================
Job ID       : 5496032
Array Task   : 184
Replica ID   : 184
Node         : lri056
Start time   : Mon Apr 27 13:47:17 EDT 2026
============================================
[REPLICA 184] Starting...
  Sequence     : YYDPETGTWY
  Forcefield   : amber
  Backend      : aer
  Max iter     : 2000
  Skip Stage 2 : True
--- INITIALIZING QUANTUM BIOPHYSICS FOLDER (HARDWARE) ---
--- FORCE FIELD: AMBER ---
[REPLICA 184] Ground truth loaded — 10 CA atoms
--- SCOUTING: Checking 50 starting points ---
 > Deterministic Seed: 313296951 (Derived from Sequence)
 > Best Start Found: Energy 397.49
[REPLICA 184] Init strategy: random, seed: 313296951
============================================
End time     : Mon Apr 27 13:47:19 EDT 2026
Exit code    : 0
============================================
