============================================
Job ID       : 5474755
Array Task   : 583
Replica ID   : 583
Node         : lri028
Start time   : Wed Apr 22 18:00:03 EDT 2026
============================================
[REPLICA 583] Starting...
  Sequence   : YYDPETGTWY
  Forcefield : amber
  Backend    : aer
  Max iter   : 2000
--- INITIALIZING QUANTUM BIOPHYSICS FOLDER (HARDWARE) ---
--- FORCE FIELD: AMBER ---
--- SCOUTING: Checking 50 starting points ---
 > Deterministic Seed: 313297350 (Derived from Sequence)
 > Best Start Found: Energy 378.54
[REPLICA 583] Init strategy: random, seed: 313297350
--- STARTING QUANTUM FOLDING (HYBRID PIPELINE) ---
Stage 1: Mechanical Collapse (COBYLA, statevector)...
 > Collapse Energy: 556.92
Stage 2: Physics Refinement (SLSQP, statevector)...
Optimization terminated successfully    (Exit mode 0)
            Current function value: 144.44385900717265
            Iterations: 303
            Function evaluations: 15942
            Gradient evaluations: 303
 > Refinement Energy: 144.44
Stage 3: Natural Relaxation (SLSQP, statevector)...
Optimization terminated successfully    (Exit mode 0)
            Current function value: -3.9448692458443615
            Iterations: 203
            Function evaluations: 10911
            Gradient evaluations: 203
 > Relaxation Energy: -3.94

[EXTRACTION] Mode: sampler → backend='aer_simulator', shots=4096
  Submitting 3 circuits (Z / X / Y bases)...
  Done. Angles extracted from measurement statistics.

[RESULT] Final energy: -3.9449
[SAVED] outputs/reps_Brickwork_entanglement/slurm_YYDPETGTWY_amber/replica_583/replica_583_landscape.png
[REPLICA 583] RMSD: 5.780 Å
[REPLICA 583] Done!
  Energy     : -3.9449
  RMSD       : 5.780 Å
  Runtime    : 326.6s
  Saved to   : outputs/reps_Brickwork_entanglement/slurm_YYDPETGTWY_amber/replica_583/replica_583_result.json
============================================
End time     : Wed Apr 22 18:05:31 EDT 2026
Exit code    : 0
============================================
