============================================
Job ID       : 5435182
Array Task   : 220
Replica ID   : 220
Node         : lri015
Start time   : Thu Apr 16 19:33:44 EDT 2026
============================================
[REPLICA 220] Starting...
  Sequence   : YYDPETGTWY
  Forcefield : amber
  Backend    : aer
  Max iter   : 2000
--- INITIALIZING QUANTUM BIOPHYSICS FOLDER (HARDWARE) ---
--- FORCE FIELD: AMBER ---
--- SCOUTING: Checking 50 starting points ---
 > Deterministic Seed: 313296987 (Derived from Sequence)
 > Best Start Found: Energy 433.36
[REPLICA 220] Init strategy: random, seed: 313296987
--- STARTING QUANTUM FOLDING (HYBRID PIPELINE) ---
Stage 1: Mechanical Collapse (COBYLA, statevector)...
 > Collapse Energy: 707.69
Stage 2: Physics Refinement (SLSQP, statevector)...
Optimization terminated successfully    (Exit mode 0)
            Current function value: 159.3157326168964
            Iterations: 424
            Function evaluations: 22279
            Gradient evaluations: 424
 > Refinement Energy: 159.32
Stage 3: Natural Relaxation (SLSQP, statevector)...
Optimization terminated successfully    (Exit mode 0)
            Current function value: 0.33882763691610257
            Iterations: 182
            Function evaluations: 9824
            Gradient evaluations: 182
 > Relaxation Energy: 0.34

[EXTRACTION] Mode: sampler → backend='aer_simulator', shots=4096
  Submitting 3 circuits (Z / X / Y bases)...
  Done. Angles extracted from measurement statistics.

[RESULT] Final energy: 0.3388
[REPLICA 220] RMSD: 6.923 Å
[REPLICA 220] Done!
  Energy     : 0.3388
  RMSD       : 6.923 Å
  Runtime    : 385.9s
  Saved to   : outputs/Brickwork_entanglement/slurm_YYDPETGTWY_amber/replica_220/replica_220_result.json
============================================
End time     : Thu Apr 16 19:40:12 EDT 2026
Exit code    : 0
============================================
