============================================
Job ID       : 5496489
Array Task   : 216
Replica ID   : 216
Node         : lri038
Start time   : Mon Apr 27 14:19:08 EDT 2026
============================================
[REPLICA 216] Starting...
  Sequence     : YYDPETGTWY
  Forcefield   : amber
  Backend      : aer
  Max iter     : 2000
  Skip Stage 2 : True
--- INITIALIZING QUANTUM BIOPHYSICS FOLDER (HARDWARE) ---
--- FORCE FIELD: AMBER ---
[REPLICA 216] Ground truth loaded — 10 CA atoms
--- SCOUTING: Checking 50 starting points ---
 > Deterministic Seed: 313296983 (Derived from Sequence)
 > Best Start Found: Energy 513.89
[REPLICA 216] Init strategy: random, seed: 313296983
--- STARTING QUANTUM FOLDING (HYBRID PIPELINE) ---
Stage 1: Mechanical Collapse (COBYLA, statevector)...
 > Collapse Energy : 145.89
 > Stage 1 RMSD    : 3.8356 Å
Stage 2: SKIPPED
Stage 3: Natural Relaxation (SLSQP, statevector)...
Optimization terminated successfully    (Exit mode 0)
            Current function value: 16.411572385416093
            Iterations: 174
            Function evaluations: 9351
            Gradient evaluations: 174
 > Relaxation Energy : 16.41
 > Stage 3 RMSD      : 3.1489 Å

── RMSD Progress ──────────────────────────
  Stage 1 : 3.8356 Å
  Stage 2 : skipped
  Stage 3 : 3.1489 Å  ↓ better
──────────────────────────────────────────

[EXTRACTION] Mode: sampler → backend='aer_simulator', shots=4096
  Submitting 3 circuits (Z / X / Y bases)...
  Done. Angles extracted from measurement statistics.

[RESULT] Final energy: 16.4116
[REPLICA 216] Tracker saved → outputs/Skip1/slurm_YYDPETGTWY_amber/replica_216/replica_216_tracker.json
[SAVED] outputs/Skip1/slurm_YYDPETGTWY_amber/replica_216/replica_216_landscape.png
[REPLICA 216] Final RMSD: 5.588 Å

[REPLICA 216] ✓ Done!
  Energy       : 16.4116
  RMSD final   : 5.588 Å
  RMSD stage1  : 3.836 Å
  RMSD stage2  : skipped
  RMSD stage3  : 3.149 Å
  Runtime      : 120.4s
  Saved to     : outputs/Skip1/slurm_YYDPETGTWY_amber/replica_216/replica_216_result.json
============================================
End time     : Mon Apr 27 14:21:10 EDT 2026
Exit code    : 0
============================================
