============================================
Job ID       : 5439832
Array Task   : 993
Replica ID   : 993
Node         : lri013
Start time   : Fri Apr 17 10:32:37 EDT 2026
============================================
[REPLICA 993] Starting...
  Sequence   : YYDPETGTWY
  Forcefield : amber
  Backend    : aer
  Max iter   : 2000
--- INITIALIZING QUANTUM BIOPHYSICS FOLDER (HARDWARE) ---
--- FORCE FIELD: AMBER ---
--- SCOUTING: Checking 50 starting points ---
 > Deterministic Seed: 313297760 (Derived from Sequence)
 > Best Start Found: Energy 391.44
[REPLICA 993] Init strategy: random, seed: 313297760
--- STARTING QUANTUM FOLDING (HYBRID PIPELINE) ---
Stage 1: Mechanical Collapse (COBYLA, statevector)...
 > Collapse Energy: 522.92
Stage 2: Physics Refinement (SLSQP, statevector)...
Optimization terminated successfully    (Exit mode 0)
            Current function value: 94.47567663765012
            Iterations: 253
            Function evaluations: 13352
            Gradient evaluations: 253
 > Refinement Energy: 94.48
Stage 3: Natural Relaxation (SLSQP, statevector)...
Optimization terminated successfully    (Exit mode 0)
            Current function value: 35.8529640768977
            Iterations: 143
            Function evaluations: 7772
            Gradient evaluations: 143
 > Relaxation Energy: 35.85

[EXTRACTION] Mode: sampler → backend='aer_simulator', shots=4096
  Submitting 3 circuits (Z / X / Y bases)...
  Done. Angles extracted from measurement statistics.

[RESULT] Final energy: 35.8530
[REPLICA 993] RMSD: 6.285 Å
[REPLICA 993] Done!
  Energy     : 35.8530
  RMSD       : 6.285 Å
  Runtime    : 252.6s
  Saved to   : outputs/reps_Brickwork_entanglement/slurm_YYDPETGTWY_amber/replica_993/replica_993_result.json
============================================
End time     : Fri Apr 17 10:36:51 EDT 2026
Exit code    : 0
============================================
