============================================
Job ID       : 5481050
Array Task   : 394
Replica ID   : 394
Node         : lri020
Start time   : Thu Apr 23 11:54:06 EDT 2026
============================================
[REPLICA 394] Starting...
  Sequence   : YYDPETGTWY
  Forcefield : amber
  Backend    : aer
  Max iter   : 20
--- INITIALIZING QUANTUM BIOPHYSICS FOLDER (HARDWARE) ---
--- FORCE FIELD: AMBER ---
--- SCOUTING: Checking 50 starting points ---
 > Deterministic Seed: 313297161 (Derived from Sequence)
 > Best Start Found: Energy 447.00
[REPLICA 394] Init strategy: random, seed: 313297161
--- STARTING QUANTUM FOLDING (HYBRID PIPELINE) ---
Stage 1: Mechanical Collapse (COBYLA, statevector)...
 > Collapse Energy: 996.93
Stage 2: Physics Refinement (SLSQP, statevector)...
Iteration limit reached    (Exit mode 9)
            Current function value: 2649.857530667439
            Iterations: 20
            Function evaluations: 1170
            Gradient evaluations: 20
 > Refinement Energy: 2649.86
Stage 3: Natural Relaxation (SLSQP, statevector)...
Iteration limit reached    (Exit mode 9)
            Current function value: 2068.1098110816447
            Iterations: 20
            Function evaluations: 1170
            Gradient evaluations: 20
 > Relaxation Energy: 2068.11

[EXTRACTION] Mode: sampler → backend='aer_simulator', shots=4096
  Submitting 3 circuits (Z / X / Y bases)...
  Done. Angles extracted from measurement statistics.

[RESULT] Final energy: 2068.1098
[REPLICA 394] Tracker saved → outputs/energy_reps_Brickwork_entanglement11/slurm_YYDPETGTWY_amber/replica_394/replica_394_tracker.json
[SAVED] outputs/energy_reps_Brickwork_entanglement11/slurm_YYDPETGTWY_amber/replica_394/replica_394_landscape.png
[REPLICA 394] RMSD: 6.338 Å
[REPLICA 394] Done!
  Energy     : 2068.1098
  RMSD       : 6.338 Å
  Runtime    : 29.7s
  Saved to   : outputs/energy_reps_Brickwork_entanglement11/slurm_YYDPETGTWY_amber/replica_394/replica_394_result.json
============================================
End time     : Thu Apr 23 11:54:37 EDT 2026
Exit code    : 0
============================================
