============================================
Job ID       : 5423234
Array Task   : 286
Replica ID   : 286
Node         : lri018
Start time   : Tue Apr 14 16:01:53 EDT 2026
============================================
[REPLICA 286] Starting...
  Sequence   : YYDPETGTWY
  Forcefield : amber
  Backend    : aer
  Max iter   : 2000
--- INITIALIZING QUANTUM BIOPHYSICS FOLDER (HARDWARE) ---
--- FORCE FIELD: AMBER ---
--- SCOUTING: Checking 50 starting points ---
 > Deterministic Seed: 313297053 (Derived from Sequence)
 > Best Start Found: Energy 271.80
[REPLICA 286] Init strategy: random, seed: 313297053
--- STARTING QUANTUM FOLDING (HYBRID PIPELINE) ---
Stage 1: Mechanical Collapse (COBYLA, statevector)...
 > Collapse Energy: 378.17
Stage 2: Physics Refinement (SLSQP, statevector)...
Optimization terminated successfully    (Exit mode 0)
            Current function value: -30.417494331299874
            Iterations: 255
            Function evaluations: 29595
            Gradient evaluations: 255
 > Refinement Energy: -30.42
Stage 3: Natural Relaxation (SLSQP, statevector)...
Optimization terminated successfully    (Exit mode 0)
            Current function value: 17.404582768780845
            Iterations: 327
            Function evaluations: 37556
            Gradient evaluations: 327
 > Relaxation Energy: 17.40

[EXTRACTION] Mode: sampler → backend='aer_simulator', shots=4096
  Submitting 3 circuits (Z / X / Y bases)...
  Done. Angles extracted from measurement statistics.

[RESULT] Final energy: 17.4046
[REPLICA 286] RMSD: 5.136 Å
[REPLICA 286] Done!
  Energy     : 17.4046
  RMSD       : 5.136 Å
  Runtime    : 1186.0s
  Saved to   : outputs/probability_vectors/slurm_YYDPETGTWY_amber/replica_286/replica_286_result.json
============================================
End time     : Tue Apr 14 16:21:40 EDT 2026
Exit code    : 0
============================================
