============================================
Job ID       : 5440194
Array Task   : 180
Replica ID   : 180
Node         : lri015
Start time   : Fri Apr 17 12:36:43 EDT 2026
============================================
[REPLICA 180] Starting...
  Sequence   : DAYAQWLKDGGPSSGRPPPS
  Forcefield : amber
  Backend    : aer
  Max iter   : 2000
--- INITIALIZING QUANTUM BIOPHYSICS FOLDER (HARDWARE) ---
--- FORCE FIELD: AMBER ---
--- SCOUTING: Checking 50 starting points ---
 > Deterministic Seed: 2158523565 (Derived from Sequence)
 > Best Start Found: Energy 633.49
[REPLICA 180] Init strategy: random, seed: 2158523565
--- STARTING QUANTUM FOLDING (HYBRID PIPELINE) ---
Stage 1: Mechanical Collapse (COBYLA, statevector)...
 > Collapse Energy: 1052.92
Stage 2: Physics Refinement (SLSQP, statevector)...
Optimization terminated successfully    (Exit mode 0)
            Current function value: 41.56698980752533
            Iterations: 353
            Function evaluations: 27761
            Gradient evaluations: 353
 > Refinement Energy: 41.57
Stage 3: Natural Relaxation (SLSQP, statevector)...
Optimization terminated successfully    (Exit mode 0)
            Current function value: -113.76314094658358
            Iterations: 271
            Function evaluations: 21262
            Gradient evaluations: 271
 > Relaxation Energy: -113.76

[EXTRACTION] Mode: sampler → backend='aer_simulator', shots=4096
  Submitting 3 circuits (Z / X / Y bases)...
  Done. Angles extracted from measurement statistics.

[RESULT] Final energy: -113.7631
[REPLICA 180] RMSD: 6.686 Å
[REPLICA 180] Done!
  Energy     : -113.7631
  RMSD       : 6.686 Å
  Runtime    : 935.3s
  Saved to   : outputs/reps_Brickwork_entanglement1/slurm_DAYAQWLKDGGPSSGRPPPS_amber/replica_180/replica_180_result.json
============================================
End time     : Fri Apr 17 12:52:20 EDT 2026
Exit code    : 0
============================================
