============================================
Job ID       : 5496497
Array Task   : 224
Replica ID   : 224
Node         : lri039
Start time   : Mon Apr 27 14:19:08 EDT 2026
============================================
[REPLICA 224] Starting...
  Sequence     : YYDPETGTWY
  Forcefield   : amber
  Backend      : aer
  Max iter     : 2000
  Skip Stage 2 : True
--- INITIALIZING QUANTUM BIOPHYSICS FOLDER (HARDWARE) ---
--- FORCE FIELD: AMBER ---
[REPLICA 224] Ground truth loaded — 10 CA atoms
--- SCOUTING: Checking 50 starting points ---
 > Deterministic Seed: 313296991 (Derived from Sequence)
 > Best Start Found: Energy 431.02
[REPLICA 224] Init strategy: random, seed: 313296991
--- STARTING QUANTUM FOLDING (HYBRID PIPELINE) ---
Stage 1: Mechanical Collapse (COBYLA, statevector)...
 > Collapse Energy : 540.38
 > Stage 1 RMSD    : 2.3331 Å
Stage 2: SKIPPED
Stage 3: Natural Relaxation (SLSQP, statevector)...
Optimization terminated successfully    (Exit mode 0)
            Current function value: -26.151705124344385
            Iterations: 228
            Function evaluations: 12201
            Gradient evaluations: 228
 > Relaxation Energy : -26.15
 > Stage 3 RMSD      : 2.3550 Å

── RMSD Progress ──────────────────────────
  Stage 1 : 2.3331 Å
  Stage 2 : skipped
  Stage 3 : 2.3550 Å  ↑ worse
──────────────────────────────────────────

[EXTRACTION] Mode: sampler → backend='aer_simulator', shots=4096
  Submitting 3 circuits (Z / X / Y bases)...
  Done. Angles extracted from measurement statistics.

[RESULT] Final energy: -26.1517
[REPLICA 224] Tracker saved → outputs/Skip1/slurm_YYDPETGTWY_amber/replica_224/replica_224_tracker.json
[SAVED] outputs/Skip1/slurm_YYDPETGTWY_amber/replica_224/replica_224_landscape.png
[REPLICA 224] Final RMSD: 6.771 Å

[REPLICA 224] ✓ Done!
  Energy       : -26.1517
  RMSD final   : 6.771 Å
  RMSD stage1  : 2.333 Å
  RMSD stage2  : skipped
  RMSD stage3  : 2.355 Å
  Runtime      : 164.0s
  Saved to     : outputs/Skip1/slurm_YYDPETGTWY_amber/replica_224/replica_224_result.json
============================================
End time     : Mon Apr 27 14:21:54 EDT 2026
Exit code    : 0
============================================
