============================================
Job ID       : 5475052
Array Task   : 877
Replica ID   : 877
Node         : lri055
Start time   : Wed Apr 22 18:04:53 EDT 2026
============================================
[REPLICA 877] Starting...
  Sequence   : YYDPETGTWY
  Forcefield : amber
  Backend    : aer
  Max iter   : 2000
--- INITIALIZING QUANTUM BIOPHYSICS FOLDER (HARDWARE) ---
--- FORCE FIELD: AMBER ---
--- SCOUTING: Checking 50 starting points ---
 > Deterministic Seed: 313297644 (Derived from Sequence)
 > Best Start Found: Energy 422.75
[REPLICA 877] Init strategy: random, seed: 313297644
--- STARTING QUANTUM FOLDING (HYBRID PIPELINE) ---
Stage 1: Mechanical Collapse (COBYLA, statevector)...
 > Collapse Energy: 541.35
Stage 2: Physics Refinement (SLSQP, statevector)...
Optimization terminated successfully    (Exit mode 0)
            Current function value: 72.75639058429746
            Iterations: 176
            Function evaluations: 9549
            Gradient evaluations: 176
 > Refinement Energy: 72.76
Stage 3: Natural Relaxation (SLSQP, statevector)...
Optimization terminated successfully    (Exit mode 0)
            Current function value: 48.074959171710354
            Iterations: 221
            Function evaluations: 11761
            Gradient evaluations: 221
 > Relaxation Energy: 48.07

[EXTRACTION] Mode: sampler → backend='aer_simulator', shots=4096
  Submitting 3 circuits (Z / X / Y bases)...
  Done. Angles extracted from measurement statistics.

[RESULT] Final energy: 48.0750
[SAVED] outputs/reps_Brickwork_entanglement/slurm_YYDPETGTWY_amber/replica_877/replica_877_landscape.png
[REPLICA 877] RMSD: 5.285 Å
[REPLICA 877] Done!
  Energy     : 48.0750
  RMSD       : 5.285 Å
  Runtime    : 260.2s
  Saved to   : outputs/reps_Brickwork_entanglement/slurm_YYDPETGTWY_amber/replica_877/replica_877_result.json
============================================
End time     : Wed Apr 22 18:09:15 EDT 2026
Exit code    : 0
============================================
