============================================
Job ID       : 5440406
Array Task   : 301
Replica ID   : 301
Node         : lri054
Start time   : Fri Apr 17 13:54:49 EDT 2026
============================================
[REPLICA 301] Starting...
  Sequence   : DAYAQWLKDGGPSSGRPPPS
  Forcefield : amber
  Backend    : aer
  Max iter   : 2000
--- INITIALIZING QUANTUM BIOPHYSICS FOLDER (HARDWARE) ---
--- FORCE FIELD: AMBER ---
--- SCOUTING: Checking 50 starting points ---
 > Deterministic Seed: 2158523686 (Derived from Sequence)
 > Best Start Found: Energy 587.24
[REPLICA 301] Init strategy: random, seed: 2158523686
--- STARTING QUANTUM FOLDING (HYBRID PIPELINE) ---
Stage 1: Mechanical Collapse (COBYLA, statevector)...
 > Collapse Energy: 434.84
Stage 2: Physics Refinement (SLSQP, statevector)...
Optimization terminated successfully    (Exit mode 0)
            Current function value: -25.15432029985151
            Iterations: 481
            Function evaluations: 36729
            Gradient evaluations: 481
 > Refinement Energy: -25.15
Stage 3: Natural Relaxation (SLSQP, statevector)...
Optimization terminated successfully    (Exit mode 0)
            Current function value: 168.6262504729849
            Iterations: 396
            Function evaluations: 30424
            Gradient evaluations: 396
 > Relaxation Energy: 168.63

[EXTRACTION] Mode: sampler → backend='aer_simulator', shots=4096
  Submitting 3 circuits (Z / X / Y bases)...
  Done. Angles extracted from measurement statistics.

[RESULT] Final energy: 168.6263
[REPLICA 301] RMSD: 9.238 Å
[REPLICA 301] Done!
  Energy     : 168.6263
  RMSD       : 9.238 Å
  Runtime    : 1227.1s
  Saved to   : outputs/reps_Brickwork_entanglement1/slurm_DAYAQWLKDGGPSSGRPPPS_amber/replica_301/replica_301_result.json
============================================
End time     : Fri Apr 17 14:15:17 EDT 2026
Exit code    : 0
============================================
