============================================
Job ID       : 5437364
Array Task   : 659
Replica ID   : 659
Node         : lri000
Start time   : Thu Apr 16 23:42:03 EDT 2026
============================================
[REPLICA 659] Starting...
  Sequence   : YYDPETGTWY
  Forcefield : amber
  Backend    : aer
  Max iter   : 2000
--- INITIALIZING QUANTUM BIOPHYSICS FOLDER (HARDWARE) ---
--- FORCE FIELD: AMBER ---
--- SCOUTING: Checking 50 starting points ---
 > Deterministic Seed: 313297426 (Derived from Sequence)
 > Best Start Found: Energy 435.65
[REPLICA 659] Init strategy: random, seed: 313297426
--- STARTING QUANTUM FOLDING (HYBRID PIPELINE) ---
Stage 1: Mechanical Collapse (COBYLA, statevector)...
 > Collapse Energy: 423.05
Stage 2: Physics Refinement (SLSQP, statevector)...
Optimization terminated successfully    (Exit mode 0)
            Current function value: 658.9777766982533
            Iterations: 118
            Function evaluations: 6815
            Gradient evaluations: 118
 > Refinement Energy: 658.98
Stage 3: Natural Relaxation (SLSQP, statevector)...
Optimization terminated successfully    (Exit mode 0)
            Current function value: 746.8729349215031
            Iterations: 123
            Function evaluations: 7066
            Gradient evaluations: 123
 > Relaxation Energy: 746.87

[EXTRACTION] Mode: sampler → backend='aer_simulator', shots=4096
  Submitting 3 circuits (Z / X / Y bases)...
  Done. Angles extracted from measurement statistics.

[RESULT] Final energy: 746.8729
[REPLICA 659] RMSD: 6.351 Å
[REPLICA 659] Done!
  Energy     : 746.8729
  RMSD       : 6.351 Å
  Runtime    : 178.1s
  Saved to   : outputs/Brickwork_entanglement/slurm_YYDPETGTWY_amber/replica_659/replica_659_result.json
============================================
End time     : Thu Apr 16 23:45:02 EDT 2026
Exit code    : 0
============================================
