============================================
Job ID       : 5495976
Array Task   : 128
Replica ID   : 128
Node         : lri030
Start time   : Mon Apr 27 13:47:15 EDT 2026
============================================
[REPLICA 128] Starting...
  Sequence     : YYDPETGTWY
  Forcefield   : amber
  Backend      : aer
  Max iter     : 2000
  Skip Stage 2 : True
--- INITIALIZING QUANTUM BIOPHYSICS FOLDER (HARDWARE) ---
--- FORCE FIELD: AMBER ---
[REPLICA 128] Ground truth loaded — 10 CA atoms
--- SCOUTING: Checking 50 starting points ---
 > Deterministic Seed: 313296895 (Derived from Sequence)
 > Best Start Found: Energy 250.71
[REPLICA 128] Init strategy: random, seed: 313296895
============================================
End time     : Mon Apr 27 13:47:17 EDT 2026
Exit code    : 0
============================================
