============================================
Job ID       : 5495283
Array Task   : 279
Replica ID   : 279
Node         : lri029
Start time   : Mon Apr 27 12:54:13 EDT 2026
============================================
[REPLICA 279] Starting...
  Sequence     : YYDPETGTWY
  Forcefield   : amber
  Backend      : aer
  Max iter     : 2000
  Skip Stage 2 : False
--- INITIALIZING QUANTUM BIOPHYSICS FOLDER (HARDWARE) ---
--- FORCE FIELD: AMBER ---
[REPLICA 279] Ground truth loaded — 10 CA atoms
--- SCOUTING: Checking 50 starting points ---
 > Deterministic Seed: 313297046 (Derived from Sequence)
 > Best Start Found: Energy 400.68
[REPLICA 279] Init strategy: random, seed: 313297046
============================================
End time     : Mon Apr 27 12:54:15 EDT 2026
Exit code    : 0
============================================
