============================================
Job ID       : 5421914
Array Task   : 541
Replica ID   : 541
Node         : lri042
Start time   : Tue Apr 14 08:56:43 EDT 2026
============================================
[REPLICA 541] Starting...
  Sequence   : YYDPETGTWY
  Forcefield : amber
  Backend    : aer
  Max iter   : 2000
--- INITIALIZING QUANTUM BIOPHYSICS FOLDER (HARDWARE) ---
--- FORCE FIELD: AMBER ---
--- PRIMING CIRCUIT FOR SHEET ---
 > Priming Error: 12.7613
[REPLICA 541] Init strategy: sheet, seed: 313297308
--- STARTING QUANTUM FOLDING (HYBRID PIPELINE) ---
Stage 1: Mechanical Collapse (COBYLA, statevector)...
 > Collapse Energy: 361.67
Stage 2: Physics Refinement (SLSQP, statevector)...
Optimization terminated successfully    (Exit mode 0)
            Current function value: 113.84871822840364
            Iterations: 379
            Function evaluations: 43662
            Gradient evaluations: 379
 > Refinement Energy: 113.85
Stage 3: Natural Relaxation (SLSQP, statevector)...
Optimization terminated successfully    (Exit mode 0)
            Current function value: -23.32669247593927
            Iterations: 284
            Function evaluations: 32931
            Gradient evaluations: 284
 > Relaxation Energy: -23.33

[EXTRACTION] Mode: sampler → backend='aer_simulator', shots=4096
  Submitting 3 circuits (Z / X / Y bases)...
  Done. Angles extracted from measurement statistics.

[RESULT] Final energy: -23.3267
[REPLICA 541] RMSD: 4.589 Å
[REPLICA 541] Done!
  Energy     : -23.3267
  RMSD       : 4.589 Å
  Runtime    : 1332.3s
  Saved to   : outputs/slurm_YYDPETGTWY_amber/replica_541/replica_541_result.json
============================================
End time     : Tue Apr 14 09:18:57 EDT 2026
Exit code    : 0
============================================
