============================================
Job ID       : 5440128
Array Task   : 138
Replica ID   : 138
Node         : lri013
Start time   : Fri Apr 17 12:08:42 EDT 2026
============================================
[REPLICA 138] Starting...
  Sequence   : DAYAQWLKDGGPSSGRPPPS
  Forcefield : amber
  Backend    : aer
  Max iter   : 2000
--- INITIALIZING QUANTUM BIOPHYSICS FOLDER (HARDWARE) ---
--- FORCE FIELD: AMBER ---
--- SCOUTING: Checking 50 starting points ---
 > Deterministic Seed: 2158523523 (Derived from Sequence)
 > Best Start Found: Energy 511.62
[REPLICA 138] Init strategy: random, seed: 2158523523
--- STARTING QUANTUM FOLDING (HYBRID PIPELINE) ---
Stage 1: Mechanical Collapse (COBYLA, statevector)...
 > Collapse Energy: 617.08
Stage 2: Physics Refinement (SLSQP, statevector)...
Optimization terminated successfully    (Exit mode 0)
            Current function value: 102.43567141715869
            Iterations: 434
            Function evaluations: 33348
            Gradient evaluations: 434
 > Refinement Energy: 102.44
Stage 3: Natural Relaxation (SLSQP, statevector)...
Optimization terminated successfully    (Exit mode 0)
            Current function value: 161.5811922960784
            Iterations: 612
            Function evaluations: 46536
            Gradient evaluations: 612
 > Relaxation Energy: 161.58

[EXTRACTION] Mode: sampler → backend='aer_simulator', shots=4096
  Submitting 3 circuits (Z / X / Y bases)...
  Done. Angles extracted from measurement statistics.

[RESULT] Final energy: 161.5812
[REPLICA 138] RMSD: 4.372 Å
[REPLICA 138] Done!
  Energy     : 161.5812
  RMSD       : 4.372 Å
  Runtime    : 1498.5s
  Saved to   : outputs/reps_Brickwork_entanglement1/slurm_DAYAQWLKDGGPSSGRPPPS_amber/replica_138/replica_138_result.json
============================================
End time     : Fri Apr 17 12:33:42 EDT 2026
Exit code    : 0
============================================
