============================================
Job ID       : 5496448
Array Task   : 175
Replica ID   : 175
Node         : lri035
Start time   : Mon Apr 27 14:18:56 EDT 2026
============================================
[REPLICA 175] Starting...
  Sequence     : YYDPETGTWY
  Forcefield   : amber
  Backend      : aer
  Max iter     : 2000
  Skip Stage 2 : True
--- INITIALIZING QUANTUM BIOPHYSICS FOLDER (HARDWARE) ---
--- FORCE FIELD: AMBER ---
[REPLICA 175] Ground truth loaded — 10 CA atoms
--- SCOUTING: Checking 50 starting points ---
 > Deterministic Seed: 313296942 (Derived from Sequence)
 > Best Start Found: Energy 421.35
[REPLICA 175] Init strategy: random, seed: 313296942
--- STARTING QUANTUM FOLDING (HYBRID PIPELINE) ---
Stage 1: Mechanical Collapse (COBYLA, statevector)...
 > Collapse Energy : 589.43
 > Stage 1 RMSD    : 3.6876 Å
Stage 2: SKIPPED
Stage 3: Natural Relaxation (SLSQP, statevector)...
Optimization terminated successfully    (Exit mode 0)
            Current function value: 65.26476992591614
            Iterations: 154
            Function evaluations: 8431
            Gradient evaluations: 154
 > Relaxation Energy : 65.26
 > Stage 3 RMSD      : 3.5523 Å

── RMSD Progress ──────────────────────────
  Stage 1 : 3.6876 Å
  Stage 2 : skipped
  Stage 3 : 3.5523 Å  ↓ better
──────────────────────────────────────────

[EXTRACTION] Mode: sampler → backend='aer_simulator', shots=4096
  Submitting 3 circuits (Z / X / Y bases)...
  Done. Angles extracted from measurement statistics.

[RESULT] Final energy: 65.2648
[REPLICA 175] Tracker saved → outputs/Skip1/slurm_YYDPETGTWY_amber/replica_175/replica_175_tracker.json
[SAVED] outputs/Skip1/slurm_YYDPETGTWY_amber/replica_175/replica_175_landscape.png
[REPLICA 175] Final RMSD: 4.038 Å

[REPLICA 175] ✓ Done!
  Energy       : 65.2648
  RMSD final   : 4.038 Å
  RMSD stage1  : 3.688 Å
  RMSD stage2  : skipped
  RMSD stage3  : 3.552 Å
  Runtime      : 112.4s
  Saved to     : outputs/Skip1/slurm_YYDPETGTWY_amber/replica_175/replica_175_result.json
============================================
End time     : Mon Apr 27 14:20:50 EDT 2026
Exit code    : 0
============================================
