============================================
Job ID       : 5435611
Array Task   : 353
Replica ID   : 353
Node         : lri013
Start time   : Thu Apr 16 21:03:51 EDT 2026
============================================
[REPLICA 353] Starting...
  Sequence   : YYDPETGTWY
  Forcefield : amber
  Backend    : aer
  Max iter   : 2000
--- INITIALIZING QUANTUM BIOPHYSICS FOLDER (HARDWARE) ---
--- FORCE FIELD: AMBER ---
--- SCOUTING: Checking 50 starting points ---
 > Deterministic Seed: 313297120 (Derived from Sequence)
 > Best Start Found: Energy 321.40
[REPLICA 353] Init strategy: random, seed: 313297120
--- STARTING QUANTUM FOLDING (HYBRID PIPELINE) ---
Stage 1: Mechanical Collapse (COBYLA, statevector)...
 > Collapse Energy: 436.90
Stage 2: Physics Refinement (SLSQP, statevector)...
Optimization terminated successfully    (Exit mode 0)
            Current function value: 12.588338866177402
            Iterations: 232
            Function evaluations: 12531
            Gradient evaluations: 232
 > Refinement Energy: 12.59
Stage 3: Natural Relaxation (SLSQP, statevector)...
Optimization terminated successfully    (Exit mode 0)
            Current function value: -18.25119353276116
            Iterations: 114
            Function evaluations: 6297
            Gradient evaluations: 114
 > Relaxation Energy: -18.25

[EXTRACTION] Mode: sampler → backend='aer_simulator', shots=4096
  Submitting 3 circuits (Z / X / Y bases)...
  Done. Angles extracted from measurement statistics.

[RESULT] Final energy: -18.2512
[REPLICA 353] RMSD: 4.957 Å
[REPLICA 353] Done!
  Energy     : -18.2512
  RMSD       : 4.957 Å
  Runtime    : 242.3s
  Saved to   : outputs/Brickwork_entanglement/slurm_YYDPETGTWY_amber/replica_353/replica_353_result.json
============================================
End time     : Thu Apr 16 21:07:55 EDT 2026
Exit code    : 0
============================================
