============================================
Job ID       : 5439551
Array Task   : 775
Replica ID   : 775
Node         : lri054
Start time   : Fri Apr 17 09:44:34 EDT 2026
============================================
[REPLICA 775] Starting...
  Sequence   : YYDPETGTWY
  Forcefield : amber
  Backend    : aer
  Max iter   : 2000
--- INITIALIZING QUANTUM BIOPHYSICS FOLDER (HARDWARE) ---
--- FORCE FIELD: AMBER ---
--- SCOUTING: Checking 50 starting points ---
 > Deterministic Seed: 313297542 (Derived from Sequence)
 > Best Start Found: Energy 474.85
[REPLICA 775] Init strategy: random, seed: 313297542
--- STARTING QUANTUM FOLDING (HYBRID PIPELINE) ---
Stage 1: Mechanical Collapse (COBYLA, statevector)...
 > Collapse Energy: 418.92
Stage 2: Physics Refinement (SLSQP, statevector)...
Optimization terminated successfully    (Exit mode 0)
            Current function value: 111.08211519289158
            Iterations: 272
            Function evaluations: 14358
            Gradient evaluations: 272
 > Refinement Energy: 111.08
Stage 3: Natural Relaxation (SLSQP, statevector)...
Optimization terminated successfully    (Exit mode 0)
            Current function value: -32.461911140089384
            Iterations: 251
            Function evaluations: 13270
            Gradient evaluations: 251
 > Relaxation Energy: -32.46

[EXTRACTION] Mode: sampler → backend='aer_simulator', shots=4096
  Submitting 3 circuits (Z / X / Y bases)...
  Done. Angles extracted from measurement statistics.

[RESULT] Final energy: -32.4619
[REPLICA 775] RMSD: 4.910 Å
[REPLICA 775] Done!
  Energy     : -32.4619
  RMSD       : 4.910 Å
  Runtime    : 323.9s
  Saved to   : outputs/reps_Brickwork_entanglement/slurm_YYDPETGTWY_amber/replica_775/replica_775_result.json
============================================
End time     : Fri Apr 17 09:49:59 EDT 2026
Exit code    : 0
============================================
