============================================
Job ID       : 5426345
Array Task   : 476
Replica ID   : 476
Node         : lri016
Start time   : Wed Apr 15 14:38:56 EDT 2026
============================================
[REPLICA 476] Starting...
  Sequence   : YYDPETGTWY
  Forcefield : amber
  Backend    : aer
  Max iter   : 2000
--- INITIALIZING QUANTUM BIOPHYSICS FOLDER (HARDWARE) ---
--- FORCE FIELD: AMBER ---
--- SCOUTING: Checking 50 starting points ---
 > Deterministic Seed: 313297243 (Derived from Sequence)
 > Best Start Found: Energy 461.74
[REPLICA 476] Init strategy: random, seed: 313297243
--- STARTING QUANTUM FOLDING (HYBRID PIPELINE) ---
Stage 1: Mechanical Collapse (COBYLA, statevector)...
 > Collapse Energy: 266.58
Stage 2: Physics Refinement (SLSQP, statevector)...
Optimization terminated successfully    (Exit mode 0)
            Current function value: -44.17373870464239
            Iterations: 159
            Function evaluations: 8664
            Gradient evaluations: 159
 > Refinement Energy: -44.17
Stage 3: Natural Relaxation (SLSQP, statevector)...
Optimization terminated successfully    (Exit mode 0)
            Current function value: -62.43152699582484
            Iterations: 327
            Function evaluations: 17080
            Gradient evaluations: 327
 > Relaxation Energy: -62.43

[EXTRACTION] Mode: sampler → backend='aer_simulator', shots=4096
  Submitting 3 circuits (Z / X / Y bases)...
  Done. Angles extracted from measurement statistics.

[RESULT] Final energy: -62.4315
[REPLICA 476] RMSD: 5.935 Å
[REPLICA 476] Done!
  Energy     : -62.4315
  RMSD       : 5.935 Å
  Runtime    : 331.2s
  Saved to   : outputs/linear_entanglement_1_rep/slurm_YYDPETGTWY_amber/replica_476/replica_476_result.json
============================================
End time     : Wed Apr 15 14:44:29 EDT 2026
Exit code    : 0
============================================
