============================================
Job ID       : 5480943
Array Task   : 289
Replica ID   : 289
Node         : lri039
Start time   : Thu Apr 23 11:53:29 EDT 2026
============================================
[REPLICA 289] Starting...
  Sequence   : YYDPETGTWY
  Forcefield : amber
  Backend    : aer
  Max iter   : 20
--- INITIALIZING QUANTUM BIOPHYSICS FOLDER (HARDWARE) ---
--- FORCE FIELD: AMBER ---
--- SCOUTING: Checking 50 starting points ---
 > Deterministic Seed: 313297056 (Derived from Sequence)
 > Best Start Found: Energy 476.64
[REPLICA 289] Init strategy: random, seed: 313297056
--- STARTING QUANTUM FOLDING (HYBRID PIPELINE) ---
Stage 1: Mechanical Collapse (COBYLA, statevector)...
 > Collapse Energy: 2262.91
Stage 2: Physics Refinement (SLSQP, statevector)...
Iteration limit reached    (Exit mode 9)
            Current function value: 2278.350355397858
            Iterations: 20
            Function evaluations: 1170
            Gradient evaluations: 20
 > Refinement Energy: 2278.35
Stage 3: Natural Relaxation (SLSQP, statevector)...
Iteration limit reached    (Exit mode 9)
            Current function value: 1854.6894121593673
            Iterations: 20
            Function evaluations: 1170
            Gradient evaluations: 20
 > Relaxation Energy: 1854.69

[EXTRACTION] Mode: sampler → backend='aer_simulator', shots=4096
  Submitting 3 circuits (Z / X / Y bases)...
  Done. Angles extracted from measurement statistics.

[RESULT] Final energy: 1854.6894
[REPLICA 289] Tracker saved → outputs/energy_reps_Brickwork_entanglement11/slurm_YYDPETGTWY_amber/replica_289/replica_289_tracker.json
[SAVED] outputs/energy_reps_Brickwork_entanglement11/slurm_YYDPETGTWY_amber/replica_289/replica_289_landscape.png
[REPLICA 289] RMSD: 6.681 Å
[REPLICA 289] Done!
  Energy     : 1854.6894
  RMSD       : 6.681 Å
  Runtime    : 30.2s
  Saved to   : outputs/energy_reps_Brickwork_entanglement11/slurm_YYDPETGTWY_amber/replica_289/replica_289_result.json
============================================
End time     : Thu Apr 23 11:54:00 EDT 2026
Exit code    : 0
============================================
