============================================
Job ID       : 5496640
Array Task   : 367
Replica ID   : 367
Node         : lri034
Start time   : Mon Apr 27 14:21:00 EDT 2026
============================================
[REPLICA 367] Starting...
  Sequence     : YYDPETGTWY
  Forcefield   : amber
  Backend      : aer
  Max iter     : 2000
  Skip Stage 2 : True
--- INITIALIZING QUANTUM BIOPHYSICS FOLDER (HARDWARE) ---
--- FORCE FIELD: AMBER ---
[REPLICA 367] Ground truth loaded — 10 CA atoms
--- SCOUTING: Checking 50 starting points ---
 > Deterministic Seed: 313297134 (Derived from Sequence)
 > Best Start Found: Energy 380.49
[REPLICA 367] Init strategy: random, seed: 313297134
--- STARTING QUANTUM FOLDING (HYBRID PIPELINE) ---
Stage 1: Mechanical Collapse (COBYLA, statevector)...
 > Collapse Energy : 122.49
 > Stage 1 RMSD    : 3.0226 Å
Stage 2: SKIPPED
Stage 3: Natural Relaxation (SLSQP, statevector)...
Optimization terminated successfully    (Exit mode 0)
            Current function value: 53.987588524861565
            Iterations: 141
            Function evaluations: 7701
            Gradient evaluations: 141
 > Relaxation Energy : 53.99
 > Stage 3 RMSD      : 4.4447 Å

── RMSD Progress ──────────────────────────
  Stage 1 : 3.0226 Å
  Stage 2 : skipped
  Stage 3 : 4.4447 Å  ↑ worse
──────────────────────────────────────────

[EXTRACTION] Mode: sampler → backend='aer_simulator', shots=4096
  Submitting 3 circuits (Z / X / Y bases)...
  Done. Angles extracted from measurement statistics.

[RESULT] Final energy: 53.9876
[REPLICA 367] Tracker saved → outputs/Skip1/slurm_YYDPETGTWY_amber/replica_367/replica_367_tracker.json
[SAVED] outputs/Skip1/slurm_YYDPETGTWY_amber/replica_367/replica_367_landscape.png
[REPLICA 367] Final RMSD: 5.730 Å

[REPLICA 367] ✓ Done!
  Energy       : 53.9876
  RMSD final   : 5.730 Å
  RMSD stage1  : 3.023 Å
  RMSD stage2  : skipped
  RMSD stage3  : 4.445 Å
  Runtime      : 104.3s
  Saved to     : outputs/Skip1/slurm_YYDPETGTWY_amber/replica_367/replica_367_result.json
============================================
End time     : Mon Apr 27 14:22:45 EDT 2026
Exit code    : 0
============================================
