============================================
Job ID       : 5439700
Array Task   : 893
Replica ID   : 893
Node         : lri000
Start time   : Fri Apr 17 10:08:36 EDT 2026
============================================
[REPLICA 893] Starting...
  Sequence   : YYDPETGTWY
  Forcefield : amber
  Backend    : aer
  Max iter   : 2000
--- INITIALIZING QUANTUM BIOPHYSICS FOLDER (HARDWARE) ---
--- FORCE FIELD: AMBER ---
--- SCOUTING: Checking 50 starting points ---
 > Deterministic Seed: 313297660 (Derived from Sequence)
 > Best Start Found: Energy 421.51
[REPLICA 893] Init strategy: random, seed: 313297660
--- STARTING QUANTUM FOLDING (HYBRID PIPELINE) ---
Stage 1: Mechanical Collapse (COBYLA, statevector)...
 > Collapse Energy: 309.20
Stage 2: Physics Refinement (SLSQP, statevector)...
Optimization terminated successfully    (Exit mode 0)
            Current function value: -2.7029613729374216
            Iterations: 139
            Function evaluations: 7733
            Gradient evaluations: 139
 > Refinement Energy: -2.70
Stage 3: Natural Relaxation (SLSQP, statevector)...
Optimization terminated successfully    (Exit mode 0)
            Current function value: 96.52008983367097
            Iterations: 183
            Function evaluations: 9833
            Gradient evaluations: 183
 > Relaxation Energy: 96.52

[EXTRACTION] Mode: sampler → backend='aer_simulator', shots=4096
  Submitting 3 circuits (Z / X / Y bases)...
  Done. Angles extracted from measurement statistics.

[RESULT] Final energy: 96.5201
[REPLICA 893] RMSD: 6.291 Å
[REPLICA 893] Done!
  Energy     : 96.5201
  RMSD       : 6.291 Å
  Runtime    : 213.4s
  Saved to   : outputs/reps_Brickwork_entanglement/slurm_YYDPETGTWY_amber/replica_893/replica_893_result.json
============================================
End time     : Fri Apr 17 10:12:10 EDT 2026
Exit code    : 0
============================================
