============================================
Job ID       : 5443392
Array Task   : 922
Replica ID   : 922
Node         : lri014
Start time   : Fri Apr 17 18:43:12 EDT 2026
============================================
[REPLICA 922] Starting...
  Sequence   : DAYAQWLKDGGPSSGRPPPS
  Forcefield : amber
  Backend    : aer
  Max iter   : 2000
--- INITIALIZING QUANTUM BIOPHYSICS FOLDER (HARDWARE) ---
--- FORCE FIELD: AMBER ---
--- SCOUTING: Checking 50 starting points ---
 > Deterministic Seed: 2158524307 (Derived from Sequence)
 > Best Start Found: Energy 520.96
[REPLICA 922] Init strategy: random, seed: 2158524307
--- STARTING QUANTUM FOLDING (HYBRID PIPELINE) ---
Stage 1: Mechanical Collapse (COBYLA, statevector)...
 > Collapse Energy: 496.85
Stage 2: Physics Refinement (SLSQP, statevector)...
Optimization terminated successfully    (Exit mode 0)
            Current function value: -75.56711515544468
            Iterations: 338
            Function evaluations: 26147
            Gradient evaluations: 338
 > Refinement Energy: -75.57
Stage 3: Natural Relaxation (SLSQP, statevector)...
Optimization terminated successfully    (Exit mode 0)
            Current function value: -8.49921962544878
            Iterations: 443
            Function evaluations: 33999
            Gradient evaluations: 443
 > Relaxation Energy: -8.50

[EXTRACTION] Mode: sampler → backend='aer_simulator', shots=4096
  Submitting 3 circuits (Z / X / Y bases)...
  Done. Angles extracted from measurement statistics.

[RESULT] Final energy: -8.4992
[REPLICA 922] RMSD: 6.856 Å
[REPLICA 922] Done!
  Energy     : -8.4992
  RMSD       : 6.856 Å
  Runtime    : 1104.9s
  Saved to   : outputs/reps_Brickwork_entanglement1/slurm_DAYAQWLKDGGPSSGRPPPS_amber/replica_922/replica_922_result.json
============================================
End time     : Fri Apr 17 19:01:38 EDT 2026
Exit code    : 0
============================================
