============================================
Job ID       : 5505591
Array Task   : 294
Replica ID   : 294
Node         : lri056
Start time   : Tue Apr 28 09:40:34 EDT 2026
============================================
[REPLICA 294] Starting...
  Sequence     : YYDPETGTWY
  Forcefield   : amber
  Backend      : aer
  Max iter     : 2000
  Skip Stage 2 : False
--- INITIALIZING QUANTUM BIOPHYSICS FOLDER (HARDWARE) ---
--- FORCE FIELD: AMBER ---
[REPLICA 294] Ground truth loaded — 10 CA atoms
--- SCOUTING: Checking 50 starting points ---
 > Deterministic Seed: 313297061 (Derived from Sequence)
 > Best Start Found: Energy 362.42
[REPLICA 294] Init strategy: random, seed: 313297061
--- STARTING QUANTUM FOLDING (HYBRID PIPELINE) ---
Stage 1: Mechanical Collapse (COBYLA, statevector)...
 > Collapse Energy : 410.63
 > Stage 1 RMSD    : 2.6357 Å
Stage 2: Physics Refinement (SLSQP, statevector)...
Optimization terminated successfully    (Exit mode 0)
            Current function value: 17.827994167314763
            Iterations: 220
            Function evaluations: 11801
            Gradient evaluations: 220
 > Refinement Energy : 17.83
 > Stage 2 RMSD      : 3.0919 Å
Stage 3: Natural Relaxation (SLSQP, statevector)...
Optimization terminated successfully    (Exit mode 0)
            Current function value: -28.716818550698708
            Iterations: 163
            Function evaluations: 8851
            Gradient evaluations: 163
 > Relaxation Energy : -28.72
 > Stage 3 RMSD      : 3.2165 Å

── RMSD Progress ──────────────────────────
  Stage 1 : 2.6357 Å
  Stage 2 : 3.0919 Å  ↑ worse
  Stage 3 : 3.2165 Å  ↑ worse
──────────────────────────────────────────

[EXTRACTION] Mode: sampler → backend='aer_simulator', shots=4096
  Submitting 3 circuits (Z / X / Y bases)...
  Done. Angles extracted from measurement statistics.

[RESULT] Final energy: -28.7168
[REPLICA 294] Tracker saved → outputs/no_skip1/slurm_YYDPETGTWY_amber/replica_294/replica_294_tracker.json
[SAVED] outputs/no_skip1/slurm_YYDPETGTWY_amber/replica_294/replica_294_landscape.png
[REPLICA 294] Final RMSD: 5.780 Å

[REPLICA 294] ✓ Done!
  Energy       : -28.7168
  RMSD final   : 5.780 Å
  RMSD stage1  : 2.636 Å
  RMSD stage2  : 3.092 Å
  RMSD stage3  : 3.217 Å
  Runtime      : 250.8s
  Saved to     : outputs/no_skip1/slurm_YYDPETGTWY_amber/replica_294/replica_294_result.json
============================================
End time     : Tue Apr 28 09:44:46 EDT 2026
Exit code    : 0
============================================
