============================================
Job ID       : 5496649
Array Task   : 376
Replica ID   : 376
Node         : lri031
Start time   : Mon Apr 27 14:21:06 EDT 2026
============================================
[REPLICA 376] Starting...
  Sequence     : YYDPETGTWY
  Forcefield   : amber
  Backend      : aer
  Max iter     : 2000
  Skip Stage 2 : True
--- INITIALIZING QUANTUM BIOPHYSICS FOLDER (HARDWARE) ---
--- FORCE FIELD: AMBER ---
[REPLICA 376] Ground truth loaded — 10 CA atoms
--- SCOUTING: Checking 50 starting points ---
 > Deterministic Seed: 313297143 (Derived from Sequence)
 > Best Start Found: Energy 416.26
[REPLICA 376] Init strategy: random, seed: 313297143
--- STARTING QUANTUM FOLDING (HYBRID PIPELINE) ---
Stage 1: Mechanical Collapse (COBYLA, statevector)...
 > Collapse Energy : 424.42
 > Stage 1 RMSD    : 2.7920 Å
Stage 2: SKIPPED
Stage 3: Natural Relaxation (SLSQP, statevector)...
Optimization terminated successfully    (Exit mode 0)
            Current function value: 89.64160644500335
            Iterations: 153
            Function evaluations: 8316
            Gradient evaluations: 153
 > Relaxation Energy : 89.64
 > Stage 3 RMSD      : 3.6055 Å

── RMSD Progress ──────────────────────────
  Stage 1 : 2.7920 Å
  Stage 2 : skipped
  Stage 3 : 3.6055 Å  ↑ worse
──────────────────────────────────────────

[EXTRACTION] Mode: sampler → backend='aer_simulator', shots=4096
  Submitting 3 circuits (Z / X / Y bases)...
  Done. Angles extracted from measurement statistics.

[RESULT] Final energy: 89.6416
[REPLICA 376] Tracker saved → outputs/Skip1/slurm_YYDPETGTWY_amber/replica_376/replica_376_tracker.json
[SAVED] outputs/Skip1/slurm_YYDPETGTWY_amber/replica_376/replica_376_landscape.png
[REPLICA 376] Final RMSD: 4.506 Å

[REPLICA 376] ✓ Done!
  Energy       : 89.6416
  RMSD final   : 4.506 Å
  RMSD stage1  : 2.792 Å
  RMSD stage2  : skipped
  RMSD stage3  : 3.605 Å
  Runtime      : 112.2s
  Saved to     : outputs/Skip1/slurm_YYDPETGTWY_amber/replica_376/replica_376_result.json
============================================
End time     : Mon Apr 27 14:22:59 EDT 2026
Exit code    : 0
============================================
