============================================
Job ID       : 5480452
Array Task   : 130
Replica ID   : 130
Node         : lri038
Start time   : Thu Apr 23 11:34:52 EDT 2026
============================================
[REPLICA 130] Starting...
  Sequence   : YYDPETGTWY
  Forcefield : amber
  Backend    : aer
  Max iter   : 20
--- INITIALIZING QUANTUM BIOPHYSICS FOLDER (HARDWARE) ---
--- FORCE FIELD: AMBER ---
--- SCOUTING: Checking 50 starting points ---
 > Deterministic Seed: 313296897 (Derived from Sequence)
 > Best Start Found: Energy 487.82
[REPLICA 130] Init strategy: random, seed: 313296897
--- STARTING QUANTUM FOLDING (HYBRID PIPELINE) ---
Stage 1: Mechanical Collapse (COBYLA, statevector)...
 > Collapse Energy: 1017.22
Stage 2: Physics Refinement (SLSQP, statevector)...
Iteration limit reached    (Exit mode 9)
            Current function value: 12851.583000161476
            Iterations: 20
            Function evaluations: 1170
            Gradient evaluations: 20
 > Refinement Energy: 12851.58
Stage 3: Natural Relaxation (SLSQP, statevector)...
Iteration limit reached    (Exit mode 9)
            Current function value: 1501.2062530214134
            Iterations: 20
            Function evaluations: 1170
            Gradient evaluations: 20
 > Relaxation Energy: 1501.21

[EXTRACTION] Mode: sampler → backend='aer_simulator', shots=4096
  Submitting 3 circuits (Z / X / Y bases)...
  Done. Angles extracted from measurement statistics.

[RESULT] Final energy: 1501.2063
[REPLICA 130] Tracker saved → outputs/energy_reps_Brickwork_entanglement11/slurm_YYDPETGTWY_amber/replica_130/replica_130_tracker.json
[SAVED] outputs/energy_reps_Brickwork_entanglement11/slurm_YYDPETGTWY_amber/replica_130/replica_130_landscape.png
[REPLICA 130] RMSD: 4.696 Å
[REPLICA 130] Done!
  Energy     : 1501.2063
  RMSD       : 4.696 Å
  Runtime    : 36.1s
  Saved to   : outputs/energy_reps_Brickwork_entanglement11/slurm_YYDPETGTWY_amber/replica_130/replica_130_result.json
============================================
End time     : Thu Apr 23 11:35:30 EDT 2026
Exit code    : 0
============================================
