============================================
Job ID       : 5480947
Array Task   : 293
Replica ID   : 293
Node         : lri052
Start time   : Thu Apr 23 11:53:29 EDT 2026
============================================
[REPLICA 293] Starting...
  Sequence   : YYDPETGTWY
  Forcefield : amber
  Backend    : aer
  Max iter   : 20
--- INITIALIZING QUANTUM BIOPHYSICS FOLDER (HARDWARE) ---
--- FORCE FIELD: AMBER ---
--- SCOUTING: Checking 50 starting points ---
 > Deterministic Seed: 313297060 (Derived from Sequence)
 > Best Start Found: Energy 308.22
[REPLICA 293] Init strategy: random, seed: 313297060
--- STARTING QUANTUM FOLDING (HYBRID PIPELINE) ---
Stage 1: Mechanical Collapse (COBYLA, statevector)...
 > Collapse Energy: 818.36
Stage 2: Physics Refinement (SLSQP, statevector)...
Iteration limit reached    (Exit mode 9)
            Current function value: 4416.586167700876
            Iterations: 20
            Function evaluations: 1170
            Gradient evaluations: 20
 > Refinement Energy: 4416.59
Stage 3: Natural Relaxation (SLSQP, statevector)...
Iteration limit reached    (Exit mode 9)
            Current function value: 1913.1195058349167
            Iterations: 20
            Function evaluations: 1170
            Gradient evaluations: 20
 > Relaxation Energy: 1913.12

[EXTRACTION] Mode: sampler → backend='aer_simulator', shots=4096
  Submitting 3 circuits (Z / X / Y bases)...
  Done. Angles extracted from measurement statistics.

[RESULT] Final energy: 1913.1195
[REPLICA 293] Tracker saved → outputs/energy_reps_Brickwork_entanglement11/slurm_YYDPETGTWY_amber/replica_293/replica_293_tracker.json
[SAVED] outputs/energy_reps_Brickwork_entanglement11/slurm_YYDPETGTWY_amber/replica_293/replica_293_landscape.png
[REPLICA 293] RMSD: 6.266 Å
[REPLICA 293] Done!
  Energy     : 1913.1195
  RMSD       : 6.266 Å
  Runtime    : 29.7s
  Saved to   : outputs/energy_reps_Brickwork_entanglement11/slurm_YYDPETGTWY_amber/replica_293/replica_293_result.json
============================================
End time     : Thu Apr 23 11:54:00 EDT 2026
Exit code    : 0
============================================
