============================================
Job ID       : 5505534
Array Task   : 239
Replica ID   : 239
Node         : lri052
Start time   : Tue Apr 28 09:39:53 EDT 2026
============================================
[REPLICA 239] Starting...
  Sequence     : YYDPETGTWY
  Forcefield   : amber
  Backend      : aer
  Max iter     : 2000
  Skip Stage 2 : False
--- INITIALIZING QUANTUM BIOPHYSICS FOLDER (HARDWARE) ---
--- FORCE FIELD: AMBER ---
[REPLICA 239] Ground truth loaded — 10 CA atoms
--- SCOUTING: Checking 50 starting points ---
 > Deterministic Seed: 313297006 (Derived from Sequence)
 > Best Start Found: Energy 377.21
[REPLICA 239] Init strategy: random, seed: 313297006
--- STARTING QUANTUM FOLDING (HYBRID PIPELINE) ---
Stage 1: Mechanical Collapse (COBYLA, statevector)...
 > Collapse Energy : 590.25
 > Stage 1 RMSD    : 3.1733 Å
Stage 2: Physics Refinement (SLSQP, statevector)...
Optimization terminated successfully    (Exit mode 0)
            Current function value: 178.58464168560496
            Iterations: 557
            Function evaluations: 28905
            Gradient evaluations: 557
 > Refinement Energy : 178.58
 > Stage 2 RMSD      : 3.2193 Å
Stage 3: Natural Relaxation (SLSQP, statevector)...
Optimization terminated successfully    (Exit mode 0)
            Current function value: -74.80654945254368
            Iterations: 203
            Function evaluations: 10753
            Gradient evaluations: 203
 > Relaxation Energy : -74.81
 > Stage 3 RMSD      : 3.9464 Å

── RMSD Progress ──────────────────────────
  Stage 1 : 3.1733 Å
  Stage 2 : 3.2193 Å  ↑ worse
  Stage 3 : 3.9464 Å  ↑ worse
──────────────────────────────────────────

[EXTRACTION] Mode: sampler → backend='aer_simulator', shots=4096
  Submitting 3 circuits (Z / X / Y bases)...
  Done. Angles extracted from measurement statistics.

[RESULT] Final energy: -74.8065
[REPLICA 239] Tracker saved → outputs/no_skip1/slurm_YYDPETGTWY_amber/replica_239/replica_239_tracker.json
[SAVED] outputs/no_skip1/slurm_YYDPETGTWY_amber/replica_239/replica_239_landscape.png
[REPLICA 239] Final RMSD: 5.835 Å

[REPLICA 239] ✓ Done!
  Energy       : -74.8065
  RMSD final   : 5.835 Å
  RMSD stage1  : 3.173 Å
  RMSD stage2  : 3.219 Å
  RMSD stage3  : 3.946 Å
  Runtime      : 468.9s
  Saved to     : outputs/no_skip1/slurm_YYDPETGTWY_amber/replica_239/replica_239_result.json
============================================
End time     : Tue Apr 28 09:47:43 EDT 2026
Exit code    : 0
============================================
