============================================
Job ID       : 5427269
Array Task   : 165
Replica ID   : 165
Node         : lri016
Start time   : Wed Apr 15 17:57:11 EDT 2026
============================================
[REPLICA 165] Starting...
  Sequence   : YYDPETGTWY
  Forcefield : amber
  Backend    : aer
  Max iter   : 2000
--- INITIALIZING QUANTUM BIOPHYSICS FOLDER (HARDWARE) ---
--- FORCE FIELD: AMBER ---
--- SCOUTING: Checking 50 starting points ---
 > Deterministic Seed: 313296932 (Derived from Sequence)
 > Best Start Found: Energy 408.79
[REPLICA 165] Init strategy: random, seed: 313296932
--- STARTING QUANTUM FOLDING (HYBRID PIPELINE) ---
Stage 1: Mechanical Collapse (COBYLA, statevector)...
 > Collapse Energy: 567.68
Stage 2: Physics Refinement (SLSQP, statevector)...
Optimization terminated successfully    (Exit mode 0)
            Current function value: 64.39200692415172
            Iterations: 209
            Function evaluations: 11272
            Gradient evaluations: 209
 > Refinement Energy: 64.39
Stage 3: Natural Relaxation (SLSQP, statevector)...
Optimization terminated successfully    (Exit mode 0)
            Current function value: -121.92984052450113
            Iterations: 188
            Function evaluations: 10124
            Gradient evaluations: 188
 > Relaxation Energy: -121.93

[EXTRACTION] Mode: sampler → backend='aer_simulator', shots=4096
  Submitting 3 circuits (Z / X / Y bases)...
  Done. Angles extracted from measurement statistics.

[RESULT] Final energy: -121.9298
[REPLICA 165] RMSD: 6.170 Å
[REPLICA 165] Done!
  Energy     : -121.9298
  RMSD       : 6.170 Å
  Runtime    : 275.3s
  Saved to   : outputs/Reps_qubits_d_2/slurm_YYDPETGTWY_amber/replica_165/replica_165_result.json
============================================
End time     : Wed Apr 15 18:01:47 EDT 2026
Exit code    : 0
============================================
