============================================
Job ID       : 5548116
Array Task   : 252
Replica ID   : 252
Node         : lri033
Start time   : Thu May  7 10:16:06 EDT 2026
============================================
[REPLICA 252] Starting...
  Sequence     : YYDPETGTWY
  Forcefield   : amber
  Backend      : aer
  Max iter     : 2000
  Skip Stage 2 : False
--- INITIALIZING QUANTUM BIOPHYSICS FOLDER (HARDWARE) ---
--- FORCE FIELD: AMBER ---
[REPLICA 252] Ground truth loaded — 10 CA atoms
--- SCOUTING: Checking 50 starting points ---
 > Deterministic Seed: 313297019 (Derived from Sequence)
 > Best Start Found: Energy 412.29
[REPLICA 252] Init strategy: random, seed: 313297019
--- STARTING QUANTUM FOLDING (HYBRID PIPELINE) ---
Stage 1: Mechanical Collapse (COBYLA, statevector)...
 > Collapse Energy : 475.55
 > Stage 1 RMSD    : 3.1143 Å
Stage 2: Physics Refinement (SLSQP, statevector)...
Optimization terminated successfully    (Exit mode 0)
            Current function value: -47.92568134387732
            Iterations: 186
            Function evaluations: 10024
            Gradient evaluations: 186
 > Refinement Energy : -47.93
 > Stage 2 RMSD      : 3.8641 Å
Stage 3: Natural Relaxation (SLSQP, statevector)...
Optimization terminated successfully    (Exit mode 0)
            Current function value: -19.598316969936096
            Iterations: 143
            Function evaluations: 7853
            Gradient evaluations: 143
 > Relaxation Energy : -19.60
 > Stage 3 RMSD      : 4.5122 Å

── RMSD Progress ──────────────────────────
  Stage 1 : 3.1143 Å
  Stage 2 : 3.8641 Å  ↑ worse
  Stage 3 : 4.5122 Å  ↑ worse
──────────────────────────────────────────

[EXTRACTION] Mode: sampler → backend='aer_simulator', shots=4096
  Submitting 3 circuits (Z / X / Y bases)...
  Done. Angles extracted from measurement statistics.

[RESULT] Final energy: -19.5983
[REPLICA 252] Tracker saved → outputs/no_skip1/slurm_YYDPETGTWY_amber/replica_252/replica_252_tracker.json
[SAVED] outputs/no_skip1/slurm_YYDPETGTWY_amber/replica_252/replica_252_landscape.png
[REPLICA 252] Final RMSD: 6.002 Å

[REPLICA 252] ✓ Done!
  Energy       : -19.5983
  RMSD final   : 6.002 Å
  RMSD stage1  : 3.114 Å
  RMSD stage2  : 3.864 Å
  RMSD stage3  : 4.512 Å
  Runtime      : 241.0s
  Saved to     : outputs/no_skip1/slurm_YYDPETGTWY_amber/replica_252/replica_252_result.json
============================================
End time     : Thu May  7 10:20:14 EDT 2026
Exit code    : 0
============================================
