============================================
Job ID       : 5480084
Array Task   : 45
Replica ID   : 45
Node         : lri029
Start time   : Thu Apr 23 11:12:50 EDT 2026
============================================
[REPLICA 45] Starting...
  Sequence   : YYDPETGTWY
  Forcefield : amber
  Backend    : aer
  Max iter   : 20
--- INITIALIZING QUANTUM BIOPHYSICS FOLDER (HARDWARE) ---
--- FORCE FIELD: AMBER ---
--- SCOUTING: Checking 50 starting points ---
 > Deterministic Seed: 313296812 (Derived from Sequence)
 > Best Start Found: Energy 343.19
[REPLICA 45] Init strategy: random, seed: 313296812
--- STARTING QUANTUM FOLDING (HYBRID PIPELINE) ---
Stage 1: Mechanical Collapse (COBYLA, statevector)...
 > Collapse Energy: 677.83
Stage 2: Physics Refinement (SLSQP, statevector)...
Iteration limit reached    (Exit mode 9)
            Current function value: 3552.1302235488774
            Iterations: 20
            Function evaluations: 1170
            Gradient evaluations: 20
 > Refinement Energy: 3552.13
Stage 3: Natural Relaxation (SLSQP, statevector)...
Iteration limit reached    (Exit mode 9)
            Current function value: 1146.6231397027223
            Iterations: 20
            Function evaluations: 1170
            Gradient evaluations: 20
 > Relaxation Energy: 1146.62

[EXTRACTION] Mode: sampler → backend='aer_simulator', shots=4096
  Submitting 3 circuits (Z / X / Y bases)...
  Done. Angles extracted from measurement statistics.

[RESULT] Final energy: 1146.6231
[REPLICA 45] Tracker saved → outputs/energy_reps_Brickwork_entanglement11/slurm_YYDPETGTWY_amber/replica_45/replica_45_tracker.json
[SAVED] outputs/energy_reps_Brickwork_entanglement11/slurm_YYDPETGTWY_amber/replica_45/replica_45_landscape.png
[REPLICA 45] RMSD: 5.246 Å
[REPLICA 45] Done!
  Energy     : 1146.6231
  RMSD       : 5.246 Å
  Runtime    : 30.3s
  Saved to   : outputs/energy_reps_Brickwork_entanglement11/slurm_YYDPETGTWY_amber/replica_45/replica_45_result.json
============================================
End time     : Thu Apr 23 11:13:21 EDT 2026
Exit code    : 0
============================================
