============================================
Job ID       : 5427333
Array Task   : 227
Replica ID   : 227
Node         : lri016
Start time   : Wed Apr 15 18:19:11 EDT 2026
============================================
[REPLICA 227] Starting...
  Sequence   : YYDPETGTWY
  Forcefield : amber
  Backend    : aer
  Max iter   : 2000
--- INITIALIZING QUANTUM BIOPHYSICS FOLDER (HARDWARE) ---
--- FORCE FIELD: AMBER ---
--- SCOUTING: Checking 50 starting points ---
 > Deterministic Seed: 313296994 (Derived from Sequence)
 > Best Start Found: Energy 376.90
[REPLICA 227] Init strategy: random, seed: 313296994
--- STARTING QUANTUM FOLDING (HYBRID PIPELINE) ---
Stage 1: Mechanical Collapse (COBYLA, statevector)...
 > Collapse Energy: 524.19
Stage 2: Physics Refinement (SLSQP, statevector)...
Optimization terminated successfully    (Exit mode 0)
            Current function value: 137.81734620782697
            Iterations: 244
            Function evaluations: 13032
            Gradient evaluations: 244
 > Refinement Energy: 137.82
Stage 3: Natural Relaxation (SLSQP, statevector)...
Optimization terminated successfully    (Exit mode 0)
            Current function value: -137.34176745842606
            Iterations: 292
            Function evaluations: 15476
            Gradient evaluations: 292
 > Relaxation Energy: -137.34

[EXTRACTION] Mode: sampler → backend='aer_simulator', shots=4096
  Submitting 3 circuits (Z / X / Y bases)...
  Done. Angles extracted from measurement statistics.

[RESULT] Final energy: -137.3418
[REPLICA 227] RMSD: 6.435 Å
[REPLICA 227] Done!
  Energy     : -137.3418
  RMSD       : 6.435 Å
  Runtime    : 361.6s
  Saved to   : outputs/Reps_qubits_d_2/slurm_YYDPETGTWY_amber/replica_227/replica_227_result.json
============================================
End time     : Wed Apr 15 18:25:14 EDT 2026
Exit code    : 0
============================================
