============================================
Job ID       : 5495612
Array Task   : 165
Replica ID   : 165
Node         : lri033
Start time   : Mon Apr 27 13:44:56 EDT 2026
============================================
[REPLICA 165] Starting...
  Sequence     : YYDPETGTWY
  Forcefield   : amber
  Backend      : aer
  Max iter     : 2000
  Skip Stage 2 : False
--- INITIALIZING QUANTUM BIOPHYSICS FOLDER (HARDWARE) ---
--- FORCE FIELD: AMBER ---
[REPLICA 165] Ground truth loaded — 10 CA atoms
--- SCOUTING: Checking 50 starting points ---
 > Deterministic Seed: 313296932 (Derived from Sequence)
 > Best Start Found: Energy 482.94
[REPLICA 165] Init strategy: random, seed: 313296932
============================================
End time     : Mon Apr 27 13:45:01 EDT 2026
Exit code    : 0
============================================
