============================================
Job ID       : 5496284
Array Task   : 13
Replica ID   : 13
Node         : lri047
Start time   : Mon Apr 27 14:18:31 EDT 2026
============================================
[REPLICA 13] Starting...
  Sequence     : YYDPETGTWY
  Forcefield   : amber
  Backend      : aer
  Max iter     : 2000
  Skip Stage 2 : True
--- INITIALIZING QUANTUM BIOPHYSICS FOLDER (HARDWARE) ---
--- FORCE FIELD: AMBER ---
[REPLICA 13] Ground truth loaded — 10 CA atoms
--- SCOUTING: Checking 50 starting points ---
 > Deterministic Seed: 313296780 (Derived from Sequence)
 > Best Start Found: Energy 289.68
[REPLICA 13] Init strategy: random, seed: 313296780
--- STARTING QUANTUM FOLDING (HYBRID PIPELINE) ---
Stage 1: Mechanical Collapse (COBYLA, statevector)...
 > Collapse Energy : 307.17
 > Stage 1 RMSD    : 3.6144 Å
Stage 2: SKIPPED
Stage 3: Natural Relaxation (SLSQP, statevector)...
Optimization terminated successfully    (Exit mode 0)
            Current function value: -92.08720984738535
            Iterations: 188
            Function evaluations: 10049
            Gradient evaluations: 188
 > Relaxation Energy : -92.09
 > Stage 3 RMSD      : 3.5451 Å

── RMSD Progress ──────────────────────────
  Stage 1 : 3.6144 Å
  Stage 2 : skipped
  Stage 3 : 3.5451 Å  ↓ better
──────────────────────────────────────────

[EXTRACTION] Mode: sampler → backend='aer_simulator', shots=4096
  Submitting 3 circuits (Z / X / Y bases)...
  Done. Angles extracted from measurement statistics.

[RESULT] Final energy: -92.0872
[REPLICA 13] Tracker saved → outputs/Skip1/slurm_YYDPETGTWY_amber/replica_13/replica_13_tracker.json
[SAVED] outputs/Skip1/slurm_YYDPETGTWY_amber/replica_13/replica_13_landscape.png
[REPLICA 13] Final RMSD: 6.555 Å

[REPLICA 13] ✓ Done!
  Energy       : -92.0872
  RMSD final   : 6.555 Å
  RMSD stage1  : 3.614 Å
  RMSD stage2  : skipped
  RMSD stage3  : 3.545 Å
  Runtime      : 128.1s
  Saved to     : outputs/Skip1/slurm_YYDPETGTWY_amber/replica_13/replica_13_result.json
============================================
End time     : Mon Apr 27 14:20:44 EDT 2026
Exit code    : 0
============================================
