============================================
Job ID       : 5495729
Array Task   : 282
Replica ID   : 282
Node         : lri033
Start time   : Mon Apr 27 13:45:02 EDT 2026
============================================
[REPLICA 282] Starting...
  Sequence     : YYDPETGTWY
  Forcefield   : amber
  Backend      : aer
  Max iter     : 2000
  Skip Stage 2 : False
--- INITIALIZING QUANTUM BIOPHYSICS FOLDER (HARDWARE) ---
--- FORCE FIELD: AMBER ---
[REPLICA 282] Ground truth loaded — 10 CA atoms
--- SCOUTING: Checking 50 starting points ---
 > Deterministic Seed: 313297049 (Derived from Sequence)
 > Best Start Found: Energy 318.12
[REPLICA 282] Init strategy: random, seed: 313297049
============================================
End time     : Mon Apr 27 13:45:04 EDT 2026
Exit code    : 0
============================================
