============================================
Job ID       : 5474592
Array Task   : 440
Replica ID   : 440
Node         : lri065
Start time   : Wed Apr 22 17:57:27 EDT 2026
============================================
[REPLICA 440] Starting...
  Sequence   : YYDPETGTWY
  Forcefield : amber
  Backend    : aer
  Max iter   : 2000
--- INITIALIZING QUANTUM BIOPHYSICS FOLDER (HARDWARE) ---
--- FORCE FIELD: AMBER ---
--- SCOUTING: Checking 50 starting points ---
 > Deterministic Seed: 313297207 (Derived from Sequence)
 > Best Start Found: Energy 348.57
[REPLICA 440] Init strategy: random, seed: 313297207
--- STARTING QUANTUM FOLDING (HYBRID PIPELINE) ---
Stage 1: Mechanical Collapse (COBYLA, statevector)...
 > Collapse Energy: 608.87
Stage 2: Physics Refinement (SLSQP, statevector)...
Optimization terminated successfully    (Exit mode 0)
            Current function value: 15.999365731975725
            Iterations: 224
            Function evaluations: 12022
            Gradient evaluations: 224
 > Refinement Energy: 16.00
Stage 3: Natural Relaxation (SLSQP, statevector)...
Optimization terminated successfully    (Exit mode 0)
            Current function value: 0.27606036766370734
            Iterations: 196
            Function evaluations: 10581
            Gradient evaluations: 196
 > Relaxation Energy: 0.28

[EXTRACTION] Mode: sampler → backend='aer_simulator', shots=4096
  Submitting 3 circuits (Z / X / Y bases)...
  Done. Angles extracted from measurement statistics.

[RESULT] Final energy: 0.2761
[SAVED] outputs/reps_Brickwork_entanglement/slurm_YYDPETGTWY_amber/replica_440/replica_440_landscape.png
[REPLICA 440] RMSD: 6.005 Å
[REPLICA 440] Done!
  Energy     : 0.2761
  RMSD       : 6.005 Å
  Runtime    : 284.8s
  Saved to   : outputs/reps_Brickwork_entanglement/slurm_YYDPETGTWY_amber/replica_440/replica_440_result.json
============================================
End time     : Wed Apr 22 18:02:13 EDT 2026
Exit code    : 0
============================================
