============================================
Job ID       : 5475642
Array Task   : 451
Replica ID   : 451
Node         : lri021
Start time   : Wed Apr 22 18:11:49 EDT 2026
============================================
[REPLICA 451] Starting...
  Sequence   : YYDPETGTWY
  Forcefield : amber
  Backend    : aer
  Max iter   : 2000
--- INITIALIZING QUANTUM BIOPHYSICS FOLDER (HARDWARE) ---
--- FORCE FIELD: AMBER ---
--- SCOUTING: Checking 50 starting points ---
 > Deterministic Seed: 313297218 (Derived from Sequence)
 > Best Start Found: Energy 354.64
[REPLICA 451] Init strategy: random, seed: 313297218
--- STARTING QUANTUM FOLDING (HYBRID PIPELINE) ---
Stage 1: Mechanical Collapse (COBYLA, statevector)...
 > Collapse Energy: 207.60
Stage 2: Physics Refinement (SLSQP, statevector)...
Optimization terminated successfully    (Exit mode 0)
            Current function value: -24.501020495860185
            Iterations: 219
            Function evaluations: 11671
            Gradient evaluations: 219
 > Refinement Energy: -24.50
Stage 3: Natural Relaxation (SLSQP, statevector)...
Optimization terminated successfully    (Exit mode 0)
            Current function value: 82.86652591568918
            Iterations: 306
            Function evaluations: 16100
            Gradient evaluations: 306
 > Relaxation Energy: 82.87

[EXTRACTION] Mode: sampler → backend='aer_simulator', shots=4096
  Submitting 3 circuits (Z / X / Y bases)...
  Done. Angles extracted from measurement statistics.

[RESULT] Final energy: 82.8665
[SAVED] outputs/reps_Brickwork_entanglement/slurm_YYDPETGTWY_amber/replica_451/replica_451_landscape.png
[REPLICA 451] RMSD: 5.123 Å
[REPLICA 451] Done!
  Energy     : 82.8665
  RMSD       : 5.123 Å
  Runtime    : 346.4s
  Saved to   : outputs/reps_Brickwork_entanglement/slurm_YYDPETGTWY_amber/replica_451/replica_451_result.json
============================================
End time     : Wed Apr 22 18:17:36 EDT 2026
Exit code    : 0
============================================
