============================================
Job ID       : 5440244
Array Task   : 211
Replica ID   : 211
Node         : lri000
Start time   : Fri Apr 17 12:54:44 EDT 2026
============================================
[REPLICA 211] Starting...
  Sequence   : DAYAQWLKDGGPSSGRPPPS
  Forcefield : amber
  Backend    : aer
  Max iter   : 2000
--- INITIALIZING QUANTUM BIOPHYSICS FOLDER (HARDWARE) ---
--- FORCE FIELD: AMBER ---
--- SCOUTING: Checking 50 starting points ---
 > Deterministic Seed: 2158523596 (Derived from Sequence)
 > Best Start Found: Energy 472.92
[REPLICA 211] Init strategy: random, seed: 2158523596
--- STARTING QUANTUM FOLDING (HYBRID PIPELINE) ---
Stage 1: Mechanical Collapse (COBYLA, statevector)...
 > Collapse Energy: 1129.70
Stage 2: Physics Refinement (SLSQP, statevector)...
Optimization terminated successfully    (Exit mode 0)
            Current function value: -167.30329349258167
            Iterations: 279
            Function evaluations: 21827
            Gradient evaluations: 279
 > Refinement Energy: -167.30
Stage 3: Natural Relaxation (SLSQP, statevector)...
Optimization terminated successfully    (Exit mode 0)
            Current function value: -140.22623639421522
            Iterations: 237
            Function evaluations: 18618
            Gradient evaluations: 237
 > Relaxation Energy: -140.23

[EXTRACTION] Mode: sampler → backend='aer_simulator', shots=4096
  Submitting 3 circuits (Z / X / Y bases)...
  Done. Angles extracted from measurement statistics.

[RESULT] Final energy: -140.2262
[REPLICA 211] RMSD: 8.666 Å
[REPLICA 211] Done!
  Energy     : -140.2262
  RMSD       : 8.666 Å
  Runtime    : 774.5s
  Saved to   : outputs/reps_Brickwork_entanglement1/slurm_DAYAQWLKDGGPSSGRPPPS_amber/replica_211/replica_211_result.json
============================================
End time     : Fri Apr 17 13:07:40 EDT 2026
Exit code    : 0
============================================
