============================================
Job ID       : 5494764
Array Task   : 316
Replica ID   : 316
Node         : lri027
Start time   : Mon Apr 27 11:29:50 EDT 2026
============================================
[REPLICA 316] Starting...
  Sequence     : YYDPETGTWY
  Forcefield   : amber
  Backend      : aer
  Max iter     : 2000
  Skip Stage 2 : False
--- INITIALIZING QUANTUM BIOPHYSICS FOLDER (HARDWARE) ---
--- FORCE FIELD: AMBER ---
[REPLICA 316] Ground truth loaded — 10 CA atoms
--- SCOUTING: Checking 50 starting points ---
 > Deterministic Seed: 313297083 (Derived from Sequence)
 > Best Start Found: Energy 421.04
[REPLICA 316] Init strategy: random, seed: 313297083
============================================
End time     : Mon Apr 27 11:29:52 EDT 2026
Exit code    : 0
============================================
