============================================
Job ID       : 5438792
Array Task   : 174
Replica ID   : 174
Node         : lri015
Start time   : Fri Apr 17 07:40:28 EDT 2026
============================================
[REPLICA 174] Starting...
  Sequence   : YYDPETGTWY
  Forcefield : amber
  Backend    : aer
  Max iter   : 2000
--- INITIALIZING QUANTUM BIOPHYSICS FOLDER (HARDWARE) ---
--- FORCE FIELD: AMBER ---
--- SCOUTING: Checking 50 starting points ---
 > Deterministic Seed: 313296941 (Derived from Sequence)
 > Best Start Found: Energy 403.68
[REPLICA 174] Init strategy: random, seed: 313296941
--- STARTING QUANTUM FOLDING (HYBRID PIPELINE) ---
Stage 1: Mechanical Collapse (COBYLA, statevector)...
 > Collapse Energy: 353.38
Stage 2: Physics Refinement (SLSQP, statevector)...
Optimization terminated successfully    (Exit mode 0)
            Current function value: 176.10129510809034
            Iterations: 396
            Function evaluations: 20495
            Gradient evaluations: 396
 > Refinement Energy: 176.10
Stage 3: Natural Relaxation (SLSQP, statevector)...
Optimization terminated successfully    (Exit mode 0)
            Current function value: -10.691545819189558
            Iterations: 206
            Function evaluations: 11095
            Gradient evaluations: 206
 > Relaxation Energy: -10.69

[EXTRACTION] Mode: sampler → backend='aer_simulator', shots=4096
  Submitting 3 circuits (Z / X / Y bases)...
  Done. Angles extracted from measurement statistics.

[RESULT] Final energy: -10.6915
[REPLICA 174] RMSD: 4.699 Å
[REPLICA 174] Done!
  Energy     : -10.6915
  RMSD       : 4.699 Å
  Runtime    : 386.2s
  Saved to   : outputs/reps_Brickwork_entanglement/slurm_YYDPETGTWY_amber/replica_174/replica_174_result.json
============================================
End time     : Fri Apr 17 07:46:55 EDT 2026
Exit code    : 0
============================================
