============================================
Job ID       : 5495717
Array Task   : 270
Replica ID   : 270
Node         : lri032
Start time   : Mon Apr 27 13:45:02 EDT 2026
============================================
[REPLICA 270] Starting...
  Sequence     : YYDPETGTWY
  Forcefield   : amber
  Backend      : aer
  Max iter     : 2000
  Skip Stage 2 : False
--- INITIALIZING QUANTUM BIOPHYSICS FOLDER (HARDWARE) ---
--- FORCE FIELD: AMBER ---
[REPLICA 270] Ground truth loaded — 10 CA atoms
--- SCOUTING: Checking 50 starting points ---
 > Deterministic Seed: 313297037 (Derived from Sequence)
 > Best Start Found: Energy 310.05
[REPLICA 270] Init strategy: random, seed: 313297037
============================================
End time     : Mon Apr 27 13:45:04 EDT 2026
Exit code    : 0
============================================
