============================================
Job ID       : 5479138
Array Task   : 222
Replica ID   : 222
Node         : lri009
Start time   : Thu Apr 23 10:03:37 EDT 2026
============================================
[REPLICA 222] Starting...
  Sequence   : YYDPETGTWY
  Forcefield : amber
  Backend    : aer
  Max iter   : 2000
--- INITIALIZING QUANTUM BIOPHYSICS FOLDER (HARDWARE) ---
--- FORCE FIELD: AMBER ---
--- SCOUTING: Checking 50 starting points ---
 > Deterministic Seed: 313296989 (Derived from Sequence)
 > Best Start Found: Energy 384.23
[REPLICA 222] Init strategy: random, seed: 313296989
--- STARTING QUANTUM FOLDING (HYBRID PIPELINE) ---
Stage 1: Mechanical Collapse (COBYLA, statevector)...
 > Collapse Energy: 431.19
Stage 2: Physics Refinement (SLSQP, statevector)...
Optimization terminated successfully    (Exit mode 0)
            Current function value: 110.09294295139401
            Iterations: 334
            Function evaluations: 17501
            Gradient evaluations: 334
 > Refinement Energy: 110.09
Stage 3: Natural Relaxation (SLSQP, statevector)...
Optimization terminated successfully    (Exit mode 0)
            Current function value: 17.528103477024754
            Iterations: 175
            Function evaluations: 9481
            Gradient evaluations: 175
 > Relaxation Energy: 17.53

[EXTRACTION] Mode: sampler → backend='aer_simulator', shots=4096
  Submitting 3 circuits (Z / X / Y bases)...
  Done. Angles extracted from measurement statistics.

[RESULT] Final energy: 17.5281
[SAVED] outputs/energy_reps_Brickwork_entanglement/slurm_YYDPETGTWY_amber/replica_222/replica_222_landscape.png
[REPLICA 222] RMSD: 4.596 Å
[REPLICA 222] Done!
  Energy     : 17.5281
  RMSD       : 4.596 Å
  Runtime    : 331.2s
  Saved to   : outputs/energy_reps_Brickwork_entanglement/slurm_YYDPETGTWY_amber/replica_222/replica_222_result.json
============================================
End time     : Thu Apr 23 10:09:09 EDT 2026
Exit code    : 0
============================================
