============================================
Job ID       : 5496066
Array Task   : 218
Replica ID   : 218
Node         : lri065
Start time   : Mon Apr 27 13:47:17 EDT 2026
============================================
[REPLICA 218] Starting...
  Sequence     : YYDPETGTWY
  Forcefield   : amber
  Backend      : aer
  Max iter     : 2000
  Skip Stage 2 : True
--- INITIALIZING QUANTUM BIOPHYSICS FOLDER (HARDWARE) ---
--- FORCE FIELD: AMBER ---
[REPLICA 218] Ground truth loaded — 10 CA atoms
--- SCOUTING: Checking 50 starting points ---
 > Deterministic Seed: 313296985 (Derived from Sequence)
 > Best Start Found: Energy 469.59
[REPLICA 218] Init strategy: random, seed: 313296985
============================================
End time     : Mon Apr 27 13:47:19 EDT 2026
Exit code    : 0
============================================
