============================================
Job ID       : 5440629
Array Task   : 446
Replica ID   : 446
Node         : lri013
Start time   : Fri Apr 17 15:04:52 EDT 2026
============================================
[REPLICA 446] Starting...
  Sequence   : DAYAQWLKDGGPSSGRPPPS
  Forcefield : amber
  Backend    : aer
  Max iter   : 2000
--- INITIALIZING QUANTUM BIOPHYSICS FOLDER (HARDWARE) ---
--- FORCE FIELD: AMBER ---
--- SCOUTING: Checking 50 starting points ---
 > Deterministic Seed: 2158523831 (Derived from Sequence)
 > Best Start Found: Energy 690.63
[REPLICA 446] Init strategy: random, seed: 2158523831
--- STARTING QUANTUM FOLDING (HYBRID PIPELINE) ---
Stage 1: Mechanical Collapse (COBYLA, statevector)...
 > Collapse Energy: 1093.50
Stage 2: Physics Refinement (SLSQP, statevector)...
Optimization terminated successfully    (Exit mode 0)
            Current function value: 66.1712244959051
            Iterations: 258
            Function evaluations: 20152
            Gradient evaluations: 258
 > Refinement Energy: 66.17
Stage 3: Natural Relaxation (SLSQP, statevector)...
Optimization terminated successfully    (Exit mode 0)
            Current function value: 8.841483501051995
            Iterations: 408
            Function evaluations: 31276
            Gradient evaluations: 408
 > Relaxation Energy: 8.84

[EXTRACTION] Mode: sampler → backend='aer_simulator', shots=4096
  Submitting 3 circuits (Z / X / Y bases)...
  Done. Angles extracted from measurement statistics.

[RESULT] Final energy: 8.8415
[REPLICA 446] RMSD: 6.311 Å
[REPLICA 446] Done!
  Energy     : 8.8415
  RMSD       : 6.311 Å
  Runtime    : 961.6s
  Saved to   : outputs/reps_Brickwork_entanglement1/slurm_DAYAQWLKDGGPSSGRPPPS_amber/replica_446/replica_446_result.json
============================================
End time     : Fri Apr 17 15:20:55 EDT 2026
Exit code    : 0
============================================
