============================================
Job ID       : 5480148
Array Task   : 80
Replica ID   : 80
Node         : lri024
Start time   : Thu Apr 23 11:18:50 EDT 2026
============================================
[REPLICA 80] Starting...
  Sequence   : YYDPETGTWY
  Forcefield : amber
  Backend    : aer
  Max iter   : 20
--- INITIALIZING QUANTUM BIOPHYSICS FOLDER (HARDWARE) ---
--- FORCE FIELD: AMBER ---
--- SCOUTING: Checking 50 starting points ---
 > Deterministic Seed: 313296847 (Derived from Sequence)
 > Best Start Found: Energy 253.65
[REPLICA 80] Init strategy: random, seed: 313296847
--- STARTING QUANTUM FOLDING (HYBRID PIPELINE) ---
Stage 1: Mechanical Collapse (COBYLA, statevector)...
 > Collapse Energy: 1262.19
Stage 2: Physics Refinement (SLSQP, statevector)...
Iteration limit reached    (Exit mode 9)
            Current function value: 5694.280295062072
            Iterations: 20
            Function evaluations: 1170
            Gradient evaluations: 20
 > Refinement Energy: 5694.28
Stage 3: Natural Relaxation (SLSQP, statevector)...
Iteration limit reached    (Exit mode 9)
            Current function value: 493.05066266371796
            Iterations: 20
            Function evaluations: 1170
            Gradient evaluations: 20
 > Relaxation Energy: 493.05

[EXTRACTION] Mode: sampler → backend='aer_simulator', shots=4096
  Submitting 3 circuits (Z / X / Y bases)...
  Done. Angles extracted from measurement statistics.

[RESULT] Final energy: 493.0507
[REPLICA 80] Tracker saved → outputs/energy_reps_Brickwork_entanglement11/slurm_YYDPETGTWY_amber/replica_80/replica_80_tracker.json
[SAVED] outputs/energy_reps_Brickwork_entanglement11/slurm_YYDPETGTWY_amber/replica_80/replica_80_landscape.png
[REPLICA 80] RMSD: 5.601 Å
[REPLICA 80] Done!
  Energy     : 493.0507
  RMSD       : 5.601 Å
  Runtime    : 29.1s
  Saved to   : outputs/energy_reps_Brickwork_entanglement11/slurm_YYDPETGTWY_amber/replica_80/replica_80_result.json
============================================
End time     : Thu Apr 23 11:19:21 EDT 2026
Exit code    : 0
============================================
