============================================
Job ID       : 5496280
Array Task   : 9
Replica ID   : 9
Node         : lri018
Start time   : Mon Apr 27 14:18:35 EDT 2026
============================================
[REPLICA 9] Starting...
  Sequence     : YYDPETGTWY
  Forcefield   : amber
  Backend      : aer
  Max iter     : 2000
  Skip Stage 2 : True
--- INITIALIZING QUANTUM BIOPHYSICS FOLDER (HARDWARE) ---
--- FORCE FIELD: AMBER ---
[REPLICA 9] Ground truth loaded — 10 CA atoms
--- SCOUTING: Checking 50 starting points ---
 > Deterministic Seed: 313296776 (Derived from Sequence)
 > Best Start Found: Energy 396.13
[REPLICA 9] Init strategy: random, seed: 313296776
--- STARTING QUANTUM FOLDING (HYBRID PIPELINE) ---
Stage 1: Mechanical Collapse (COBYLA, statevector)...
 > Collapse Energy : 318.36
 > Stage 1 RMSD    : 2.8489 Å
Stage 2: SKIPPED
Stage 3: Natural Relaxation (SLSQP, statevector)...
Optimization terminated successfully    (Exit mode 0)
            Current function value: -17.28250078763463
            Iterations: 113
            Function evaluations: 6170
            Gradient evaluations: 113
 > Relaxation Energy : -17.28
 > Stage 3 RMSD      : 2.4028 Å

── RMSD Progress ──────────────────────────
  Stage 1 : 2.8489 Å
  Stage 2 : skipped
  Stage 3 : 2.4028 Å  ↓ better
──────────────────────────────────────────

[EXTRACTION] Mode: sampler → backend='aer_simulator', shots=4096
  Submitting 3 circuits (Z / X / Y bases)...
  Done. Angles extracted from measurement statistics.

[RESULT] Final energy: -17.2825
[REPLICA 9] Tracker saved → outputs/Skip1/slurm_YYDPETGTWY_amber/replica_9/replica_9_tracker.json
[SAVED] outputs/Skip1/slurm_YYDPETGTWY_amber/replica_9/replica_9_landscape.png
[REPLICA 9] Final RMSD: 5.547 Å

[REPLICA 9] ✓ Done!
  Energy       : -17.2825
  RMSD final   : 5.547 Å
  RMSD stage1  : 2.849 Å
  RMSD stage2  : skipped
  RMSD stage3  : 2.403 Å
  Runtime      : 94.9s
  Saved to     : outputs/Skip1/slurm_YYDPETGTWY_amber/replica_9/replica_9_result.json
============================================
End time     : Mon Apr 27 14:20:14 EDT 2026
Exit code    : 0
============================================
