============================================
Job ID       : 5495090
Array Task   : 86
Replica ID   : 86
Node         : lri035
Start time   : Mon Apr 27 12:54:02 EDT 2026
============================================
[REPLICA 86] Starting...
  Sequence     : YYDPETGTWY
  Forcefield   : amber
  Backend      : aer
  Max iter     : 2000
  Skip Stage 2 : False
--- INITIALIZING QUANTUM BIOPHYSICS FOLDER (HARDWARE) ---
--- FORCE FIELD: AMBER ---
[REPLICA 86] Ground truth loaded — 10 CA atoms
--- SCOUTING: Checking 50 starting points ---
 > Deterministic Seed: 313296853 (Derived from Sequence)
 > Best Start Found: Energy 477.37
[REPLICA 86] Init strategy: random, seed: 313296853
============================================
End time     : Mon Apr 27 12:54:06 EDT 2026
Exit code    : 0
============================================
