============================================
Job ID       : 5496501
Array Task   : 228
Replica ID   : 228
Node         : lri039
Start time   : Mon Apr 27 14:19:08 EDT 2026
============================================
[REPLICA 228] Starting...
  Sequence     : YYDPETGTWY
  Forcefield   : amber
  Backend      : aer
  Max iter     : 2000
  Skip Stage 2 : True
--- INITIALIZING QUANTUM BIOPHYSICS FOLDER (HARDWARE) ---
--- FORCE FIELD: AMBER ---
[REPLICA 228] Ground truth loaded — 10 CA atoms
--- SCOUTING: Checking 50 starting points ---
 > Deterministic Seed: 313296995 (Derived from Sequence)
 > Best Start Found: Energy 284.60
[REPLICA 228] Init strategy: random, seed: 313296995
--- STARTING QUANTUM FOLDING (HYBRID PIPELINE) ---
Stage 1: Mechanical Collapse (COBYLA, statevector)...
 > Collapse Energy : 343.24
 > Stage 1 RMSD    : 3.5314 Å
Stage 2: SKIPPED
Stage 3: Natural Relaxation (SLSQP, statevector)...
Optimization terminated successfully    (Exit mode 0)
            Current function value: 40.00121015413893
            Iterations: 414
            Function evaluations: 21545
            Gradient evaluations: 414
 > Relaxation Energy : 40.00
 > Stage 3 RMSD      : 3.1695 Å

── RMSD Progress ──────────────────────────
  Stage 1 : 3.5314 Å
  Stage 2 : skipped
  Stage 3 : 3.1695 Å  ↓ better
──────────────────────────────────────────

[EXTRACTION] Mode: sampler → backend='aer_simulator', shots=4096
  Submitting 3 circuits (Z / X / Y bases)...
  Done. Angles extracted from measurement statistics.

[RESULT] Final energy: 40.0012
[REPLICA 228] Tracker saved → outputs/Skip1/slurm_YYDPETGTWY_amber/replica_228/replica_228_tracker.json
[SAVED] outputs/Skip1/slurm_YYDPETGTWY_amber/replica_228/replica_228_landscape.png
[REPLICA 228] Final RMSD: 6.033 Å

[REPLICA 228] ✓ Done!
  Energy       : 40.0012
  RMSD final   : 6.033 Å
  RMSD stage1  : 3.531 Å
  RMSD stage2  : skipped
  RMSD stage3  : 3.169 Å
  Runtime      : 271.1s
  Saved to     : outputs/Skip1/slurm_YYDPETGTWY_amber/replica_228/replica_228_result.json
============================================
End time     : Mon Apr 27 14:23:41 EDT 2026
Exit code    : 0
============================================
