============================================
Job ID       : 5497507
Array Task   : 354
Replica ID   : 354
Node         : lri039
Start time   : Mon Apr 27 14:53:17 EDT 2026
============================================
[REPLICA 354] Starting...
  Sequence     : YYDPETGTWY
  Forcefield   : amber
  Backend      : aer
  Max iter     : 2000
  Skip Stage 2 : False
--- INITIALIZING QUANTUM BIOPHYSICS FOLDER (HARDWARE) ---
--- FORCE FIELD: AMBER ---
[REPLICA 354] Ground truth loaded — 10 CA atoms
--- SCOUTING: Checking 50 starting points ---
 > Deterministic Seed: 313297121 (Derived from Sequence)
 > Best Start Found: Energy 381.50
[REPLICA 354] Init strategy: random, seed: 313297121
--- STARTING QUANTUM FOLDING (HYBRID PIPELINE) ---
Stage 1: Mechanical Collapse (COBYLA, statevector)...
 > Collapse Energy : 712.61
 > Stage 1 RMSD    : 3.7161 Å
Stage 2: Physics Refinement (SLSQP, statevector)...
Optimization terminated successfully    (Exit mode 0)
            Current function value: -25.365817388116813
            Iterations: 184
            Function evaluations: 9983
            Gradient evaluations: 184
 > Refinement Energy : -25.37
 > Stage 2 RMSD      : 2.9735 Å
Stage 3: Natural Relaxation (SLSQP, statevector)...
Optimization terminated successfully    (Exit mode 0)
            Current function value: 18.5977319013982
            Iterations: 301
            Function evaluations: 15880
            Gradient evaluations: 301
 > Relaxation Energy : 18.60
 > Stage 3 RMSD      : 2.8163 Å

── RMSD Progress ──────────────────────────
  Stage 1 : 3.7161 Å
  Stage 2 : 2.9735 Å  ↓ better
  Stage 3 : 2.8163 Å  ↓ better
──────────────────────────────────────────

[EXTRACTION] Mode: sampler → backend='aer_simulator', shots=4096
  Submitting 3 circuits (Z / X / Y bases)...
  Done. Angles extracted from measurement statistics.

[RESULT] Final energy: 18.5977
[REPLICA 354] Tracker saved → outputs/no_skip/slurm_YYDPETGTWY_amber/replica_354/replica_354_tracker.json
[SAVED] outputs/no_skip/slurm_YYDPETGTWY_amber/replica_354/replica_354_landscape.png
[REPLICA 354] Final RMSD: 6.103 Å

[REPLICA 354] ✓ Done!
  Energy       : 18.5977
  RMSD final   : 6.103 Å
  RMSD stage1  : 3.716 Å
  RMSD stage2  : 2.974 Å
  RMSD stage3  : 2.816 Å
  Runtime      : 327.8s
  Saved to     : outputs/no_skip/slurm_YYDPETGTWY_amber/replica_354/replica_354_result.json
============================================
End time     : Mon Apr 27 14:58:46 EDT 2026
Exit code    : 0
============================================
