============================================
Job ID       : 5435194
Array Task   : 227
Replica ID   : 227
Node         : lri013
Start time   : Thu Apr 16 19:39:46 EDT 2026
============================================
[REPLICA 227] Starting...
  Sequence   : YYDPETGTWY
  Forcefield : amber
  Backend    : aer
  Max iter   : 2000
--- INITIALIZING QUANTUM BIOPHYSICS FOLDER (HARDWARE) ---
--- FORCE FIELD: AMBER ---
--- SCOUTING: Checking 50 starting points ---
 > Deterministic Seed: 313296994 (Derived from Sequence)
 > Best Start Found: Energy 431.76
[REPLICA 227] Init strategy: random, seed: 313296994
--- STARTING QUANTUM FOLDING (HYBRID PIPELINE) ---
Stage 1: Mechanical Collapse (COBYLA, statevector)...
 > Collapse Energy: 294.28
Stage 2: Physics Refinement (SLSQP, statevector)...
Optimization terminated successfully    (Exit mode 0)
            Current function value: 40.844701799090984
            Iterations: 267
            Function evaluations: 14239
            Gradient evaluations: 267
 > Refinement Energy: 40.84
Stage 3: Natural Relaxation (SLSQP, statevector)...
Optimization terminated successfully    (Exit mode 0)
            Current function value: 5.7590649230540185
            Iterations: 141
            Function evaluations: 7745
            Gradient evaluations: 141
 > Relaxation Energy: 5.76

[EXTRACTION] Mode: sampler → backend='aer_simulator', shots=4096
  Submitting 3 circuits (Z / X / Y bases)...
  Done. Angles extracted from measurement statistics.

[RESULT] Final energy: 5.7591
[REPLICA 227] RMSD: 5.112 Å
[REPLICA 227] Done!
  Energy     : 5.7591
  RMSD       : 5.112 Å
  Runtime    : 271.6s
  Saved to   : outputs/Brickwork_entanglement/slurm_YYDPETGTWY_amber/replica_227/replica_227_result.json
============================================
End time     : Thu Apr 16 19:44:19 EDT 2026
Exit code    : 0
============================================
