============================================
Job ID       : 5475043
Array Task   : 868
Replica ID   : 868
Node         : lri064
Start time   : Wed Apr 22 18:04:44 EDT 2026
============================================
[REPLICA 868] Starting...
  Sequence   : YYDPETGTWY
  Forcefield : amber
  Backend    : aer
  Max iter   : 2000
--- INITIALIZING QUANTUM BIOPHYSICS FOLDER (HARDWARE) ---
--- FORCE FIELD: AMBER ---
--- SCOUTING: Checking 50 starting points ---
 > Deterministic Seed: 313297635 (Derived from Sequence)
 > Best Start Found: Energy 443.74
[REPLICA 868] Init strategy: random, seed: 313297635
--- STARTING QUANTUM FOLDING (HYBRID PIPELINE) ---
Stage 1: Mechanical Collapse (COBYLA, statevector)...
 > Collapse Energy: 491.34
Stage 2: Physics Refinement (SLSQP, statevector)...
Optimization terminated successfully    (Exit mode 0)
            Current function value: 1497.4020210488097
            Iterations: 104
            Function evaluations: 6047
            Gradient evaluations: 104
 > Refinement Energy: 1497.40
Stage 3: Natural Relaxation (SLSQP, statevector)...
Optimization terminated successfully    (Exit mode 0)
            Current function value: 460.3388737107069
            Iterations: 88
            Function evaluations: 5057
            Gradient evaluations: 88
 > Relaxation Energy: 460.34

[EXTRACTION] Mode: sampler → backend='aer_simulator', shots=4096
  Submitting 3 circuits (Z / X / Y bases)...
  Done. Angles extracted from measurement statistics.

[RESULT] Final energy: 460.3389
[SAVED] outputs/reps_Brickwork_entanglement/slurm_YYDPETGTWY_amber/replica_868/replica_868_landscape.png
[REPLICA 868] RMSD: 5.276 Å
[REPLICA 868] Done!
  Energy     : 460.3389
  RMSD       : 5.276 Å
  Runtime    : 148.8s
  Saved to   : outputs/reps_Brickwork_entanglement/slurm_YYDPETGTWY_amber/replica_868/replica_868_result.json
============================================
End time     : Wed Apr 22 18:07:17 EDT 2026
Exit code    : 0
============================================
