============================================
Job ID       : 5439889
Array Task   : 27
Replica ID   : 27
Node         : lri013
Start time   : Fri Apr 17 10:50:39 EDT 2026
============================================
[REPLICA 27] Starting...
  Sequence   : DAYAQWLKDGGPSSGRPPPS
  Forcefield : amber
  Backend    : aer
  Max iter   : 2000
--- INITIALIZING QUANTUM BIOPHYSICS FOLDER (HARDWARE) ---
--- FORCE FIELD: AMBER ---
--- SCOUTING: Checking 50 starting points ---
 > Deterministic Seed: 2158523412 (Derived from Sequence)
 > Best Start Found: Energy 513.95
[REPLICA 27] Init strategy: random, seed: 2158523412
--- STARTING QUANTUM FOLDING (HYBRID PIPELINE) ---
Stage 1: Mechanical Collapse (COBYLA, statevector)...
 > Collapse Energy: 306.30
Stage 2: Physics Refinement (SLSQP, statevector)...
Optimization terminated successfully    (Exit mode 0)
            Current function value: 273.4658209797956
            Iterations: 542
            Function evaluations: 41409
            Gradient evaluations: 542
 > Refinement Energy: 273.47
Stage 3: Natural Relaxation (SLSQP, statevector)...
Optimization terminated successfully    (Exit mode 0)
            Current function value: 2.1307669031911893
            Iterations: 350
            Function evaluations: 27127
            Gradient evaluations: 350
 > Relaxation Energy: 2.13

[EXTRACTION] Mode: sampler → backend='aer_simulator', shots=4096
  Submitting 3 circuits (Z / X / Y bases)...
  Done. Angles extracted from measurement statistics.

[RESULT] Final energy: 2.1308
[REPLICA 27] RMSD: 6.727 Å
[REPLICA 27] Done!
  Energy     : 2.1308
  RMSD       : 6.727 Å
  Runtime    : 1261.6s
  Saved to   : outputs/reps_Brickwork_entanglement1/slurm_DAYAQWLKDGGPSSGRPPPS_amber/replica_27/replica_27_result.json
============================================
End time     : Fri Apr 17 11:11:43 EDT 2026
Exit code    : 0
============================================
