============================================
Job ID       : 5475669
Array Task   : 478
Replica ID   : 478
Node         : lri068
Start time   : Wed Apr 22 18:12:05 EDT 2026
============================================
[REPLICA 478] Starting...
  Sequence   : YYDPETGTWY
  Forcefield : amber
  Backend    : aer
  Max iter   : 2000
--- INITIALIZING QUANTUM BIOPHYSICS FOLDER (HARDWARE) ---
--- FORCE FIELD: AMBER ---
--- SCOUTING: Checking 50 starting points ---
 > Deterministic Seed: 313297245 (Derived from Sequence)
 > Best Start Found: Energy 260.28
[REPLICA 478] Init strategy: random, seed: 313297245
--- STARTING QUANTUM FOLDING (HYBRID PIPELINE) ---
Stage 1: Mechanical Collapse (COBYLA, statevector)...
 > Collapse Energy: 201.50
Stage 2: Physics Refinement (SLSQP, statevector)...
Optimization terminated successfully    (Exit mode 0)
            Current function value: -18.539193947445504
            Iterations: 241
            Function evaluations: 12879
            Gradient evaluations: 241
 > Refinement Energy: -18.54
Stage 3: Natural Relaxation (SLSQP, statevector)...
Optimization terminated successfully    (Exit mode 0)
            Current function value: -24.446682137433054
            Iterations: 131
            Function evaluations: 7227
            Gradient evaluations: 131
 > Relaxation Energy: -24.45

[EXTRACTION] Mode: sampler → backend='aer_simulator', shots=4096
  Submitting 3 circuits (Z / X / Y bases)...
  Done. Angles extracted from measurement statistics.

[RESULT] Final energy: -24.4467
[SAVED] outputs/reps_Brickwork_entanglement/slurm_YYDPETGTWY_amber/replica_478/replica_478_landscape.png
[REPLICA 478] RMSD: 4.911 Å
[REPLICA 478] Done!
  Energy     : -24.4467
  RMSD       : 4.911 Å
  Runtime    : 252.0s
  Saved to   : outputs/reps_Brickwork_entanglement/slurm_YYDPETGTWY_amber/replica_478/replica_478_result.json
============================================
End time     : Wed Apr 22 18:16:18 EDT 2026
Exit code    : 0
============================================
