============================================
Job ID       : 5496243
Array Task   : 395
Replica ID   : 395
Node         : lri027
Start time   : Mon Apr 27 13:47:23 EDT 2026
============================================
[REPLICA 395] Starting...
  Sequence     : YYDPETGTWY
  Forcefield   : amber
  Backend      : aer
  Max iter     : 2000
  Skip Stage 2 : True
--- INITIALIZING QUANTUM BIOPHYSICS FOLDER (HARDWARE) ---
--- FORCE FIELD: AMBER ---
[REPLICA 395] Ground truth loaded — 10 CA atoms
--- SCOUTING: Checking 50 starting points ---
 > Deterministic Seed: 313297162 (Derived from Sequence)
 > Best Start Found: Energy 251.65
[REPLICA 395] Init strategy: random, seed: 313297162
============================================
End time     : Mon Apr 27 13:47:25 EDT 2026
Exit code    : 0
============================================
