============================================
Job ID       : 5439844
Array Task   : 6
Replica ID   : 6
Node         : lri013
Start time   : Fri Apr 17 10:34:38 EDT 2026
============================================
[REPLICA 6] Starting...
  Sequence   : DAYAQWLKDGGPSSGRPPPS
  Forcefield : amber
  Backend    : aer
  Max iter   : 2000
--- INITIALIZING QUANTUM BIOPHYSICS FOLDER (HARDWARE) ---
--- FORCE FIELD: AMBER ---
--- SCOUTING: Checking 50 starting points ---
 > Deterministic Seed: 2158523391 (Derived from Sequence)
 > Best Start Found: Energy 488.33
[REPLICA 6] Init strategy: random, seed: 2158523391
--- STARTING QUANTUM FOLDING (HYBRID PIPELINE) ---
Stage 1: Mechanical Collapse (COBYLA, statevector)...
 > Collapse Energy: 811.42
Stage 2: Physics Refinement (SLSQP, statevector)...
Optimization terminated successfully    (Exit mode 0)
            Current function value: 215.79220579724526
            Iterations: 195
            Function evaluations: 15608
            Gradient evaluations: 195
 > Refinement Energy: 215.79
Stage 3: Natural Relaxation (SLSQP, statevector)...
Optimization terminated successfully    (Exit mode 0)
            Current function value: 1.0027178332053373
            Iterations: 548
            Function evaluations: 41680
            Gradient evaluations: 548
 > Relaxation Energy: 1.00

[EXTRACTION] Mode: sampler → backend='aer_simulator', shots=4096
  Submitting 3 circuits (Z / X / Y bases)...
  Done. Angles extracted from measurement statistics.

[RESULT] Final energy: 1.0027
[REPLICA 6] RMSD: 6.621 Å
[REPLICA 6] Done!
  Energy     : 1.0027
  RMSD       : 6.621 Å
  Runtime    : 1082.1s
  Saved to   : outputs/reps_Brickwork_entanglement1/slurm_DAYAQWLKDGGPSSGRPPPS_amber/replica_6/replica_6_result.json
============================================
End time     : Fri Apr 17 10:52:41 EDT 2026
Exit code    : 0
============================================
