============================================
Job ID       : 5474365
Array Task   : 215
Replica ID   : 215
Node         : lri049
Start time   : Wed Apr 22 17:52:00 EDT 2026
============================================
[REPLICA 215] Starting...
  Sequence   : YYDPETGTWY
  Forcefield : amber
  Backend    : aer
  Max iter   : 2000
--- INITIALIZING QUANTUM BIOPHYSICS FOLDER (HARDWARE) ---
--- FORCE FIELD: AMBER ---
--- SCOUTING: Checking 50 starting points ---
 > Deterministic Seed: 313296982 (Derived from Sequence)
 > Best Start Found: Energy 395.91
[REPLICA 215] Init strategy: random, seed: 313296982
--- STARTING QUANTUM FOLDING (HYBRID PIPELINE) ---
Stage 1: Mechanical Collapse (COBYLA, statevector)...
 > Collapse Energy: 196.14
Stage 2: Physics Refinement (SLSQP, statevector)...
Optimization terminated successfully    (Exit mode 0)
            Current function value: 248.98164929684293
            Iterations: 179
            Function evaluations: 9628
            Gradient evaluations: 179
 > Refinement Energy: 248.98
Stage 3: Natural Relaxation (SLSQP, statevector)...
Optimization terminated successfully    (Exit mode 0)
            Current function value: -35.061722379715185
            Iterations: 214
            Function evaluations: 11504
            Gradient evaluations: 214
 > Relaxation Energy: -35.06

[EXTRACTION] Mode: sampler → backend='aer_simulator', shots=4096
  Submitting 3 circuits (Z / X / Y bases)...
  Done. Angles extracted from measurement statistics.

[RESULT] Final energy: -35.0617
[SAVED] outputs/reps_Brickwork_entanglement/slurm_YYDPETGTWY_amber/replica_215/replica_215_landscape.png
[REPLICA 215] RMSD: 6.304 Å
[REPLICA 215] Done!
  Energy     : -35.0617
  RMSD       : 6.304 Å
  Runtime    : 265.2s
  Saved to   : outputs/reps_Brickwork_entanglement/slurm_YYDPETGTWY_amber/replica_215/replica_215_result.json
============================================
End time     : Wed Apr 22 17:56:30 EDT 2026
Exit code    : 0
============================================
