============================================
Job ID       : 5438829
Array Task   : 205
Replica ID   : 205
Node         : lri013
Start time   : Fri Apr 17 07:48:28 EDT 2026
============================================
[REPLICA 205] Starting...
  Sequence   : YYDPETGTWY
  Forcefield : amber
  Backend    : aer
  Max iter   : 2000
--- INITIALIZING QUANTUM BIOPHYSICS FOLDER (HARDWARE) ---
--- FORCE FIELD: AMBER ---
--- SCOUTING: Checking 50 starting points ---
 > Deterministic Seed: 313296972 (Derived from Sequence)
 > Best Start Found: Energy 299.26
[REPLICA 205] Init strategy: random, seed: 313296972
--- STARTING QUANTUM FOLDING (HYBRID PIPELINE) ---
Stage 1: Mechanical Collapse (COBYLA, statevector)...
 > Collapse Energy: 331.82
Stage 2: Physics Refinement (SLSQP, statevector)...
Optimization terminated successfully    (Exit mode 0)
            Current function value: 21.333600000407277
            Iterations: 273
            Function evaluations: 14708
            Gradient evaluations: 273
 > Refinement Energy: 21.33
Stage 3: Natural Relaxation (SLSQP, statevector)...
Optimization terminated successfully    (Exit mode 0)
            Current function value: 69.73933540299245
            Iterations: 109
            Function evaluations: 6118
            Gradient evaluations: 109
 > Relaxation Energy: 69.74

[EXTRACTION] Mode: sampler → backend='aer_simulator', shots=4096
  Submitting 3 circuits (Z / X / Y bases)...
  Done. Angles extracted from measurement statistics.

[RESULT] Final energy: 69.7393
[REPLICA 205] RMSD: 6.237 Å
[REPLICA 205] Done!
  Energy     : 69.7393
  RMSD       : 6.237 Å
  Runtime    : 254.2s
  Saved to   : outputs/reps_Brickwork_entanglement/slurm_YYDPETGTWY_amber/replica_205/replica_205_result.json
============================================
End time     : Fri Apr 17 07:52:44 EDT 2026
Exit code    : 0
============================================
