============================================
Job ID       : 5440080
Array Task   : 106
Replica ID   : 106
Node         : lri054
Start time   : Fri Apr 17 11:46:41 EDT 2026
============================================
[REPLICA 106] Starting...
  Sequence   : DAYAQWLKDGGPSSGRPPPS
  Forcefield : amber
  Backend    : aer
  Max iter   : 2000
--- INITIALIZING QUANTUM BIOPHYSICS FOLDER (HARDWARE) ---
--- FORCE FIELD: AMBER ---
--- SCOUTING: Checking 50 starting points ---
 > Deterministic Seed: 2158523491 (Derived from Sequence)
 > Best Start Found: Energy 495.34
[REPLICA 106] Init strategy: random, seed: 2158523491
--- STARTING QUANTUM FOLDING (HYBRID PIPELINE) ---
Stage 1: Mechanical Collapse (COBYLA, statevector)...
 > Collapse Energy: 580.47
Stage 2: Physics Refinement (SLSQP, statevector)...
Optimization terminated successfully    (Exit mode 0)
            Current function value: -63.425856331172284
            Iterations: 214
            Function evaluations: 17010
            Gradient evaluations: 214
 > Refinement Energy: -63.43
Stage 3: Natural Relaxation (SLSQP, statevector)...
Optimization terminated successfully    (Exit mode 0)
            Current function value: 116.23963762396065
            Iterations: 360
            Function evaluations: 27777
            Gradient evaluations: 360
 > Relaxation Energy: 116.24

[EXTRACTION] Mode: sampler → backend='aer_simulator', shots=4096
  Submitting 3 circuits (Z / X / Y bases)...
  Done. Angles extracted from measurement statistics.

[RESULT] Final energy: 116.2396
[REPLICA 106] RMSD: 5.674 Å
[REPLICA 106] Done!
  Energy     : 116.2396
  RMSD       : 5.674 Å
  Runtime    : 779.1s
  Saved to   : outputs/reps_Brickwork_entanglement1/slurm_DAYAQWLKDGGPSSGRPPPS_amber/replica_106/replica_106_result.json
============================================
End time     : Fri Apr 17 11:59:41 EDT 2026
Exit code    : 0
============================================
