============================================
Job ID       : 5439715
Array Task   : 908
Replica ID   : 908
Node         : lri054
Start time   : Fri Apr 17 10:10:36 EDT 2026
============================================
[REPLICA 908] Starting...
  Sequence   : YYDPETGTWY
  Forcefield : amber
  Backend    : aer
  Max iter   : 2000
--- INITIALIZING QUANTUM BIOPHYSICS FOLDER (HARDWARE) ---
--- FORCE FIELD: AMBER ---
--- SCOUTING: Checking 50 starting points ---
 > Deterministic Seed: 313297675 (Derived from Sequence)
 > Best Start Found: Energy 442.88
[REPLICA 908] Init strategy: random, seed: 313297675
--- STARTING QUANTUM FOLDING (HYBRID PIPELINE) ---
Stage 1: Mechanical Collapse (COBYLA, statevector)...
 > Collapse Energy: 405.95
Stage 2: Physics Refinement (SLSQP, statevector)...
Optimization terminated successfully    (Exit mode 0)
            Current function value: -4.846110003457325
            Iterations: 337
            Function evaluations: 17596
            Gradient evaluations: 337
 > Refinement Energy: -4.85
Stage 3: Natural Relaxation (SLSQP, statevector)...
Optimization terminated successfully    (Exit mode 0)
            Current function value: 0.20125006292087932
            Iterations: 154
            Function evaluations: 8355
            Gradient evaluations: 154
 > Relaxation Energy: 0.20

[EXTRACTION] Mode: sampler → backend='aer_simulator', shots=4096
  Submitting 3 circuits (Z / X / Y bases)...
  Done. Angles extracted from measurement statistics.

[RESULT] Final energy: 0.2013
[REPLICA 908] RMSD: 5.390 Å
[REPLICA 908] Done!
  Energy     : 0.2013
  RMSD       : 5.390 Å
  Runtime    : 296.9s
  Saved to   : outputs/reps_Brickwork_entanglement/slurm_YYDPETGTWY_amber/replica_908/replica_908_result.json
============================================
End time     : Fri Apr 17 10:15:34 EDT 2026
Exit code    : 0
============================================
