============================================
Job ID       : 5437574
Array Task   : 739
Replica ID   : 739
Node         : lri000
Start time   : Thu Apr 16 23:58:05 EDT 2026
============================================
[REPLICA 739] Starting...
  Sequence   : YYDPETGTWY
  Forcefield : amber
  Backend    : aer
  Max iter   : 2000
--- INITIALIZING QUANTUM BIOPHYSICS FOLDER (HARDWARE) ---
--- FORCE FIELD: AMBER ---
--- SCOUTING: Checking 50 starting points ---
 > Deterministic Seed: 313297506 (Derived from Sequence)
 > Best Start Found: Energy 391.34
[REPLICA 739] Init strategy: random, seed: 313297506
--- STARTING QUANTUM FOLDING (HYBRID PIPELINE) ---
Stage 1: Mechanical Collapse (COBYLA, statevector)...
 > Collapse Energy: 501.92
Stage 2: Physics Refinement (SLSQP, statevector)...
Optimization terminated successfully    (Exit mode 0)
            Current function value: 47.355000385942326
            Iterations: 269
            Function evaluations: 14399
            Gradient evaluations: 269
 > Refinement Energy: 47.36
Stage 3: Natural Relaxation (SLSQP, statevector)...
Optimization terminated successfully    (Exit mode 0)
            Current function value: 162.33913011872627
            Iterations: 275
            Function evaluations: 14501
            Gradient evaluations: 275
 > Relaxation Energy: 162.34

[EXTRACTION] Mode: sampler → backend='aer_simulator', shots=4096
  Submitting 3 circuits (Z / X / Y bases)...
  Done. Angles extracted from measurement statistics.

[RESULT] Final energy: 162.3391
[REPLICA 739] RMSD: 3.896 Å
[REPLICA 739] Done!
  Energy     : 162.3391
  RMSD       : 3.896 Å
  Runtime    : 354.6s
  Saved to   : outputs/Brickwork_entanglement/slurm_YYDPETGTWY_amber/replica_739/replica_739_result.json
============================================
End time     : Fri Apr 17 00:04:00 EDT 2026
Exit code    : 0
============================================
