============================================
Job ID       : 5442783
Array Task   : 680
Replica ID   : 680
Node         : lri054
Start time   : Fri Apr 17 16:59:01 EDT 2026
============================================
[REPLICA 680] Starting...
  Sequence   : DAYAQWLKDGGPSSGRPPPS
  Forcefield : amber
  Backend    : aer
  Max iter   : 2000
--- INITIALIZING QUANTUM BIOPHYSICS FOLDER (HARDWARE) ---
--- FORCE FIELD: AMBER ---
--- SCOUTING: Checking 50 starting points ---
 > Deterministic Seed: 2158524065 (Derived from Sequence)
 > Best Start Found: Energy 474.20
[REPLICA 680] Init strategy: random, seed: 2158524065
--- STARTING QUANTUM FOLDING (HYBRID PIPELINE) ---
Stage 1: Mechanical Collapse (COBYLA, statevector)...
 > Collapse Energy: 386.31
Stage 2: Physics Refinement (SLSQP, statevector)...
Optimization terminated successfully    (Exit mode 0)
            Current function value: -119.54363137438733
            Iterations: 335
            Function evaluations: 26013
            Gradient evaluations: 335
 > Refinement Energy: -119.54
Stage 3: Natural Relaxation (SLSQP, statevector)...
Optimization terminated successfully    (Exit mode 0)
            Current function value: -65.85308342245816
            Iterations: 242
            Function evaluations: 18950
            Gradient evaluations: 242
 > Relaxation Energy: -65.85

[EXTRACTION] Mode: sampler → backend='aer_simulator', shots=4096
  Submitting 3 circuits (Z / X / Y bases)...
  Done. Angles extracted from measurement statistics.

[RESULT] Final energy: -65.8531
[REPLICA 680] RMSD: 7.320 Å
[REPLICA 680] Done!
  Energy     : -65.8531
  RMSD       : 7.320 Å
  Runtime    : 826.8s
  Saved to   : outputs/reps_Brickwork_entanglement1/slurm_DAYAQWLKDGGPSSGRPPPS_amber/replica_680/replica_680_result.json
============================================
End time     : Fri Apr 17 17:12:49 EDT 2026
Exit code    : 0
============================================
