============================================
Job ID       : 5440091
Array Task   : 115
Replica ID   : 115
Node         : lri013
Start time   : Fri Apr 17 11:52:41 EDT 2026
============================================
[REPLICA 115] Starting...
  Sequence   : DAYAQWLKDGGPSSGRPPPS
  Forcefield : amber
  Backend    : aer
  Max iter   : 2000
--- INITIALIZING QUANTUM BIOPHYSICS FOLDER (HARDWARE) ---
--- FORCE FIELD: AMBER ---
--- SCOUTING: Checking 50 starting points ---
 > Deterministic Seed: 2158523500 (Derived from Sequence)
 > Best Start Found: Energy 499.62
[REPLICA 115] Init strategy: random, seed: 2158523500
--- STARTING QUANTUM FOLDING (HYBRID PIPELINE) ---
Stage 1: Mechanical Collapse (COBYLA, statevector)...
 > Collapse Energy: 499.46
Stage 2: Physics Refinement (SLSQP, statevector)...
Optimization terminated successfully    (Exit mode 0)
            Current function value: -35.62090035822336
            Iterations: 815
            Function evaluations: 61850
            Gradient evaluations: 815
 > Refinement Energy: -35.62
Stage 3: Natural Relaxation (SLSQP, statevector)...
Optimization terminated successfully    (Exit mode 0)
            Current function value: -162.97944650354273
            Iterations: 279
            Function evaluations: 21692
            Gradient evaluations: 279
 > Relaxation Energy: -162.98

[EXTRACTION] Mode: sampler → backend='aer_simulator', shots=4096
  Submitting 3 circuits (Z / X / Y bases)...
  Done. Angles extracted from measurement statistics.

[RESULT] Final energy: -162.9794
[REPLICA 115] RMSD: 10.970 Å
[REPLICA 115] Done!
  Energy     : -162.9794
  RMSD       : 10.970 Å
  Runtime    : 1587.7s
  Saved to   : outputs/reps_Brickwork_entanglement1/slurm_DAYAQWLKDGGPSSGRPPPS_amber/replica_115/replica_115_result.json
============================================
End time     : Fri Apr 17 12:19:10 EDT 2026
Exit code    : 0
============================================
