============================================
Job ID       : 5427306
Array Task   : 201
Replica ID   : 201
Node         : lri015
Start time   : Wed Apr 15 18:11:11 EDT 2026
============================================
[REPLICA 201] Starting...
  Sequence   : YYDPETGTWY
  Forcefield : amber
  Backend    : aer
  Max iter   : 2000
--- INITIALIZING QUANTUM BIOPHYSICS FOLDER (HARDWARE) ---
--- FORCE FIELD: AMBER ---
--- SCOUTING: Checking 50 starting points ---
 > Deterministic Seed: 313296968 (Derived from Sequence)
 > Best Start Found: Energy 380.79
[REPLICA 201] Init strategy: random, seed: 313296968
--- STARTING QUANTUM FOLDING (HYBRID PIPELINE) ---
Stage 1: Mechanical Collapse (COBYLA, statevector)...
 > Collapse Energy: 359.09
Stage 2: Physics Refinement (SLSQP, statevector)...
Optimization terminated successfully    (Exit mode 0)
            Current function value: 26.299056865661704
            Iterations: 186
            Function evaluations: 10110
            Gradient evaluations: 186
 > Refinement Energy: 26.30
Stage 3: Natural Relaxation (SLSQP, statevector)...
Optimization terminated successfully    (Exit mode 0)
            Current function value: -43.322194695355094
            Iterations: 127
            Function evaluations: 6952
            Gradient evaluations: 127
 > Relaxation Energy: -43.32

[EXTRACTION] Mode: sampler → backend='aer_simulator', shots=4096
  Submitting 3 circuits (Z / X / Y bases)...
  Done. Angles extracted from measurement statistics.

[RESULT] Final energy: -43.3222
[REPLICA 201] RMSD: 6.572 Å
[REPLICA 201] Done!
  Energy     : -43.3222
  RMSD       : 6.572 Å
  Runtime    : 222.8s
  Saved to   : outputs/Reps_qubits_d_2/slurm_YYDPETGTWY_amber/replica_201/replica_201_result.json
============================================
End time     : Wed Apr 15 18:14:55 EDT 2026
Exit code    : 0
============================================
