============================================
Job ID       : 5480787
Array Task   : 209
Replica ID   : 209
Node         : lri009
Start time   : Thu Apr 23 11:50:54 EDT 2026
============================================
[REPLICA 209] Starting...
  Sequence   : YYDPETGTWY
  Forcefield : amber
  Backend    : aer
  Max iter   : 20
--- INITIALIZING QUANTUM BIOPHYSICS FOLDER (HARDWARE) ---
--- FORCE FIELD: AMBER ---
--- SCOUTING: Checking 50 starting points ---
 > Deterministic Seed: 313296976 (Derived from Sequence)
 > Best Start Found: Energy 389.08
[REPLICA 209] Init strategy: random, seed: 313296976
--- STARTING QUANTUM FOLDING (HYBRID PIPELINE) ---
Stage 1: Mechanical Collapse (COBYLA, statevector)...
 > Collapse Energy: 2380.59
Stage 2: Physics Refinement (SLSQP, statevector)...
Iteration limit reached    (Exit mode 9)
            Current function value: 22850.089006046146
            Iterations: 20
            Function evaluations: 1170
            Gradient evaluations: 20
 > Refinement Energy: 22850.09
Stage 3: Natural Relaxation (SLSQP, statevector)...
Iteration limit reached    (Exit mode 9)
            Current function value: 923.8536934033215
            Iterations: 20
            Function evaluations: 1170
            Gradient evaluations: 20
 > Relaxation Energy: 923.85

[EXTRACTION] Mode: sampler → backend='aer_simulator', shots=4096
  Submitting 3 circuits (Z / X / Y bases)...
  Done. Angles extracted from measurement statistics.

[RESULT] Final energy: 923.8537
[REPLICA 209] Tracker saved → outputs/energy_reps_Brickwork_entanglement11/slurm_YYDPETGTWY_amber/replica_209/replica_209_tracker.json
[SAVED] outputs/energy_reps_Brickwork_entanglement11/slurm_YYDPETGTWY_amber/replica_209/replica_209_landscape.png
[REPLICA 209] RMSD: 6.015 Å
[REPLICA 209] Done!
  Energy     : 923.8537
  RMSD       : 6.015 Å
  Runtime    : 31.2s
  Saved to   : outputs/energy_reps_Brickwork_entanglement11/slurm_YYDPETGTWY_amber/replica_209/replica_209_result.json
============================================
End time     : Thu Apr 23 11:51:26 EDT 2026
Exit code    : 0
============================================
