============================================
Job ID       : 5422281
Array Task   : 648
Replica ID   : 648
Node         : lri021
Start time   : Tue Apr 14 09:51:30 EDT 2026
============================================
[REPLICA 648] Starting...
  Sequence   : YYDPETGTWY
  Forcefield : amber
  Backend    : aer
  Max iter   : 2000
--- INITIALIZING QUANTUM BIOPHYSICS FOLDER (HARDWARE) ---
--- FORCE FIELD: AMBER ---
--- PRIMING CIRCUIT FOR HELIX ---
 > Priming Error: 8.8121
[REPLICA 648] Init strategy: helix, seed: 313297415
--- STARTING QUANTUM FOLDING (HYBRID PIPELINE) ---
Stage 1: Mechanical Collapse (COBYLA, statevector)...
 > Collapse Energy: 153.68
Stage 2: Physics Refinement (SLSQP, statevector)...
Optimization terminated successfully    (Exit mode 0)
            Current function value: -62.95548587017139
            Iterations: 442
            Function evaluations: 50315
            Gradient evaluations: 442
 > Refinement Energy: -62.96
Stage 3: Natural Relaxation (SLSQP, statevector)...
Optimization terminated successfully    (Exit mode 0)
            Current function value: 17.492722088618738
            Iterations: 280
            Function evaluations: 32602
            Gradient evaluations: 280
 > Relaxation Energy: 17.49

[EXTRACTION] Mode: sampler → backend='aer_simulator', shots=4096
  Submitting 3 circuits (Z / X / Y bases)...
  Done. Angles extracted from measurement statistics.

[RESULT] Final energy: 17.4927
[REPLICA 648] RMSD: 4.015 Å
[REPLICA 648] Done!
  Energy     : 17.4927
  RMSD       : 4.015 Å
  Runtime    : 1499.2s
  Saved to   : outputs/slurm_YYDPETGTWY_amber/replica_648/replica_648_result.json
============================================
End time     : Tue Apr 14 10:16:31 EDT 2026
Exit code    : 0
============================================
