============================================
Job ID       : 5439853
Array Task   : 14
Replica ID   : 14
Node         : lri000
Start time   : Fri Apr 17 10:36:38 EDT 2026
============================================
[REPLICA 14] Starting...
  Sequence   : DAYAQWLKDGGPSSGRPPPS
  Forcefield : amber
  Backend    : aer
  Max iter   : 2000
--- INITIALIZING QUANTUM BIOPHYSICS FOLDER (HARDWARE) ---
--- FORCE FIELD: AMBER ---
--- SCOUTING: Checking 50 starting points ---
 > Deterministic Seed: 2158523399 (Derived from Sequence)
 > Best Start Found: Energy 630.68
[REPLICA 14] Init strategy: random, seed: 2158523399
--- STARTING QUANTUM FOLDING (HYBRID PIPELINE) ---
Stage 1: Mechanical Collapse (COBYLA, statevector)...
 > Collapse Energy: 589.01
Stage 2: Physics Refinement (SLSQP, statevector)...
Optimization terminated successfully    (Exit mode 0)
            Current function value: -109.84028964958648
            Iterations: 239
            Function evaluations: 18932
            Gradient evaluations: 239
 > Refinement Energy: -109.84
Stage 3: Natural Relaxation (SLSQP, statevector)...
Optimization terminated successfully    (Exit mode 0)
            Current function value: -83.69866082144605
            Iterations: 173
            Function evaluations: 13730
            Gradient evaluations: 173
 > Relaxation Energy: -83.70

[EXTRACTION] Mode: sampler → backend='aer_simulator', shots=4096
  Submitting 3 circuits (Z / X / Y bases)...
  Done. Angles extracted from measurement statistics.

[RESULT] Final energy: -83.6987
[REPLICA 14] RMSD: 5.594 Å
[REPLICA 14] Done!
  Energy     : -83.6987
  RMSD       : 5.594 Å
  Runtime    : 638.2s
  Saved to   : outputs/reps_Brickwork_entanglement1/slurm_DAYAQWLKDGGPSSGRPPPS_amber/replica_14/replica_14_result.json
============================================
End time     : Fri Apr 17 10:47:17 EDT 2026
Exit code    : 0
============================================
