============================================
Job ID       : 5426918
Array Task   : 864
Replica ID   : 864
Node         : lri014
Start time   : Wed Apr 15 16:31:04 EDT 2026
============================================
[REPLICA 864] Starting...
  Sequence   : YYDPETGTWY
  Forcefield : amber
  Backend    : aer
  Max iter   : 2000
--- INITIALIZING QUANTUM BIOPHYSICS FOLDER (HARDWARE) ---
--- FORCE FIELD: AMBER ---
--- SCOUTING: Checking 50 starting points ---
 > Deterministic Seed: 313297631 (Derived from Sequence)
 > Best Start Found: Energy 342.64
[REPLICA 864] Init strategy: random, seed: 313297631
--- STARTING QUANTUM FOLDING (HYBRID PIPELINE) ---
Stage 1: Mechanical Collapse (COBYLA, statevector)...
 > Collapse Energy: 407.22
Stage 2: Physics Refinement (SLSQP, statevector)...
Optimization terminated successfully    (Exit mode 0)
            Current function value: 121.68999503294785
            Iterations: 563
            Function evaluations: 29023
            Gradient evaluations: 563
 > Refinement Energy: 121.69
Stage 3: Natural Relaxation (SLSQP, statevector)...
Optimization terminated successfully    (Exit mode 0)
            Current function value: -51.22111404652538
            Iterations: 276
            Function evaluations: 14495
            Gradient evaluations: 276
 > Relaxation Energy: -51.22

[EXTRACTION] Mode: sampler → backend='aer_simulator', shots=4096
  Submitting 3 circuits (Z / X / Y bases)...
  Done. Angles extracted from measurement statistics.

[RESULT] Final energy: -51.2211
[REPLICA 864] RMSD: 6.279 Å
[REPLICA 864] Done!
  Energy     : -51.2211
  RMSD       : 6.279 Å
  Runtime    : 554.5s
  Saved to   : outputs/linear_entanglement_1_rep/slurm_YYDPETGTWY_amber/replica_864/replica_864_result.json
============================================
End time     : Wed Apr 15 16:40:20 EDT 2026
Exit code    : 0
============================================
