============================================
Job ID       : 5480992
Array Task   : 337
Replica ID   : 337
Node         : lri068
Start time   : Thu Apr 23 11:53:47 EDT 2026
============================================
[REPLICA 337] Starting...
  Sequence   : YYDPETGTWY
  Forcefield : amber
  Backend    : aer
  Max iter   : 20
--- INITIALIZING QUANTUM BIOPHYSICS FOLDER (HARDWARE) ---
--- FORCE FIELD: AMBER ---
--- SCOUTING: Checking 50 starting points ---
 > Deterministic Seed: 313297104 (Derived from Sequence)
 > Best Start Found: Energy 390.99
[REPLICA 337] Init strategy: random, seed: 313297104
--- STARTING QUANTUM FOLDING (HYBRID PIPELINE) ---
Stage 1: Mechanical Collapse (COBYLA, statevector)...
 > Collapse Energy: 1387.28
Stage 2: Physics Refinement (SLSQP, statevector)...
Iteration limit reached    (Exit mode 9)
            Current function value: 3390.9393704568474
            Iterations: 20
            Function evaluations: 1170
            Gradient evaluations: 20
 > Refinement Energy: 3390.94
Stage 3: Natural Relaxation (SLSQP, statevector)...
Iteration limit reached    (Exit mode 9)
            Current function value: 373.0774659620398
            Iterations: 20
            Function evaluations: 1170
            Gradient evaluations: 20
 > Relaxation Energy: 373.08

[EXTRACTION] Mode: sampler → backend='aer_simulator', shots=4096
  Submitting 3 circuits (Z / X / Y bases)...
  Done. Angles extracted from measurement statistics.

[RESULT] Final energy: 373.0775
[REPLICA 337] Tracker saved → outputs/energy_reps_Brickwork_entanglement11/slurm_YYDPETGTWY_amber/replica_337/replica_337_tracker.json
[SAVED] outputs/energy_reps_Brickwork_entanglement11/slurm_YYDPETGTWY_amber/replica_337/replica_337_landscape.png
[REPLICA 337] RMSD: 6.831 Å
[REPLICA 337] Done!
  Energy     : 373.0775
  RMSD       : 6.831 Å
  Runtime    : 31.6s
  Saved to   : outputs/energy_reps_Brickwork_entanglement11/slurm_YYDPETGTWY_amber/replica_337/replica_337_result.json
============================================
End time     : Thu Apr 23 11:54:19 EDT 2026
Exit code    : 0
============================================
