============================================
Job ID       : 5443057
Array Task   : 786
Replica ID   : 786
Node         : lri013
Start time   : Fri Apr 17 17:45:06 EDT 2026
============================================
[REPLICA 786] Starting...
  Sequence   : DAYAQWLKDGGPSSGRPPPS
  Forcefield : amber
  Backend    : aer
  Max iter   : 2000
--- INITIALIZING QUANTUM BIOPHYSICS FOLDER (HARDWARE) ---
--- FORCE FIELD: AMBER ---
--- SCOUTING: Checking 50 starting points ---
 > Deterministic Seed: 2158524171 (Derived from Sequence)
 > Best Start Found: Energy 546.45
[REPLICA 786] Init strategy: random, seed: 2158524171
--- STARTING QUANTUM FOLDING (HYBRID PIPELINE) ---
Stage 1: Mechanical Collapse (COBYLA, statevector)...
 > Collapse Energy: 897.84
Stage 2: Physics Refinement (SLSQP, statevector)...
Optimization terminated successfully    (Exit mode 0)
            Current function value: -55.51480234931048
            Iterations: 280
            Function evaluations: 21945
            Gradient evaluations: 280
 > Refinement Energy: -55.51
Stage 3: Natural Relaxation (SLSQP, statevector)...
Optimization terminated successfully    (Exit mode 0)
            Current function value: -55.54323232432723
            Iterations: 250
            Function evaluations: 19552
            Gradient evaluations: 250
 > Relaxation Energy: -55.54

[EXTRACTION] Mode: sampler → backend='aer_simulator', shots=4096
  Submitting 3 circuits (Z / X / Y bases)...
  Done. Angles extracted from measurement statistics.

[RESULT] Final energy: -55.5432
[REPLICA 786] RMSD: 5.425 Å
[REPLICA 786] Done!
  Energy     : -55.5432
  RMSD       : 5.425 Å
  Runtime    : 777.1s
  Saved to   : outputs/reps_Brickwork_entanglement1/slurm_DAYAQWLKDGGPSSGRPPPS_amber/replica_786/replica_786_result.json
============================================
End time     : Fri Apr 17 17:58:05 EDT 2026
Exit code    : 0
============================================
