============================================
Job ID       : 5426196
Array Task   : 419
Replica ID   : 419
Node         : lri016
Start time   : Wed Apr 15 14:22:55 EDT 2026
============================================
[REPLICA 419] Starting...
  Sequence   : YYDPETGTWY
  Forcefield : amber
  Backend    : aer
  Max iter   : 2000
--- INITIALIZING QUANTUM BIOPHYSICS FOLDER (HARDWARE) ---
--- FORCE FIELD: AMBER ---
--- SCOUTING: Checking 50 starting points ---
 > Deterministic Seed: 313297186 (Derived from Sequence)
 > Best Start Found: Energy 371.64
[REPLICA 419] Init strategy: random, seed: 313297186
--- STARTING QUANTUM FOLDING (HYBRID PIPELINE) ---
Stage 1: Mechanical Collapse (COBYLA, statevector)...
 > Collapse Energy: 385.61
Stage 2: Physics Refinement (SLSQP, statevector)...
Optimization terminated successfully    (Exit mode 0)
            Current function value: 1.088422307670392
            Iterations: 358
            Function evaluations: 18759
            Gradient evaluations: 358
 > Refinement Energy: 1.09
Stage 3: Natural Relaxation (SLSQP, statevector)...
Optimization terminated successfully    (Exit mode 0)
            Current function value: 5.081253434088141
            Iterations: 165
            Function evaluations: 8968
            Gradient evaluations: 165
 > Relaxation Energy: 5.08

[EXTRACTION] Mode: sampler → backend='aer_simulator', shots=4096
  Submitting 3 circuits (Z / X / Y bases)...
  Done. Angles extracted from measurement statistics.

[RESULT] Final energy: 5.0813
[REPLICA 419] RMSD: 5.556 Å
[REPLICA 419] Done!
  Energy     : 5.0813
  RMSD       : 5.556 Å
  Runtime    : 350.0s
  Saved to   : outputs/linear_entanglement_1_rep/slurm_YYDPETGTWY_amber/replica_419/replica_419_result.json
============================================
End time     : Wed Apr 15 14:28:46 EDT 2026
Exit code    : 0
============================================
