============================================
Job ID       : 5495855
Array Task   : 7
Replica ID   : 7
Node         : lri009
Start time   : Mon Apr 27 13:47:10 EDT 2026
============================================
[REPLICA 7] Starting...
  Sequence     : YYDPETGTWY
  Forcefield   : amber
  Backend      : aer
  Max iter     : 2000
  Skip Stage 2 : True
--- INITIALIZING QUANTUM BIOPHYSICS FOLDER (HARDWARE) ---
--- FORCE FIELD: AMBER ---
[REPLICA 7] Ground truth loaded — 10 CA atoms
--- SCOUTING: Checking 50 starting points ---
 > Deterministic Seed: 313296774 (Derived from Sequence)
 > Best Start Found: Energy 314.04
[REPLICA 7] Init strategy: random, seed: 313296774
============================================
End time     : Mon Apr 27 13:47:12 EDT 2026
Exit code    : 0
============================================
