============================================
Job ID       : 5495714
Array Task   : 267
Replica ID   : 267
Node         : lri034
Start time   : Mon Apr 27 13:45:02 EDT 2026
============================================
[REPLICA 267] Starting...
  Sequence     : YYDPETGTWY
  Forcefield   : amber
  Backend      : aer
  Max iter     : 2000
  Skip Stage 2 : False
--- INITIALIZING QUANTUM BIOPHYSICS FOLDER (HARDWARE) ---
--- FORCE FIELD: AMBER ---
[REPLICA 267] Ground truth loaded — 10 CA atoms
--- SCOUTING: Checking 50 starting points ---
 > Deterministic Seed: 313297034 (Derived from Sequence)
 > Best Start Found: Energy 270.86
[REPLICA 267] Init strategy: random, seed: 313297034
============================================
End time     : Mon Apr 27 13:45:04 EDT 2026
Exit code    : 0
============================================
