============================================
Job ID       : 5474871
Array Task   : 697
Replica ID   : 697
Node         : lri067
Start time   : Wed Apr 22 18:02:02 EDT 2026
============================================
[REPLICA 697] Starting...
  Sequence   : YYDPETGTWY
  Forcefield : amber
  Backend    : aer
  Max iter   : 2000
--- INITIALIZING QUANTUM BIOPHYSICS FOLDER (HARDWARE) ---
--- FORCE FIELD: AMBER ---
--- SCOUTING: Checking 50 starting points ---
 > Deterministic Seed: 313297464 (Derived from Sequence)
 > Best Start Found: Energy 323.92
[REPLICA 697] Init strategy: random, seed: 313297464
--- STARTING QUANTUM FOLDING (HYBRID PIPELINE) ---
Stage 1: Mechanical Collapse (COBYLA, statevector)...
 > Collapse Energy: 213.15
Stage 2: Physics Refinement (SLSQP, statevector)...
Optimization terminated successfully    (Exit mode 0)
            Current function value: 158.08658217873892
            Iterations: 189
            Function evaluations: 10209
            Gradient evaluations: 189
 > Refinement Energy: 158.09
Stage 3: Natural Relaxation (SLSQP, statevector)...
Optimization terminated successfully    (Exit mode 0)
            Current function value: -25.951194967761893
            Iterations: 175
            Function evaluations: 9475
            Gradient evaluations: 175
 > Relaxation Energy: -25.95

[EXTRACTION] Mode: sampler → backend='aer_simulator', shots=4096
  Submitting 3 circuits (Z / X / Y bases)...
  Done. Angles extracted from measurement statistics.

[RESULT] Final energy: -25.9512
[SAVED] outputs/reps_Brickwork_entanglement/slurm_YYDPETGTWY_amber/replica_697/replica_697_landscape.png
[REPLICA 697] RMSD: 3.503 Å
[REPLICA 697] Done!
  Energy     : -25.9512
  RMSD       : 3.503 Å
  Runtime    : 242.8s
  Saved to   : outputs/reps_Brickwork_entanglement/slurm_YYDPETGTWY_amber/replica_697/replica_697_result.json
============================================
End time     : Wed Apr 22 18:06:06 EDT 2026
Exit code    : 0
============================================
