============================================
Job ID       : 5442081
Array Task   : 553
Replica ID   : 553
Node         : lri013
Start time   : Fri Apr 17 15:56:56 EDT 2026
============================================
[REPLICA 553] Starting...
  Sequence   : DAYAQWLKDGGPSSGRPPPS
  Forcefield : amber
  Backend    : aer
  Max iter   : 2000
--- INITIALIZING QUANTUM BIOPHYSICS FOLDER (HARDWARE) ---
--- FORCE FIELD: AMBER ---
--- SCOUTING: Checking 50 starting points ---
 > Deterministic Seed: 2158523938 (Derived from Sequence)
 > Best Start Found: Energy 656.63
[REPLICA 553] Init strategy: random, seed: 2158523938
--- STARTING QUANTUM FOLDING (HYBRID PIPELINE) ---
Stage 1: Mechanical Collapse (COBYLA, statevector)...
 > Collapse Energy: 255.40
Stage 2: Physics Refinement (SLSQP, statevector)...
Optimization terminated successfully    (Exit mode 0)
            Current function value: -142.6061390429171
            Iterations: 350
            Function evaluations: 27090
            Gradient evaluations: 350
 > Refinement Energy: -142.61
Stage 3: Natural Relaxation (SLSQP, statevector)...
Optimization terminated successfully    (Exit mode 0)
            Current function value: -61.301832633649724
            Iterations: 228
            Function evaluations: 17966
            Gradient evaluations: 228
 > Relaxation Energy: -61.30

[EXTRACTION] Mode: sampler → backend='aer_simulator', shots=4096
  Submitting 3 circuits (Z / X / Y bases)...
  Done. Angles extracted from measurement statistics.

[RESULT] Final energy: -61.3018
[REPLICA 553] RMSD: 7.799 Å
[REPLICA 553] Done!
  Energy     : -61.3018
  RMSD       : 7.799 Å
  Runtime    : 865.1s
  Saved to   : outputs/reps_Brickwork_entanglement1/slurm_DAYAQWLKDGGPSSGRPPPS_amber/replica_553/replica_553_result.json
============================================
End time     : Fri Apr 17 16:11:23 EDT 2026
Exit code    : 0
============================================
