============================================
Job ID       : 5548006
Array Task   : 144
Replica ID   : 144
Node         : lri023
Start time   : Thu May  7 10:15:59 EDT 2026
============================================
[REPLICA 144] Starting...
  Sequence     : YYDPETGTWY
  Forcefield   : amber
  Backend      : aer
  Max iter     : 2000
  Skip Stage 2 : False
--- INITIALIZING QUANTUM BIOPHYSICS FOLDER (HARDWARE) ---
--- FORCE FIELD: AMBER ---
[REPLICA 144] Ground truth loaded — 10 CA atoms
--- SCOUTING: Checking 50 starting points ---
 > Deterministic Seed: 313296911 (Derived from Sequence)
 > Best Start Found: Energy 542.11
[REPLICA 144] Init strategy: random, seed: 313296911
--- STARTING QUANTUM FOLDING (HYBRID PIPELINE) ---
Stage 1: Mechanical Collapse (COBYLA, statevector)...
 > Collapse Energy : 342.61
 > Stage 1 RMSD    : 4.1905 Å
Stage 2: Physics Refinement (SLSQP, statevector)...
Optimization terminated successfully    (Exit mode 0)
            Current function value: 65.62237583180027
            Iterations: 140
            Function evaluations: 7711
            Gradient evaluations: 140
 > Refinement Energy : 65.62
 > Stage 2 RMSD      : 2.6876 Å
Stage 3: Natural Relaxation (SLSQP, statevector)...
Optimization terminated successfully    (Exit mode 0)
            Current function value: 0.8407470160406134
            Iterations: 226
            Function evaluations: 12139
            Gradient evaluations: 226
 > Relaxation Energy : 0.84
 > Stage 3 RMSD      : 2.7215 Å

── RMSD Progress ──────────────────────────
  Stage 1 : 4.1905 Å
  Stage 2 : 2.6876 Å  ↓ better
  Stage 3 : 2.7215 Å  ↓ better
──────────────────────────────────────────

[EXTRACTION] Mode: sampler → backend='aer_simulator', shots=4096
  Submitting 3 circuits (Z / X / Y bases)...
  Done. Angles extracted from measurement statistics.

[RESULT] Final energy: 0.8407
[REPLICA 144] Tracker saved → outputs/no_skip1/slurm_YYDPETGTWY_amber/replica_144/replica_144_tracker.json
[SAVED] outputs/no_skip1/slurm_YYDPETGTWY_amber/replica_144/replica_144_landscape.png
[REPLICA 144] Final RMSD: 6.698 Å

[REPLICA 144] ✓ Done!
  Energy       : 0.8407
  RMSD final   : 6.698 Å
  RMSD stage1  : 4.191 Å
  RMSD stage2  : 2.688 Å
  RMSD stage3  : 2.722 Å
  Runtime      : 252.8s
  Saved to     : outputs/no_skip1/slurm_YYDPETGTWY_amber/replica_144/replica_144_result.json
============================================
End time     : Thu May  7 10:20:26 EDT 2026
Exit code    : 0
============================================
