============================================
Job ID       : 5494812
Array Task   : 364
Replica ID   : 364
Node         : lri027
Start time   : Mon Apr 27 11:29:53 EDT 2026
============================================
[REPLICA 364] Starting...
  Sequence     : YYDPETGTWY
  Forcefield   : amber
  Backend      : aer
  Max iter     : 2000
  Skip Stage 2 : False
--- INITIALIZING QUANTUM BIOPHYSICS FOLDER (HARDWARE) ---
--- FORCE FIELD: AMBER ---
[REPLICA 364] Ground truth loaded — 10 CA atoms
--- SCOUTING: Checking 50 starting points ---
 > Deterministic Seed: 313297131 (Derived from Sequence)
 > Best Start Found: Energy 397.41
[REPLICA 364] Init strategy: random, seed: 313297131
============================================
End time     : Mon Apr 27 11:29:55 EDT 2026
Exit code    : 0
============================================
