============================================
Job ID       : 5495887
Array Task   : 39
Replica ID   : 39
Node         : lri067
Start time   : Mon Apr 27 13:47:10 EDT 2026
============================================
[REPLICA 39] Starting...
  Sequence     : YYDPETGTWY
  Forcefield   : amber
  Backend      : aer
  Max iter     : 2000
  Skip Stage 2 : True
--- INITIALIZING QUANTUM BIOPHYSICS FOLDER (HARDWARE) ---
--- FORCE FIELD: AMBER ---
[REPLICA 39] Ground truth loaded — 10 CA atoms
--- SCOUTING: Checking 50 starting points ---
 > Deterministic Seed: 313296806 (Derived from Sequence)
 > Best Start Found: Energy 445.87
[REPLICA 39] Init strategy: random, seed: 313296806
============================================
End time     : Mon Apr 27 13:47:12 EDT 2026
Exit code    : 0
============================================
