============================================
Job ID       : 5442281
Array Task   : 607
Replica ID   : 607
Node         : lri054
Start time   : Fri Apr 17 16:22:58 EDT 2026
============================================
[REPLICA 607] Starting...
  Sequence   : DAYAQWLKDGGPSSGRPPPS
  Forcefield : amber
  Backend    : aer
  Max iter   : 2000
--- INITIALIZING QUANTUM BIOPHYSICS FOLDER (HARDWARE) ---
--- FORCE FIELD: AMBER ---
--- SCOUTING: Checking 50 starting points ---
 > Deterministic Seed: 2158523992 (Derived from Sequence)
 > Best Start Found: Energy 526.72
[REPLICA 607] Init strategy: random, seed: 2158523992
--- STARTING QUANTUM FOLDING (HYBRID PIPELINE) ---
Stage 1: Mechanical Collapse (COBYLA, statevector)...
 > Collapse Energy: 404.39
Stage 2: Physics Refinement (SLSQP, statevector)...
Optimization terminated successfully    (Exit mode 0)
            Current function value: 1623.9807155356384
            Iterations: 223
            Function evaluations: 18238
            Gradient evaluations: 223
 > Refinement Energy: 1623.98
Stage 3: Natural Relaxation (SLSQP, statevector)...
Optimization terminated successfully    (Exit mode 0)
            Current function value: 662.8904521014225
            Iterations: 155
            Function evaluations: 12707
            Gradient evaluations: 155
 > Relaxation Energy: 662.89

[EXTRACTION] Mode: sampler → backend='aer_simulator', shots=4096
  Submitting 3 circuits (Z / X / Y bases)...
  Done. Angles extracted from measurement statistics.

[RESULT] Final energy: 662.8905
[REPLICA 607] RMSD: 6.892 Å
[REPLICA 607] Done!
  Energy     : 662.8905
  RMSD       : 6.892 Å
  Runtime    : 574.7s
  Saved to   : outputs/reps_Brickwork_entanglement1/slurm_DAYAQWLKDGGPSSGRPPPS_amber/replica_607/replica_607_result.json
============================================
End time     : Fri Apr 17 16:32:34 EDT 2026
Exit code    : 0
============================================
