============================================
Job ID       : 5438986
Array Task   : 329
Replica ID   : 329
Node         : lri015
Start time   : Fri Apr 17 08:18:30 EDT 2026
============================================
[REPLICA 329] Starting...
  Sequence   : YYDPETGTWY
  Forcefield : amber
  Backend    : aer
  Max iter   : 2000
--- INITIALIZING QUANTUM BIOPHYSICS FOLDER (HARDWARE) ---
--- FORCE FIELD: AMBER ---
--- SCOUTING: Checking 50 starting points ---
 > Deterministic Seed: 313297096 (Derived from Sequence)
 > Best Start Found: Energy 354.13
[REPLICA 329] Init strategy: random, seed: 313297096
--- STARTING QUANTUM FOLDING (HYBRID PIPELINE) ---
Stage 1: Mechanical Collapse (COBYLA, statevector)...
 > Collapse Energy: 345.68
Stage 2: Physics Refinement (SLSQP, statevector)...
Optimization terminated successfully    (Exit mode 0)
            Current function value: 117.29474109048832
            Iterations: 232
            Function evaluations: 12469
            Gradient evaluations: 232
 > Refinement Energy: 117.29
Stage 3: Natural Relaxation (SLSQP, statevector)...
Optimization terminated successfully    (Exit mode 0)
            Current function value: -13.396587720549872
            Iterations: 195
            Function evaluations: 10545
            Gradient evaluations: 195
 > Relaxation Energy: -13.40

[EXTRACTION] Mode: sampler → backend='aer_simulator', shots=4096
  Submitting 3 circuits (Z / X / Y bases)...
  Done. Angles extracted from measurement statistics.

[RESULT] Final energy: -13.3966
[REPLICA 329] RMSD: 6.408 Å
[REPLICA 329] Done!
  Energy     : -13.3966
  RMSD       : 6.408 Å
  Runtime    : 281.7s
  Saved to   : outputs/reps_Brickwork_entanglement/slurm_YYDPETGTWY_amber/replica_329/replica_329_result.json
============================================
End time     : Fri Apr 17 08:23:13 EDT 2026
Exit code    : 0
============================================
