============================================
Job ID       : 5440397
Array Task   : 296
Replica ID   : 296
Node         : lri054
Start time   : Fri Apr 17 13:50:49 EDT 2026
============================================
[REPLICA 296] Starting...
  Sequence   : DAYAQWLKDGGPSSGRPPPS
  Forcefield : amber
  Backend    : aer
  Max iter   : 2000
--- INITIALIZING QUANTUM BIOPHYSICS FOLDER (HARDWARE) ---
--- FORCE FIELD: AMBER ---
--- SCOUTING: Checking 50 starting points ---
 > Deterministic Seed: 2158523681 (Derived from Sequence)
 > Best Start Found: Energy 537.60
[REPLICA 296] Init strategy: random, seed: 2158523681
--- STARTING QUANTUM FOLDING (HYBRID PIPELINE) ---
Stage 1: Mechanical Collapse (COBYLA, statevector)...
 > Collapse Energy: 782.81
Stage 2: Physics Refinement (SLSQP, statevector)...
Optimization terminated successfully    (Exit mode 0)
            Current function value: 10.980189960183903
            Iterations: 813
            Function evaluations: 61427
            Gradient evaluations: 813
 > Refinement Energy: 10.98
Stage 3: Natural Relaxation (SLSQP, statevector)...
Optimization terminated successfully    (Exit mode 0)
            Current function value: -55.438939834931496
            Iterations: 268
            Function evaluations: 20933
            Gradient evaluations: 268
 > Relaxation Energy: -55.44

[EXTRACTION] Mode: sampler → backend='aer_simulator', shots=4096
  Submitting 3 circuits (Z / X / Y bases)...
  Done. Angles extracted from measurement statistics.

[RESULT] Final energy: -55.4389
[REPLICA 296] RMSD: 5.838 Å
[REPLICA 296] Done!
  Energy     : -55.4389
  RMSD       : 5.838 Å
  Runtime    : 1502.3s
  Saved to   : outputs/reps_Brickwork_entanglement1/slurm_DAYAQWLKDGGPSSGRPPPS_amber/replica_296/replica_296_result.json
============================================
End time     : Fri Apr 17 14:15:52 EDT 2026
Exit code    : 0
============================================
