============================================
Job ID       : 5494761
Array Task   : 313
Replica ID   : 313
Node         : lri027
Start time   : Mon Apr 27 11:29:50 EDT 2026
============================================
[REPLICA 313] Starting...
  Sequence     : YYDPETGTWY
  Forcefield   : amber
  Backend      : aer
  Max iter     : 2000
  Skip Stage 2 : False
--- INITIALIZING QUANTUM BIOPHYSICS FOLDER (HARDWARE) ---
--- FORCE FIELD: AMBER ---
[REPLICA 313] Ground truth loaded — 10 CA atoms
--- SCOUTING: Checking 50 starting points ---
 > Deterministic Seed: 313297080 (Derived from Sequence)
 > Best Start Found: Energy 504.33
[REPLICA 313] Init strategy: random, seed: 313297080
============================================
End time     : Mon Apr 27 11:29:52 EDT 2026
Exit code    : 0
============================================
