============================================
Job ID       : 5443115
Array Task   : 805
Replica ID   : 805
Node         : lri054
Start time   : Fri Apr 17 17:53:07 EDT 2026
============================================
[REPLICA 805] Starting...
  Sequence   : DAYAQWLKDGGPSSGRPPPS
  Forcefield : amber
  Backend    : aer
  Max iter   : 2000
--- INITIALIZING QUANTUM BIOPHYSICS FOLDER (HARDWARE) ---
--- FORCE FIELD: AMBER ---
--- SCOUTING: Checking 50 starting points ---
 > Deterministic Seed: 2158524190 (Derived from Sequence)
 > Best Start Found: Energy 739.58
[REPLICA 805] Init strategy: random, seed: 2158524190
--- STARTING QUANTUM FOLDING (HYBRID PIPELINE) ---
Stage 1: Mechanical Collapse (COBYLA, statevector)...
 > Collapse Energy: 287.39
Stage 2: Physics Refinement (SLSQP, statevector)...
Optimization terminated successfully    (Exit mode 0)
            Current function value: 14.517707088223403
            Iterations: 415
            Function evaluations: 32062
            Gradient evaluations: 415
 > Refinement Energy: 14.52
Stage 3: Natural Relaxation (SLSQP, statevector)...
Optimization terminated successfully    (Exit mode 0)
            Current function value: -79.14967880653309
            Iterations: 218
            Function evaluations: 17152
            Gradient evaluations: 218
 > Relaxation Energy: -79.15

[EXTRACTION] Mode: sampler → backend='aer_simulator', shots=4096
  Submitting 3 circuits (Z / X / Y bases)...
  Done. Angles extracted from measurement statistics.

[RESULT] Final energy: -79.1497
[REPLICA 805] RMSD: 7.071 Å
[REPLICA 805] Done!
  Energy     : -79.1497
  RMSD       : 7.071 Å
  Runtime    : 900.0s
  Saved to   : outputs/reps_Brickwork_entanglement1/slurm_DAYAQWLKDGGPSSGRPPPS_amber/replica_805/replica_805_result.json
============================================
End time     : Fri Apr 17 18:08:08 EDT 2026
Exit code    : 0
============================================
