============================================
Job ID       : 5494709
Array Task   : 261
Replica ID   : 261
Node         : lri034
Start time   : Mon Apr 27 11:29:47 EDT 2026
============================================
[REPLICA 261] Starting...
  Sequence     : YYDPETGTWY
  Forcefield   : amber
  Backend      : aer
  Max iter     : 2000
  Skip Stage 2 : False
--- INITIALIZING QUANTUM BIOPHYSICS FOLDER (HARDWARE) ---
--- FORCE FIELD: AMBER ---
[REPLICA 261] Ground truth loaded — 10 CA atoms
--- SCOUTING: Checking 50 starting points ---
 > Deterministic Seed: 313297028 (Derived from Sequence)
 > Best Start Found: Energy 294.66
[REPLICA 261] Init strategy: random, seed: 313297028
============================================
End time     : Mon Apr 27 11:29:49 EDT 2026
Exit code    : 0
============================================
