============================================
Job ID       : 5474919
Array Task   : 744
Replica ID   : 744
Node         : lri020
Start time   : Wed Apr 22 18:03:11 EDT 2026
============================================
[REPLICA 744] Starting...
  Sequence   : YYDPETGTWY
  Forcefield : amber
  Backend    : aer
  Max iter   : 2000
--- INITIALIZING QUANTUM BIOPHYSICS FOLDER (HARDWARE) ---
--- FORCE FIELD: AMBER ---
--- SCOUTING: Checking 50 starting points ---
 > Deterministic Seed: 313297511 (Derived from Sequence)
 > Best Start Found: Energy 463.08
[REPLICA 744] Init strategy: random, seed: 313297511
--- STARTING QUANTUM FOLDING (HYBRID PIPELINE) ---
Stage 1: Mechanical Collapse (COBYLA, statevector)...
 > Collapse Energy: 521.07
Stage 2: Physics Refinement (SLSQP, statevector)...
Optimization terminated successfully    (Exit mode 0)
            Current function value: 33.87567991905585
            Iterations: 245
            Function evaluations: 13055
            Gradient evaluations: 245
 > Refinement Energy: 33.88
Stage 3: Natural Relaxation (SLSQP, statevector)...
Optimization terminated successfully    (Exit mode 0)
            Current function value: -85.3103554327868
            Iterations: 223
            Function evaluations: 11902
            Gradient evaluations: 223
 > Relaxation Energy: -85.31

[EXTRACTION] Mode: sampler → backend='aer_simulator', shots=4096
  Submitting 3 circuits (Z / X / Y bases)...
  Done. Angles extracted from measurement statistics.

[RESULT] Final energy: -85.3104
[SAVED] outputs/reps_Brickwork_entanglement/slurm_YYDPETGTWY_amber/replica_744/replica_744_landscape.png
[REPLICA 744] RMSD: 6.367 Å
[REPLICA 744] Done!
  Energy     : -85.3104
  RMSD       : 6.367 Å
  Runtime    : 303.9s
  Saved to   : outputs/reps_Brickwork_entanglement/slurm_YYDPETGTWY_amber/replica_744/replica_744_result.json
============================================
End time     : Wed Apr 22 18:08:16 EDT 2026
Exit code    : 0
============================================
