============================================
Job ID       : 5478952
Array Task   : 137
Replica ID   : 137
Node         : lri037
Start time   : Thu Apr 23 10:00:38 EDT 2026
============================================
[REPLICA 137] Starting...
  Sequence   : YYDPETGTWY
  Forcefield : amber
  Backend    : aer
  Max iter   : 2000
--- INITIALIZING QUANTUM BIOPHYSICS FOLDER (HARDWARE) ---
--- FORCE FIELD: AMBER ---
--- SCOUTING: Checking 50 starting points ---
 > Deterministic Seed: 313296904 (Derived from Sequence)
 > Best Start Found: Energy 458.71
[REPLICA 137] Init strategy: random, seed: 313296904
--- STARTING QUANTUM FOLDING (HYBRID PIPELINE) ---
Stage 1: Mechanical Collapse (COBYLA, statevector)...
 > Collapse Energy: 219.42
Stage 2: Physics Refinement (SLSQP, statevector)...
Optimization terminated successfully    (Exit mode 0)
            Current function value: 144.67087464233384
            Iterations: 298
            Function evaluations: 15845
            Gradient evaluations: 298
 > Refinement Energy: 144.67
Stage 3: Natural Relaxation (SLSQP, statevector)...
Optimization terminated successfully    (Exit mode 0)
            Current function value: -36.429324587280945
            Iterations: 325
            Function evaluations: 17099
            Gradient evaluations: 325
 > Relaxation Energy: -36.43

[EXTRACTION] Mode: sampler → backend='aer_simulator', shots=4096
  Submitting 3 circuits (Z / X / Y bases)...
  Done. Angles extracted from measurement statistics.

[RESULT] Final energy: -36.4293
[SAVED] outputs/energy_reps_Brickwork_entanglement/slurm_YYDPETGTWY_amber/replica_137/replica_137_landscape.png
[REPLICA 137] RMSD: 6.013 Å
[REPLICA 137] Done!
  Energy     : -36.4293
  RMSD       : 6.013 Å
  Runtime    : 397.1s
  Saved to   : outputs/energy_reps_Brickwork_entanglement/slurm_YYDPETGTWY_amber/replica_137/replica_137_result.json
============================================
End time     : Thu Apr 23 10:07:20 EDT 2026
Exit code    : 0
============================================
