============================================
Job ID       : 5421592
Array Task   : 349
Replica ID   : 349
Node         : lri042
Start time   : Tue Apr 14 05:57:13 EDT 2026
============================================
[REPLICA 349] Starting...
  Sequence   : YYDPETGTWY
  Forcefield : amber
  Backend    : aer
  Max iter   : 2000
--- INITIALIZING QUANTUM BIOPHYSICS FOLDER (HARDWARE) ---
--- FORCE FIELD: AMBER ---
--- PRIMING CIRCUIT FOR SHEET ---
 > Priming Error: 16.7771
[REPLICA 349] Init strategy: sheet, seed: 313297116
--- STARTING QUANTUM FOLDING (HYBRID PIPELINE) ---
Stage 1: Mechanical Collapse (COBYLA, statevector)...
 > Collapse Energy: 366.24
Stage 2: Physics Refinement (SLSQP, statevector)...
Optimization terminated successfully    (Exit mode 0)
            Current function value: -69.92152318043885
            Iterations: 380
            Function evaluations: 43635
            Gradient evaluations: 380
 > Refinement Energy: -69.92
Stage 3: Natural Relaxation (SLSQP, statevector)...
Optimization terminated successfully    (Exit mode 0)
            Current function value: -87.89924827013432
            Iterations: 343
            Function evaluations: 39369
            Gradient evaluations: 343
 > Relaxation Energy: -87.90

[EXTRACTION] Mode: sampler → backend='aer_simulator', shots=4096
  Submitting 3 circuits (Z / X / Y bases)...
  Done. Angles extracted from measurement statistics.

[RESULT] Final energy: -87.8992
[REPLICA 349] RMSD: 5.156 Å
[REPLICA 349] Done!
  Energy     : -87.8992
  RMSD       : 5.156 Å
  Runtime    : 1459.4s
  Saved to   : outputs/slurm_YYDPETGTWY_amber/replica_349/replica_349_result.json
============================================
End time     : Tue Apr 14 06:21:33 EDT 2026
Exit code    : 0
============================================
