============================================
Job ID       : 5495954
Array Task   : 106
Replica ID   : 106
Node         : lri027
Start time   : Mon Apr 27 13:47:13 EDT 2026
============================================
[REPLICA 106] Starting...
  Sequence     : YYDPETGTWY
  Forcefield   : amber
  Backend      : aer
  Max iter     : 2000
  Skip Stage 2 : True
--- INITIALIZING QUANTUM BIOPHYSICS FOLDER (HARDWARE) ---
--- FORCE FIELD: AMBER ---
[REPLICA 106] Ground truth loaded — 10 CA atoms
--- SCOUTING: Checking 50 starting points ---
 > Deterministic Seed: 313296873 (Derived from Sequence)
 > Best Start Found: Energy 314.32
[REPLICA 106] Init strategy: random, seed: 313296873
============================================
End time     : Mon Apr 27 13:47:15 EDT 2026
Exit code    : 0
============================================
