============================================
Job ID       : 5428040
Array Task   : 470
Replica ID   : 470
Node         : lri016
Start time   : Wed Apr 15 19:39:16 EDT 2026
============================================
[REPLICA 470] Starting...
  Sequence   : YYDPETGTWY
  Forcefield : amber
  Backend    : aer
  Max iter   : 2000
--- INITIALIZING QUANTUM BIOPHYSICS FOLDER (HARDWARE) ---
--- FORCE FIELD: AMBER ---
--- SCOUTING: Checking 50 starting points ---
 > Deterministic Seed: 313297237 (Derived from Sequence)
 > Best Start Found: Energy 341.34
[REPLICA 470] Init strategy: random, seed: 313297237
--- STARTING QUANTUM FOLDING (HYBRID PIPELINE) ---
Stage 1: Mechanical Collapse (COBYLA, statevector)...
 > Collapse Energy: 350.48
Stage 2: Physics Refinement (SLSQP, statevector)...
Optimization terminated successfully    (Exit mode 0)
            Current function value: 21.073805500225003
            Iterations: 222
            Function evaluations: 11894
            Gradient evaluations: 222
 > Refinement Energy: 21.07
Stage 3: Natural Relaxation (SLSQP, statevector)...
Optimization terminated successfully    (Exit mode 0)
            Current function value: -27.624577102804814
            Iterations: 173
            Function evaluations: 9435
            Gradient evaluations: 173
 > Relaxation Energy: -27.62

[EXTRACTION] Mode: sampler → backend='aer_simulator', shots=4096
  Submitting 3 circuits (Z / X / Y bases)...
  Done. Angles extracted from measurement statistics.

[RESULT] Final energy: -27.6246
[REPLICA 470] RMSD: 5.691 Å
[REPLICA 470] Done!
  Energy     : -27.6246
  RMSD       : 5.691 Å
  Runtime    : 272.8s
  Saved to   : outputs/Reps_qubits_d_2/slurm_YYDPETGTWY_amber/replica_470/replica_470_result.json
============================================
End time     : Wed Apr 15 19:43:50 EDT 2026
Exit code    : 0
============================================
