============================================
Job ID       : 5495179
Array Task   : 175
Replica ID   : 175
Node         : lri026
Start time   : Mon Apr 27 12:54:08 EDT 2026
============================================
[REPLICA 175] Starting...
  Sequence     : YYDPETGTWY
  Forcefield   : amber
  Backend      : aer
  Max iter     : 2000
  Skip Stage 2 : False
--- INITIALIZING QUANTUM BIOPHYSICS FOLDER (HARDWARE) ---
--- FORCE FIELD: AMBER ---
[REPLICA 175] Ground truth loaded — 10 CA atoms
--- SCOUTING: Checking 50 starting points ---
 > Deterministic Seed: 313296942 (Derived from Sequence)
 > Best Start Found: Energy 421.35
[REPLICA 175] Init strategy: random, seed: 313296942
============================================
End time     : Mon Apr 27 12:54:10 EDT 2026
Exit code    : 0
============================================
