============================================
Job ID       : 5440058
Array Task   : 94
Replica ID   : 94
Node         : lri000
Start time   : Fri Apr 17 11:36:41 EDT 2026
============================================
[REPLICA 94] Starting...
  Sequence   : DAYAQWLKDGGPSSGRPPPS
  Forcefield : amber
  Backend    : aer
  Max iter   : 2000
--- INITIALIZING QUANTUM BIOPHYSICS FOLDER (HARDWARE) ---
--- FORCE FIELD: AMBER ---
--- SCOUTING: Checking 50 starting points ---
 > Deterministic Seed: 2158523479 (Derived from Sequence)
 > Best Start Found: Energy 557.38
[REPLICA 94] Init strategy: random, seed: 2158523479
--- STARTING QUANTUM FOLDING (HYBRID PIPELINE) ---
Stage 1: Mechanical Collapse (COBYLA, statevector)...
 > Collapse Energy: 366.76
Stage 2: Physics Refinement (SLSQP, statevector)...
Optimization terminated successfully    (Exit mode 0)
            Current function value: 87.13310272751445
            Iterations: 607
            Function evaluations: 46230
            Gradient evaluations: 607
 > Refinement Energy: 87.13
Stage 3: Natural Relaxation (SLSQP, statevector)...
Optimization terminated successfully    (Exit mode 0)
            Current function value: -84.03617003588593
            Iterations: 432
            Function evaluations: 32977
            Gradient evaluations: 432
 > Relaxation Energy: -84.04

[EXTRACTION] Mode: sampler → backend='aer_simulator', shots=4096
  Submitting 3 circuits (Z / X / Y bases)...
  Done. Angles extracted from measurement statistics.

[RESULT] Final energy: -84.0362
[REPLICA 94] RMSD: 11.372 Å
[REPLICA 94] Done!
  Energy     : -84.0362
  RMSD       : 11.372 Å
  Runtime    : 1464.3s
  Saved to   : outputs/reps_Brickwork_entanglement1/slurm_DAYAQWLKDGGPSSGRPPPS_amber/replica_94/replica_94_result.json
============================================
End time     : Fri Apr 17 12:01:06 EDT 2026
Exit code    : 0
============================================
