============================================
Job ID       : 5442913
Array Task   : 733
Replica ID   : 733
Node         : lri013
Start time   : Fri Apr 17 17:19:04 EDT 2026
============================================
[REPLICA 733] Starting...
  Sequence   : DAYAQWLKDGGPSSGRPPPS
  Forcefield : amber
  Backend    : aer
  Max iter   : 2000
--- INITIALIZING QUANTUM BIOPHYSICS FOLDER (HARDWARE) ---
--- FORCE FIELD: AMBER ---
--- SCOUTING: Checking 50 starting points ---
 > Deterministic Seed: 2158524118 (Derived from Sequence)
 > Best Start Found: Energy 362.16
[REPLICA 733] Init strategy: random, seed: 2158524118
--- STARTING QUANTUM FOLDING (HYBRID PIPELINE) ---
Stage 1: Mechanical Collapse (COBYLA, statevector)...
 > Collapse Energy: 552.39
Stage 2: Physics Refinement (SLSQP, statevector)...
Optimization terminated successfully    (Exit mode 0)
            Current function value: 438.2790567423333
            Iterations: 626
            Function evaluations: 47713
            Gradient evaluations: 626
 > Refinement Energy: 438.28
Stage 3: Natural Relaxation (SLSQP, statevector)...
Optimization terminated successfully    (Exit mode 0)
            Current function value: -65.53817807165095
            Iterations: 659
            Function evaluations: 49873
            Gradient evaluations: 659
 > Relaxation Energy: -65.54

[EXTRACTION] Mode: sampler → backend='aer_simulator', shots=4096
  Submitting 3 circuits (Z / X / Y bases)...
  Done. Angles extracted from measurement statistics.

[RESULT] Final energy: -65.5382
[REPLICA 733] RMSD: 7.321 Å
[REPLICA 733] Done!
  Energy     : -65.5382
  RMSD       : 7.321 Å
  Runtime    : 1804.5s
  Saved to   : outputs/reps_Brickwork_entanglement1/slurm_DAYAQWLKDGGPSSGRPPPS_amber/replica_733/replica_733_result.json
============================================
End time     : Fri Apr 17 17:49:10 EDT 2026
Exit code    : 0
============================================
