============================================
Job ID       : 5474833
Array Task   : 660
Replica ID   : 660
Node         : lri067
Start time   : Wed Apr 22 18:01:28 EDT 2026
============================================
[REPLICA 660] Starting...
  Sequence   : YYDPETGTWY
  Forcefield : amber
  Backend    : aer
  Max iter   : 2000
--- INITIALIZING QUANTUM BIOPHYSICS FOLDER (HARDWARE) ---
--- FORCE FIELD: AMBER ---
--- SCOUTING: Checking 50 starting points ---
 > Deterministic Seed: 313297427 (Derived from Sequence)
 > Best Start Found: Energy 378.59
[REPLICA 660] Init strategy: random, seed: 313297427
--- STARTING QUANTUM FOLDING (HYBRID PIPELINE) ---
Stage 1: Mechanical Collapse (COBYLA, statevector)...
 > Collapse Energy: 319.49
Stage 2: Physics Refinement (SLSQP, statevector)...
Optimization terminated successfully    (Exit mode 0)
            Current function value: 133.6072917361584
            Iterations: 263
            Function evaluations: 13941
            Gradient evaluations: 263
 > Refinement Energy: 133.61
Stage 3: Natural Relaxation (SLSQP, statevector)...
Optimization terminated successfully    (Exit mode 0)
            Current function value: 9.813003539597165
            Iterations: 180
            Function evaluations: 9761
            Gradient evaluations: 180
 > Relaxation Energy: 9.81

[EXTRACTION] Mode: sampler → backend='aer_simulator', shots=4096
  Submitting 3 circuits (Z / X / Y bases)...
  Done. Angles extracted from measurement statistics.

[RESULT] Final energy: 9.8130
[SAVED] outputs/reps_Brickwork_entanglement/slurm_YYDPETGTWY_amber/replica_660/replica_660_landscape.png
[REPLICA 660] RMSD: 5.559 Å
[REPLICA 660] Done!
  Energy     : 9.8130
  RMSD       : 5.559 Å
  Runtime    : 289.1s
  Saved to   : outputs/reps_Brickwork_entanglement/slurm_YYDPETGTWY_amber/replica_660/replica_660_result.json
============================================
End time     : Wed Apr 22 18:06:18 EDT 2026
Exit code    : 0
============================================
