============================================
Job ID       : 5494590
Array Task   : 142
Replica ID   : 142
Node         : lri026
Start time   : Mon Apr 27 11:29:38 EDT 2026
============================================
[REPLICA 142] Starting...
  Sequence     : YYDPETGTWY
  Forcefield   : amber
  Backend      : aer
  Max iter     : 2000
  Skip Stage 2 : False
--- INITIALIZING QUANTUM BIOPHYSICS FOLDER (HARDWARE) ---
--- FORCE FIELD: AMBER ---
[REPLICA 142] Ground truth loaded — 10 CA atoms
--- SCOUTING: Checking 50 starting points ---
 > Deterministic Seed: 313296909 (Derived from Sequence)
 > Best Start Found: Energy 330.19
[REPLICA 142] Init strategy: random, seed: 313296909
============================================
End time     : Mon Apr 27 11:29:40 EDT 2026
Exit code    : 0
============================================
