============================================
Job ID       : 5494460
Array Task   : 12
Replica ID   : 12
Node         : lri065
Start time   : Mon Apr 27 11:29:22 EDT 2026
============================================
[REPLICA 12] Starting...
  Sequence     : YYDPETGTWY
  Forcefield   : amber
  Backend      : aer
  Max iter     : 2000
  Skip Stage 2 : False
--- INITIALIZING QUANTUM BIOPHYSICS FOLDER (HARDWARE) ---
--- FORCE FIELD: AMBER ---
[REPLICA 12] Ground truth loaded — 10 CA atoms
--- SCOUTING: Checking 50 starting points ---
 > Deterministic Seed: 313296779 (Derived from Sequence)
 > Best Start Found: Energy 397.28
[REPLICA 12] Init strategy: random, seed: 313296779
============================================
End time     : Mon Apr 27 11:29:29 EDT 2026
Exit code    : 0
============================================
