============================================
Job ID       : 5439036
Array Task   : 373
Replica ID   : 373
Node         : lri015
Start time   : Fri Apr 17 08:28:31 EDT 2026
============================================
[REPLICA 373] Starting...
  Sequence   : YYDPETGTWY
  Forcefield : amber
  Backend    : aer
  Max iter   : 2000
--- INITIALIZING QUANTUM BIOPHYSICS FOLDER (HARDWARE) ---
--- FORCE FIELD: AMBER ---
--- SCOUTING: Checking 50 starting points ---
 > Deterministic Seed: 313297140 (Derived from Sequence)
 > Best Start Found: Energy 449.44
[REPLICA 373] Init strategy: random, seed: 313297140
--- STARTING QUANTUM FOLDING (HYBRID PIPELINE) ---
Stage 1: Mechanical Collapse (COBYLA, statevector)...
 > Collapse Energy: 829.91
Stage 2: Physics Refinement (SLSQP, statevector)...
Optimization terminated successfully    (Exit mode 0)
            Current function value: 15.761167254234111
            Iterations: 181
            Function evaluations: 9807
            Gradient evaluations: 181
 > Refinement Energy: 15.76
Stage 3: Natural Relaxation (SLSQP, statevector)...
Optimization terminated successfully    (Exit mode 0)
            Current function value: 62.38381401841315
            Iterations: 130
            Function evaluations: 7189
            Gradient evaluations: 130
 > Relaxation Energy: 62.38

[EXTRACTION] Mode: sampler → backend='aer_simulator', shots=4096
  Submitting 3 circuits (Z / X / Y bases)...
  Done. Angles extracted from measurement statistics.

[RESULT] Final energy: 62.3838
[REPLICA 373] RMSD: 6.467 Å
[REPLICA 373] Done!
  Energy     : 62.3838
  RMSD       : 6.467 Å
  Runtime    : 224.4s
  Saved to   : outputs/reps_Brickwork_entanglement/slurm_YYDPETGTWY_amber/replica_373/replica_373_result.json
============================================
End time     : Fri Apr 17 08:32:17 EDT 2026
Exit code    : 0
============================================
