============================================
Job ID       : 5496000
Array Task   : 152
Replica ID   : 152
Node         : lri034
Start time   : Mon Apr 27 13:47:15 EDT 2026
============================================
[REPLICA 152] Starting...
  Sequence     : YYDPETGTWY
  Forcefield   : amber
  Backend      : aer
  Max iter     : 2000
  Skip Stage 2 : True
--- INITIALIZING QUANTUM BIOPHYSICS FOLDER (HARDWARE) ---
--- FORCE FIELD: AMBER ---
[REPLICA 152] Ground truth loaded — 10 CA atoms
--- SCOUTING: Checking 50 starting points ---
 > Deterministic Seed: 313296919 (Derived from Sequence)
 > Best Start Found: Energy 297.60
[REPLICA 152] Init strategy: random, seed: 313296919
============================================
End time     : Mon Apr 27 13:47:17 EDT 2026
Exit code    : 0
============================================
