============================================
Job ID       : 5496458
Array Task   : 185
Replica ID   : 185
Node         : lri036
Start time   : Mon Apr 27 14:18:56 EDT 2026
============================================
[REPLICA 185] Starting...
  Sequence     : YYDPETGTWY
  Forcefield   : amber
  Backend      : aer
  Max iter     : 2000
  Skip Stage 2 : True
--- INITIALIZING QUANTUM BIOPHYSICS FOLDER (HARDWARE) ---
--- FORCE FIELD: AMBER ---
[REPLICA 185] Ground truth loaded — 10 CA atoms
--- SCOUTING: Checking 50 starting points ---
 > Deterministic Seed: 313296952 (Derived from Sequence)
 > Best Start Found: Energy 362.02
[REPLICA 185] Init strategy: random, seed: 313296952
--- STARTING QUANTUM FOLDING (HYBRID PIPELINE) ---
Stage 1: Mechanical Collapse (COBYLA, statevector)...
 > Collapse Energy : 616.28
 > Stage 1 RMSD    : 3.6774 Å
Stage 2: SKIPPED
Stage 3: Natural Relaxation (SLSQP, statevector)...
Optimization terminated successfully    (Exit mode 0)
            Current function value: 72.17392666106159
            Iterations: 156
            Function evaluations: 8540
            Gradient evaluations: 156
 > Relaxation Energy : 72.17
 > Stage 3 RMSD      : 2.9967 Å

── RMSD Progress ──────────────────────────
  Stage 1 : 3.6774 Å
  Stage 2 : skipped
  Stage 3 : 2.9967 Å  ↓ better
──────────────────────────────────────────

[EXTRACTION] Mode: sampler → backend='aer_simulator', shots=4096
  Submitting 3 circuits (Z / X / Y bases)...
  Done. Angles extracted from measurement statistics.

[RESULT] Final energy: 72.1739
[REPLICA 185] Tracker saved → outputs/Skip1/slurm_YYDPETGTWY_amber/replica_185/replica_185_tracker.json
[SAVED] outputs/Skip1/slurm_YYDPETGTWY_amber/replica_185/replica_185_landscape.png
[REPLICA 185] Final RMSD: 5.784 Å

[REPLICA 185] ✓ Done!
  Energy       : 72.1739
  RMSD final   : 5.784 Å
  RMSD stage1  : 3.677 Å
  RMSD stage2  : skipped
  RMSD stage3  : 2.997 Å
  Runtime      : 115.6s
  Saved to     : outputs/Skip1/slurm_YYDPETGTWY_amber/replica_185/replica_185_result.json
============================================
End time     : Mon Apr 27 14:20:53 EDT 2026
Exit code    : 0
============================================
