============================================
Job ID       : 5422944
Array Task   : 78
Replica ID   : 78
Node         : lri018
Start time   : Tue Apr 14 14:23:49 EDT 2026
============================================
[REPLICA 78] Starting...
  Sequence   : YYDPETGTWY
  Forcefield : amber
  Backend    : aer
  Max iter   : 2000
--- INITIALIZING QUANTUM BIOPHYSICS FOLDER (HARDWARE) ---
--- FORCE FIELD: AMBER ---
--- SCOUTING: Checking 50 starting points ---
 > Deterministic Seed: 313296845 (Derived from Sequence)
 > Best Start Found: Energy 375.53
[REPLICA 78] Init strategy: random, seed: 313296845
--- STARTING QUANTUM FOLDING (HYBRID PIPELINE) ---
Stage 1: Mechanical Collapse (COBYLA, statevector)...
 > Collapse Energy: 287.11
Stage 2: Physics Refinement (SLSQP, statevector)...
Optimization terminated successfully    (Exit mode 0)
            Current function value: 20.186410799049693
            Iterations: 240
            Function evaluations: 27786
            Gradient evaluations: 240
 > Refinement Energy: 20.19
Stage 3: Natural Relaxation (SLSQP, statevector)...
Optimization terminated successfully    (Exit mode 0)
            Current function value: -118.78348944437211
            Iterations: 316
            Function evaluations: 36325
            Gradient evaluations: 316
 > Relaxation Energy: -118.78

[EXTRACTION] Mode: sampler → backend='aer_simulator', shots=4096
  Submitting 3 circuits (Z / X / Y bases)...
  Done. Angles extracted from measurement statistics.

[RESULT] Final energy: -118.7835
[REPLICA 78] RMSD: 4.702 Å
[REPLICA 78] Done!
  Energy     : -118.7835
  RMSD       : 4.702 Å
  Runtime    : 1231.6s
  Saved to   : outputs/probability_vectors/slurm_YYDPETGTWY_amber/replica_78/replica_78_result.json
============================================
End time     : Tue Apr 14 14:44:25 EDT 2026
Exit code    : 0
============================================
