============================================
Job ID       : 5428148
Array Task   : 514
Replica ID   : 514
Node         : lri016
Start time   : Wed Apr 15 19:55:16 EDT 2026
============================================
[REPLICA 514] Starting...
  Sequence   : YYDPETGTWY
  Forcefield : amber
  Backend    : aer
  Max iter   : 2000
--- INITIALIZING QUANTUM BIOPHYSICS FOLDER (HARDWARE) ---
--- FORCE FIELD: AMBER ---
--- SCOUTING: Checking 50 starting points ---
 > Deterministic Seed: 313297281 (Derived from Sequence)
 > Best Start Found: Energy 473.08
[REPLICA 514] Init strategy: random, seed: 313297281
--- STARTING QUANTUM FOLDING (HYBRID PIPELINE) ---
Stage 1: Mechanical Collapse (COBYLA, statevector)...
 > Collapse Energy: 584.31
Stage 2: Physics Refinement (SLSQP, statevector)...
Optimization terminated successfully    (Exit mode 0)
            Current function value: -11.32992454038363
            Iterations: 244
            Function evaluations: 13005
            Gradient evaluations: 244
 > Refinement Energy: -11.33
Stage 3: Natural Relaxation (SLSQP, statevector)...
Optimization terminated successfully    (Exit mode 0)
            Current function value: -50.11674009009699
            Iterations: 237
            Function evaluations: 12610
            Gradient evaluations: 237
 > Relaxation Energy: -50.12

[EXTRACTION] Mode: sampler → backend='aer_simulator', shots=4096
  Submitting 3 circuits (Z / X / Y bases)...
  Done. Angles extracted from measurement statistics.

[RESULT] Final energy: -50.1167
[REPLICA 514] RMSD: 5.255 Å
[REPLICA 514] Done!
  Energy     : -50.1167
  RMSD       : 5.255 Å
  Runtime    : 334.9s
  Saved to   : outputs/Reps_qubits_d_2/slurm_YYDPETGTWY_amber/replica_514/replica_514_result.json
============================================
End time     : Wed Apr 15 20:00:52 EDT 2026
Exit code    : 0
============================================
