============================================
Job ID       : 5442895
Array Task   : 724
Replica ID   : 724
Node         : lri054
Start time   : Fri Apr 17 17:17:04 EDT 2026
============================================
[REPLICA 724] Starting...
  Sequence   : DAYAQWLKDGGPSSGRPPPS
  Forcefield : amber
  Backend    : aer
  Max iter   : 2000
--- INITIALIZING QUANTUM BIOPHYSICS FOLDER (HARDWARE) ---
--- FORCE FIELD: AMBER ---
--- SCOUTING: Checking 50 starting points ---
 > Deterministic Seed: 2158524109 (Derived from Sequence)
 > Best Start Found: Energy 507.84
[REPLICA 724] Init strategy: random, seed: 2158524109
--- STARTING QUANTUM FOLDING (HYBRID PIPELINE) ---
Stage 1: Mechanical Collapse (COBYLA, statevector)...
 > Collapse Energy: 585.42
Stage 2: Physics Refinement (SLSQP, statevector)...
Optimization terminated successfully    (Exit mode 0)
            Current function value: 1.9896799224785289
            Iterations: 523
            Function evaluations: 39968
            Gradient evaluations: 523
 > Refinement Energy: 1.99
Stage 3: Natural Relaxation (SLSQP, statevector)...
Optimization terminated successfully    (Exit mode 0)
            Current function value: -47.143801771911214
            Iterations: 462
            Function evaluations: 35276
            Gradient evaluations: 462
 > Relaxation Energy: -47.14

[EXTRACTION] Mode: sampler → backend='aer_simulator', shots=4096
  Submitting 3 circuits (Z / X / Y bases)...
  Done. Angles extracted from measurement statistics.

[RESULT] Final energy: -47.1438
[REPLICA 724] RMSD: 7.180 Å
[REPLICA 724] Done!
  Energy     : -47.1438
  RMSD       : 7.180 Å
  Runtime    : 1362.2s
  Saved to   : outputs/reps_Brickwork_entanglement1/slurm_DAYAQWLKDGGPSSGRPPPS_amber/replica_724/replica_724_result.json
============================================
End time     : Fri Apr 17 17:39:47 EDT 2026
Exit code    : 0
============================================
