============================================
Job ID       : 5422945
Array Task   : 79
Replica ID   : 79
Node         : lri018
Start time   : Tue Apr 14 14:23:49 EDT 2026
============================================
[REPLICA 79] Starting...
  Sequence   : YYDPETGTWY
  Forcefield : amber
  Backend    : aer
  Max iter   : 2000
--- INITIALIZING QUANTUM BIOPHYSICS FOLDER (HARDWARE) ---
--- FORCE FIELD: AMBER ---
--- SCOUTING: Checking 50 starting points ---
 > Deterministic Seed: 313296846 (Derived from Sequence)
 > Best Start Found: Energy 427.64
[REPLICA 79] Init strategy: random, seed: 313296846
--- STARTING QUANTUM FOLDING (HYBRID PIPELINE) ---
Stage 1: Mechanical Collapse (COBYLA, statevector)...
 > Collapse Energy: 202.21
Stage 2: Physics Refinement (SLSQP, statevector)...
Optimization terminated successfully    (Exit mode 0)
            Current function value: 4.986550443915964
            Iterations: 316
            Function evaluations: 36611
            Gradient evaluations: 316
 > Refinement Energy: 4.99
Stage 3: Natural Relaxation (SLSQP, statevector)...
Optimization terminated successfully    (Exit mode 0)
            Current function value: -23.586296353616053
            Iterations: 297
            Function evaluations: 34205
            Gradient evaluations: 297
 > Relaxation Energy: -23.59

[EXTRACTION] Mode: sampler → backend='aer_simulator', shots=4096
  Submitting 3 circuits (Z / X / Y bases)...
  Done. Angles extracted from measurement statistics.

[RESULT] Final energy: -23.5863
[REPLICA 79] RMSD: 4.530 Å
[REPLICA 79] Done!
  Energy     : -23.5863
  RMSD       : 4.530 Å
  Runtime    : 1318.3s
  Saved to   : outputs/probability_vectors/slurm_YYDPETGTWY_amber/replica_79/replica_79_result.json
============================================
End time     : Tue Apr 14 14:45:51 EDT 2026
Exit code    : 0
============================================
