============================================
Job ID       : 5439842
Array Task   : 4
Replica ID   : 4
Node         : lri015
Start time   : Fri Apr 17 10:34:38 EDT 2026
============================================
[REPLICA 4] Starting...
  Sequence   : DAYAQWLKDGGPSSGRPPPS
  Forcefield : amber
  Backend    : aer
  Max iter   : 2000
--- INITIALIZING QUANTUM BIOPHYSICS FOLDER (HARDWARE) ---
--- FORCE FIELD: AMBER ---
--- SCOUTING: Checking 50 starting points ---
 > Deterministic Seed: 2158523389 (Derived from Sequence)
 > Best Start Found: Energy 525.16
[REPLICA 4] Init strategy: random, seed: 2158523389
--- STARTING QUANTUM FOLDING (HYBRID PIPELINE) ---
Stage 1: Mechanical Collapse (COBYLA, statevector)...
 > Collapse Energy: 480.61
Stage 2: Physics Refinement (SLSQP, statevector)...
Optimization terminated successfully    (Exit mode 0)
            Current function value: 11.322663958411136
            Iterations: 316
            Function evaluations: 24559
            Gradient evaluations: 316
 > Refinement Energy: 11.32
Stage 3: Natural Relaxation (SLSQP, statevector)...
Optimization terminated successfully    (Exit mode 0)
            Current function value: 925.8775759296149
            Iterations: 195
            Function evaluations: 15992
            Gradient evaluations: 195
 > Relaxation Energy: 925.88

[EXTRACTION] Mode: sampler → backend='aer_simulator', shots=4096
  Submitting 3 circuits (Z / X / Y bases)...
  Done. Angles extracted from measurement statistics.

[RESULT] Final energy: 925.8776
[REPLICA 4] RMSD: 6.803 Å
[REPLICA 4] Done!
  Energy     : 925.8776
  RMSD       : 6.803 Å
  Runtime    : 784.1s
  Saved to   : outputs/reps_Brickwork_entanglement1/slurm_DAYAQWLKDGGPSSGRPPPS_amber/replica_4/replica_4_result.json
============================================
End time     : Fri Apr 17 10:47:43 EDT 2026
Exit code    : 0
============================================
