============================================
Job ID       : 5494617
Array Task   : 169
Replica ID   : 169
Node         : lri066
Start time   : Mon Apr 27 11:29:41 EDT 2026
============================================
[REPLICA 169] Starting...
  Sequence     : YYDPETGTWY
  Forcefield   : amber
  Backend      : aer
  Max iter     : 2000
  Skip Stage 2 : False
--- INITIALIZING QUANTUM BIOPHYSICS FOLDER (HARDWARE) ---
--- FORCE FIELD: AMBER ---
[REPLICA 169] Ground truth loaded — 10 CA atoms
--- SCOUTING: Checking 50 starting points ---
 > Deterministic Seed: 313296936 (Derived from Sequence)
 > Best Start Found: Energy 291.94
[REPLICA 169] Init strategy: random, seed: 313296936
============================================
End time     : Mon Apr 27 11:29:42 EDT 2026
Exit code    : 0
============================================
