============================================
Job ID       : 5495997
Array Task   : 149
Replica ID   : 149
Node         : lri034
Start time   : Mon Apr 27 13:47:15 EDT 2026
============================================
[REPLICA 149] Starting...
  Sequence     : YYDPETGTWY
  Forcefield   : amber
  Backend      : aer
  Max iter     : 2000
  Skip Stage 2 : True
--- INITIALIZING QUANTUM BIOPHYSICS FOLDER (HARDWARE) ---
--- FORCE FIELD: AMBER ---
[REPLICA 149] Ground truth loaded — 10 CA atoms
--- SCOUTING: Checking 50 starting points ---
 > Deterministic Seed: 313296916 (Derived from Sequence)
 > Best Start Found: Energy 443.94
[REPLICA 149] Init strategy: random, seed: 313296916
============================================
End time     : Mon Apr 27 13:47:17 EDT 2026
Exit code    : 0
============================================
