============================================
Job ID       : 5425715
Array Task   : 230
Replica ID   : 230
Node         : lri016
Start time   : Wed Apr 15 13:32:53 EDT 2026
============================================
[REPLICA 230] Starting...
  Sequence   : YYDPETGTWY
  Forcefield : amber
  Backend    : aer
  Max iter   : 2000
--- INITIALIZING QUANTUM BIOPHYSICS FOLDER (HARDWARE) ---
--- FORCE FIELD: AMBER ---
--- SCOUTING: Checking 50 starting points ---
 > Deterministic Seed: 313296997 (Derived from Sequence)
 > Best Start Found: Energy 449.56
[REPLICA 230] Init strategy: random, seed: 313296997
--- STARTING QUANTUM FOLDING (HYBRID PIPELINE) ---
Stage 1: Mechanical Collapse (COBYLA, statevector)...
 > Collapse Energy: 213.56
Stage 2: Physics Refinement (SLSQP, statevector)...
Optimization terminated successfully    (Exit mode 0)
            Current function value: 47.99115906903081
            Iterations: 175
            Function evaluations: 9570
            Gradient evaluations: 175
 > Refinement Energy: 47.99
Stage 3: Natural Relaxation (SLSQP, statevector)...
Optimization terminated successfully    (Exit mode 0)
            Current function value: -12.850616017155984
            Iterations: 147
            Function evaluations: 8000
            Gradient evaluations: 147
 > Relaxation Energy: -12.85

[EXTRACTION] Mode: sampler → backend='aer_simulator', shots=4096
  Submitting 3 circuits (Z / X / Y bases)...
  Done. Angles extracted from measurement statistics.

[RESULT] Final energy: -12.8506
[REPLICA 230] RMSD: 6.324 Å
[REPLICA 230] Done!
  Energy     : -12.8506
  RMSD       : 6.324 Å
  Runtime    : 229.6s
  Saved to   : outputs/linear_entanglement_1_rep/slurm_YYDPETGTWY_amber/replica_230/replica_230_result.json
============================================
End time     : Wed Apr 15 13:36:43 EDT 2026
Exit code    : 0
============================================
