============================================
Job ID       : 5425501
Array Task   : 37
Replica ID   : 37
Node         : lri054
Start time   : Wed Apr 15 12:38:47 EDT 2026
============================================
[REPLICA 37] Starting...
  Sequence   : YYDPETGTWY
  Forcefield : amber
  Backend    : aer
  Max iter   : 2000
--- INITIALIZING QUANTUM BIOPHYSICS FOLDER (HARDWARE) ---
--- FORCE FIELD: AMBER ---
--- SCOUTING: Checking 50 starting points ---
 > Deterministic Seed: 313296804 (Derived from Sequence)
 > Best Start Found: Energy 402.97
[REPLICA 37] Init strategy: random, seed: 313296804
--- STARTING QUANTUM FOLDING (HYBRID PIPELINE) ---
Stage 1: Mechanical Collapse (COBYLA, statevector)...
 > Collapse Energy: 539.03
Stage 2: Physics Refinement (SLSQP, statevector)...
Optimization terminated successfully    (Exit mode 0)
            Current function value: -31.111866376851804
            Iterations: 161
            Function evaluations: 8795
            Gradient evaluations: 161
 > Refinement Energy: -31.11
Stage 3: Natural Relaxation (SLSQP, statevector)...
Optimization terminated successfully    (Exit mode 0)
            Current function value: 13.452922146853666
            Iterations: 196
            Function evaluations: 10500
            Gradient evaluations: 196
 > Relaxation Energy: 13.45

[EXTRACTION] Mode: sampler → backend='aer_simulator', shots=4096
  Submitting 3 circuits (Z / X / Y bases)...
  Done. Angles extracted from measurement statistics.

[RESULT] Final energy: 13.4529
[REPLICA 37] RMSD: 6.445 Å
[REPLICA 37] Done!
  Energy     : 13.4529
  RMSD       : 6.445 Å
  Runtime    : 244.2s
  Saved to   : outputs/linear_entanglement_1_rep/slurm_YYDPETGTWY_amber/replica_37/replica_37_result.json
============================================
End time     : Wed Apr 15 12:42:52 EDT 2026
Exit code    : 0
============================================
