============================================
Job ID       : 5443093
Array Task   : 797
Replica ID   : 797
Node         : lri015
Start time   : Fri Apr 17 17:49:07 EDT 2026
============================================
[REPLICA 797] Starting...
  Sequence   : DAYAQWLKDGGPSSGRPPPS
  Forcefield : amber
  Backend    : aer
  Max iter   : 2000
--- INITIALIZING QUANTUM BIOPHYSICS FOLDER (HARDWARE) ---
--- FORCE FIELD: AMBER ---
--- SCOUTING: Checking 50 starting points ---
 > Deterministic Seed: 2158524182 (Derived from Sequence)
 > Best Start Found: Energy 489.24
[REPLICA 797] Init strategy: random, seed: 2158524182
--- STARTING QUANTUM FOLDING (HYBRID PIPELINE) ---
Stage 1: Mechanical Collapse (COBYLA, statevector)...
 > Collapse Energy: 702.40
Stage 2: Physics Refinement (SLSQP, statevector)...
Optimization terminated successfully    (Exit mode 0)
            Current function value: 1642.1003405505915
            Iterations: 121
            Function evaluations: 9908
            Gradient evaluations: 121
 > Refinement Energy: 1642.10
Stage 3: Natural Relaxation (SLSQP, statevector)...
Optimization terminated successfully    (Exit mode 0)
            Current function value: 683.2458695246364
            Iterations: 106
            Function evaluations: 8568
            Gradient evaluations: 106
 > Relaxation Energy: 683.25

[EXTRACTION] Mode: sampler → backend='aer_simulator', shots=4096
  Submitting 3 circuits (Z / X / Y bases)...
  Done. Angles extracted from measurement statistics.

[RESULT] Final energy: 683.2459
[REPLICA 797] RMSD: 11.689 Å
[REPLICA 797] Done!
  Energy     : 683.2459
  RMSD       : 11.689 Å
  Runtime    : 368.8s
  Saved to   : outputs/reps_Brickwork_entanglement1/slurm_DAYAQWLKDGGPSSGRPPPS_amber/replica_797/replica_797_result.json
============================================
End time     : Fri Apr 17 17:55:17 EDT 2026
Exit code    : 0
============================================
