============================================
Job ID       : 5480897
Array Task   : 243
Replica ID   : 243
Node         : lri024
Start time   : Thu Apr 23 11:52:54 EDT 2026
============================================
[REPLICA 243] Starting...
  Sequence   : YYDPETGTWY
  Forcefield : amber
  Backend    : aer
  Max iter   : 20
--- INITIALIZING QUANTUM BIOPHYSICS FOLDER (HARDWARE) ---
--- FORCE FIELD: AMBER ---
--- SCOUTING: Checking 50 starting points ---
 > Deterministic Seed: 313297010 (Derived from Sequence)
 > Best Start Found: Energy 378.13
[REPLICA 243] Init strategy: random, seed: 313297010
--- STARTING QUANTUM FOLDING (HYBRID PIPELINE) ---
Stage 1: Mechanical Collapse (COBYLA, statevector)...
 > Collapse Energy: 1257.66
Stage 2: Physics Refinement (SLSQP, statevector)...
Iteration limit reached    (Exit mode 9)
            Current function value: 4673.109772272353
            Iterations: 20
            Function evaluations: 1170
            Gradient evaluations: 20
 > Refinement Energy: 4673.11
Stage 3: Natural Relaxation (SLSQP, statevector)...
Iteration limit reached    (Exit mode 9)
            Current function value: 1131.8448696212783
            Iterations: 20
            Function evaluations: 1170
            Gradient evaluations: 20
 > Relaxation Energy: 1131.84

[EXTRACTION] Mode: sampler → backend='aer_simulator', shots=4096
  Submitting 3 circuits (Z / X / Y bases)...
  Done. Angles extracted from measurement statistics.

[RESULT] Final energy: 1131.8449
[REPLICA 243] Tracker saved → outputs/energy_reps_Brickwork_entanglement11/slurm_YYDPETGTWY_amber/replica_243/replica_243_tracker.json
[SAVED] outputs/energy_reps_Brickwork_entanglement11/slurm_YYDPETGTWY_amber/replica_243/replica_243_landscape.png
[REPLICA 243] RMSD: 4.467 Å
[REPLICA 243] Done!
  Energy     : 1131.8449
  RMSD       : 4.467 Å
  Runtime    : 30.0s
  Saved to   : outputs/energy_reps_Brickwork_entanglement11/slurm_YYDPETGTWY_amber/replica_243/replica_243_result.json
============================================
End time     : Thu Apr 23 11:53:26 EDT 2026
Exit code    : 0
============================================
