============================================
Job ID       : 5421195
Array Task   : 259
Replica ID   : 259
Node         : lri018
Start time   : Tue Apr 14 03:29:04 EDT 2026
============================================
[REPLICA 259] Starting...
  Sequence   : YYDPETGTWY
  Forcefield : amber
  Backend    : aer
  Max iter   : 2000
--- INITIALIZING QUANTUM BIOPHYSICS FOLDER (HARDWARE) ---
--- FORCE FIELD: AMBER ---
--- PRIMING CIRCUIT FOR SHEET ---
 > Priming Error: 3.8062
[REPLICA 259] Init strategy: sheet, seed: 313297026
--- STARTING QUANTUM FOLDING (HYBRID PIPELINE) ---
Stage 1: Mechanical Collapse (COBYLA, statevector)...
 > Collapse Energy: 273.67
Stage 2: Physics Refinement (SLSQP, statevector)...
Optimization terminated successfully    (Exit mode 0)
            Current function value: 933.294595660941
            Iterations: 463
            Function evaluations: 54155
            Gradient evaluations: 463
 > Refinement Energy: 933.29
Stage 3: Natural Relaxation (SLSQP, statevector)...
Optimization terminated successfully    (Exit mode 0)
            Current function value: 428.8563880493475
            Iterations: 323
            Function evaluations: 37902
            Gradient evaluations: 323
 > Relaxation Energy: 428.86

[EXTRACTION] Mode: sampler → backend='aer_simulator', shots=4096
  Submitting 3 circuits (Z / X / Y bases)...
  Done. Angles extracted from measurement statistics.

[RESULT] Final energy: 428.8564
[REPLICA 259] RMSD: 5.821 Å
[REPLICA 259] Done!
  Energy     : 428.8564
  RMSD       : 5.821 Å
  Runtime    : 1652.5s
  Saved to   : outputs/slurm_YYDPETGTWY_amber/replica_259/replica_259_result.json
============================================
End time     : Tue Apr 14 03:56:41 EDT 2026
Exit code    : 0
============================================
