============================================
Job ID       : 5429541
Array Task   : 891
Replica ID   : 891
Node         : lri054
Start time   : Wed Apr 15 21:58:48 EDT 2026
============================================
[REPLICA 891] Starting...
  Sequence   : YYDPETGTWY
  Forcefield : amber
  Backend    : aer
  Max iter   : 2000
--- INITIALIZING QUANTUM BIOPHYSICS FOLDER (HARDWARE) ---
--- FORCE FIELD: AMBER ---
--- SCOUTING: Checking 50 starting points ---
 > Deterministic Seed: 313297658 (Derived from Sequence)
 > Best Start Found: Energy 371.07
[REPLICA 891] Init strategy: random, seed: 313297658
--- STARTING QUANTUM FOLDING (HYBRID PIPELINE) ---
Stage 1: Mechanical Collapse (COBYLA, statevector)...
 > Collapse Energy: 391.82
Stage 2: Physics Refinement (SLSQP, statevector)...
Optimization terminated successfully    (Exit mode 0)
            Current function value: 165.0746347817084
            Iterations: 210
            Function evaluations: 11258
            Gradient evaluations: 210
 > Refinement Energy: 165.07
Stage 3: Natural Relaxation (SLSQP, statevector)...
Optimization terminated successfully    (Exit mode 0)
            Current function value: 14.843649295117178
            Iterations: 271
            Function evaluations: 14259
            Gradient evaluations: 271
 > Relaxation Energy: 14.84

[EXTRACTION] Mode: sampler → backend='aer_simulator', shots=4096
  Submitting 3 circuits (Z / X / Y bases)...
  Done. Angles extracted from measurement statistics.

[RESULT] Final energy: 14.8436
[REPLICA 891] RMSD: 6.003 Å
[REPLICA 891] Done!
  Energy     : 14.8436
  RMSD       : 6.003 Å
  Runtime    : 318.2s
  Saved to   : outputs/Reps_qubits_d_2/slurm_YYDPETGTWY_amber/replica_891/replica_891_result.json
============================================
End time     : Wed Apr 15 22:04:08 EDT 2026
Exit code    : 0
============================================
