============================================
Job ID       : 5474864
Array Task   : 690
Replica ID   : 690
Node         : lri005
Start time   : Wed Apr 22 18:01:52 EDT 2026
============================================
[REPLICA 690] Starting...
  Sequence   : YYDPETGTWY
  Forcefield : amber
  Backend    : aer
  Max iter   : 2000
--- INITIALIZING QUANTUM BIOPHYSICS FOLDER (HARDWARE) ---
--- FORCE FIELD: AMBER ---
--- SCOUTING: Checking 50 starting points ---
 > Deterministic Seed: 313297457 (Derived from Sequence)
 > Best Start Found: Energy 361.94
[REPLICA 690] Init strategy: random, seed: 313297457
--- STARTING QUANTUM FOLDING (HYBRID PIPELINE) ---
Stage 1: Mechanical Collapse (COBYLA, statevector)...
 > Collapse Energy: 423.38
Stage 2: Physics Refinement (SLSQP, statevector)...
Optimization terminated successfully    (Exit mode 0)
            Current function value: 29.727476004127634
            Iterations: 141
            Function evaluations: 7796
            Gradient evaluations: 141
 > Refinement Energy: 29.73
Stage 3: Natural Relaxation (SLSQP, statevector)...
Optimization terminated successfully    (Exit mode 0)
            Current function value: -11.556941765060643
            Iterations: 152
            Function evaluations: 8319
            Gradient evaluations: 152
 > Relaxation Energy: -11.56

[EXTRACTION] Mode: sampler → backend='aer_simulator', shots=4096
  Submitting 3 circuits (Z / X / Y bases)...
  Done. Angles extracted from measurement statistics.

[RESULT] Final energy: -11.5569
[SAVED] outputs/reps_Brickwork_entanglement/slurm_YYDPETGTWY_amber/replica_690/replica_690_landscape.png
[REPLICA 690] RMSD: 5.458 Å
[REPLICA 690] Done!
  Energy     : -11.5569
  RMSD       : 5.458 Å
  Runtime    : 200.1s
  Saved to   : outputs/reps_Brickwork_entanglement/slurm_YYDPETGTWY_amber/replica_690/replica_690_result.json
============================================
End time     : Wed Apr 22 18:05:13 EDT 2026
Exit code    : 0
============================================
