============================================
Job ID       : 5443478
Array Task   : 959
Replica ID   : 959
Node         : lri054
Start time   : Fri Apr 17 19:03:14 EDT 2026
============================================
[REPLICA 959] Starting...
  Sequence   : DAYAQWLKDGGPSSGRPPPS
  Forcefield : amber
  Backend    : aer
  Max iter   : 2000
--- INITIALIZING QUANTUM BIOPHYSICS FOLDER (HARDWARE) ---
--- FORCE FIELD: AMBER ---
--- SCOUTING: Checking 50 starting points ---
 > Deterministic Seed: 2158524344 (Derived from Sequence)
 > Best Start Found: Energy 456.19
[REPLICA 959] Init strategy: random, seed: 2158524344
--- STARTING QUANTUM FOLDING (HYBRID PIPELINE) ---
Stage 1: Mechanical Collapse (COBYLA, statevector)...
 > Collapse Energy: 803.60
Stage 2: Physics Refinement (SLSQP, statevector)...
Optimization terminated successfully    (Exit mode 0)
            Current function value: -88.34848078568464
            Iterations: 305
            Function evaluations: 23717
            Gradient evaluations: 305
 > Refinement Energy: -88.35
Stage 3: Natural Relaxation (SLSQP, statevector)...
Optimization terminated successfully    (Exit mode 0)
            Current function value: 167.30742947149793
            Iterations: 328
            Function evaluations: 25451
            Gradient evaluations: 328
 > Relaxation Energy: 167.31

[EXTRACTION] Mode: sampler → backend='aer_simulator', shots=4096
  Submitting 3 circuits (Z / X / Y bases)...
  Done. Angles extracted from measurement statistics.

[RESULT] Final energy: 167.3074
[REPLICA 959] RMSD: 9.368 Å
[REPLICA 959] Done!
  Energy     : 167.3074
  RMSD       : 9.368 Å
  Runtime    : 917.3s
  Saved to   : outputs/reps_Brickwork_entanglement1/slurm_DAYAQWLKDGGPSSGRPPPS_amber/replica_959/replica_959_result.json
============================================
End time     : Fri Apr 17 19:18:33 EDT 2026
Exit code    : 0
============================================
