============================================
Job ID       : 5497318
Array Task   : 166
Replica ID   : 166
Node         : lri037
Start time   : Mon Apr 27 14:49:17 EDT 2026
============================================
[REPLICA 166] Starting...
  Sequence     : YYDPETGTWY
  Forcefield   : amber
  Backend      : aer
  Max iter     : 2000
  Skip Stage 2 : False
--- INITIALIZING QUANTUM BIOPHYSICS FOLDER (HARDWARE) ---
--- FORCE FIELD: AMBER ---
[REPLICA 166] Ground truth loaded — 10 CA atoms
--- SCOUTING: Checking 50 starting points ---
 > Deterministic Seed: 313296933 (Derived from Sequence)
 > Best Start Found: Energy 449.42
[REPLICA 166] Init strategy: random, seed: 313296933
--- STARTING QUANTUM FOLDING (HYBRID PIPELINE) ---
Stage 1: Mechanical Collapse (COBYLA, statevector)...
 > Collapse Energy : 253.79
 > Stage 1 RMSD    : 3.6787 Å
Stage 2: Physics Refinement (SLSQP, statevector)...
Optimization terminated successfully    (Exit mode 0)
            Current function value: 83.90021786378082
            Iterations: 237
            Function evaluations: 12776
            Gradient evaluations: 237
 > Refinement Energy : 83.90
 > Stage 2 RMSD      : 3.0397 Å
Stage 3: Natural Relaxation (SLSQP, statevector)...
Optimization terminated successfully    (Exit mode 0)
            Current function value: -2.059311622759874
            Iterations: 174
            Function evaluations: 9385
            Gradient evaluations: 174
 > Relaxation Energy : -2.06
 > Stage 3 RMSD      : 3.7695 Å

── RMSD Progress ──────────────────────────
  Stage 1 : 3.6787 Å
  Stage 2 : 3.0397 Å  ↓ better
  Stage 3 : 3.7695 Å  ↑ worse
──────────────────────────────────────────

[EXTRACTION] Mode: sampler → backend='aer_simulator', shots=4096
  Submitting 3 circuits (Z / X / Y bases)...
  Done. Angles extracted from measurement statistics.

[RESULT] Final energy: -2.0593
[REPLICA 166] Tracker saved → outputs/no_skip/slurm_YYDPETGTWY_amber/replica_166/replica_166_tracker.json
[SAVED] outputs/no_skip/slurm_YYDPETGTWY_amber/replica_166/replica_166_landscape.png
[REPLICA 166] Final RMSD: 6.016 Å

[REPLICA 166] ✓ Done!
  Energy       : -2.0593
  RMSD final   : 6.016 Å
  RMSD stage1  : 3.679 Å
  RMSD stage2  : 3.040 Å
  RMSD stage3  : 3.769 Å
  Runtime      : 271.6s
  Saved to     : outputs/no_skip/slurm_YYDPETGTWY_amber/replica_166/replica_166_result.json
============================================
End time     : Mon Apr 27 14:53:50 EDT 2026
Exit code    : 0
============================================
