============================================
Job ID       : 5427629
Array Task   : 337
Replica ID   : 337
Node         : lri054
Start time   : Wed Apr 15 18:59:13 EDT 2026
============================================
[REPLICA 337] Starting...
  Sequence   : YYDPETGTWY
  Forcefield : amber
  Backend    : aer
  Max iter   : 2000
--- INITIALIZING QUANTUM BIOPHYSICS FOLDER (HARDWARE) ---
--- FORCE FIELD: AMBER ---
--- SCOUTING: Checking 50 starting points ---
 > Deterministic Seed: 313297104 (Derived from Sequence)
 > Best Start Found: Energy 501.76
[REPLICA 337] Init strategy: random, seed: 313297104
--- STARTING QUANTUM FOLDING (HYBRID PIPELINE) ---
Stage 1: Mechanical Collapse (COBYLA, statevector)...
 > Collapse Energy: 230.76
Stage 2: Physics Refinement (SLSQP, statevector)...
Optimization terminated successfully    (Exit mode 0)
            Current function value: 225.8861500425598
            Iterations: 373
            Function evaluations: 19640
            Gradient evaluations: 373
 > Refinement Energy: 225.89
Stage 3: Natural Relaxation (SLSQP, statevector)...
Optimization terminated successfully    (Exit mode 0)
            Current function value: 94.23869348812552
            Iterations: 271
            Function evaluations: 14388
            Gradient evaluations: 271
 > Relaxation Energy: 94.24

[EXTRACTION] Mode: sampler → backend='aer_simulator', shots=4096
  Submitting 3 circuits (Z / X / Y bases)...
  Done. Angles extracted from measurement statistics.

[RESULT] Final energy: 94.2387
[REPLICA 337] RMSD: 5.033 Å
[REPLICA 337] Done!
  Energy     : 94.2387
  RMSD       : 5.033 Å
  Runtime    : 418.9s
  Saved to   : outputs/Reps_qubits_d_2/slurm_YYDPETGTWY_amber/replica_337/replica_337_result.json
============================================
End time     : Wed Apr 15 19:06:13 EDT 2026
Exit code    : 0
============================================
