============================================
Job ID       : 5438959
Array Task   : 304
Replica ID   : 304
Node         : lri013
Start time   : Fri Apr 17 08:14:30 EDT 2026
============================================
[REPLICA 304] Starting...
  Sequence   : YYDPETGTWY
  Forcefield : amber
  Backend    : aer
  Max iter   : 2000
--- INITIALIZING QUANTUM BIOPHYSICS FOLDER (HARDWARE) ---
--- FORCE FIELD: AMBER ---
--- SCOUTING: Checking 50 starting points ---
 > Deterministic Seed: 313297071 (Derived from Sequence)
 > Best Start Found: Energy 451.17
[REPLICA 304] Init strategy: random, seed: 313297071
--- STARTING QUANTUM FOLDING (HYBRID PIPELINE) ---
Stage 1: Mechanical Collapse (COBYLA, statevector)...
 > Collapse Energy: 469.04
Stage 2: Physics Refinement (SLSQP, statevector)...
Optimization terminated successfully    (Exit mode 0)
            Current function value: 254.15314887864122
            Iterations: 314
            Function evaluations: 16444
            Gradient evaluations: 314
 > Refinement Energy: 254.15
Stage 3: Natural Relaxation (SLSQP, statevector)...
Optimization terminated successfully    (Exit mode 0)
            Current function value: 30.89206983484169
            Iterations: 276
            Function evaluations: 14627
            Gradient evaluations: 276
 > Relaxation Energy: 30.89

[EXTRACTION] Mode: sampler → backend='aer_simulator', shots=4096
  Submitting 3 circuits (Z / X / Y bases)...
  Done. Angles extracted from measurement statistics.

[RESULT] Final energy: 30.8921
[REPLICA 304] RMSD: 6.609 Å
[REPLICA 304] Done!
  Energy     : 30.8921
  RMSD       : 6.609 Å
  Runtime    : 371.2s
  Saved to   : outputs/reps_Brickwork_entanglement/slurm_YYDPETGTWY_amber/replica_304/replica_304_result.json
============================================
End time     : Fri Apr 17 08:20:42 EDT 2026
Exit code    : 0
============================================
