============================================
Job ID       : 5424872
Array Task   : 784
Replica ID   : 784
Node         : lri025
Start time   : Tue Apr 14 21:54:20 EDT 2026
============================================
[REPLICA 784] Starting...
  Sequence   : YYDPETGTWY
  Forcefield : amber
  Backend    : aer
  Max iter   : 2000
--- INITIALIZING QUANTUM BIOPHYSICS FOLDER (HARDWARE) ---
--- FORCE FIELD: AMBER ---
--- SCOUTING: Checking 50 starting points ---
 > Deterministic Seed: 313297551 (Derived from Sequence)
 > Best Start Found: Energy 195.44
[REPLICA 784] Init strategy: random, seed: 313297551
--- STARTING QUANTUM FOLDING (HYBRID PIPELINE) ---
Stage 1: Mechanical Collapse (COBYLA, statevector)...
 > Collapse Energy: 172.10
Stage 2: Physics Refinement (SLSQP, statevector)...
Optimization terminated successfully    (Exit mode 0)
            Current function value: 224.94502961951258
            Iterations: 353
            Function evaluations: 40546
            Gradient evaluations: 353
 > Refinement Energy: 224.95
Stage 3: Natural Relaxation (SLSQP, statevector)...
Optimization terminated successfully    (Exit mode 0)
            Current function value: -96.17571648239107
            Iterations: 204
            Function evaluations: 23799
            Gradient evaluations: 204
 > Relaxation Energy: -96.18

[EXTRACTION] Mode: sampler → backend='aer_simulator', shots=4096
  Submitting 3 circuits (Z / X / Y bases)...
  Done. Angles extracted from measurement statistics.

[RESULT] Final energy: -96.1757
[REPLICA 784] RMSD: 4.656 Å
[REPLICA 784] Done!
  Energy     : -96.1757
  RMSD       : 4.656 Å
  Runtime    : 1144.0s
  Saved to   : outputs/only_random_strategy/slurm_YYDPETGTWY_amber/replica_784/replica_784_result.json
============================================
End time     : Tue Apr 14 22:13:26 EDT 2026
Exit code    : 0
============================================
