============================================
Job ID       : 5439600
Array Task   : 817
Replica ID   : 817
Node         : lri014
Start time   : Fri Apr 17 09:52:35 EDT 2026
============================================
[REPLICA 817] Starting...
  Sequence   : YYDPETGTWY
  Forcefield : amber
  Backend    : aer
  Max iter   : 2000
--- INITIALIZING QUANTUM BIOPHYSICS FOLDER (HARDWARE) ---
--- FORCE FIELD: AMBER ---
--- SCOUTING: Checking 50 starting points ---
 > Deterministic Seed: 313297584 (Derived from Sequence)
 > Best Start Found: Energy 258.47
[REPLICA 817] Init strategy: random, seed: 313297584
--- STARTING QUANTUM FOLDING (HYBRID PIPELINE) ---
Stage 1: Mechanical Collapse (COBYLA, statevector)...
 > Collapse Energy: 320.98
Stage 2: Physics Refinement (SLSQP, statevector)...
Optimization terminated successfully    (Exit mode 0)
            Current function value: 138.25556302626924
            Iterations: 269
            Function evaluations: 14261
            Gradient evaluations: 269
 > Refinement Energy: 138.26
Stage 3: Natural Relaxation (SLSQP, statevector)...
Optimization terminated successfully    (Exit mode 0)
            Current function value: -25.07490039834869
            Iterations: 172
            Function evaluations: 9294
            Gradient evaluations: 172
 > Relaxation Energy: -25.07

[EXTRACTION] Mode: sampler → backend='aer_simulator', shots=4096
  Submitting 3 circuits (Z / X / Y bases)...
  Done. Angles extracted from measurement statistics.

[RESULT] Final energy: -25.0749
[REPLICA 817] RMSD: 7.106 Å
[REPLICA 817] Done!
  Energy     : -25.0749
  RMSD       : 7.106 Å
  Runtime    : 277.3s
  Saved to   : outputs/reps_Brickwork_entanglement/slurm_YYDPETGTWY_amber/replica_817/replica_817_result.json
============================================
End time     : Fri Apr 17 09:57:13 EDT 2026
Exit code    : 0
============================================
