============================================
Job ID       : 5480982
Array Task   : 327
Replica ID   : 327
Node         : lri055
Start time   : Thu Apr 23 11:53:41 EDT 2026
============================================
[REPLICA 327] Starting...
  Sequence   : YYDPETGTWY
  Forcefield : amber
  Backend    : aer
  Max iter   : 20
--- INITIALIZING QUANTUM BIOPHYSICS FOLDER (HARDWARE) ---
--- FORCE FIELD: AMBER ---
--- SCOUTING: Checking 50 starting points ---
 > Deterministic Seed: 313297094 (Derived from Sequence)
 > Best Start Found: Energy 438.35
[REPLICA 327] Init strategy: random, seed: 313297094
--- STARTING QUANTUM FOLDING (HYBRID PIPELINE) ---
Stage 1: Mechanical Collapse (COBYLA, statevector)...
 > Collapse Energy: 913.91
Stage 2: Physics Refinement (SLSQP, statevector)...
Iteration limit reached    (Exit mode 9)
            Current function value: 11270.084216356987
            Iterations: 20
            Function evaluations: 1170
            Gradient evaluations: 20
 > Refinement Energy: 11270.08
Stage 3: Natural Relaxation (SLSQP, statevector)...
Iteration limit reached    (Exit mode 9)
            Current function value: 859.9434908651176
            Iterations: 20
            Function evaluations: 1170
            Gradient evaluations: 20
 > Relaxation Energy: 859.94

[EXTRACTION] Mode: sampler → backend='aer_simulator', shots=4096
  Submitting 3 circuits (Z / X / Y bases)...
  Done. Angles extracted from measurement statistics.

[RESULT] Final energy: 859.9435
[REPLICA 327] Tracker saved → outputs/energy_reps_Brickwork_entanglement11/slurm_YYDPETGTWY_amber/replica_327/replica_327_tracker.json
[SAVED] outputs/energy_reps_Brickwork_entanglement11/slurm_YYDPETGTWY_amber/replica_327/replica_327_landscape.png
[REPLICA 327] RMSD: 4.705 Å
[REPLICA 327] Done!
  Energy     : 859.9435
  RMSD       : 4.705 Å
  Runtime    : 29.8s
  Saved to   : outputs/energy_reps_Brickwork_entanglement11/slurm_YYDPETGTWY_amber/replica_327/replica_327_result.json
============================================
End time     : Thu Apr 23 11:54:12 EDT 2026
Exit code    : 0
============================================
