============================================
Job ID       : 5480989
Array Task   : 334
Replica ID   : 334
Node         : lri066
Start time   : Thu Apr 23 11:53:44 EDT 2026
============================================
[REPLICA 334] Starting...
  Sequence   : YYDPETGTWY
  Forcefield : amber
  Backend    : aer
  Max iter   : 20
--- INITIALIZING QUANTUM BIOPHYSICS FOLDER (HARDWARE) ---
--- FORCE FIELD: AMBER ---
--- SCOUTING: Checking 50 starting points ---
 > Deterministic Seed: 313297101 (Derived from Sequence)
 > Best Start Found: Energy 267.92
[REPLICA 334] Init strategy: random, seed: 313297101
--- STARTING QUANTUM FOLDING (HYBRID PIPELINE) ---
Stage 1: Mechanical Collapse (COBYLA, statevector)...
 > Collapse Energy: 1362.71
Stage 2: Physics Refinement (SLSQP, statevector)...
Iteration limit reached    (Exit mode 9)
            Current function value: 13605.95582830743
            Iterations: 20
            Function evaluations: 1170
            Gradient evaluations: 20
 > Refinement Energy: 13605.96
Stage 3: Natural Relaxation (SLSQP, statevector)...
Iteration limit reached    (Exit mode 9)
            Current function value: 1719.946133142134
            Iterations: 20
            Function evaluations: 1170
            Gradient evaluations: 20
 > Relaxation Energy: 1719.95

[EXTRACTION] Mode: sampler → backend='aer_simulator', shots=4096
  Submitting 3 circuits (Z / X / Y bases)...
  Done. Angles extracted from measurement statistics.

[RESULT] Final energy: 1719.9461
[REPLICA 334] Tracker saved → outputs/energy_reps_Brickwork_entanglement11/slurm_YYDPETGTWY_amber/replica_334/replica_334_tracker.json
[SAVED] outputs/energy_reps_Brickwork_entanglement11/slurm_YYDPETGTWY_amber/replica_334/replica_334_landscape.png
[REPLICA 334] RMSD: 6.937 Å
[REPLICA 334] Done!
  Energy     : 1719.9461
  RMSD       : 6.937 Å
  Runtime    : 32.0s
  Saved to   : outputs/energy_reps_Brickwork_entanglement11/slurm_YYDPETGTWY_amber/replica_334/replica_334_result.json
============================================
End time     : Thu Apr 23 11:54:17 EDT 2026
Exit code    : 0
============================================
