============================================
Job ID       : 5426693
Array Task   : 652
Replica ID   : 652
Node         : lri054
Start time   : Wed Apr 15 15:28:59 EDT 2026
============================================
[REPLICA 652] Starting...
  Sequence   : YYDPETGTWY
  Forcefield : amber
  Backend    : aer
  Max iter   : 2000
--- INITIALIZING QUANTUM BIOPHYSICS FOLDER (HARDWARE) ---
--- FORCE FIELD: AMBER ---
--- SCOUTING: Checking 50 starting points ---
 > Deterministic Seed: 313297419 (Derived from Sequence)
 > Best Start Found: Energy 415.35
[REPLICA 652] Init strategy: random, seed: 313297419
--- STARTING QUANTUM FOLDING (HYBRID PIPELINE) ---
Stage 1: Mechanical Collapse (COBYLA, statevector)...
 > Collapse Energy: 399.35
Stage 2: Physics Refinement (SLSQP, statevector)...
Optimization terminated successfully    (Exit mode 0)
            Current function value: 476.4594880768718
            Iterations: 161
            Function evaluations: 8746
            Gradient evaluations: 161
 > Refinement Energy: 476.46
Stage 3: Natural Relaxation (SLSQP, statevector)...
Optimization terminated successfully    (Exit mode 0)
            Current function value: -15.06575253580607
            Iterations: 166
            Function evaluations: 9075
            Gradient evaluations: 166
 > Relaxation Energy: -15.07

[EXTRACTION] Mode: sampler → backend='aer_simulator', shots=4096
  Submitting 3 circuits (Z / X / Y bases)...
  Done. Angles extracted from measurement statistics.

[RESULT] Final energy: -15.0658
[REPLICA 652] RMSD: 5.218 Å
[REPLICA 652] Done!
  Energy     : -15.0658
  RMSD       : 5.218 Å
  Runtime    : 229.6s
  Saved to   : outputs/linear_entanglement_1_rep/slurm_YYDPETGTWY_amber/replica_652/replica_652_result.json
============================================
End time     : Wed Apr 15 15:32:50 EDT 2026
Exit code    : 0
============================================
