============================================
Job ID       : 5475256
Array Task   : 71
Replica ID   : 71
Node         : lri020
Start time   : Wed Apr 22 18:07:04 EDT 2026
============================================
[REPLICA 71] Starting...
  Sequence   : YYDPETGTWY
  Forcefield : amber
  Backend    : aer
  Max iter   : 2000
--- INITIALIZING QUANTUM BIOPHYSICS FOLDER (HARDWARE) ---
--- FORCE FIELD: AMBER ---
--- SCOUTING: Checking 50 starting points ---
 > Deterministic Seed: 313296838 (Derived from Sequence)
 > Best Start Found: Energy 349.05
[REPLICA 71] Init strategy: random, seed: 313296838
--- STARTING QUANTUM FOLDING (HYBRID PIPELINE) ---
Stage 1: Mechanical Collapse (COBYLA, statevector)...
 > Collapse Energy: 548.60
Stage 2: Physics Refinement (SLSQP, statevector)...
Optimization terminated successfully    (Exit mode 0)
            Current function value: 2802.168741368445
            Iterations: 230
            Function evaluations: 13218
            Gradient evaluations: 230
 > Refinement Energy: 2802.17
Stage 3: Natural Relaxation (SLSQP, statevector)...
Optimization terminated successfully    (Exit mode 0)
            Current function value: 464.43349717720866
            Iterations: 116
            Function evaluations: 6671
            Gradient evaluations: 116
 > Relaxation Energy: 464.43

[EXTRACTION] Mode: sampler → backend='aer_simulator', shots=4096
  Submitting 3 circuits (Z / X / Y bases)...
  Done. Angles extracted from measurement statistics.

[RESULT] Final energy: 464.4335
[SAVED] outputs/reps_Brickwork_entanglement/slurm_YYDPETGTWY_amber/replica_71/replica_71_landscape.png
[REPLICA 71] RMSD: 5.390 Å
[REPLICA 71] Done!
  Energy     : 464.4335
  RMSD       : 5.390 Å
  Runtime    : 246.8s
  Saved to   : outputs/reps_Brickwork_entanglement/slurm_YYDPETGTWY_amber/replica_71/replica_71_result.json
============================================
End time     : Wed Apr 22 18:11:12 EDT 2026
Exit code    : 0
============================================
