============================================
Job ID       : 5474929
Array Task   : 754
Replica ID   : 754
Node         : lri067
Start time   : Wed Apr 22 18:03:16 EDT 2026
============================================
[REPLICA 754] Starting...
  Sequence   : YYDPETGTWY
  Forcefield : amber
  Backend    : aer
  Max iter   : 2000
--- INITIALIZING QUANTUM BIOPHYSICS FOLDER (HARDWARE) ---
--- FORCE FIELD: AMBER ---
--- SCOUTING: Checking 50 starting points ---
 > Deterministic Seed: 313297521 (Derived from Sequence)
 > Best Start Found: Energy 314.44
[REPLICA 754] Init strategy: random, seed: 313297521
--- STARTING QUANTUM FOLDING (HYBRID PIPELINE) ---
Stage 1: Mechanical Collapse (COBYLA, statevector)...
 > Collapse Energy: 370.34
Stage 2: Physics Refinement (SLSQP, statevector)...
Optimization terminated successfully    (Exit mode 0)
            Current function value: 137.69374709549726
            Iterations: 200
            Function evaluations: 10708
            Gradient evaluations: 200
 > Refinement Energy: 137.69
Stage 3: Natural Relaxation (SLSQP, statevector)...
Optimization terminated successfully    (Exit mode 0)
            Current function value: -26.796291599857174
            Iterations: 259
            Function evaluations: 13753
            Gradient evaluations: 259
 > Relaxation Energy: -26.80

[EXTRACTION] Mode: sampler → backend='aer_simulator', shots=4096
  Submitting 3 circuits (Z / X / Y bases)...
  Done. Angles extracted from measurement statistics.

[RESULT] Final energy: -26.7963
[SAVED] outputs/reps_Brickwork_entanglement/slurm_YYDPETGTWY_amber/replica_754/replica_754_landscape.png
[REPLICA 754] RMSD: 5.918 Å
[REPLICA 754] Done!
  Energy     : -26.7963
  RMSD       : 5.918 Å
  Runtime    : 294.6s
  Saved to   : outputs/reps_Brickwork_entanglement/slurm_YYDPETGTWY_amber/replica_754/replica_754_result.json
============================================
End time     : Wed Apr 22 18:08:12 EDT 2026
Exit code    : 0
============================================
