============================================
Job ID       : 5480784
Array Task   : 206
Replica ID   : 206
Node         : lri035
Start time   : Thu Apr 23 11:50:54 EDT 2026
============================================
[REPLICA 206] Starting...
  Sequence   : YYDPETGTWY
  Forcefield : amber
  Backend    : aer
  Max iter   : 20
--- INITIALIZING QUANTUM BIOPHYSICS FOLDER (HARDWARE) ---
--- FORCE FIELD: AMBER ---
--- SCOUTING: Checking 50 starting points ---
 > Deterministic Seed: 313296973 (Derived from Sequence)
 > Best Start Found: Energy 336.67
[REPLICA 206] Init strategy: random, seed: 313296973
--- STARTING QUANTUM FOLDING (HYBRID PIPELINE) ---
Stage 1: Mechanical Collapse (COBYLA, statevector)...
 > Collapse Energy: 1250.52
Stage 2: Physics Refinement (SLSQP, statevector)...
Iteration limit reached    (Exit mode 9)
            Current function value: 14707.401297183296
            Iterations: 20
            Function evaluations: 1170
            Gradient evaluations: 20
 > Refinement Energy: 14707.40
Stage 3: Natural Relaxation (SLSQP, statevector)...
Iteration limit reached    (Exit mode 9)
            Current function value: 470.89033363764605
            Iterations: 20
            Function evaluations: 1170
            Gradient evaluations: 20
 > Relaxation Energy: 470.89

[EXTRACTION] Mode: sampler → backend='aer_simulator', shots=4096
  Submitting 3 circuits (Z / X / Y bases)...
  Done. Angles extracted from measurement statistics.

[RESULT] Final energy: 470.8903
[REPLICA 206] Tracker saved → outputs/energy_reps_Brickwork_entanglement11/slurm_YYDPETGTWY_amber/replica_206/replica_206_tracker.json
[SAVED] outputs/energy_reps_Brickwork_entanglement11/slurm_YYDPETGTWY_amber/replica_206/replica_206_landscape.png
[REPLICA 206] RMSD: 6.443 Å
[REPLICA 206] Done!
  Energy     : 470.8903
  RMSD       : 6.443 Å
  Runtime    : 34.2s
  Saved to   : outputs/energy_reps_Brickwork_entanglement11/slurm_YYDPETGTWY_amber/replica_206/replica_206_result.json
============================================
End time     : Thu Apr 23 11:51:29 EDT 2026
Exit code    : 0
============================================
