============================================
Job ID       : 5474478
Array Task   : 327
Replica ID   : 327
Node         : lri065
Start time   : Wed Apr 22 17:54:33 EDT 2026
============================================
[REPLICA 327] Starting...
  Sequence   : YYDPETGTWY
  Forcefield : amber
  Backend    : aer
  Max iter   : 2000
--- INITIALIZING QUANTUM BIOPHYSICS FOLDER (HARDWARE) ---
--- FORCE FIELD: AMBER ---
--- SCOUTING: Checking 50 starting points ---
 > Deterministic Seed: 313297094 (Derived from Sequence)
 > Best Start Found: Energy 438.35
[REPLICA 327] Init strategy: random, seed: 313297094
--- STARTING QUANTUM FOLDING (HYBRID PIPELINE) ---
Stage 1: Mechanical Collapse (COBYLA, statevector)...
 > Collapse Energy: 174.80
Stage 2: Physics Refinement (SLSQP, statevector)...
Optimization terminated successfully    (Exit mode 0)
            Current function value: 97.89982069148152
            Iterations: 114
            Function evaluations: 6422
            Gradient evaluations: 114
 > Refinement Energy: 97.90
Stage 3: Natural Relaxation (SLSQP, statevector)...
Optimization terminated successfully    (Exit mode 0)
            Current function value: 1.619635932858055
            Iterations: 152
            Function evaluations: 8317
            Gradient evaluations: 152
 > Relaxation Energy: 1.62

[EXTRACTION] Mode: sampler → backend='aer_simulator', shots=4096
  Submitting 3 circuits (Z / X / Y bases)...
  Done. Angles extracted from measurement statistics.

[RESULT] Final energy: 1.6196
[SAVED] outputs/reps_Brickwork_entanglement/slurm_YYDPETGTWY_amber/replica_327/replica_327_landscape.png
[REPLICA 327] RMSD: 5.518 Å
[REPLICA 327] Done!
  Energy     : 1.6196
  RMSD       : 5.518 Å
  Runtime    : 187.0s
  Saved to   : outputs/reps_Brickwork_entanglement/slurm_YYDPETGTWY_amber/replica_327/replica_327_result.json
============================================
End time     : Wed Apr 22 17:57:41 EDT 2026
Exit code    : 0
============================================
