============================================
Job ID       : 5425857
Array Task   : 306
Replica ID   : 306
Node         : lri016
Start time   : Wed Apr 15 13:52:54 EDT 2026
============================================
[REPLICA 306] Starting...
  Sequence   : YYDPETGTWY
  Forcefield : amber
  Backend    : aer
  Max iter   : 2000
--- INITIALIZING QUANTUM BIOPHYSICS FOLDER (HARDWARE) ---
--- FORCE FIELD: AMBER ---
--- SCOUTING: Checking 50 starting points ---
 > Deterministic Seed: 313297073 (Derived from Sequence)
 > Best Start Found: Energy 376.80
[REPLICA 306] Init strategy: random, seed: 313297073
--- STARTING QUANTUM FOLDING (HYBRID PIPELINE) ---
Stage 1: Mechanical Collapse (COBYLA, statevector)...
 > Collapse Energy: 432.91
Stage 2: Physics Refinement (SLSQP, statevector)...
Optimization terminated successfully    (Exit mode 0)
            Current function value: 132.23641958453425
            Iterations: 228
            Function evaluations: 12260
            Gradient evaluations: 228
 > Refinement Energy: 132.24
Stage 3: Natural Relaxation (SLSQP, statevector)...
Optimization terminated successfully    (Exit mode 0)
            Current function value: 89.29402262046868
            Iterations: 246
            Function evaluations: 13126
            Gradient evaluations: 246
 > Relaxation Energy: 89.29

[EXTRACTION] Mode: sampler → backend='aer_simulator', shots=4096
  Submitting 3 circuits (Z / X / Y bases)...
  Done. Angles extracted from measurement statistics.

[RESULT] Final energy: 89.2940
[REPLICA 306] RMSD: 5.389 Å
[REPLICA 306] Done!
  Energy     : 89.2940
  RMSD       : 5.389 Å
  Runtime    : 326.0s
  Saved to   : outputs/linear_entanglement_1_rep/slurm_YYDPETGTWY_amber/replica_306/replica_306_result.json
============================================
End time     : Wed Apr 15 13:58:21 EDT 2026
Exit code    : 0
============================================
