============================================
Job ID       : 5496113
Array Task   : 265
Replica ID   : 265
Node         : lri037
Start time   : Mon Apr 27 13:47:17 EDT 2026
============================================
[REPLICA 265] Starting...
  Sequence     : YYDPETGTWY
  Forcefield   : amber
  Backend      : aer
  Max iter     : 2000
  Skip Stage 2 : True
--- INITIALIZING QUANTUM BIOPHYSICS FOLDER (HARDWARE) ---
--- FORCE FIELD: AMBER ---
[REPLICA 265] Ground truth loaded — 10 CA atoms
--- SCOUTING: Checking 50 starting points ---
 > Deterministic Seed: 313297032 (Derived from Sequence)
 > Best Start Found: Energy 407.05
[REPLICA 265] Init strategy: random, seed: 313297032
============================================
End time     : Mon Apr 27 13:47:20 EDT 2026
Exit code    : 0
============================================
