============================================
Job ID       : 5440076
Array Task   : 102
Replica ID   : 102
Node         : lri013
Start time   : Fri Apr 17 11:46:41 EDT 2026
============================================
[REPLICA 102] Starting...
  Sequence   : DAYAQWLKDGGPSSGRPPPS
  Forcefield : amber
  Backend    : aer
  Max iter   : 2000
--- INITIALIZING QUANTUM BIOPHYSICS FOLDER (HARDWARE) ---
--- FORCE FIELD: AMBER ---
--- SCOUTING: Checking 50 starting points ---
 > Deterministic Seed: 2158523487 (Derived from Sequence)
 > Best Start Found: Energy 683.73
[REPLICA 102] Init strategy: random, seed: 2158523487
--- STARTING QUANTUM FOLDING (HYBRID PIPELINE) ---
Stage 1: Mechanical Collapse (COBYLA, statevector)...
 > Collapse Energy: 414.92
Stage 2: Physics Refinement (SLSQP, statevector)...
Optimization terminated successfully    (Exit mode 0)
            Current function value: 132.96035729355086
            Iterations: 492
            Function evaluations: 37597
            Gradient evaluations: 492
 > Refinement Energy: 132.96
Stage 3: Natural Relaxation (SLSQP, statevector)...
Optimization terminated successfully    (Exit mode 0)
            Current function value: -172.6755652094591
            Iterations: 325
            Function evaluations: 25215
            Gradient evaluations: 325
 > Relaxation Energy: -172.68

[EXTRACTION] Mode: sampler → backend='aer_simulator', shots=4096
  Submitting 3 circuits (Z / X / Y bases)...
  Done. Angles extracted from measurement statistics.

[RESULT] Final energy: -172.6756
[REPLICA 102] RMSD: 5.921 Å
[REPLICA 102] Done!
  Energy     : -172.6756
  RMSD       : 5.921 Å
  Runtime    : 1183.2s
  Saved to   : outputs/reps_Brickwork_entanglement1/slurm_DAYAQWLKDGGPSSGRPPPS_amber/replica_102/replica_102_result.json
============================================
End time     : Fri Apr 17 12:06:26 EDT 2026
Exit code    : 0
============================================
