============================================
Job ID       : 5439710
Array Task   : 903
Replica ID   : 903
Node         : lri013
Start time   : Fri Apr 17 10:10:36 EDT 2026
============================================
[REPLICA 903] Starting...
  Sequence   : YYDPETGTWY
  Forcefield : amber
  Backend    : aer
  Max iter   : 2000
--- INITIALIZING QUANTUM BIOPHYSICS FOLDER (HARDWARE) ---
--- FORCE FIELD: AMBER ---
--- SCOUTING: Checking 50 starting points ---
 > Deterministic Seed: 313297670 (Derived from Sequence)
 > Best Start Found: Energy 481.05
[REPLICA 903] Init strategy: random, seed: 313297670
--- STARTING QUANTUM FOLDING (HYBRID PIPELINE) ---
Stage 1: Mechanical Collapse (COBYLA, statevector)...
 > Collapse Energy: 328.01
Stage 2: Physics Refinement (SLSQP, statevector)...
Optimization terminated successfully    (Exit mode 0)
            Current function value: 243.1811780861251
            Iterations: 199
            Function evaluations: 10745
            Gradient evaluations: 199
 > Refinement Energy: 243.18
Stage 3: Natural Relaxation (SLSQP, statevector)...
Optimization terminated successfully    (Exit mode 0)
            Current function value: -37.05545368022591
            Iterations: 293
            Function evaluations: 15547
            Gradient evaluations: 293
 > Relaxation Energy: -37.06

[EXTRACTION] Mode: sampler → backend='aer_simulator', shots=4096
  Submitting 3 circuits (Z / X / Y bases)...
  Done. Angles extracted from measurement statistics.

[RESULT] Final energy: -37.0555
[REPLICA 903] RMSD: 6.173 Å
[REPLICA 903] Done!
  Energy     : -37.0555
  RMSD       : 6.173 Å
  Runtime    : 322.3s
  Saved to   : outputs/reps_Brickwork_entanglement/slurm_YYDPETGTWY_amber/replica_903/replica_903_result.json
============================================
End time     : Fri Apr 17 10:15:59 EDT 2026
Exit code    : 0
============================================
