============================================
Job ID       : 5474924
Array Task   : 749
Replica ID   : 749
Node         : lri003
Start time   : Wed Apr 22 18:03:13 EDT 2026
============================================
[REPLICA 749] Starting...
  Sequence   : YYDPETGTWY
  Forcefield : amber
  Backend    : aer
  Max iter   : 2000
--- INITIALIZING QUANTUM BIOPHYSICS FOLDER (HARDWARE) ---
--- FORCE FIELD: AMBER ---
--- SCOUTING: Checking 50 starting points ---
 > Deterministic Seed: 313297516 (Derived from Sequence)
 > Best Start Found: Energy 370.79
[REPLICA 749] Init strategy: random, seed: 313297516
--- STARTING QUANTUM FOLDING (HYBRID PIPELINE) ---
Stage 1: Mechanical Collapse (COBYLA, statevector)...
 > Collapse Energy: 231.51
Stage 2: Physics Refinement (SLSQP, statevector)...
Optimization terminated successfully    (Exit mode 0)
            Current function value: 223.60651262394782
            Iterations: 364
            Function evaluations: 19148
            Gradient evaluations: 364
 > Refinement Energy: 223.61
Stage 3: Natural Relaxation (SLSQP, statevector)...
Optimization terminated successfully    (Exit mode 0)
            Current function value: 24.006221476910742
            Iterations: 271
            Function evaluations: 14228
            Gradient evaluations: 271
 > Relaxation Energy: 24.01

[EXTRACTION] Mode: sampler → backend='aer_simulator', shots=4096
  Submitting 3 circuits (Z / X / Y bases)...
  Done. Angles extracted from measurement statistics.

[RESULT] Final energy: 24.0062
[SAVED] outputs/reps_Brickwork_entanglement/slurm_YYDPETGTWY_amber/replica_749/replica_749_landscape.png
[REPLICA 749] RMSD: 4.770 Å
[REPLICA 749] Done!
  Energy     : 24.0062
  RMSD       : 4.770 Å
  Runtime    : 401.0s
  Saved to   : outputs/reps_Brickwork_entanglement/slurm_YYDPETGTWY_amber/replica_749/replica_749_result.json
============================================
End time     : Wed Apr 22 18:09:55 EDT 2026
Exit code    : 0
============================================
