============================================
Job ID       : 5495864
Array Task   : 16
Replica ID   : 16
Node         : lri056
Start time   : Mon Apr 27 13:47:10 EDT 2026
============================================
[REPLICA 16] Starting...
  Sequence     : YYDPETGTWY
  Forcefield   : amber
  Backend      : aer
  Max iter     : 2000
  Skip Stage 2 : True
--- INITIALIZING QUANTUM BIOPHYSICS FOLDER (HARDWARE) ---
--- FORCE FIELD: AMBER ---
[REPLICA 16] Ground truth loaded — 10 CA atoms
--- SCOUTING: Checking 50 starting points ---
 > Deterministic Seed: 313296783 (Derived from Sequence)
 > Best Start Found: Energy 405.41
[REPLICA 16] Init strategy: random, seed: 313296783
============================================
End time     : Mon Apr 27 13:47:12 EDT 2026
Exit code    : 0
============================================
