============================================
Job ID       : 5428817
Array Task   : 695
Replica ID   : 695
Node         : lri014
Start time   : Wed Apr 15 20:53:35 EDT 2026
============================================
[REPLICA 695] Starting...
  Sequence   : YYDPETGTWY
  Forcefield : amber
  Backend    : aer
  Max iter   : 2000
--- INITIALIZING QUANTUM BIOPHYSICS FOLDER (HARDWARE) ---
--- FORCE FIELD: AMBER ---
--- SCOUTING: Checking 50 starting points ---
 > Deterministic Seed: 313297462 (Derived from Sequence)
 > Best Start Found: Energy 356.46
[REPLICA 695] Init strategy: random, seed: 313297462
--- STARTING QUANTUM FOLDING (HYBRID PIPELINE) ---
Stage 1: Mechanical Collapse (COBYLA, statevector)...
 > Collapse Energy: 176.07
Stage 2: Physics Refinement (SLSQP, statevector)...
Optimization terminated successfully    (Exit mode 0)
            Current function value: 25.581915499288176
            Iterations: 274
            Function evaluations: 14500
            Gradient evaluations: 274
 > Refinement Energy: 25.58
Stage 3: Natural Relaxation (SLSQP, statevector)...
Optimization terminated successfully    (Exit mode 0)
            Current function value: -18.699306608726143
            Iterations: 236
            Function evaluations: 12609
            Gradient evaluations: 236
 > Relaxation Energy: -18.70

[EXTRACTION] Mode: sampler → backend='aer_simulator', shots=4096
  Submitting 3 circuits (Z / X / Y bases)...
  Done. Angles extracted from measurement statistics.

[RESULT] Final energy: -18.6993
[REPLICA 695] RMSD: 5.403 Å
[REPLICA 695] Done!
  Energy     : -18.6993
  RMSD       : 5.403 Å
  Runtime    : 336.3s
  Saved to   : outputs/Reps_qubits_d_2/slurm_YYDPETGTWY_amber/replica_695/replica_695_result.json
============================================
End time     : Wed Apr 15 20:59:12 EDT 2026
Exit code    : 0
============================================
