============================================
Job ID       : 5481054
Array Task   : 398
Replica ID   : 398
Node         : lri020
Start time   : Thu Apr 23 11:54:06 EDT 2026
============================================
[REPLICA 398] Starting...
  Sequence   : YYDPETGTWY
  Forcefield : amber
  Backend    : aer
  Max iter   : 20
--- INITIALIZING QUANTUM BIOPHYSICS FOLDER (HARDWARE) ---
--- FORCE FIELD: AMBER ---
--- SCOUTING: Checking 50 starting points ---
 > Deterministic Seed: 313297165 (Derived from Sequence)
 > Best Start Found: Energy 399.02
[REPLICA 398] Init strategy: random, seed: 313297165
--- STARTING QUANTUM FOLDING (HYBRID PIPELINE) ---
Stage 1: Mechanical Collapse (COBYLA, statevector)...
 > Collapse Energy: 572.33
Stage 2: Physics Refinement (SLSQP, statevector)...
Iteration limit reached    (Exit mode 9)
            Current function value: 3685.4992278382447
            Iterations: 20
            Function evaluations: 1170
            Gradient evaluations: 20
 > Refinement Energy: 3685.50
Stage 3: Natural Relaxation (SLSQP, statevector)...
Iteration limit reached    (Exit mode 9)
            Current function value: 1017.8713555410113
            Iterations: 20
            Function evaluations: 1169
            Gradient evaluations: 20
 > Relaxation Energy: 1017.87

[EXTRACTION] Mode: sampler → backend='aer_simulator', shots=4096
  Submitting 3 circuits (Z / X / Y bases)...
  Done. Angles extracted from measurement statistics.

[RESULT] Final energy: 1017.8714
[REPLICA 398] Tracker saved → outputs/energy_reps_Brickwork_entanglement11/slurm_YYDPETGTWY_amber/replica_398/replica_398_tracker.json
[SAVED] outputs/energy_reps_Brickwork_entanglement11/slurm_YYDPETGTWY_amber/replica_398/replica_398_landscape.png
[REPLICA 398] RMSD: 6.601 Å
[REPLICA 398] Done!
  Energy     : 1017.8714
  RMSD       : 6.601 Å
  Runtime    : 29.7s
  Saved to   : outputs/energy_reps_Brickwork_entanglement11/slurm_YYDPETGTWY_amber/replica_398/replica_398_result.json
============================================
End time     : Thu Apr 23 11:54:37 EDT 2026
Exit code    : 0
============================================
