============================================
Job ID       : 5475345
Array Task   : 155
Replica ID   : 155
Node         : lri067
Start time   : Wed Apr 22 18:08:13 EDT 2026
============================================
[REPLICA 155] Starting...
  Sequence   : YYDPETGTWY
  Forcefield : amber
  Backend    : aer
  Max iter   : 2000
--- INITIALIZING QUANTUM BIOPHYSICS FOLDER (HARDWARE) ---
--- FORCE FIELD: AMBER ---
--- SCOUTING: Checking 50 starting points ---
 > Deterministic Seed: 313296922 (Derived from Sequence)
 > Best Start Found: Energy 376.86
[REPLICA 155] Init strategy: random, seed: 313296922
--- STARTING QUANTUM FOLDING (HYBRID PIPELINE) ---
Stage 1: Mechanical Collapse (COBYLA, statevector)...
 > Collapse Energy: 485.06
Stage 2: Physics Refinement (SLSQP, statevector)...
Optimization terminated successfully    (Exit mode 0)
            Current function value: 94.56957818398743
            Iterations: 207
            Function evaluations: 11133
            Gradient evaluations: 207
 > Refinement Energy: 94.57
Stage 3: Natural Relaxation (SLSQP, statevector)...
Optimization terminated successfully    (Exit mode 0)
            Current function value: -62.15886850526161
            Iterations: 249
            Function evaluations: 13254
            Gradient evaluations: 249
 > Relaxation Energy: -62.16

[EXTRACTION] Mode: sampler → backend='aer_simulator', shots=4096
  Submitting 3 circuits (Z / X / Y bases)...
  Done. Angles extracted from measurement statistics.

[RESULT] Final energy: -62.1589
[SAVED] outputs/reps_Brickwork_entanglement/slurm_YYDPETGTWY_amber/replica_155/replica_155_landscape.png
[REPLICA 155] RMSD: 6.620 Å
[REPLICA 155] Done!
  Energy     : -62.1589
  RMSD       : 6.620 Å
  Runtime    : 296.6s
  Saved to   : outputs/reps_Brickwork_entanglement/slurm_YYDPETGTWY_amber/replica_155/replica_155_result.json
============================================
End time     : Wed Apr 22 18:13:11 EDT 2026
Exit code    : 0
============================================
