============================================
Job ID       : 5496080
Array Task   : 232
Replica ID   : 232
Node         : lri068
Start time   : Mon Apr 27 13:47:17 EDT 2026
============================================
[REPLICA 232] Starting...
  Sequence     : YYDPETGTWY
  Forcefield   : amber
  Backend      : aer
  Max iter     : 2000
  Skip Stage 2 : True
--- INITIALIZING QUANTUM BIOPHYSICS FOLDER (HARDWARE) ---
--- FORCE FIELD: AMBER ---
[REPLICA 232] Ground truth loaded — 10 CA atoms
--- SCOUTING: Checking 50 starting points ---
 > Deterministic Seed: 313296999 (Derived from Sequence)
 > Best Start Found: Energy 372.24
[REPLICA 232] Init strategy: random, seed: 313296999
============================================
End time     : Mon Apr 27 13:47:19 EDT 2026
Exit code    : 0
============================================
