============================================
Job ID       : 5496299
Array Task   : 28
Replica ID   : 28
Node         : lri053
Start time   : Mon Apr 27 14:18:31 EDT 2026
============================================
[REPLICA 28] Starting...
  Sequence     : YYDPETGTWY
  Forcefield   : amber
  Backend      : aer
  Max iter     : 2000
  Skip Stage 2 : True
--- INITIALIZING QUANTUM BIOPHYSICS FOLDER (HARDWARE) ---
--- FORCE FIELD: AMBER ---
[REPLICA 28] Ground truth loaded — 10 CA atoms
--- SCOUTING: Checking 50 starting points ---
 > Deterministic Seed: 313296795 (Derived from Sequence)
 > Best Start Found: Energy 276.90
[REPLICA 28] Init strategy: random, seed: 313296795
--- STARTING QUANTUM FOLDING (HYBRID PIPELINE) ---
Stage 1: Mechanical Collapse (COBYLA, statevector)...
 > Collapse Energy : 390.41
 > Stage 1 RMSD    : 3.8146 Å
Stage 2: SKIPPED
Stage 3: Natural Relaxation (SLSQP, statevector)...
Optimization terminated successfully    (Exit mode 0)
            Current function value: 89.97823793484781
            Iterations: 193
            Function evaluations: 10346
            Gradient evaluations: 193
 > Relaxation Energy : 89.98
 > Stage 3 RMSD      : 3.2103 Å

── RMSD Progress ──────────────────────────
  Stage 1 : 3.8146 Å
  Stage 2 : skipped
  Stage 3 : 3.2103 Å  ↓ better
──────────────────────────────────────────

[EXTRACTION] Mode: sampler → backend='aer_simulator', shots=4096
  Submitting 3 circuits (Z / X / Y bases)...
  Done. Angles extracted from measurement statistics.

[RESULT] Final energy: 89.9782
[REPLICA 28] Tracker saved → outputs/Skip1/slurm_YYDPETGTWY_amber/replica_28/replica_28_tracker.json
[SAVED] outputs/Skip1/slurm_YYDPETGTWY_amber/replica_28/replica_28_landscape.png
[REPLICA 28] Final RMSD: 3.776 Å

[REPLICA 28] ✓ Done!
  Energy       : 89.9782
  RMSD final   : 3.776 Å
  RMSD stage1  : 3.815 Å
  RMSD stage2  : skipped
  RMSD stage3  : 3.210 Å
  Runtime      : 136.5s
  Saved to     : outputs/Skip1/slurm_YYDPETGTWY_amber/replica_28/replica_28_result.json
============================================
End time     : Mon Apr 27 14:20:52 EDT 2026
Exit code    : 0
============================================
