============================================
Job ID       : 5480498
Array Task   : 140
Replica ID   : 140
Node         : lri038
Start time   : Thu Apr 23 11:36:52 EDT 2026
============================================
[REPLICA 140] Starting...
  Sequence   : YYDPETGTWY
  Forcefield : amber
  Backend    : aer
  Max iter   : 20
--- INITIALIZING QUANTUM BIOPHYSICS FOLDER (HARDWARE) ---
--- FORCE FIELD: AMBER ---
--- SCOUTING: Checking 50 starting points ---
 > Deterministic Seed: 313296907 (Derived from Sequence)
 > Best Start Found: Energy 352.08
[REPLICA 140] Init strategy: random, seed: 313296907
--- STARTING QUANTUM FOLDING (HYBRID PIPELINE) ---
Stage 1: Mechanical Collapse (COBYLA, statevector)...
 > Collapse Energy: 1860.75
Stage 2: Physics Refinement (SLSQP, statevector)...
Iteration limit reached    (Exit mode 9)
            Current function value: 4243.260952993982
            Iterations: 20
            Function evaluations: 1170
            Gradient evaluations: 20
 > Refinement Energy: 4243.26
Stage 3: Natural Relaxation (SLSQP, statevector)...
Iteration limit reached    (Exit mode 9)
            Current function value: 1755.2138328655965
            Iterations: 20
            Function evaluations: 1170
            Gradient evaluations: 20
 > Relaxation Energy: 1755.21

[EXTRACTION] Mode: sampler → backend='aer_simulator', shots=4096
  Submitting 3 circuits (Z / X / Y bases)...
  Done. Angles extracted from measurement statistics.

[RESULT] Final energy: 1755.2138
[REPLICA 140] Tracker saved → outputs/energy_reps_Brickwork_entanglement11/slurm_YYDPETGTWY_amber/replica_140/replica_140_tracker.json
[SAVED] outputs/energy_reps_Brickwork_entanglement11/slurm_YYDPETGTWY_amber/replica_140/replica_140_landscape.png
[REPLICA 140] RMSD: 5.226 Å
[REPLICA 140] Done!
  Energy     : 1755.2138
  RMSD       : 5.226 Å
  Runtime    : 31.6s
  Saved to   : outputs/energy_reps_Brickwork_entanglement11/slurm_YYDPETGTWY_amber/replica_140/replica_140_result.json
============================================
End time     : Thu Apr 23 11:37:25 EDT 2026
Exit code    : 0
============================================
