============================================
Job ID       : 5420930
Array Task   : 31
Replica ID   : 31
Node         : lri022
Start time   : Mon Apr 13 23:44:47 EDT 2026
============================================
[REPLICA 31] Starting...
  Sequence   : YYDPETGTWY
  Forcefield : amber
  Backend    : aer
  Max iter   : 2000
--- INITIALIZING QUANTUM BIOPHYSICS FOLDER (HARDWARE) ---
--- FORCE FIELD: AMBER ---
--- PRIMING CIRCUIT FOR SHEET ---
 > Priming Error: 6.2895
[REPLICA 31] Init strategy: sheet, seed: 313296798
--- STARTING QUANTUM FOLDING (HYBRID PIPELINE) ---
Stage 1: Mechanical Collapse (COBYLA, statevector)...
 > Collapse Energy: 284.37
Stage 2: Physics Refinement (SLSQP, statevector)...
Optimization terminated successfully    (Exit mode 0)
            Current function value: 37.66568252406239
            Iterations: 365
            Function evaluations: 41944
            Gradient evaluations: 365
 > Refinement Energy: 37.67
Stage 3: Natural Relaxation (SLSQP, statevector)...
Optimization terminated successfully    (Exit mode 0)
            Current function value: 16.245279424907206
            Iterations: 272
            Function evaluations: 31446
            Gradient evaluations: 272
 > Relaxation Energy: 16.25

[EXTRACTION] Mode: sampler → backend='aer_simulator', shots=4096
  Submitting 3 circuits (Z / X / Y bases)...
  Done. Angles extracted from measurement statistics.

[RESULT] Final energy: 16.2453
[REPLICA 31] RMSD: 5.043 Å
[REPLICA 31] Done!
  Energy     : 16.2453
  RMSD       : 5.043 Å
  Runtime    : 1408.0s
  Saved to   : outputs/slurm_YYDPETGTWY_amber/replica_31/replica_31_result.json
============================================
End time     : Tue Apr 14 00:08:16 EDT 2026
Exit code    : 0
============================================
