============================================
Job ID       : 5427040
Array Task   : 976
Replica ID   : 976
Node         : lri016
Start time   : Wed Apr 15 17:01:06 EDT 2026
============================================
[REPLICA 976] Starting...
  Sequence   : YYDPETGTWY
  Forcefield : amber
  Backend    : aer
  Max iter   : 2000
--- INITIALIZING QUANTUM BIOPHYSICS FOLDER (HARDWARE) ---
--- FORCE FIELD: AMBER ---
--- SCOUTING: Checking 50 starting points ---
 > Deterministic Seed: 313297743 (Derived from Sequence)
 > Best Start Found: Energy 369.49
[REPLICA 976] Init strategy: random, seed: 313297743
--- STARTING QUANTUM FOLDING (HYBRID PIPELINE) ---
Stage 1: Mechanical Collapse (COBYLA, statevector)...
 > Collapse Energy: 258.98
Stage 2: Physics Refinement (SLSQP, statevector)...
Optimization terminated successfully    (Exit mode 0)
            Current function value: 100.24927802487643
            Iterations: 315
            Function evaluations: 16625
            Gradient evaluations: 315
 > Refinement Energy: 100.25
Stage 3: Natural Relaxation (SLSQP, statevector)...
Optimization terminated successfully    (Exit mode 0)
            Current function value: -58.48888176460686
            Iterations: 284
            Function evaluations: 15158
            Gradient evaluations: 284
 > Relaxation Energy: -58.49

[EXTRACTION] Mode: sampler → backend='aer_simulator', shots=4096
  Submitting 3 circuits (Z / X / Y bases)...
  Done. Angles extracted from measurement statistics.

[RESULT] Final energy: -58.4889
[REPLICA 976] RMSD: 5.905 Å
[REPLICA 976] Done!
  Energy     : -58.4889
  RMSD       : 5.905 Å
  Runtime    : 403.4s
  Saved to   : outputs/linear_entanglement_1_rep/slurm_YYDPETGTWY_amber/replica_976/replica_976_result.json
============================================
End time     : Wed Apr 15 17:07:52 EDT 2026
Exit code    : 0
============================================
