============================================
Job ID       : 5426928
Array Task   : 874
Replica ID   : 874
Node         : lri016
Start time   : Wed Apr 15 16:31:04 EDT 2026
============================================
[REPLICA 874] Starting...
  Sequence   : YYDPETGTWY
  Forcefield : amber
  Backend    : aer
  Max iter   : 2000
--- INITIALIZING QUANTUM BIOPHYSICS FOLDER (HARDWARE) ---
--- FORCE FIELD: AMBER ---
--- SCOUTING: Checking 50 starting points ---
 > Deterministic Seed: 313297641 (Derived from Sequence)
 > Best Start Found: Energy 264.90
[REPLICA 874] Init strategy: random, seed: 313297641
--- STARTING QUANTUM FOLDING (HYBRID PIPELINE) ---
Stage 1: Mechanical Collapse (COBYLA, statevector)...
 > Collapse Energy: 417.09
Stage 2: Physics Refinement (SLSQP, statevector)...
Optimization terminated successfully    (Exit mode 0)
            Current function value: 40.24128607393331
            Iterations: 190
            Function evaluations: 10316
            Gradient evaluations: 190
 > Refinement Energy: 40.24
Stage 3: Natural Relaxation (SLSQP, statevector)...
Optimization terminated successfully    (Exit mode 0)
            Current function value: -3.737701311768202
            Iterations: 185
            Function evaluations: 9936
            Gradient evaluations: 185
 > Relaxation Energy: -3.74

[EXTRACTION] Mode: sampler → backend='aer_simulator', shots=4096
  Submitting 3 circuits (Z / X / Y bases)...
  Done. Angles extracted from measurement statistics.

[RESULT] Final energy: -3.7377
[REPLICA 874] RMSD: 7.219 Å
[REPLICA 874] Done!
  Energy     : -3.7377
  RMSD       : 7.219 Å
  Runtime    : 260.1s
  Saved to   : outputs/linear_entanglement_1_rep/slurm_YYDPETGTWY_amber/replica_874/replica_874_result.json
============================================
End time     : Wed Apr 15 16:35:25 EDT 2026
Exit code    : 0
============================================
