============================================
Job ID       : 5427330
Array Task   : 224
Replica ID   : 224
Node         : lri016
Start time   : Wed Apr 15 18:17:11 EDT 2026
============================================
[REPLICA 224] Starting...
  Sequence   : YYDPETGTWY
  Forcefield : amber
  Backend    : aer
  Max iter   : 2000
--- INITIALIZING QUANTUM BIOPHYSICS FOLDER (HARDWARE) ---
--- FORCE FIELD: AMBER ---
--- SCOUTING: Checking 50 starting points ---
 > Deterministic Seed: 313296991 (Derived from Sequence)
 > Best Start Found: Energy 402.26
[REPLICA 224] Init strategy: random, seed: 313296991
--- STARTING QUANTUM FOLDING (HYBRID PIPELINE) ---
Stage 1: Mechanical Collapse (COBYLA, statevector)...
 > Collapse Energy: 241.53
Stage 2: Physics Refinement (SLSQP, statevector)...
Optimization terminated successfully    (Exit mode 0)
            Current function value: 109.96946555611314
            Iterations: 191
            Function evaluations: 10353
            Gradient evaluations: 191
 > Refinement Energy: 109.97
Stage 3: Natural Relaxation (SLSQP, statevector)...
Optimization terminated successfully    (Exit mode 0)
            Current function value: 53.93097554650781
            Iterations: 144
            Function evaluations: 7933
            Gradient evaluations: 144
 > Relaxation Energy: 53.93

[EXTRACTION] Mode: sampler → backend='aer_simulator', shots=4096
  Submitting 3 circuits (Z / X / Y bases)...
  Done. Angles extracted from measurement statistics.

[RESULT] Final energy: 53.9310
[REPLICA 224] RMSD: 6.303 Å
[REPLICA 224] Done!
  Energy     : 53.9310
  RMSD       : 6.303 Å
  Runtime    : 234.9s
  Saved to   : outputs/Reps_qubits_d_2/slurm_YYDPETGTWY_amber/replica_224/replica_224_result.json
============================================
End time     : Wed Apr 15 18:21:08 EDT 2026
Exit code    : 0
============================================
