============================================
Job ID       : 5494627
Array Task   : 179
Replica ID   : 179
Node         : lri027
Start time   : Mon Apr 27 11:29:41 EDT 2026
============================================
[REPLICA 179] Starting...
  Sequence     : YYDPETGTWY
  Forcefield   : amber
  Backend      : aer
  Max iter     : 2000
  Skip Stage 2 : False
--- INITIALIZING QUANTUM BIOPHYSICS FOLDER (HARDWARE) ---
--- FORCE FIELD: AMBER ---
[REPLICA 179] Ground truth loaded — 10 CA atoms
--- SCOUTING: Checking 50 starting points ---
 > Deterministic Seed: 313296946 (Derived from Sequence)
 > Best Start Found: Energy 407.14
[REPLICA 179] Init strategy: random, seed: 313296946
============================================
End time     : Mon Apr 27 11:29:43 EDT 2026
Exit code    : 0
============================================
