============================================
Job ID       : 5442192
Array Task   : 602
Replica ID   : 602
Node         : lri014
Start time   : Fri Apr 17 16:18:58 EDT 2026
============================================
[REPLICA 602] Starting...
  Sequence   : DAYAQWLKDGGPSSGRPPPS
  Forcefield : amber
  Backend    : aer
  Max iter   : 2000
--- INITIALIZING QUANTUM BIOPHYSICS FOLDER (HARDWARE) ---
--- FORCE FIELD: AMBER ---
--- SCOUTING: Checking 50 starting points ---
 > Deterministic Seed: 2158523987 (Derived from Sequence)
 > Best Start Found: Energy 551.43
[REPLICA 602] Init strategy: random, seed: 2158523987
--- STARTING QUANTUM FOLDING (HYBRID PIPELINE) ---
Stage 1: Mechanical Collapse (COBYLA, statevector)...
 > Collapse Energy: 590.99
Stage 2: Physics Refinement (SLSQP, statevector)...
Optimization terminated successfully    (Exit mode 0)
            Current function value: 1.207705107774006
            Iterations: 279
            Function evaluations: 21770
            Gradient evaluations: 279
 > Refinement Energy: 1.21
Stage 3: Natural Relaxation (SLSQP, statevector)...
Optimization terminated successfully    (Exit mode 0)
            Current function value: -89.01149205548609
            Iterations: 223
            Function evaluations: 17526
            Gradient evaluations: 223
 > Relaxation Energy: -89.01

[EXTRACTION] Mode: sampler → backend='aer_simulator', shots=4096
  Submitting 3 circuits (Z / X / Y bases)...
  Done. Angles extracted from measurement statistics.

[RESULT] Final energy: -89.0115
[REPLICA 602] RMSD: 8.202 Å
[REPLICA 602] Done!
  Energy     : -89.0115
  RMSD       : 8.202 Å
  Runtime    : 748.6s
  Saved to   : outputs/reps_Brickwork_entanglement1/slurm_DAYAQWLKDGGPSSGRPPPS_amber/replica_602/replica_602_result.json
============================================
End time     : Fri Apr 17 16:31:28 EDT 2026
Exit code    : 0
============================================
