============================================
Job ID       : 5496199
Array Task   : 351
Replica ID   : 351
Node         : lri056
Start time   : Mon Apr 27 13:47:23 EDT 2026
============================================
[REPLICA 351] Starting...
  Sequence     : YYDPETGTWY
  Forcefield   : amber
  Backend      : aer
  Max iter     : 2000
  Skip Stage 2 : True
--- INITIALIZING QUANTUM BIOPHYSICS FOLDER (HARDWARE) ---
--- FORCE FIELD: AMBER ---
[REPLICA 351] Ground truth loaded — 10 CA atoms
--- SCOUTING: Checking 50 starting points ---
 > Deterministic Seed: 313297118 (Derived from Sequence)
 > Best Start Found: Energy 386.36
[REPLICA 351] Init strategy: random, seed: 313297118
============================================
End time     : Mon Apr 27 13:47:25 EDT 2026
Exit code    : 0
============================================
