============================================
Job ID       : 5495661
Array Task   : 214
Replica ID   : 214
Node         : lri067
Start time   : Mon Apr 27 13:45:00 EDT 2026
============================================
[REPLICA 214] Starting...
  Sequence     : YYDPETGTWY
  Forcefield   : amber
  Backend      : aer
  Max iter     : 2000
  Skip Stage 2 : False
--- INITIALIZING QUANTUM BIOPHYSICS FOLDER (HARDWARE) ---
--- FORCE FIELD: AMBER ---
[REPLICA 214] Ground truth loaded — 10 CA atoms
--- SCOUTING: Checking 50 starting points ---
 > Deterministic Seed: 313296981 (Derived from Sequence)
 > Best Start Found: Energy 413.14
[REPLICA 214] Init strategy: random, seed: 313296981
============================================
End time     : Mon Apr 27 13:45:01 EDT 2026
Exit code    : 0
============================================
