============================================
Job ID       : 5496457
Array Task   : 184
Replica ID   : 184
Node         : lri035
Start time   : Mon Apr 27 14:18:56 EDT 2026
============================================
[REPLICA 184] Starting...
  Sequence     : YYDPETGTWY
  Forcefield   : amber
  Backend      : aer
  Max iter     : 2000
  Skip Stage 2 : True
--- INITIALIZING QUANTUM BIOPHYSICS FOLDER (HARDWARE) ---
--- FORCE FIELD: AMBER ---
[REPLICA 184] Ground truth loaded — 10 CA atoms
--- SCOUTING: Checking 50 starting points ---
 > Deterministic Seed: 313296951 (Derived from Sequence)
 > Best Start Found: Energy 397.49
[REPLICA 184] Init strategy: random, seed: 313296951
--- STARTING QUANTUM FOLDING (HYBRID PIPELINE) ---
Stage 1: Mechanical Collapse (COBYLA, statevector)...
 > Collapse Energy : 193.07
 > Stage 1 RMSD    : 3.2521 Å
Stage 2: SKIPPED
Stage 3: Natural Relaxation (SLSQP, statevector)...
Optimization terminated successfully    (Exit mode 0)
            Current function value: 15.10772195083438
            Iterations: 122
            Function evaluations: 6662
            Gradient evaluations: 122
 > Relaxation Energy : 15.11
 > Stage 3 RMSD      : 3.5063 Å

── RMSD Progress ──────────────────────────
  Stage 1 : 3.2521 Å
  Stage 2 : skipped
  Stage 3 : 3.5063 Å  ↑ worse
──────────────────────────────────────────

[EXTRACTION] Mode: sampler → backend='aer_simulator', shots=4096
  Submitting 3 circuits (Z / X / Y bases)...
  Done. Angles extracted from measurement statistics.

[RESULT] Final energy: 15.1077
[REPLICA 184] Tracker saved → outputs/Skip1/slurm_YYDPETGTWY_amber/replica_184/replica_184_tracker.json
[SAVED] outputs/Skip1/slurm_YYDPETGTWY_amber/replica_184/replica_184_landscape.png
[REPLICA 184] Final RMSD: 5.981 Å

[REPLICA 184] ✓ Done!
  Energy       : 15.1077
  RMSD final   : 5.981 Å
  RMSD stage1  : 3.252 Å
  RMSD stage2  : skipped
  RMSD stage3  : 3.506 Å
  Runtime      : 89.7s
  Saved to     : outputs/Skip1/slurm_YYDPETGTWY_amber/replica_184/replica_184_result.json
============================================
End time     : Mon Apr 27 14:20:27 EDT 2026
Exit code    : 0
============================================
