============================================
Job ID       : 5474814
Array Task   : 641
Replica ID   : 641
Node         : lri035
Start time   : Wed Apr 22 18:01:11 EDT 2026
============================================
[REPLICA 641] Starting...
  Sequence   : YYDPETGTWY
  Forcefield : amber
  Backend    : aer
  Max iter   : 2000
--- INITIALIZING QUANTUM BIOPHYSICS FOLDER (HARDWARE) ---
--- FORCE FIELD: AMBER ---
--- SCOUTING: Checking 50 starting points ---
 > Deterministic Seed: 313297408 (Derived from Sequence)
 > Best Start Found: Energy 317.57
[REPLICA 641] Init strategy: random, seed: 313297408
--- STARTING QUANTUM FOLDING (HYBRID PIPELINE) ---
Stage 1: Mechanical Collapse (COBYLA, statevector)...
 > Collapse Energy: 430.87
Stage 2: Physics Refinement (SLSQP, statevector)...
Optimization terminated successfully    (Exit mode 0)
            Current function value: 80.8902466107732
            Iterations: 355
            Function evaluations: 18479
            Gradient evaluations: 355
 > Refinement Energy: 80.89
Stage 3: Natural Relaxation (SLSQP, statevector)...
Optimization terminated successfully    (Exit mode 0)
            Current function value: -17.501048708510357
            Iterations: 278
            Function evaluations: 14722
            Gradient evaluations: 278
 > Relaxation Energy: -17.50

[EXTRACTION] Mode: sampler → backend='aer_simulator', shots=4096
  Submitting 3 circuits (Z / X / Y bases)...
  Done. Angles extracted from measurement statistics.

[RESULT] Final energy: -17.5010
[SAVED] outputs/reps_Brickwork_entanglement/slurm_YYDPETGTWY_amber/replica_641/replica_641_landscape.png
[REPLICA 641] RMSD: 5.600 Å
[REPLICA 641] Done!
  Energy     : -17.5010
  RMSD       : 5.600 Å
  Runtime    : 401.2s
  Saved to   : outputs/reps_Brickwork_entanglement/slurm_YYDPETGTWY_amber/replica_641/replica_641_result.json
============================================
End time     : Wed Apr 22 18:07:53 EDT 2026
Exit code    : 0
============================================
