============================================
Job ID       : 5427162
Array Task   : 84
Replica ID   : 84
Node         : lri016
Start time   : Wed Apr 15 17:33:09 EDT 2026
============================================
[REPLICA 84] Starting...
  Sequence   : YYDPETGTWY
  Forcefield : amber
  Backend    : aer
  Max iter   : 2000
--- INITIALIZING QUANTUM BIOPHYSICS FOLDER (HARDWARE) ---
--- FORCE FIELD: AMBER ---
--- SCOUTING: Checking 50 starting points ---
 > Deterministic Seed: 313296851 (Derived from Sequence)
 > Best Start Found: Energy 417.65
[REPLICA 84] Init strategy: random, seed: 313296851
--- STARTING QUANTUM FOLDING (HYBRID PIPELINE) ---
Stage 1: Mechanical Collapse (COBYLA, statevector)...
 > Collapse Energy: 281.30
Stage 2: Physics Refinement (SLSQP, statevector)...
Optimization terminated successfully    (Exit mode 0)
            Current function value: 50.44287149143079
            Iterations: 318
            Function evaluations: 16767
            Gradient evaluations: 318
 > Refinement Energy: 50.44
Stage 3: Natural Relaxation (SLSQP, statevector)...
Optimization terminated successfully    (Exit mode 0)
            Current function value: -27.284605082574167
            Iterations: 142
            Function evaluations: 7812
            Gradient evaluations: 142
 > Relaxation Energy: -27.28

[EXTRACTION] Mode: sampler → backend='aer_simulator', shots=4096
  Submitting 3 circuits (Z / X / Y bases)...
  Done. Angles extracted from measurement statistics.

[RESULT] Final energy: -27.2846
[REPLICA 84] RMSD: 6.401 Å
[REPLICA 84] Done!
  Energy     : -27.2846
  RMSD       : 6.401 Å
  Runtime    : 315.2s
  Saved to   : outputs/Reps_qubits_d_2/slurm_YYDPETGTWY_amber/replica_84/replica_84_result.json
============================================
End time     : Wed Apr 15 17:38:26 EDT 2026
Exit code    : 0
============================================
