============================================
Job ID       : 5497376
Array Task   : 224
Replica ID   : 224
Node         : lri043
Start time   : Mon Apr 27 14:49:17 EDT 2026
============================================
[REPLICA 224] Starting...
  Sequence     : YYDPETGTWY
  Forcefield   : amber
  Backend      : aer
  Max iter     : 2000
  Skip Stage 2 : False
--- INITIALIZING QUANTUM BIOPHYSICS FOLDER (HARDWARE) ---
--- FORCE FIELD: AMBER ---
[REPLICA 224] Ground truth loaded — 10 CA atoms
--- SCOUTING: Checking 50 starting points ---
 > Deterministic Seed: 313296991 (Derived from Sequence)
 > Best Start Found: Energy 431.02
[REPLICA 224] Init strategy: random, seed: 313296991
--- STARTING QUANTUM FOLDING (HYBRID PIPELINE) ---
Stage 1: Mechanical Collapse (COBYLA, statevector)...
 > Collapse Energy : 540.38
 > Stage 1 RMSD    : 2.3331 Å
Stage 2: Physics Refinement (SLSQP, statevector)...
Optimization terminated successfully    (Exit mode 0)
            Current function value: 69.74663427509255
            Iterations: 138
            Function evaluations: 7615
            Gradient evaluations: 138
 > Refinement Energy : 69.75
 > Stage 2 RMSD      : 3.8051 Å
Stage 3: Natural Relaxation (SLSQP, statevector)...
Optimization terminated successfully    (Exit mode 0)
            Current function value: -19.804016629567286
            Iterations: 170
            Function evaluations: 9128
            Gradient evaluations: 170
 > Relaxation Energy : -19.80
 > Stage 3 RMSD      : 3.6034 Å

── RMSD Progress ──────────────────────────
  Stage 1 : 2.3331 Å
  Stage 2 : 3.8051 Å  ↑ worse
  Stage 3 : 3.6034 Å  ↓ better
──────────────────────────────────────────

[EXTRACTION] Mode: sampler → backend='aer_simulator', shots=4096
  Submitting 3 circuits (Z / X / Y bases)...
  Done. Angles extracted from measurement statistics.

[RESULT] Final energy: -19.8040
[REPLICA 224] Tracker saved → outputs/no_skip/slurm_YYDPETGTWY_amber/replica_224/replica_224_tracker.json
[SAVED] outputs/no_skip/slurm_YYDPETGTWY_amber/replica_224/replica_224_landscape.png
[REPLICA 224] Final RMSD: 4.496 Å

[REPLICA 224] ✓ Done!
  Energy       : -19.8040
  RMSD final   : 4.496 Å
  RMSD stage1  : 2.333 Å
  RMSD stage2  : 3.805 Å
  RMSD stage3  : 3.603 Å
  Runtime      : 216.9s
  Saved to     : outputs/no_skip/slurm_YYDPETGTWY_amber/replica_224/replica_224_result.json
============================================
End time     : Mon Apr 27 14:52:56 EDT 2026
Exit code    : 0
============================================
