============================================
Job ID       : 5443152
Array Task   : 826
Replica ID   : 826
Node         : lri013
Start time   : Fri Apr 17 17:59:08 EDT 2026
============================================
[REPLICA 826] Starting...
  Sequence   : DAYAQWLKDGGPSSGRPPPS
  Forcefield : amber
  Backend    : aer
  Max iter   : 2000
--- INITIALIZING QUANTUM BIOPHYSICS FOLDER (HARDWARE) ---
--- FORCE FIELD: AMBER ---
--- SCOUTING: Checking 50 starting points ---
 > Deterministic Seed: 2158524211 (Derived from Sequence)
 > Best Start Found: Energy 470.46
[REPLICA 826] Init strategy: random, seed: 2158524211
--- STARTING QUANTUM FOLDING (HYBRID PIPELINE) ---
Stage 1: Mechanical Collapse (COBYLA, statevector)...
 > Collapse Energy: 235.14
Stage 2: Physics Refinement (SLSQP, statevector)...
Optimization terminated successfully    (Exit mode 0)
            Current function value: -0.010602278474049154
            Iterations: 315
            Function evaluations: 24447
            Gradient evaluations: 315
 > Refinement Energy: -0.01
Stage 3: Natural Relaxation (SLSQP, statevector)...
Optimization terminated successfully    (Exit mode 0)
            Current function value: -82.30643173110245
            Iterations: 197
            Function evaluations: 15505
            Gradient evaluations: 197
 > Relaxation Energy: -82.31

[EXTRACTION] Mode: sampler → backend='aer_simulator', shots=4096
  Submitting 3 circuits (Z / X / Y bases)...
  Done. Angles extracted from measurement statistics.

[RESULT] Final energy: -82.3064
[REPLICA 826] RMSD: 8.561 Å
[REPLICA 826] Done!
  Energy     : -82.3064
  RMSD       : 8.561 Å
  Runtime    : 751.1s
  Saved to   : outputs/reps_Brickwork_entanglement1/slurm_DAYAQWLKDGGPSSGRPPPS_amber/replica_826/replica_826_result.json
============================================
End time     : Fri Apr 17 18:11:40 EDT 2026
Exit code    : 0
============================================
