============================================
Job ID       : 5427202
Array Task   : 120
Replica ID   : 120
Node         : lri054
Start time   : Wed Apr 15 17:43:10 EDT 2026
============================================
[REPLICA 120] Starting...
  Sequence   : YYDPETGTWY
  Forcefield : amber
  Backend    : aer
  Max iter   : 2000
--- INITIALIZING QUANTUM BIOPHYSICS FOLDER (HARDWARE) ---
--- FORCE FIELD: AMBER ---
--- SCOUTING: Checking 50 starting points ---
 > Deterministic Seed: 313296887 (Derived from Sequence)
 > Best Start Found: Energy 308.01
[REPLICA 120] Init strategy: random, seed: 313296887
--- STARTING QUANTUM FOLDING (HYBRID PIPELINE) ---
Stage 1: Mechanical Collapse (COBYLA, statevector)...
 > Collapse Energy: 657.95
Stage 2: Physics Refinement (SLSQP, statevector)...
Optimization terminated successfully    (Exit mode 0)
            Current function value: 1287.5497121614217
            Iterations: 95
            Function evaluations: 5524
            Gradient evaluations: 95
 > Refinement Energy: 1287.55
Stage 3: Natural Relaxation (SLSQP, statevector)...
Optimization terminated successfully    (Exit mode 0)
            Current function value: 568.870841945766
            Iterations: 73
            Function evaluations: 4237
            Gradient evaluations: 73
 > Relaxation Energy: 568.87

[EXTRACTION] Mode: sampler → backend='aer_simulator', shots=4096
  Submitting 3 circuits (Z / X / Y bases)...
  Done. Angles extracted from measurement statistics.

[RESULT] Final energy: 568.8708
[REPLICA 120] RMSD: 5.495 Å
[REPLICA 120] Done!
  Energy     : 568.8708
  RMSD       : 5.495 Å
  Runtime    : 134.2s
  Saved to   : outputs/Reps_qubits_d_2/slurm_YYDPETGTWY_amber/replica_120/replica_120_result.json
============================================
End time     : Wed Apr 15 17:45:25 EDT 2026
Exit code    : 0
============================================
