============================================
Job ID       : 5495346
Array Task   : 342
Replica ID   : 342
Node         : lri031
Start time   : Mon Apr 27 12:54:17 EDT 2026
============================================
[REPLICA 342] Starting...
  Sequence     : YYDPETGTWY
  Forcefield   : amber
  Backend      : aer
  Max iter     : 2000
  Skip Stage 2 : False
--- INITIALIZING QUANTUM BIOPHYSICS FOLDER (HARDWARE) ---
--- FORCE FIELD: AMBER ---
[REPLICA 342] Ground truth loaded — 10 CA atoms
--- SCOUTING: Checking 50 starting points ---
 > Deterministic Seed: 313297109 (Derived from Sequence)
 > Best Start Found: Energy 372.96
[REPLICA 342] Init strategy: random, seed: 313297109
============================================
End time     : Mon Apr 27 12:54:19 EDT 2026
Exit code    : 0
============================================
