============================================
Job ID       : 5475264
Array Task   : 77
Replica ID   : 77
Node         : lri020
Start time   : Wed Apr 22 18:07:08 EDT 2026
============================================
[REPLICA 77] Starting...
  Sequence   : YYDPETGTWY
  Forcefield : amber
  Backend    : aer
  Max iter   : 2000
--- INITIALIZING QUANTUM BIOPHYSICS FOLDER (HARDWARE) ---
--- FORCE FIELD: AMBER ---
--- SCOUTING: Checking 50 starting points ---
 > Deterministic Seed: 313296844 (Derived from Sequence)
 > Best Start Found: Energy 438.61
[REPLICA 77] Init strategy: random, seed: 313296844
--- STARTING QUANTUM FOLDING (HYBRID PIPELINE) ---
Stage 1: Mechanical Collapse (COBYLA, statevector)...
 > Collapse Energy: 510.10
Stage 2: Physics Refinement (SLSQP, statevector)...
Optimization terminated successfully    (Exit mode 0)
            Current function value: 45.22926598332271
            Iterations: 368
            Function evaluations: 19230
            Gradient evaluations: 368
 > Refinement Energy: 45.23
Stage 3: Natural Relaxation (SLSQP, statevector)...
Optimization terminated successfully    (Exit mode 0)
            Current function value: -2.78324934191947
            Iterations: 223
            Function evaluations: 11811
            Gradient evaluations: 223
 > Relaxation Energy: -2.78

[EXTRACTION] Mode: sampler → backend='aer_simulator', shots=4096
  Submitting 3 circuits (Z / X / Y bases)...
  Done. Angles extracted from measurement statistics.

[RESULT] Final energy: -2.7832
[SAVED] outputs/reps_Brickwork_entanglement/slurm_YYDPETGTWY_amber/replica_77/replica_77_landscape.png
[REPLICA 77] RMSD: 6.412 Å
[REPLICA 77] Done!
  Energy     : -2.7832
  RMSD       : 6.412 Å
  Runtime    : 376.0s
  Saved to   : outputs/reps_Brickwork_entanglement/slurm_YYDPETGTWY_amber/replica_77/replica_77_result.json
============================================
End time     : Wed Apr 22 18:13:25 EDT 2026
Exit code    : 0
============================================
