============================================
Job ID       : 5496395
Array Task   : 124
Replica ID   : 124
Node         : lri030
Start time   : Mon Apr 27 14:18:54 EDT 2026
============================================
[REPLICA 124] Starting...
  Sequence     : YYDPETGTWY
  Forcefield   : amber
  Backend      : aer
  Max iter     : 2000
  Skip Stage 2 : True
--- INITIALIZING QUANTUM BIOPHYSICS FOLDER (HARDWARE) ---
--- FORCE FIELD: AMBER ---
[REPLICA 124] Ground truth loaded — 10 CA atoms
--- SCOUTING: Checking 50 starting points ---
 > Deterministic Seed: 313296891 (Derived from Sequence)
 > Best Start Found: Energy 495.34
[REPLICA 124] Init strategy: random, seed: 313296891
--- STARTING QUANTUM FOLDING (HYBRID PIPELINE) ---
Stage 1: Mechanical Collapse (COBYLA, statevector)...
 > Collapse Energy : 428.09
 > Stage 1 RMSD    : 3.1757 Å
Stage 2: SKIPPED
Stage 3: Natural Relaxation (SLSQP, statevector)...
Optimization terminated successfully    (Exit mode 0)
            Current function value: 206.53745739081344
            Iterations: 422
            Function evaluations: 21875
            Gradient evaluations: 422
 > Relaxation Energy : 206.54
 > Stage 3 RMSD      : 2.8744 Å

── RMSD Progress ──────────────────────────
  Stage 1 : 3.1757 Å
  Stage 2 : skipped
  Stage 3 : 2.8744 Å  ↓ better
──────────────────────────────────────────

[EXTRACTION] Mode: sampler → backend='aer_simulator', shots=4096
  Submitting 3 circuits (Z / X / Y bases)...
  Done. Angles extracted from measurement statistics.

[RESULT] Final energy: 206.5375
[REPLICA 124] Tracker saved → outputs/Skip1/slurm_YYDPETGTWY_amber/replica_124/replica_124_tracker.json
[SAVED] outputs/Skip1/slurm_YYDPETGTWY_amber/replica_124/replica_124_landscape.png
[REPLICA 124] Final RMSD: 5.786 Å

[REPLICA 124] ✓ Done!
  Energy       : 206.5375
  RMSD final   : 5.786 Å
  RMSD stage1  : 3.176 Å
  RMSD stage2  : skipped
  RMSD stage3  : 2.874 Å
  Runtime      : 274.1s
  Saved to     : outputs/Skip1/slurm_YYDPETGTWY_amber/replica_124/replica_124_result.json
============================================
End time     : Mon Apr 27 14:23:29 EDT 2026
Exit code    : 0
============================================
