============================================
Job ID       : 5547990
Array Task   : 128
Replica ID   : 128
Node         : lri021
Start time   : Thu May  7 10:16:01 EDT 2026
============================================
[REPLICA 128] Starting...
  Sequence     : YYDPETGTWY
  Forcefield   : amber
  Backend      : aer
  Max iter     : 2000
  Skip Stage 2 : False
--- INITIALIZING QUANTUM BIOPHYSICS FOLDER (HARDWARE) ---
--- FORCE FIELD: AMBER ---
[REPLICA 128] Ground truth loaded — 10 CA atoms
--- SCOUTING: Checking 50 starting points ---
 > Deterministic Seed: 313296895 (Derived from Sequence)
 > Best Start Found: Energy 250.71
[REPLICA 128] Init strategy: random, seed: 313296895
--- STARTING QUANTUM FOLDING (HYBRID PIPELINE) ---
Stage 1: Mechanical Collapse (COBYLA, statevector)...
 > Collapse Energy : 164.35
 > Stage 1 RMSD    : 2.3024 Å
Stage 2: Physics Refinement (SLSQP, statevector)...
Optimization terminated successfully    (Exit mode 0)
            Current function value: -7.91681890897522
            Iterations: 164
            Function evaluations: 8977
            Gradient evaluations: 164
 > Refinement Energy : -7.92
 > Stage 2 RMSD      : 3.2632 Å
Stage 3: Natural Relaxation (SLSQP, statevector)...
Optimization terminated successfully    (Exit mode 0)
            Current function value: 188.42747262557796
            Iterations: 232
            Function evaluations: 12431
            Gradient evaluations: 232
 > Relaxation Energy : 188.43
 > Stage 3 RMSD      : 3.3476 Å

── RMSD Progress ──────────────────────────
  Stage 1 : 2.3024 Å
  Stage 2 : 3.2632 Å  ↑ worse
  Stage 3 : 3.3476 Å  ↑ worse
──────────────────────────────────────────

[EXTRACTION] Mode: sampler → backend='aer_simulator', shots=4096
  Submitting 3 circuits (Z / X / Y bases)...
  Done. Angles extracted from measurement statistics.

[RESULT] Final energy: 188.4275
[REPLICA 128] Tracker saved → outputs/no_skip1/slurm_YYDPETGTWY_amber/replica_128/replica_128_tracker.json
[SAVED] outputs/no_skip1/slurm_YYDPETGTWY_amber/replica_128/replica_128_landscape.png
[REPLICA 128] Final RMSD: 5.174 Å

[REPLICA 128] ✓ Done!
  Energy       : 188.4275
  RMSD final   : 5.174 Å
  RMSD stage1  : 2.302 Å
  RMSD stage2  : 3.263 Å
  RMSD stage3  : 3.348 Å
  Runtime      : 272.3s
  Saved to     : outputs/no_skip1/slurm_YYDPETGTWY_amber/replica_128/replica_128_result.json
============================================
End time     : Thu May  7 10:20:45 EDT 2026
Exit code    : 0
============================================
