============================================
Job ID       : 5548020
Array Task   : 158
Replica ID   : 158
Node         : lri024
Start time   : Thu May  7 10:15:57 EDT 2026
============================================
[REPLICA 158] Starting...
  Sequence     : YYDPETGTWY
  Forcefield   : amber
  Backend      : aer
  Max iter     : 2000
  Skip Stage 2 : False
--- INITIALIZING QUANTUM BIOPHYSICS FOLDER (HARDWARE) ---
--- FORCE FIELD: AMBER ---
[REPLICA 158] Ground truth loaded — 10 CA atoms
--- SCOUTING: Checking 50 starting points ---
 > Deterministic Seed: 313296925 (Derived from Sequence)
 > Best Start Found: Energy 371.85
[REPLICA 158] Init strategy: random, seed: 313296925
--- STARTING QUANTUM FOLDING (HYBRID PIPELINE) ---
Stage 1: Mechanical Collapse (COBYLA, statevector)...
 > Collapse Energy : 315.87
 > Stage 1 RMSD    : 2.5208 Å
Stage 2: Physics Refinement (SLSQP, statevector)...
Optimization terminated successfully    (Exit mode 0)
            Current function value: 103.48689920753186
            Iterations: 213
            Function evaluations: 11353
            Gradient evaluations: 213
 > Refinement Energy : 103.49
 > Stage 2 RMSD      : 2.1922 Å
Stage 3: Natural Relaxation (SLSQP, statevector)...
Optimization terminated successfully    (Exit mode 0)
            Current function value: 56.34825079481012
            Iterations: 291
            Function evaluations: 15359
            Gradient evaluations: 291
 > Relaxation Energy : 56.35
 > Stage 3 RMSD      : 3.5479 Å

── RMSD Progress ──────────────────────────
  Stage 1 : 2.5208 Å
  Stage 2 : 2.1922 Å  ↓ better
  Stage 3 : 3.5479 Å  ↑ worse
──────────────────────────────────────────

[EXTRACTION] Mode: sampler → backend='aer_simulator', shots=4096
  Submitting 3 circuits (Z / X / Y bases)...
  Done. Angles extracted from measurement statistics.

[RESULT] Final energy: 56.3483
[REPLICA 158] Tracker saved → outputs/no_skip1/slurm_YYDPETGTWY_amber/replica_158/replica_158_tracker.json
[SAVED] outputs/no_skip1/slurm_YYDPETGTWY_amber/replica_158/replica_158_landscape.png
[REPLICA 158] Final RMSD: 3.598 Å

[REPLICA 158] ✓ Done!
  Energy       : 56.3483
  RMSD final   : 3.598 Å
  RMSD stage1  : 2.521 Å
  RMSD stage2  : 2.192 Å
  RMSD stage3  : 3.548 Å
  Runtime      : 333.2s
  Saved to     : outputs/no_skip1/slurm_YYDPETGTWY_amber/replica_158/replica_158_result.json
============================================
End time     : Thu May  7 10:21:46 EDT 2026
Exit code    : 0
============================================
