============================================
Job ID       : 5426629
Array Task   : 591
Replica ID   : 591
Node         : lri016
Start time   : Wed Apr 15 15:12:58 EDT 2026
============================================
[REPLICA 591] Starting...
  Sequence   : YYDPETGTWY
  Forcefield : amber
  Backend    : aer
  Max iter   : 2000
--- INITIALIZING QUANTUM BIOPHYSICS FOLDER (HARDWARE) ---
--- FORCE FIELD: AMBER ---
--- SCOUTING: Checking 50 starting points ---
 > Deterministic Seed: 313297358 (Derived from Sequence)
 > Best Start Found: Energy 320.11
[REPLICA 591] Init strategy: random, seed: 313297358
--- STARTING QUANTUM FOLDING (HYBRID PIPELINE) ---
Stage 1: Mechanical Collapse (COBYLA, statevector)...
 > Collapse Energy: 407.59
Stage 2: Physics Refinement (SLSQP, statevector)...
Optimization terminated successfully    (Exit mode 0)
            Current function value: 177.12300693680285
            Iterations: 202
            Function evaluations: 10842
            Gradient evaluations: 202
 > Refinement Energy: 177.12
Stage 3: Natural Relaxation (SLSQP, statevector)...
Optimization terminated successfully    (Exit mode 0)
            Current function value: -10.33478430988178
            Iterations: 141
            Function evaluations: 7718
            Gradient evaluations: 141
 > Relaxation Energy: -10.33

[EXTRACTION] Mode: sampler → backend='aer_simulator', shots=4096
  Submitting 3 circuits (Z / X / Y bases)...
  Done. Angles extracted from measurement statistics.

[RESULT] Final energy: -10.3348
[REPLICA 591] RMSD: 3.965 Å
[REPLICA 591] Done!
  Energy     : -10.3348
  RMSD       : 3.965 Å
  Runtime    : 249.6s
  Saved to   : outputs/linear_entanglement_1_rep/slurm_YYDPETGTWY_amber/replica_591/replica_591_result.json
============================================
End time     : Wed Apr 15 15:17:09 EDT 2026
Exit code    : 0
============================================
