============================================
Job ID       : 5440269
Array Task   : 221
Replica ID   : 221
Node         : lri013
Start time   : Fri Apr 17 13:04:45 EDT 2026
============================================
[REPLICA 221] Starting...
  Sequence   : DAYAQWLKDGGPSSGRPPPS
  Forcefield : amber
  Backend    : aer
  Max iter   : 2000
--- INITIALIZING QUANTUM BIOPHYSICS FOLDER (HARDWARE) ---
--- FORCE FIELD: AMBER ---
--- SCOUTING: Checking 50 starting points ---
 > Deterministic Seed: 2158523606 (Derived from Sequence)
 > Best Start Found: Energy 417.05
[REPLICA 221] Init strategy: random, seed: 2158523606
--- STARTING QUANTUM FOLDING (HYBRID PIPELINE) ---
Stage 1: Mechanical Collapse (COBYLA, statevector)...
 > Collapse Energy: 390.74
Stage 2: Physics Refinement (SLSQP, statevector)...
Optimization terminated successfully    (Exit mode 0)
            Current function value: 2867.55970759814
            Iterations: 166
            Function evaluations: 13704
            Gradient evaluations: 166
 > Refinement Energy: 2867.56
Stage 3: Natural Relaxation (SLSQP, statevector)...
Optimization terminated successfully    (Exit mode 0)
            Current function value: 716.643884910727
            Iterations: 131
            Function evaluations: 10757
            Gradient evaluations: 131
 > Relaxation Energy: 716.64

[EXTRACTION] Mode: sampler → backend='aer_simulator', shots=4096
  Submitting 3 circuits (Z / X / Y bases)...
  Done. Angles extracted from measurement statistics.

[RESULT] Final energy: 716.6439
[REPLICA 221] RMSD: 4.148 Å
[REPLICA 221] Done!
  Energy     : 716.6439
  RMSD       : 4.148 Å
  Runtime    : 483.8s
  Saved to   : outputs/reps_Brickwork_entanglement1/slurm_DAYAQWLKDGGPSSGRPPPS_amber/replica_221/replica_221_result.json
============================================
End time     : Fri Apr 17 13:12:50 EDT 2026
Exit code    : 0
============================================
