============================================
Job ID       : 5494797
Array Task   : 349
Replica ID   : 349
Node         : lri068
Start time   : Mon Apr 27 11:29:53 EDT 2026
============================================
[REPLICA 349] Starting...
  Sequence     : YYDPETGTWY
  Forcefield   : amber
  Backend      : aer
  Max iter     : 2000
  Skip Stage 2 : False
--- INITIALIZING QUANTUM BIOPHYSICS FOLDER (HARDWARE) ---
--- FORCE FIELD: AMBER ---
[REPLICA 349] Ground truth loaded — 10 CA atoms
--- SCOUTING: Checking 50 starting points ---
 > Deterministic Seed: 313297116 (Derived from Sequence)
 > Best Start Found: Energy 430.40
[REPLICA 349] Init strategy: random, seed: 313297116
============================================
End time     : Mon Apr 27 11:29:55 EDT 2026
Exit code    : 0
============================================
