============================================
Job ID       : 5474723
Array Task   : 551
Replica ID   : 551
Node         : lri044
Start time   : Wed Apr 22 17:59:41 EDT 2026
============================================
[REPLICA 551] Starting...
  Sequence   : YYDPETGTWY
  Forcefield : amber
  Backend    : aer
  Max iter   : 2000
--- INITIALIZING QUANTUM BIOPHYSICS FOLDER (HARDWARE) ---
--- FORCE FIELD: AMBER ---
--- SCOUTING: Checking 50 starting points ---
 > Deterministic Seed: 313297318 (Derived from Sequence)
 > Best Start Found: Energy 322.92
[REPLICA 551] Init strategy: random, seed: 313297318
--- STARTING QUANTUM FOLDING (HYBRID PIPELINE) ---
Stage 1: Mechanical Collapse (COBYLA, statevector)...
 > Collapse Energy: 385.82
Stage 2: Physics Refinement (SLSQP, statevector)...
Optimization terminated successfully    (Exit mode 0)
            Current function value: 82.66389952810607
            Iterations: 200
            Function evaluations: 10821
            Gradient evaluations: 200
 > Refinement Energy: 82.66
Stage 3: Natural Relaxation (SLSQP, statevector)...
Optimization terminated successfully    (Exit mode 0)
            Current function value: -0.18526942620019082
            Iterations: 242
            Function evaluations: 13025
            Gradient evaluations: 242
 > Relaxation Energy: -0.19

[EXTRACTION] Mode: sampler → backend='aer_simulator', shots=4096
  Submitting 3 circuits (Z / X / Y bases)...
  Done. Angles extracted from measurement statistics.

[RESULT] Final energy: -0.1853
[SAVED] outputs/reps_Brickwork_entanglement/slurm_YYDPETGTWY_amber/replica_551/replica_551_landscape.png
[REPLICA 551] RMSD: 3.069 Å
[REPLICA 551] Done!
  Energy     : -0.1853
  RMSD       : 3.069 Å
  Runtime    : 289.8s
  Saved to   : outputs/reps_Brickwork_entanglement/slurm_YYDPETGTWY_amber/replica_551/replica_551_result.json
============================================
End time     : Wed Apr 22 18:04:32 EDT 2026
Exit code    : 0
============================================
