============================================
Job ID       : 5548247
Array Task   : 383
Replica ID   : 383
Node         : lri044
Start time   : Thu May  7 10:16:07 EDT 2026
============================================
[REPLICA 383] Starting...
  Sequence     : YYDPETGTWY
  Forcefield   : amber
  Backend      : aer
  Max iter     : 2000
  Skip Stage 2 : False
--- INITIALIZING QUANTUM BIOPHYSICS FOLDER (HARDWARE) ---
--- FORCE FIELD: AMBER ---
[REPLICA 383] Ground truth loaded — 10 CA atoms
--- SCOUTING: Checking 50 starting points ---
 > Deterministic Seed: 313297150 (Derived from Sequence)
 > Best Start Found: Energy 396.66
[REPLICA 383] Init strategy: random, seed: 313297150
--- STARTING QUANTUM FOLDING (HYBRID PIPELINE) ---
Stage 1: Mechanical Collapse (COBYLA, statevector)...
 > Collapse Energy : 289.58
 > Stage 1 RMSD    : 2.7209 Å
Stage 2: Physics Refinement (SLSQP, statevector)...
Optimization terminated successfully    (Exit mode 0)
            Current function value: 1555.6120660710417
            Iterations: 105
            Function evaluations: 6097
            Gradient evaluations: 105
 > Refinement Energy : 1555.61
 > Stage 2 RMSD      : 4.0344 Å
Stage 3: Natural Relaxation (SLSQP, statevector)...
Optimization terminated successfully    (Exit mode 0)
            Current function value: 372.6075913136857
            Iterations: 86
            Function evaluations: 4933
            Gradient evaluations: 86
 > Relaxation Energy : 372.61
 > Stage 3 RMSD      : 2.5708 Å

── RMSD Progress ──────────────────────────
  Stage 1 : 2.7209 Å
  Stage 2 : 4.0344 Å  ↑ worse
  Stage 3 : 2.5708 Å  ↓ better
──────────────────────────────────────────

[EXTRACTION] Mode: sampler → backend='aer_simulator', shots=4096
  Submitting 3 circuits (Z / X / Y bases)...
  Done. Angles extracted from measurement statistics.

[RESULT] Final energy: 372.6076
[REPLICA 383] Tracker saved → outputs/no_skip1/slurm_YYDPETGTWY_amber/replica_383/replica_383_tracker.json
[SAVED] outputs/no_skip1/slurm_YYDPETGTWY_amber/replica_383/replica_383_landscape.png
[REPLICA 383] Final RMSD: 4.984 Å

[REPLICA 383] ✓ Done!
  Energy       : 372.6076
  RMSD final   : 4.984 Å
  RMSD stage1  : 2.721 Å
  RMSD stage2  : 4.034 Å
  RMSD stage3  : 2.571 Å
  Runtime      : 151.0s
  Saved to     : outputs/no_skip1/slurm_YYDPETGTWY_amber/replica_383/replica_383_result.json
============================================
End time     : Thu May  7 10:18:44 EDT 2026
Exit code    : 0
============================================
