============================================
Job ID       : 5494737
Array Task   : 289
Replica ID   : 289
Node         : lri041
Start time   : Mon Apr 27 11:29:47 EDT 2026
============================================
[REPLICA 289] Starting...
  Sequence     : YYDPETGTWY
  Forcefield   : amber
  Backend      : aer
  Max iter     : 2000
  Skip Stage 2 : False
--- INITIALIZING QUANTUM BIOPHYSICS FOLDER (HARDWARE) ---
--- FORCE FIELD: AMBER ---
[REPLICA 289] Ground truth loaded — 10 CA atoms
--- SCOUTING: Checking 50 starting points ---
 > Deterministic Seed: 313297056 (Derived from Sequence)
 > Best Start Found: Energy 476.64
[REPLICA 289] Init strategy: random, seed: 313297056
============================================
End time     : Mon Apr 27 11:29:49 EDT 2026
Exit code    : 0
============================================
