============================================
Job ID       : 5474108
Array Task   : 57
Replica ID   : 57
Node         : lri010
Start time   : Wed Apr 22 17:45:14 EDT 2026
============================================
[REPLICA 57] Starting...
  Sequence   : YYDPETGTWY
  Forcefield : amber
  Backend    : aer
  Max iter   : 2000
--- INITIALIZING QUANTUM BIOPHYSICS FOLDER (HARDWARE) ---
--- FORCE FIELD: AMBER ---
--- SCOUTING: Checking 50 starting points ---
 > Deterministic Seed: 313296824 (Derived from Sequence)
 > Best Start Found: Energy 375.25
[REPLICA 57] Init strategy: random, seed: 313296824
--- STARTING QUANTUM FOLDING (HYBRID PIPELINE) ---
Stage 1: Mechanical Collapse (COBYLA, statevector)...
 > Collapse Energy: 464.79
Stage 2: Physics Refinement (SLSQP, statevector)...
Optimization terminated successfully    (Exit mode 0)
            Current function value: 156.41407065120123
            Iterations: 191
            Function evaluations: 10315
            Gradient evaluations: 191
 > Refinement Energy: 156.41
Stage 3: Natural Relaxation (SLSQP, statevector)...
Optimization terminated successfully    (Exit mode 0)
            Current function value: 50.59618954779191
            Iterations: 182
            Function evaluations: 9766
            Gradient evaluations: 182
 > Relaxation Energy: 50.60

[EXTRACTION] Mode: sampler → backend='aer_simulator', shots=4096
  Submitting 3 circuits (Z / X / Y bases)...
  Done. Angles extracted from measurement statistics.

[RESULT] Final energy: 50.5962
[SAVED] outputs/reps_Brickwork_entanglement/slurm_YYDPETGTWY_amber/replica_57/replica_57_landscape.png
[REPLICA 57] RMSD: 6.342 Å
[REPLICA 57] Done!
  Energy     : 50.5962
  RMSD       : 6.342 Å
  Runtime    : 269.7s
  Saved to   : outputs/reps_Brickwork_entanglement/slurm_YYDPETGTWY_amber/replica_57/replica_57_result.json
============================================
End time     : Wed Apr 22 17:49:50 EDT 2026
Exit code    : 0
============================================
