============================================
Job ID       : 5438757
Array Task   : 146
Replica ID   : 146
Node         : lri015
Start time   : Fri Apr 17 07:30:27 EDT 2026
============================================
[REPLICA 146] Starting...
  Sequence   : YYDPETGTWY
  Forcefield : amber
  Backend    : aer
  Max iter   : 2000
--- INITIALIZING QUANTUM BIOPHYSICS FOLDER (HARDWARE) ---
--- FORCE FIELD: AMBER ---
--- SCOUTING: Checking 50 starting points ---
 > Deterministic Seed: 313296913 (Derived from Sequence)
 > Best Start Found: Energy 390.28
[REPLICA 146] Init strategy: random, seed: 313296913
--- STARTING QUANTUM FOLDING (HYBRID PIPELINE) ---
Stage 1: Mechanical Collapse (COBYLA, statevector)...
 > Collapse Energy: 169.99
Stage 2: Physics Refinement (SLSQP, statevector)...
Optimization terminated successfully    (Exit mode 0)
            Current function value: 149.67794909682718
            Iterations: 164
            Function evaluations: 8944
            Gradient evaluations: 164
 > Refinement Energy: 149.68
Stage 3: Natural Relaxation (SLSQP, statevector)...
Optimization terminated successfully    (Exit mode 0)
            Current function value: 158.40323728972135
            Iterations: 388
            Function evaluations: 20186
            Gradient evaluations: 388
 > Relaxation Energy: 158.40

[EXTRACTION] Mode: sampler → backend='aer_simulator', shots=4096
  Submitting 3 circuits (Z / X / Y bases)...
  Done. Angles extracted from measurement statistics.

[RESULT] Final energy: 158.4032
[REPLICA 146] RMSD: 6.043 Å
[REPLICA 146] Done!
  Energy     : 158.4032
  RMSD       : 6.043 Å
  Runtime    : 352.2s
  Saved to   : outputs/reps_Brickwork_entanglement/slurm_YYDPETGTWY_amber/replica_146/replica_146_result.json
============================================
End time     : Fri Apr 17 07:36:21 EDT 2026
Exit code    : 0
============================================
