============================================
Job ID       : 5443498
Array Task   : 972
Replica ID   : 972
Node         : lri054
Start time   : Fri Apr 17 19:07:15 EDT 2026
============================================
[REPLICA 972] Starting...
  Sequence   : DAYAQWLKDGGPSSGRPPPS
  Forcefield : amber
  Backend    : aer
  Max iter   : 2000
--- INITIALIZING QUANTUM BIOPHYSICS FOLDER (HARDWARE) ---
--- FORCE FIELD: AMBER ---
--- SCOUTING: Checking 50 starting points ---
 > Deterministic Seed: 2158524357 (Derived from Sequence)
 > Best Start Found: Energy 546.05
[REPLICA 972] Init strategy: random, seed: 2158524357
--- STARTING QUANTUM FOLDING (HYBRID PIPELINE) ---
Stage 1: Mechanical Collapse (COBYLA, statevector)...
 > Collapse Energy: 752.08
Stage 2: Physics Refinement (SLSQP, statevector)...
Optimization terminated successfully    (Exit mode 0)
            Current function value: 151.24908555570812
            Iterations: 829
            Function evaluations: 62647
            Gradient evaluations: 829
 > Refinement Energy: 151.25
Stage 3: Natural Relaxation (SLSQP, statevector)...
Optimization terminated successfully    (Exit mode 0)
            Current function value: 108.02326850900383
            Iterations: 163
            Function evaluations: 13119
            Gradient evaluations: 163
 > Relaxation Energy: 108.02

[EXTRACTION] Mode: sampler → backend='aer_simulator', shots=4096
  Submitting 3 circuits (Z / X / Y bases)...
  Done. Angles extracted from measurement statistics.

[RESULT] Final energy: 108.0233
[REPLICA 972] RMSD: 9.713 Å
[REPLICA 972] Done!
  Energy     : 108.0233
  RMSD       : 9.713 Å
  Runtime    : 1487.3s
  Saved to   : outputs/reps_Brickwork_entanglement1/slurm_DAYAQWLKDGGPSSGRPPPS_amber/replica_972/replica_972_result.json
============================================
End time     : Fri Apr 17 19:32:03 EDT 2026
Exit code    : 0
============================================
