============================================
Job ID       : 5442809
Array Task   : 697
Replica ID   : 697
Node         : lri054
Start time   : Fri Apr 17 17:03:02 EDT 2026
============================================
[REPLICA 697] Starting...
  Sequence   : DAYAQWLKDGGPSSGRPPPS
  Forcefield : amber
  Backend    : aer
  Max iter   : 2000
--- INITIALIZING QUANTUM BIOPHYSICS FOLDER (HARDWARE) ---
--- FORCE FIELD: AMBER ---
--- SCOUTING: Checking 50 starting points ---
 > Deterministic Seed: 2158524082 (Derived from Sequence)
 > Best Start Found: Energy 627.86
[REPLICA 697] Init strategy: random, seed: 2158524082
--- STARTING QUANTUM FOLDING (HYBRID PIPELINE) ---
Stage 1: Mechanical Collapse (COBYLA, statevector)...
 > Collapse Energy: 409.54
Stage 2: Physics Refinement (SLSQP, statevector)...
Optimization terminated successfully    (Exit mode 0)
            Current function value: 106.43426080792324
            Iterations: 513
            Function evaluations: 39228
            Gradient evaluations: 513
 > Refinement Energy: 106.43
Stage 3: Natural Relaxation (SLSQP, statevector)...
Optimization terminated successfully    (Exit mode 0)
            Current function value: -37.85787767453213
            Iterations: 378
            Function evaluations: 29077
            Gradient evaluations: 378
 > Relaxation Energy: -37.86

[EXTRACTION] Mode: sampler → backend='aer_simulator', shots=4096
  Submitting 3 circuits (Z / X / Y bases)...
  Done. Angles extracted from measurement statistics.

[RESULT] Final energy: -37.8579
[REPLICA 697] RMSD: 4.870 Å
[REPLICA 697] Done!
  Energy     : -37.8579
  RMSD       : 4.870 Å
  Runtime    : 1251.5s
  Saved to   : outputs/reps_Brickwork_entanglement1/slurm_DAYAQWLKDGGPSSGRPPPS_amber/replica_697/replica_697_result.json
============================================
End time     : Fri Apr 17 17:23:55 EDT 2026
Exit code    : 0
============================================
