============================================
Job ID       : 5423306
Array Task   : 335
Replica ID   : 335
Node         : lri016
Start time   : Tue Apr 14 16:19:54 EDT 2026
============================================
[REPLICA 335] Starting...
  Sequence   : YYDPETGTWY
  Forcefield : amber
  Backend    : aer
  Max iter   : 2000
--- INITIALIZING QUANTUM BIOPHYSICS FOLDER (HARDWARE) ---
--- FORCE FIELD: AMBER ---
--- SCOUTING: Checking 50 starting points ---
 > Deterministic Seed: 313297102 (Derived from Sequence)
 > Best Start Found: Energy 272.39
[REPLICA 335] Init strategy: random, seed: 313297102
--- STARTING QUANTUM FOLDING (HYBRID PIPELINE) ---
Stage 1: Mechanical Collapse (COBYLA, statevector)...
 > Collapse Energy: 179.28
Stage 2: Physics Refinement (SLSQP, statevector)...
Optimization terminated successfully    (Exit mode 0)
            Current function value: -28.03845518578159
            Iterations: 317
            Function evaluations: 36596
            Gradient evaluations: 317
 > Refinement Energy: -28.04
Stage 3: Natural Relaxation (SLSQP, statevector)...
Optimization terminated successfully    (Exit mode 0)
            Current function value: -69.7726298977457
            Iterations: 378
            Function evaluations: 43306
            Gradient evaluations: 378
 > Relaxation Energy: -69.77

[EXTRACTION] Mode: sampler → backend='aer_simulator', shots=4096
  Submitting 3 circuits (Z / X / Y bases)...
  Done. Angles extracted from measurement statistics.

[RESULT] Final energy: -69.7726
[REPLICA 335] RMSD: 4.839 Å
[REPLICA 335] Done!
  Energy     : -69.7726
  RMSD       : 4.839 Å
  Runtime    : 1388.9s
  Saved to   : outputs/probability_vectors/slurm_YYDPETGTWY_amber/replica_335/replica_335_result.json
============================================
End time     : Tue Apr 14 16:43:05 EDT 2026
Exit code    : 0
============================================
