============================================
Job ID       : 5494637
Array Task   : 189
Replica ID   : 189
Node         : lri026
Start time   : Mon Apr 27 11:29:41 EDT 2026
============================================
[REPLICA 189] Starting...
  Sequence     : YYDPETGTWY
  Forcefield   : amber
  Backend      : aer
  Max iter     : 2000
  Skip Stage 2 : False
--- INITIALIZING QUANTUM BIOPHYSICS FOLDER (HARDWARE) ---
--- FORCE FIELD: AMBER ---
[REPLICA 189] Ground truth loaded — 10 CA atoms
--- SCOUTING: Checking 50 starting points ---
 > Deterministic Seed: 313296956 (Derived from Sequence)
 > Best Start Found: Energy 377.35
[REPLICA 189] Init strategy: random, seed: 313296956
============================================
End time     : Mon Apr 27 11:29:43 EDT 2026
Exit code    : 0
============================================
