============================================
Job ID       : 5494711
Array Task   : 263
Replica ID   : 263
Node         : lri035
Start time   : Mon Apr 27 11:29:47 EDT 2026
============================================
[REPLICA 263] Starting...
  Sequence     : YYDPETGTWY
  Forcefield   : amber
  Backend      : aer
  Max iter     : 2000
  Skip Stage 2 : False
--- INITIALIZING QUANTUM BIOPHYSICS FOLDER (HARDWARE) ---
--- FORCE FIELD: AMBER ---
[REPLICA 263] Ground truth loaded — 10 CA atoms
--- SCOUTING: Checking 50 starting points ---
 > Deterministic Seed: 313297030 (Derived from Sequence)
 > Best Start Found: Energy 329.13
[REPLICA 263] Init strategy: random, seed: 313297030
============================================
End time     : Mon Apr 27 11:29:49 EDT 2026
Exit code    : 0
============================================
