============================================
Job ID       : 5548106
Array Task   : 242
Replica ID   : 242
Node         : lri032
Start time   : Thu May  7 10:16:07 EDT 2026
============================================
[REPLICA 242] Starting...
  Sequence     : YYDPETGTWY
  Forcefield   : amber
  Backend      : aer
  Max iter     : 2000
  Skip Stage 2 : False
--- INITIALIZING QUANTUM BIOPHYSICS FOLDER (HARDWARE) ---
--- FORCE FIELD: AMBER ---
[REPLICA 242] Ground truth loaded — 10 CA atoms
--- SCOUTING: Checking 50 starting points ---
 > Deterministic Seed: 313297009 (Derived from Sequence)
 > Best Start Found: Energy 333.60
[REPLICA 242] Init strategy: random, seed: 313297009
--- STARTING QUANTUM FOLDING (HYBRID PIPELINE) ---
Stage 1: Mechanical Collapse (COBYLA, statevector)...
 > Collapse Energy : 538.52
 > Stage 1 RMSD    : 2.7914 Å
Stage 2: Physics Refinement (SLSQP, statevector)...
Optimization terminated successfully    (Exit mode 0)
            Current function value: 150.44049820811966
            Iterations: 169
            Function evaluations: 9256
            Gradient evaluations: 169
 > Refinement Energy : 150.44
 > Stage 2 RMSD      : 2.6482 Å
Stage 3: Natural Relaxation (SLSQP, statevector)...
Optimization terminated successfully    (Exit mode 0)
            Current function value: -89.32941251675429
            Iterations: 210
            Function evaluations: 11174
            Gradient evaluations: 210
 > Relaxation Energy : -89.33
 > Stage 3 RMSD      : 3.7848 Å

── RMSD Progress ──────────────────────────
  Stage 1 : 2.7914 Å
  Stage 2 : 2.6482 Å  ↓ better
  Stage 3 : 3.7848 Å  ↑ worse
──────────────────────────────────────────

[EXTRACTION] Mode: sampler → backend='aer_simulator', shots=4096
  Submitting 3 circuits (Z / X / Y bases)...
  Done. Angles extracted from measurement statistics.

[RESULT] Final energy: -89.3294
[REPLICA 242] Tracker saved → outputs/no_skip1/slurm_YYDPETGTWY_amber/replica_242/replica_242_tracker.json
[SAVED] outputs/no_skip1/slurm_YYDPETGTWY_amber/replica_242/replica_242_landscape.png
[REPLICA 242] Final RMSD: 6.928 Å

[REPLICA 242] ✓ Done!
  Energy       : -89.3294
  RMSD final   : 6.928 Å
  RMSD stage1  : 2.791 Å
  RMSD stage2  : 2.648 Å
  RMSD stage3  : 3.785 Å
  Runtime      : 254.0s
  Saved to     : outputs/no_skip1/slurm_YYDPETGTWY_amber/replica_242/replica_242_result.json
============================================
End time     : Thu May  7 10:20:27 EDT 2026
Exit code    : 0
============================================
