============================================
Job ID       : 5480905
Array Task   : 251
Replica ID   : 251
Node         : lri066
Start time   : Thu Apr 23 11:52:55 EDT 2026
============================================
[REPLICA 251] Starting...
  Sequence   : YYDPETGTWY
  Forcefield : amber
  Backend    : aer
  Max iter   : 20
--- INITIALIZING QUANTUM BIOPHYSICS FOLDER (HARDWARE) ---
--- FORCE FIELD: AMBER ---
--- SCOUTING: Checking 50 starting points ---
 > Deterministic Seed: 313297018 (Derived from Sequence)
 > Best Start Found: Energy 210.42
[REPLICA 251] Init strategy: random, seed: 313297018
--- STARTING QUANTUM FOLDING (HYBRID PIPELINE) ---
Stage 1: Mechanical Collapse (COBYLA, statevector)...
 > Collapse Energy: 1189.91
Stage 2: Physics Refinement (SLSQP, statevector)...
Iteration limit reached    (Exit mode 9)
            Current function value: 7473.938444105081
            Iterations: 20
            Function evaluations: 1170
            Gradient evaluations: 20
 > Refinement Energy: 7473.94
Stage 3: Natural Relaxation (SLSQP, statevector)...
Iteration limit reached    (Exit mode 9)
            Current function value: 477.784531521392
            Iterations: 20
            Function evaluations: 1170
            Gradient evaluations: 20
 > Relaxation Energy: 477.78

[EXTRACTION] Mode: sampler → backend='aer_simulator', shots=4096
  Submitting 3 circuits (Z / X / Y bases)...
  Done. Angles extracted from measurement statistics.

[RESULT] Final energy: 477.7845
[REPLICA 251] Tracker saved → outputs/energy_reps_Brickwork_entanglement11/slurm_YYDPETGTWY_amber/replica_251/replica_251_tracker.json
[SAVED] outputs/energy_reps_Brickwork_entanglement11/slurm_YYDPETGTWY_amber/replica_251/replica_251_landscape.png
[REPLICA 251] RMSD: 4.959 Å
[REPLICA 251] Done!
  Energy     : 477.7845
  RMSD       : 4.959 Å
  Runtime    : 30.1s
  Saved to   : outputs/energy_reps_Brickwork_entanglement11/slurm_YYDPETGTWY_amber/replica_251/replica_251_result.json
============================================
End time     : Thu Apr 23 11:53:27 EDT 2026
Exit code    : 0
============================================
