============================================
Job ID       : 5496418
Array Task   : 145
Replica ID   : 145
Node         : lri031
Start time   : Mon Apr 27 14:18:56 EDT 2026
============================================
[REPLICA 145] Starting...
  Sequence     : YYDPETGTWY
  Forcefield   : amber
  Backend      : aer
  Max iter     : 2000
  Skip Stage 2 : True
--- INITIALIZING QUANTUM BIOPHYSICS FOLDER (HARDWARE) ---
--- FORCE FIELD: AMBER ---
[REPLICA 145] Ground truth loaded — 10 CA atoms
--- SCOUTING: Checking 50 starting points ---
 > Deterministic Seed: 313296912 (Derived from Sequence)
 > Best Start Found: Energy 393.92
[REPLICA 145] Init strategy: random, seed: 313296912
--- STARTING QUANTUM FOLDING (HYBRID PIPELINE) ---
Stage 1: Mechanical Collapse (COBYLA, statevector)...
 > Collapse Energy : 150.19
 > Stage 1 RMSD    : 3.5804 Å
Stage 2: SKIPPED
Stage 3: Natural Relaxation (SLSQP, statevector)...
Optimization terminated successfully    (Exit mode 0)
            Current function value: 21.229409015769
            Iterations: 191
            Function evaluations: 10221
            Gradient evaluations: 191
 > Relaxation Energy : 21.23
 > Stage 3 RMSD      : 3.0850 Å

── RMSD Progress ──────────────────────────
  Stage 1 : 3.5804 Å
  Stage 2 : skipped
  Stage 3 : 3.0850 Å  ↓ better
──────────────────────────────────────────

[EXTRACTION] Mode: sampler → backend='aer_simulator', shots=4096
  Submitting 3 circuits (Z / X / Y bases)...
  Done. Angles extracted from measurement statistics.

[RESULT] Final energy: 21.2294
[REPLICA 145] Tracker saved → outputs/Skip1/slurm_YYDPETGTWY_amber/replica_145/replica_145_tracker.json
[SAVED] outputs/Skip1/slurm_YYDPETGTWY_amber/replica_145/replica_145_landscape.png
[REPLICA 145] Final RMSD: 6.078 Å

[REPLICA 145] ✓ Done!
  Energy       : 21.2294
  RMSD final   : 6.078 Å
  RMSD stage1  : 3.580 Å
  RMSD stage2  : skipped
  RMSD stage3  : 3.085 Å
  Runtime      : 121.2s
  Saved to     : outputs/Skip1/slurm_YYDPETGTWY_amber/replica_145/replica_145_result.json
============================================
End time     : Mon Apr 27 14:20:58 EDT 2026
Exit code    : 0
============================================
