============================================
Job ID       : 5425669
Array Task   : 185
Replica ID   : 185
Node         : lri014
Start time   : Wed Apr 15 13:20:51 EDT 2026
============================================
[REPLICA 185] Starting...
  Sequence   : YYDPETGTWY
  Forcefield : amber
  Backend    : aer
  Max iter   : 2000
--- INITIALIZING QUANTUM BIOPHYSICS FOLDER (HARDWARE) ---
--- FORCE FIELD: AMBER ---
--- SCOUTING: Checking 50 starting points ---
 > Deterministic Seed: 313296952 (Derived from Sequence)
 > Best Start Found: Energy 419.25
[REPLICA 185] Init strategy: random, seed: 313296952
--- STARTING QUANTUM FOLDING (HYBRID PIPELINE) ---
Stage 1: Mechanical Collapse (COBYLA, statevector)...
 > Collapse Energy: 719.50
Stage 2: Physics Refinement (SLSQP, statevector)...
Optimization terminated successfully    (Exit mode 0)
            Current function value: 81.99370754929099
            Iterations: 213
            Function evaluations: 11489
            Gradient evaluations: 213
 > Refinement Energy: 81.99
Stage 3: Natural Relaxation (SLSQP, statevector)...
Optimization terminated successfully    (Exit mode 0)
            Current function value: 26.01696131880881
            Iterations: 214
            Function evaluations: 11461
            Gradient evaluations: 214
 > Relaxation Energy: 26.02

[EXTRACTION] Mode: sampler → backend='aer_simulator', shots=4096
  Submitting 3 circuits (Z / X / Y bases)...
  Done. Angles extracted from measurement statistics.

[RESULT] Final energy: 26.0170
[REPLICA 185] RMSD: 6.519 Å
[REPLICA 185] Done!
  Energy     : 26.0170
  RMSD       : 6.519 Å
  Runtime    : 303.8s
  Saved to   : outputs/linear_entanglement_1_rep/slurm_YYDPETGTWY_amber/replica_185/replica_185_result.json
============================================
End time     : Wed Apr 15 13:25:56 EDT 2026
Exit code    : 0
============================================
