============================================
Job ID       : 5505371
Array Task   : 78
Replica ID   : 78
Node         : lri046
Start time   : Tue Apr 28 09:36:00 EDT 2026
============================================
[REPLICA 78] Starting...
  Sequence     : YYDPETGTWY
  Forcefield   : amber
  Backend      : aer
  Max iter     : 2000
  Skip Stage 2 : False
--- INITIALIZING QUANTUM BIOPHYSICS FOLDER (HARDWARE) ---
--- FORCE FIELD: AMBER ---
[REPLICA 78] Ground truth loaded — 10 CA atoms
--- SCOUTING: Checking 50 starting points ---
 > Deterministic Seed: 313296845 (Derived from Sequence)
 > Best Start Found: Energy 300.16
[REPLICA 78] Init strategy: random, seed: 313296845
--- STARTING QUANTUM FOLDING (HYBRID PIPELINE) ---
Stage 1: Mechanical Collapse (COBYLA, statevector)...
 > Collapse Energy : 350.80
 > Stage 1 RMSD    : 2.6984 Å
Stage 2: Physics Refinement (SLSQP, statevector)...
Optimization terminated successfully    (Exit mode 0)
            Current function value: 38.24650980414313
            Iterations: 223
            Function evaluations: 12042
            Gradient evaluations: 223
 > Refinement Energy : 38.25
 > Stage 2 RMSD      : 2.6539 Å
Stage 3: Natural Relaxation (SLSQP, statevector)...
Optimization terminated successfully    (Exit mode 0)
            Current function value: -20.36944298878121
            Iterations: 172
            Function evaluations: 9340
            Gradient evaluations: 172
 > Relaxation Energy : -20.37
 > Stage 3 RMSD      : 3.0836 Å

── RMSD Progress ──────────────────────────
  Stage 1 : 2.6984 Å
  Stage 2 : 2.6539 Å  ↓ better
  Stage 3 : 3.0836 Å  ↑ worse
──────────────────────────────────────────

[EXTRACTION] Mode: sampler → backend='aer_simulator', shots=4096
  Submitting 3 circuits (Z / X / Y bases)...
  Done. Angles extracted from measurement statistics.

[RESULT] Final energy: -20.3694
[REPLICA 78] Tracker saved → outputs/no_skip1/slurm_YYDPETGTWY_amber/replica_78/replica_78_tracker.json
[SAVED] outputs/no_skip1/slurm_YYDPETGTWY_amber/replica_78/replica_78_landscape.png
[REPLICA 78] Final RMSD: 6.273 Å

[REPLICA 78] ✓ Done!
  Energy       : -20.3694
  RMSD final   : 6.273 Å
  RMSD stage1  : 2.698 Å
  RMSD stage2  : 2.654 Å
  RMSD stage3  : 3.084 Å
  Runtime      : 263.6s
  Saved to     : outputs/no_skip1/slurm_YYDPETGTWY_amber/replica_78/replica_78_result.json
============================================
End time     : Tue Apr 28 09:40:32 EDT 2026
Exit code    : 0
============================================
