============================================
Job ID       : 5495590
Array Task   : 143
Replica ID   : 143
Node         : lri034
Start time   : Mon Apr 27 13:44:56 EDT 2026
============================================
[REPLICA 143] Starting...
  Sequence     : YYDPETGTWY
  Forcefield   : amber
  Backend      : aer
  Max iter     : 2000
  Skip Stage 2 : False
--- INITIALIZING QUANTUM BIOPHYSICS FOLDER (HARDWARE) ---
--- FORCE FIELD: AMBER ---
[REPLICA 143] Ground truth loaded — 10 CA atoms
--- SCOUTING: Checking 50 starting points ---
 > Deterministic Seed: 313296910 (Derived from Sequence)
 > Best Start Found: Energy 326.99
[REPLICA 143] Init strategy: random, seed: 313296910
============================================
End time     : Mon Apr 27 13:44:58 EDT 2026
Exit code    : 0
============================================
