============================================
Job ID       : 5427072
Array Task   : 7
Replica ID   : 7
Node         : lri054
Start time   : Wed Apr 15 17:11:08 EDT 2026
============================================
[REPLICA 7] Starting...
  Sequence   : YYDPETGTWY
  Forcefield : amber
  Backend    : aer
  Max iter   : 2000
--- INITIALIZING QUANTUM BIOPHYSICS FOLDER (HARDWARE) ---
--- FORCE FIELD: AMBER ---
--- SCOUTING: Checking 50 starting points ---
 > Deterministic Seed: 313296774 (Derived from Sequence)
 > Best Start Found: Energy 373.82
[REPLICA 7] Init strategy: random, seed: 313296774
--- STARTING QUANTUM FOLDING (HYBRID PIPELINE) ---
Stage 1: Mechanical Collapse (COBYLA, statevector)...
 > Collapse Energy: 381.57
Stage 2: Physics Refinement (SLSQP, statevector)...
Optimization terminated successfully    (Exit mode 0)
            Current function value: 474.580437476498
            Iterations: 334
            Function evaluations: 17551
            Gradient evaluations: 334
 > Refinement Energy: 474.58
Stage 3: Natural Relaxation (SLSQP, statevector)...
Optimization terminated successfully    (Exit mode 0)
            Current function value: 0.4160473992149263
            Iterations: 155
            Function evaluations: 8407
            Gradient evaluations: 155
 > Relaxation Energy: 0.42

[EXTRACTION] Mode: sampler → backend='aer_simulator', shots=4096
  Submitting 3 circuits (Z / X / Y bases)...
  Done. Angles extracted from measurement statistics.

[RESULT] Final energy: 0.4160
[REPLICA 7] RMSD: 5.818 Å
[REPLICA 7] Done!
  Energy     : 0.4160
  RMSD       : 5.818 Å
  Runtime    : 330.1s
  Saved to   : outputs/Reps_qubits_d_2/slurm_YYDPETGTWY_amber/replica_7/replica_7_result.json
============================================
End time     : Wed Apr 15 17:16:39 EDT 2026
Exit code    : 0
============================================
