============================================
Job ID       : 5442058
Array Task   : 537
Replica ID   : 537
Node         : lri013
Start time   : Fri Apr 17 15:50:56 EDT 2026
============================================
[REPLICA 537] Starting...
  Sequence   : DAYAQWLKDGGPSSGRPPPS
  Forcefield : amber
  Backend    : aer
  Max iter   : 2000
--- INITIALIZING QUANTUM BIOPHYSICS FOLDER (HARDWARE) ---
--- FORCE FIELD: AMBER ---
--- SCOUTING: Checking 50 starting points ---
 > Deterministic Seed: 2158523922 (Derived from Sequence)
 > Best Start Found: Energy 645.87
[REPLICA 537] Init strategy: random, seed: 2158523922
--- STARTING QUANTUM FOLDING (HYBRID PIPELINE) ---
Stage 1: Mechanical Collapse (COBYLA, statevector)...
 > Collapse Energy: 327.08
Stage 2: Physics Refinement (SLSQP, statevector)...
Optimization terminated successfully    (Exit mode 0)
            Current function value: -52.63106374267928
            Iterations: 293
            Function evaluations: 22941
            Gradient evaluations: 293
 > Refinement Energy: -52.63
Stage 3: Natural Relaxation (SLSQP, statevector)...
Optimization terminated successfully    (Exit mode 0)
            Current function value: -96.20640139074067
            Iterations: 230
            Function evaluations: 18061
            Gradient evaluations: 230
 > Relaxation Energy: -96.21

[EXTRACTION] Mode: sampler → backend='aer_simulator', shots=4096
  Submitting 3 circuits (Z / X / Y bases)...
  Done. Angles extracted from measurement statistics.

[RESULT] Final energy: -96.2064
[REPLICA 537] RMSD: 4.879 Å
[REPLICA 537] Done!
  Energy     : -96.2064
  RMSD       : 4.879 Å
  Runtime    : 786.4s
  Saved to   : outputs/reps_Brickwork_entanglement1/slurm_DAYAQWLKDGGPSSGRPPPS_amber/replica_537/replica_537_result.json
============================================
End time     : Fri Apr 17 16:04:04 EDT 2026
Exit code    : 0
============================================
