============================================
Job ID       : 5440036
Array Task   : 83
Replica ID   : 83
Node         : lri015
Start time   : Fri Apr 17 11:30:40 EDT 2026
============================================
[REPLICA 83] Starting...
  Sequence   : DAYAQWLKDGGPSSGRPPPS
  Forcefield : amber
  Backend    : aer
  Max iter   : 2000
--- INITIALIZING QUANTUM BIOPHYSICS FOLDER (HARDWARE) ---
--- FORCE FIELD: AMBER ---
--- SCOUTING: Checking 50 starting points ---
 > Deterministic Seed: 2158523468 (Derived from Sequence)
 > Best Start Found: Energy 420.66
[REPLICA 83] Init strategy: random, seed: 2158523468
--- STARTING QUANTUM FOLDING (HYBRID PIPELINE) ---
Stage 1: Mechanical Collapse (COBYLA, statevector)...
 > Collapse Energy: 669.57
Stage 2: Physics Refinement (SLSQP, statevector)...
Optimization terminated successfully    (Exit mode 0)
            Current function value: 141.5277996723324
            Iterations: 389
            Function evaluations: 29989
            Gradient evaluations: 389
 > Refinement Energy: 141.53
Stage 3: Natural Relaxation (SLSQP, statevector)...
Optimization terminated successfully    (Exit mode 0)
            Current function value: -161.89906021834668
            Iterations: 289
            Function evaluations: 22409
            Gradient evaluations: 289
 > Relaxation Energy: -161.90

[EXTRACTION] Mode: sampler → backend='aer_simulator', shots=4096
  Submitting 3 circuits (Z / X / Y bases)...
  Done. Angles extracted from measurement statistics.

[RESULT] Final energy: -161.8991
[REPLICA 83] RMSD: 7.376 Å
[REPLICA 83] Done!
  Energy     : -161.8991
  RMSD       : 7.376 Å
  Runtime    : 994.9s
  Saved to   : outputs/reps_Brickwork_entanglement1/slurm_DAYAQWLKDGGPSSGRPPPS_amber/replica_83/replica_83_result.json
============================================
End time     : Fri Apr 17 11:47:16 EDT 2026
Exit code    : 0
============================================
