============================================
Job ID       : 5495955
Array Task   : 107
Replica ID   : 107
Node         : lri027
Start time   : Mon Apr 27 13:47:13 EDT 2026
============================================
[REPLICA 107] Starting...
  Sequence     : YYDPETGTWY
  Forcefield   : amber
  Backend      : aer
  Max iter     : 2000
  Skip Stage 2 : True
--- INITIALIZING QUANTUM BIOPHYSICS FOLDER (HARDWARE) ---
--- FORCE FIELD: AMBER ---
[REPLICA 107] Ground truth loaded — 10 CA atoms
--- SCOUTING: Checking 50 starting points ---
 > Deterministic Seed: 313296874 (Derived from Sequence)
 > Best Start Found: Energy 390.97
[REPLICA 107] Init strategy: random, seed: 313296874
============================================
End time     : Mon Apr 27 13:47:15 EDT 2026
Exit code    : 0
============================================
