============================================
Job ID       : 5437282
Array Task   : 629
Replica ID   : 629
Node         : lri054
Start time   : Thu Apr 16 23:34:02 EDT 2026
============================================
[REPLICA 629] Starting...
  Sequence   : YYDPETGTWY
  Forcefield : amber
  Backend    : aer
  Max iter   : 2000
--- INITIALIZING QUANTUM BIOPHYSICS FOLDER (HARDWARE) ---
--- FORCE FIELD: AMBER ---
--- SCOUTING: Checking 50 starting points ---
 > Deterministic Seed: 313297396 (Derived from Sequence)
 > Best Start Found: Energy 325.99
[REPLICA 629] Init strategy: random, seed: 313297396
--- STARTING QUANTUM FOLDING (HYBRID PIPELINE) ---
Stage 1: Mechanical Collapse (COBYLA, statevector)...
 > Collapse Energy: 527.36
Stage 2: Physics Refinement (SLSQP, statevector)...
Optimization terminated successfully    (Exit mode 0)
            Current function value: 215.04534568367544
            Iterations: 268
            Function evaluations: 14201
            Gradient evaluations: 268
 > Refinement Energy: 215.05
Stage 3: Natural Relaxation (SLSQP, statevector)...
Optimization terminated successfully    (Exit mode 0)
            Current function value: -24.74343569472284
            Iterations: 142
            Function evaluations: 7802
            Gradient evaluations: 142
 > Relaxation Energy: -24.74

[EXTRACTION] Mode: sampler → backend='aer_simulator', shots=4096
  Submitting 3 circuits (Z / X / Y bases)...
  Done. Angles extracted from measurement statistics.

[RESULT] Final energy: -24.7434
[REPLICA 629] RMSD: 6.350 Å
[REPLICA 629] Done!
  Energy     : -24.7434
  RMSD       : 6.350 Å
  Runtime    : 263.4s
  Saved to   : outputs/Brickwork_entanglement/slurm_YYDPETGTWY_amber/replica_629/replica_629_result.json
============================================
End time     : Thu Apr 16 23:38:27 EDT 2026
Exit code    : 0
============================================
