============================================
Job ID       : 5440521
Array Task   : 375
Replica ID   : 375
Node         : lri014
Start time   : Fri Apr 17 14:30:50 EDT 2026
============================================
[REPLICA 375] Starting...
  Sequence   : DAYAQWLKDGGPSSGRPPPS
  Forcefield : amber
  Backend    : aer
  Max iter   : 2000
--- INITIALIZING QUANTUM BIOPHYSICS FOLDER (HARDWARE) ---
--- FORCE FIELD: AMBER ---
--- SCOUTING: Checking 50 starting points ---
 > Deterministic Seed: 2158523760 (Derived from Sequence)
 > Best Start Found: Energy 415.41
[REPLICA 375] Init strategy: random, seed: 2158523760
--- STARTING QUANTUM FOLDING (HYBRID PIPELINE) ---
Stage 1: Mechanical Collapse (COBYLA, statevector)...
 > Collapse Energy: 349.46
Stage 2: Physics Refinement (SLSQP, statevector)...
Optimization terminated successfully    (Exit mode 0)
            Current function value: 49.06243328095998
            Iterations: 677
            Function evaluations: 51416
            Gradient evaluations: 677
 > Refinement Energy: 49.06
Stage 3: Natural Relaxation (SLSQP, statevector)...
Optimization terminated successfully    (Exit mode 0)
            Current function value: -64.88791772215232
            Iterations: 216
            Function evaluations: 17034
            Gradient evaluations: 216
 > Relaxation Energy: -64.89

[EXTRACTION] Mode: sampler → backend='aer_simulator', shots=4096
  Submitting 3 circuits (Z / X / Y bases)...
  Done. Angles extracted from measurement statistics.

[RESULT] Final energy: -64.8879
[REPLICA 375] RMSD: 6.243 Å
[REPLICA 375] Done!
  Energy     : -64.8879
  RMSD       : 6.243 Å
  Runtime    : 1266.0s
  Saved to   : outputs/reps_Brickwork_entanglement1/slurm_DAYAQWLKDGGPSSGRPPPS_amber/replica_375/replica_375_result.json
============================================
End time     : Fri Apr 17 14:51:57 EDT 2026
Exit code    : 0
============================================
