============================================
Job ID       : 5427339
Array Task   : 232
Replica ID   : 232
Node         : lri016
Start time   : Wed Apr 15 18:21:12 EDT 2026
============================================
[REPLICA 232] Starting...
  Sequence   : YYDPETGTWY
  Forcefield : amber
  Backend    : aer
  Max iter   : 2000
--- INITIALIZING QUANTUM BIOPHYSICS FOLDER (HARDWARE) ---
--- FORCE FIELD: AMBER ---
--- SCOUTING: Checking 50 starting points ---
 > Deterministic Seed: 313296999 (Derived from Sequence)
 > Best Start Found: Energy 305.15
[REPLICA 232] Init strategy: random, seed: 313296999
--- STARTING QUANTUM FOLDING (HYBRID PIPELINE) ---
Stage 1: Mechanical Collapse (COBYLA, statevector)...
 > Collapse Energy: 418.09
Stage 2: Physics Refinement (SLSQP, statevector)...
Optimization terminated successfully    (Exit mode 0)
            Current function value: 29.122522380595118
            Iterations: 141
            Function evaluations: 7730
            Gradient evaluations: 141
 > Refinement Energy: 29.12
Stage 3: Natural Relaxation (SLSQP, statevector)...
Optimization terminated successfully    (Exit mode 0)
            Current function value: 56.725817073841554
            Iterations: 225
            Function evaluations: 12018
            Gradient evaluations: 225
 > Relaxation Energy: 56.73

[EXTRACTION] Mode: sampler → backend='aer_simulator', shots=4096
  Submitting 3 circuits (Z / X / Y bases)...
  Done. Angles extracted from measurement statistics.

[RESULT] Final energy: 56.7258
[REPLICA 232] RMSD: 5.177 Å
[REPLICA 232] Done!
  Energy     : 56.7258
  RMSD       : 5.177 Å
  Runtime    : 257.4s
  Saved to   : outputs/Reps_qubits_d_2/slurm_YYDPETGTWY_amber/replica_232/replica_232_result.json
============================================
End time     : Wed Apr 15 18:25:30 EDT 2026
Exit code    : 0
============================================
