============================================
Job ID       : 5440574
Array Task   : 412
Replica ID   : 412
Node         : lri013
Start time   : Fri Apr 17 14:48:51 EDT 2026
============================================
[REPLICA 412] Starting...
  Sequence   : DAYAQWLKDGGPSSGRPPPS
  Forcefield : amber
  Backend    : aer
  Max iter   : 2000
--- INITIALIZING QUANTUM BIOPHYSICS FOLDER (HARDWARE) ---
--- FORCE FIELD: AMBER ---
--- SCOUTING: Checking 50 starting points ---
 > Deterministic Seed: 2158523797 (Derived from Sequence)
 > Best Start Found: Energy 567.19
[REPLICA 412] Init strategy: random, seed: 2158523797
--- STARTING QUANTUM FOLDING (HYBRID PIPELINE) ---
Stage 1: Mechanical Collapse (COBYLA, statevector)...
 > Collapse Energy: 250.00
Stage 2: Physics Refinement (SLSQP, statevector)...
Optimization terminated successfully    (Exit mode 0)
            Current function value: 82.18833755835092
            Iterations: 271
            Function evaluations: 21401
            Gradient evaluations: 271
 > Refinement Energy: 82.19
Stage 3: Natural Relaxation (SLSQP, statevector)...
Optimization terminated successfully    (Exit mode 0)
            Current function value: -232.75991519522157
            Iterations: 259
            Function evaluations: 20152
            Gradient evaluations: 259
 > Relaxation Energy: -232.76

[EXTRACTION] Mode: sampler → backend='aer_simulator', shots=4096
  Submitting 3 circuits (Z / X / Y bases)...
  Done. Angles extracted from measurement statistics.

[RESULT] Final energy: -232.7599
[REPLICA 412] RMSD: 7.467 Å
[REPLICA 412] Done!
  Energy     : -232.7599
  RMSD       : 7.467 Å
  Runtime    : 787.5s
  Saved to   : outputs/reps_Brickwork_entanglement1/slurm_DAYAQWLKDGGPSSGRPPPS_amber/replica_412/replica_412_result.json
============================================
End time     : Fri Apr 17 15:02:00 EDT 2026
Exit code    : 0
============================================
