============================================
Job ID       : 5438156
Array Task   : 975
Replica ID   : 975
Node         : lri013
Start time   : Fri Apr 17 00:44:07 EDT 2026
============================================
[REPLICA 975] Starting...
  Sequence   : YYDPETGTWY
  Forcefield : amber
  Backend    : aer
  Max iter   : 2000
--- INITIALIZING QUANTUM BIOPHYSICS FOLDER (HARDWARE) ---
--- FORCE FIELD: AMBER ---
--- SCOUTING: Checking 50 starting points ---
 > Deterministic Seed: 313297742 (Derived from Sequence)
 > Best Start Found: Energy 377.63
[REPLICA 975] Init strategy: random, seed: 313297742
--- STARTING QUANTUM FOLDING (HYBRID PIPELINE) ---
Stage 1: Mechanical Collapse (COBYLA, statevector)...
 > Collapse Energy: 559.26
Stage 2: Physics Refinement (SLSQP, statevector)...
Optimization terminated successfully    (Exit mode 0)
            Current function value: 3.0078278873025655
            Iterations: 270
            Function evaluations: 14250
            Gradient evaluations: 270
 > Refinement Energy: 3.01
Stage 3: Natural Relaxation (SLSQP, statevector)...
Optimization terminated successfully    (Exit mode 0)
            Current function value: -1.1356312343964134
            Iterations: 195
            Function evaluations: 10445
            Gradient evaluations: 195
 > Relaxation Energy: -1.14

[EXTRACTION] Mode: sampler → backend='aer_simulator', shots=4096
  Submitting 3 circuits (Z / X / Y bases)...
  Done. Angles extracted from measurement statistics.

[RESULT] Final energy: -1.1356
[REPLICA 975] RMSD: 5.458 Å
[REPLICA 975] Done!
  Energy     : -1.1356
  RMSD       : 5.458 Å
  Runtime    : 306.3s
  Saved to   : outputs/Brickwork_entanglement/slurm_YYDPETGTWY_amber/replica_975/replica_975_result.json
============================================
End time     : Fri Apr 17 00:49:14 EDT 2026
Exit code    : 0
============================================
