============================================
Job ID       : 5421591
Array Task   : 348
Replica ID   : 348
Node         : lri018
Start time   : Tue Apr 14 05:57:13 EDT 2026
============================================
[REPLICA 348] Starting...
  Sequence   : YYDPETGTWY
  Forcefield : amber
  Backend    : aer
  Max iter   : 2000
--- INITIALIZING QUANTUM BIOPHYSICS FOLDER (HARDWARE) ---
--- FORCE FIELD: AMBER ---
--- PRIMING CIRCUIT FOR HELIX ---
 > Priming Error: 10.8123
[REPLICA 348] Init strategy: helix, seed: 313297115
--- STARTING QUANTUM FOLDING (HYBRID PIPELINE) ---
Stage 1: Mechanical Collapse (COBYLA, statevector)...
 > Collapse Energy: 160.89
Stage 2: Physics Refinement (SLSQP, statevector)...
Optimization terminated successfully    (Exit mode 0)
            Current function value: -18.340430663761314
            Iterations: 269
            Function evaluations: 31048
            Gradient evaluations: 269
 > Refinement Energy: -18.34
Stage 3: Natural Relaxation (SLSQP, statevector)...
Optimization terminated successfully    (Exit mode 0)
            Current function value: 339.2635221880064
            Iterations: 287
            Function evaluations: 33685
            Gradient evaluations: 287
 > Relaxation Energy: 339.26

[EXTRACTION] Mode: sampler → backend='aer_simulator', shots=4096
  Submitting 3 circuits (Z / X / Y bases)...
  Done. Angles extracted from measurement statistics.

[RESULT] Final energy: 339.2635
[REPLICA 348] RMSD: 5.408 Å
[REPLICA 348] Done!
  Energy     : 339.2635
  RMSD       : 5.408 Å
  Runtime    : 1170.4s
  Saved to   : outputs/slurm_YYDPETGTWY_amber/replica_348/replica_348_result.json
============================================
End time     : Tue Apr 14 06:16:44 EDT 2026
Exit code    : 0
============================================
