============================================
Job ID       : 5548070
Array Task   : 208
Replica ID   : 208
Node         : lri029
Start time   : Thu May  7 10:16:00 EDT 2026
============================================
[REPLICA 208] Starting...
  Sequence     : YYDPETGTWY
  Forcefield   : amber
  Backend      : aer
  Max iter     : 2000
  Skip Stage 2 : False
--- INITIALIZING QUANTUM BIOPHYSICS FOLDER (HARDWARE) ---
--- FORCE FIELD: AMBER ---
[REPLICA 208] Ground truth loaded — 10 CA atoms
--- SCOUTING: Checking 50 starting points ---
 > Deterministic Seed: 313296975 (Derived from Sequence)
 > Best Start Found: Energy 577.06
[REPLICA 208] Init strategy: random, seed: 313296975
--- STARTING QUANTUM FOLDING (HYBRID PIPELINE) ---
Stage 1: Mechanical Collapse (COBYLA, statevector)...
 > Collapse Energy : 789.84
 > Stage 1 RMSD    : 2.2271 Å
Stage 2: Physics Refinement (SLSQP, statevector)...
Optimization terminated successfully    (Exit mode 0)
            Current function value: 147.86919503651546
            Iterations: 176
            Function evaluations: 9497
            Gradient evaluations: 176
 > Refinement Energy : 147.87
 > Stage 2 RMSD      : 4.2968 Å
Stage 3: Natural Relaxation (SLSQP, statevector)...
Optimization terminated successfully    (Exit mode 0)
            Current function value: -1.213323123301084
            Iterations: 164
            Function evaluations: 8951
            Gradient evaluations: 164
 > Relaxation Energy : -1.21
 > Stage 3 RMSD      : 3.2120 Å

── RMSD Progress ──────────────────────────
  Stage 1 : 2.2271 Å
  Stage 2 : 4.2968 Å  ↑ worse
  Stage 3 : 3.2120 Å  ↓ better
──────────────────────────────────────────

[EXTRACTION] Mode: sampler → backend='aer_simulator', shots=4096
  Submitting 3 circuits (Z / X / Y bases)...
  Done. Angles extracted from measurement statistics.

[RESULT] Final energy: -1.2133
[REPLICA 208] Tracker saved → outputs/no_skip1/slurm_YYDPETGTWY_amber/replica_208/replica_208_tracker.json
[SAVED] outputs/no_skip1/slurm_YYDPETGTWY_amber/replica_208/replica_208_landscape.png
[REPLICA 208] Final RMSD: 7.066 Å

[REPLICA 208] ✓ Done!
  Energy       : -1.2133
  RMSD final   : 7.066 Å
  RMSD stage1  : 2.227 Å
  RMSD stage2  : 4.297 Å
  RMSD stage3  : 3.212 Å
  Runtime      : 237.0s
  Saved to     : outputs/no_skip1/slurm_YYDPETGTWY_amber/replica_208/replica_208_result.json
============================================
End time     : Thu May  7 10:20:10 EDT 2026
Exit code    : 0
============================================
