============================================
Job ID       : 5480747
Array Task   : 202
Replica ID   : 202
Node         : lri024
Start time   : Thu Apr 23 11:48:54 EDT 2026
============================================
[REPLICA 202] Starting...
  Sequence   : YYDPETGTWY
  Forcefield : amber
  Backend    : aer
  Max iter   : 20
--- INITIALIZING QUANTUM BIOPHYSICS FOLDER (HARDWARE) ---
--- FORCE FIELD: AMBER ---
--- SCOUTING: Checking 50 starting points ---
 > Deterministic Seed: 313296969 (Derived from Sequence)
 > Best Start Found: Energy 355.52
[REPLICA 202] Init strategy: random, seed: 313296969
--- STARTING QUANTUM FOLDING (HYBRID PIPELINE) ---
Stage 1: Mechanical Collapse (COBYLA, statevector)...
 > Collapse Energy: 1288.10
Stage 2: Physics Refinement (SLSQP, statevector)...
Iteration limit reached    (Exit mode 9)
            Current function value: 9141.652678487422
            Iterations: 20
            Function evaluations: 1170
            Gradient evaluations: 20
 > Refinement Energy: 9141.65
Stage 3: Natural Relaxation (SLSQP, statevector)...
Iteration limit reached    (Exit mode 9)
            Current function value: 431.15872046841366
            Iterations: 20
            Function evaluations: 1170
            Gradient evaluations: 20
 > Relaxation Energy: 431.16

[EXTRACTION] Mode: sampler → backend='aer_simulator', shots=4096
  Submitting 3 circuits (Z / X / Y bases)...
  Done. Angles extracted from measurement statistics.

[RESULT] Final energy: 431.1587
[REPLICA 202] Tracker saved → outputs/energy_reps_Brickwork_entanglement11/slurm_YYDPETGTWY_amber/replica_202/replica_202_tracker.json
[SAVED] outputs/energy_reps_Brickwork_entanglement11/slurm_YYDPETGTWY_amber/replica_202/replica_202_landscape.png
[REPLICA 202] RMSD: 6.343 Å
[REPLICA 202] Done!
  Energy     : 431.1587
  RMSD       : 6.343 Å
  Runtime    : 29.8s
  Saved to   : outputs/energy_reps_Brickwork_entanglement11/slurm_YYDPETGTWY_amber/replica_202/replica_202_result.json
============================================
End time     : Thu Apr 23 11:49:25 EDT 2026
Exit code    : 0
============================================
