============================================
Job ID       : 5439845
Array Task   : 7
Replica ID   : 7
Node         : lri013
Start time   : Fri Apr 17 10:34:38 EDT 2026
============================================
[REPLICA 7] Starting...
  Sequence   : DAYAQWLKDGGPSSGRPPPS
  Forcefield : amber
  Backend    : aer
  Max iter   : 2000
--- INITIALIZING QUANTUM BIOPHYSICS FOLDER (HARDWARE) ---
--- FORCE FIELD: AMBER ---
--- SCOUTING: Checking 50 starting points ---
 > Deterministic Seed: 2158523392 (Derived from Sequence)
 > Best Start Found: Energy 619.93
[REPLICA 7] Init strategy: random, seed: 2158523392
--- STARTING QUANTUM FOLDING (HYBRID PIPELINE) ---
Stage 1: Mechanical Collapse (COBYLA, statevector)...
 > Collapse Energy: 466.35
Stage 2: Physics Refinement (SLSQP, statevector)...
Optimization terminated successfully    (Exit mode 0)
            Current function value: -95.05138318458575
            Iterations: 348
            Function evaluations: 26967
            Gradient evaluations: 348
 > Refinement Energy: -95.05
Stage 3: Natural Relaxation (SLSQP, statevector)...
Optimization terminated successfully    (Exit mode 0)
            Current function value: -63.15683442705972
            Iterations: 288
            Function evaluations: 22580
            Gradient evaluations: 288
 > Relaxation Energy: -63.16

[EXTRACTION] Mode: sampler → backend='aer_simulator', shots=4096
  Submitting 3 circuits (Z / X / Y bases)...
  Done. Angles extracted from measurement statistics.

[RESULT] Final energy: -63.1568
[REPLICA 7] RMSD: 6.394 Å
[REPLICA 7] Done!
  Energy     : -63.1568
  RMSD       : 6.394 Å
  Runtime    : 922.0s
  Saved to   : outputs/reps_Brickwork_entanglement1/slurm_DAYAQWLKDGGPSSGRPPPS_amber/replica_7/replica_7_result.json
============================================
End time     : Fri Apr 17 10:50:01 EDT 2026
Exit code    : 0
============================================
