============================================
Job ID       : 5495940
Array Task   : 92
Replica ID   : 92
Node         : lri067
Start time   : Mon Apr 27 13:47:13 EDT 2026
============================================
[REPLICA 92] Starting...
  Sequence     : YYDPETGTWY
  Forcefield   : amber
  Backend      : aer
  Max iter     : 2000
  Skip Stage 2 : True
--- INITIALIZING QUANTUM BIOPHYSICS FOLDER (HARDWARE) ---
--- FORCE FIELD: AMBER ---
[REPLICA 92] Ground truth loaded — 10 CA atoms
--- SCOUTING: Checking 50 starting points ---
 > Deterministic Seed: 313296859 (Derived from Sequence)
 > Best Start Found: Energy 311.24
[REPLICA 92] Init strategy: random, seed: 313296859
============================================
End time     : Mon Apr 27 13:47:15 EDT 2026
Exit code    : 0
============================================
