============================================
Job ID       : 5505681
Array Task   : 382
Replica ID   : 382
Node         : lri025
Start time   : Tue Apr 28 09:41:40 EDT 2026
============================================
[REPLICA 382] Starting...
  Sequence     : YYDPETGTWY
  Forcefield   : amber
  Backend      : aer
  Max iter     : 2000
  Skip Stage 2 : False
--- INITIALIZING QUANTUM BIOPHYSICS FOLDER (HARDWARE) ---
--- FORCE FIELD: AMBER ---
[REPLICA 382] Ground truth loaded — 10 CA atoms
--- SCOUTING: Checking 50 starting points ---
 > Deterministic Seed: 313297149 (Derived from Sequence)
 > Best Start Found: Energy 423.42
[REPLICA 382] Init strategy: random, seed: 313297149
--- STARTING QUANTUM FOLDING (HYBRID PIPELINE) ---
Stage 1: Mechanical Collapse (COBYLA, statevector)...
 > Collapse Energy : 444.76
 > Stage 1 RMSD    : 4.2739 Å
Stage 2: Physics Refinement (SLSQP, statevector)...
Optimization terminated successfully    (Exit mode 0)
            Current function value: 99.41607102514284
            Iterations: 264
            Function evaluations: 14142
            Gradient evaluations: 264
 > Refinement Energy : 99.42
 > Stage 2 RMSD      : 3.8061 Å
Stage 3: Natural Relaxation (SLSQP, statevector)...
Optimization terminated successfully    (Exit mode 0)
            Current function value: -33.22908197177375
            Iterations: 198
            Function evaluations: 10748
            Gradient evaluations: 198
 > Relaxation Energy : -33.23
 > Stage 3 RMSD      : 2.9871 Å

── RMSD Progress ──────────────────────────
  Stage 1 : 4.2739 Å
  Stage 2 : 3.8061 Å  ↓ better
  Stage 3 : 2.9871 Å  ↓ better
──────────────────────────────────────────

[EXTRACTION] Mode: sampler → backend='aer_simulator', shots=4096
  Submitting 3 circuits (Z / X / Y bases)...
  Done. Angles extracted from measurement statistics.

[RESULT] Final energy: -33.2291
[REPLICA 382] Tracker saved → outputs/no_skip1/slurm_YYDPETGTWY_amber/replica_382/replica_382_tracker.json
[SAVED] outputs/no_skip1/slurm_YYDPETGTWY_amber/replica_382/replica_382_landscape.png
[REPLICA 382] Final RMSD: 7.142 Å

[REPLICA 382] ✓ Done!
  Energy       : -33.2291
  RMSD final   : 7.142 Å
  RMSD stage1  : 4.274 Å
  RMSD stage2  : 3.806 Å
  RMSD stage3  : 2.987 Å
  Runtime      : 301.6s
  Saved to     : outputs/no_skip1/slurm_YYDPETGTWY_amber/replica_382/replica_382_result.json
============================================
End time     : Tue Apr 28 09:46:42 EDT 2026
Exit code    : 0
============================================
