============================================
Job ID       : 5426757
Array Task   : 712
Replica ID   : 712
Node         : lri016
Start time   : Wed Apr 15 15:45:00 EDT 2026
============================================
[REPLICA 712] Starting...
  Sequence   : YYDPETGTWY
  Forcefield : amber
  Backend    : aer
  Max iter   : 2000
--- INITIALIZING QUANTUM BIOPHYSICS FOLDER (HARDWARE) ---
--- FORCE FIELD: AMBER ---
--- SCOUTING: Checking 50 starting points ---
 > Deterministic Seed: 313297479 (Derived from Sequence)
 > Best Start Found: Energy 408.01
[REPLICA 712] Init strategy: random, seed: 313297479
--- STARTING QUANTUM FOLDING (HYBRID PIPELINE) ---
Stage 1: Mechanical Collapse (COBYLA, statevector)...
 > Collapse Energy: 208.28
Stage 2: Physics Refinement (SLSQP, statevector)...
Optimization terminated successfully    (Exit mode 0)
            Current function value: 41.58582251731351
            Iterations: 211
            Function evaluations: 11294
            Gradient evaluations: 211
 > Refinement Energy: 41.59
Stage 3: Natural Relaxation (SLSQP, statevector)...
Optimization terminated successfully    (Exit mode 0)
            Current function value: 6.922632962507253
            Iterations: 295
            Function evaluations: 15516
            Gradient evaluations: 295
 > Relaxation Energy: 6.92

[EXTRACTION] Mode: sampler → backend='aer_simulator', shots=4096
  Submitting 3 circuits (Z / X / Y bases)...
  Done. Angles extracted from measurement statistics.

[RESULT] Final energy: 6.9226
[REPLICA 712] RMSD: 5.941 Å
[REPLICA 712] Done!
  Energy     : 6.9226
  RMSD       : 5.941 Å
  Runtime    : 351.7s
  Saved to   : outputs/linear_entanglement_1_rep/slurm_YYDPETGTWY_amber/replica_712/replica_712_result.json
============================================
End time     : Wed Apr 15 15:50:53 EDT 2026
Exit code    : 0
============================================
