============================================
Job ID       : 5480922
Array Task   : 268
Replica ID   : 268
Node         : lri008
Start time   : Thu Apr 23 11:53:23 EDT 2026
============================================
[REPLICA 268] Starting...
  Sequence   : YYDPETGTWY
  Forcefield : amber
  Backend    : aer
  Max iter   : 20
--- INITIALIZING QUANTUM BIOPHYSICS FOLDER (HARDWARE) ---
--- FORCE FIELD: AMBER ---
--- SCOUTING: Checking 50 starting points ---
 > Deterministic Seed: 313297035 (Derived from Sequence)
 > Best Start Found: Energy 455.96
[REPLICA 268] Init strategy: random, seed: 313297035
--- STARTING QUANTUM FOLDING (HYBRID PIPELINE) ---
Stage 1: Mechanical Collapse (COBYLA, statevector)...
 > Collapse Energy: 1003.08
Stage 2: Physics Refinement (SLSQP, statevector)...
Iteration limit reached    (Exit mode 9)
            Current function value: 1745.2901200318324
            Iterations: 20
            Function evaluations: 1170
            Gradient evaluations: 20
 > Refinement Energy: 1745.29
Stage 3: Natural Relaxation (SLSQP, statevector)...
Iteration limit reached    (Exit mode 9)
            Current function value: 515.0930124119812
            Iterations: 20
            Function evaluations: 1170
            Gradient evaluations: 20
 > Relaxation Energy: 515.09

[EXTRACTION] Mode: sampler → backend='aer_simulator', shots=4096
  Submitting 3 circuits (Z / X / Y bases)...
  Done. Angles extracted from measurement statistics.

[RESULT] Final energy: 515.0930
[REPLICA 268] Tracker saved → outputs/energy_reps_Brickwork_entanglement11/slurm_YYDPETGTWY_amber/replica_268/replica_268_tracker.json
[SAVED] outputs/energy_reps_Brickwork_entanglement11/slurm_YYDPETGTWY_amber/replica_268/replica_268_landscape.png
[REPLICA 268] RMSD: 4.045 Å
[REPLICA 268] Done!
  Energy     : 515.0930
  RMSD       : 4.045 Å
  Runtime    : 31.3s
  Saved to   : outputs/energy_reps_Brickwork_entanglement11/slurm_YYDPETGTWY_amber/replica_268/replica_268_result.json
============================================
End time     : Thu Apr 23 11:53:59 EDT 2026
Exit code    : 0
============================================
