============================================
Job ID       : 5437889
Array Task   : 870
Replica ID   : 870
Node         : lri015
Start time   : Fri Apr 17 00:22:06 EDT 2026
============================================
[REPLICA 870] Starting...
  Sequence   : YYDPETGTWY
  Forcefield : amber
  Backend    : aer
  Max iter   : 2000
--- INITIALIZING QUANTUM BIOPHYSICS FOLDER (HARDWARE) ---
--- FORCE FIELD: AMBER ---
--- SCOUTING: Checking 50 starting points ---
 > Deterministic Seed: 313297637 (Derived from Sequence)
 > Best Start Found: Energy 358.01
[REPLICA 870] Init strategy: random, seed: 313297637
--- STARTING QUANTUM FOLDING (HYBRID PIPELINE) ---
Stage 1: Mechanical Collapse (COBYLA, statevector)...
 > Collapse Energy: 287.69
Stage 2: Physics Refinement (SLSQP, statevector)...
Optimization terminated successfully    (Exit mode 0)
            Current function value: -21.905682258795615
            Iterations: 299
            Function evaluations: 15728
            Gradient evaluations: 299
 > Refinement Energy: -21.91
Stage 3: Natural Relaxation (SLSQP, statevector)...
Optimization terminated successfully    (Exit mode 0)
            Current function value: -36.83388919284817
            Iterations: 371
            Function evaluations: 19576
            Gradient evaluations: 371
 > Relaxation Energy: -36.83

[EXTRACTION] Mode: sampler → backend='aer_simulator', shots=4096
  Submitting 3 circuits (Z / X / Y bases)...
  Done. Angles extracted from measurement statistics.

[RESULT] Final energy: -36.8339
[REPLICA 870] RMSD: 6.208 Å
[REPLICA 870] Done!
  Energy     : -36.8339
  RMSD       : 6.208 Å
  Runtime    : 422.1s
  Saved to   : outputs/Brickwork_entanglement/slurm_YYDPETGTWY_amber/replica_870/replica_870_result.json
============================================
End time     : Fri Apr 17 00:29:09 EDT 2026
Exit code    : 0
============================================
