============================================
Job ID       : 5423943
Array Task   : 897
Replica ID   : 897
Node         : lri025
Start time   : Tue Apr 14 18:46:06 EDT 2026
============================================
[REPLICA 897] Starting...
  Sequence   : YYDPETGTWY
  Forcefield : amber
  Backend    : aer
  Max iter   : 2000
--- INITIALIZING QUANTUM BIOPHYSICS FOLDER (HARDWARE) ---
--- FORCE FIELD: AMBER ---
--- SCOUTING: Checking 50 starting points ---
 > Deterministic Seed: 313297664 (Derived from Sequence)
 > Best Start Found: Energy 433.75
[REPLICA 897] Init strategy: random, seed: 313297664
--- STARTING QUANTUM FOLDING (HYBRID PIPELINE) ---
Stage 1: Mechanical Collapse (COBYLA, statevector)...
 > Collapse Energy: 410.38
Stage 2: Physics Refinement (SLSQP, statevector)...
Optimization terminated successfully    (Exit mode 0)
            Current function value: 138.1196110756679
            Iterations: 361
            Function evaluations: 41380
            Gradient evaluations: 361
 > Refinement Energy: 138.12
Stage 3: Natural Relaxation (SLSQP, statevector)...
Optimization terminated successfully    (Exit mode 0)
            Current function value: -4.843266915641631
            Iterations: 260
            Function evaluations: 30083
            Gradient evaluations: 260
 > Relaxation Energy: -4.84

[EXTRACTION] Mode: sampler → backend='aer_simulator', shots=4096
  Submitting 3 circuits (Z / X / Y bases)...
  Done. Angles extracted from measurement statistics.

[RESULT] Final energy: -4.8433
[REPLICA 897] RMSD: 3.179 Å
[REPLICA 897] Done!
  Energy     : -4.8433
  RMSD       : 3.179 Å
  Runtime    : 1261.6s
  Saved to   : outputs/probability_vectors/slurm_YYDPETGTWY_amber/replica_897/replica_897_result.json
============================================
End time     : Tue Apr 14 19:07:09 EDT 2026
Exit code    : 0
============================================
