============================================
Job ID       : 5437942
Array Task   : 889
Replica ID   : 889
Node         : lri014
Start time   : Fri Apr 17 00:26:06 EDT 2026
============================================
[REPLICA 889] Starting...
  Sequence   : YYDPETGTWY
  Forcefield : amber
  Backend    : aer
  Max iter   : 2000
--- INITIALIZING QUANTUM BIOPHYSICS FOLDER (HARDWARE) ---
--- FORCE FIELD: AMBER ---
--- SCOUTING: Checking 50 starting points ---
 > Deterministic Seed: 313297656 (Derived from Sequence)
 > Best Start Found: Energy 446.15
[REPLICA 889] Init strategy: random, seed: 313297656
--- STARTING QUANTUM FOLDING (HYBRID PIPELINE) ---
Stage 1: Mechanical Collapse (COBYLA, statevector)...
 > Collapse Energy: 333.42
Stage 2: Physics Refinement (SLSQP, statevector)...
Optimization terminated successfully    (Exit mode 0)
            Current function value: 117.04805392736974
            Iterations: 823
            Function evaluations: 42133
            Gradient evaluations: 823
 > Refinement Energy: 117.05
Stage 3: Natural Relaxation (SLSQP, statevector)...
Optimization terminated successfully    (Exit mode 0)
            Current function value: -20.481740558454316
            Iterations: 371
            Function evaluations: 19399
            Gradient evaluations: 371
 > Relaxation Energy: -20.48

[EXTRACTION] Mode: sampler → backend='aer_simulator', shots=4096
  Submitting 3 circuits (Z / X / Y bases)...
  Done. Angles extracted from measurement statistics.

[RESULT] Final energy: -20.4817
[REPLICA 889] RMSD: 5.466 Å
[REPLICA 889] Done!
  Energy     : -20.4817
  RMSD       : 5.466 Å
  Runtime    : 730.6s
  Saved to   : outputs/Brickwork_entanglement/slurm_YYDPETGTWY_amber/replica_889/replica_889_result.json
============================================
End time     : Fri Apr 17 00:38:18 EDT 2026
Exit code    : 0
============================================
