============================================
Job ID       : 5439188
Array Task   : 510
Replica ID   : 510
Node         : lri054
Start time   : Fri Apr 17 08:54:32 EDT 2026
============================================
[REPLICA 510] Starting...
  Sequence   : YYDPETGTWY
  Forcefield : amber
  Backend    : aer
  Max iter   : 2000
--- INITIALIZING QUANTUM BIOPHYSICS FOLDER (HARDWARE) ---
--- FORCE FIELD: AMBER ---
--- SCOUTING: Checking 50 starting points ---
 > Deterministic Seed: 313297277 (Derived from Sequence)
 > Best Start Found: Energy 505.67
[REPLICA 510] Init strategy: random, seed: 313297277
--- STARTING QUANTUM FOLDING (HYBRID PIPELINE) ---
Stage 1: Mechanical Collapse (COBYLA, statevector)...
 > Collapse Energy: 186.45
Stage 2: Physics Refinement (SLSQP, statevector)...
Optimization terminated successfully    (Exit mode 0)
            Current function value: -14.154737105813215
            Iterations: 127
            Function evaluations: 7059
            Gradient evaluations: 127
 > Refinement Energy: -14.15
Stage 3: Natural Relaxation (SLSQP, statevector)...
Optimization terminated successfully    (Exit mode 0)
            Current function value: -26.2753373363715
            Iterations: 272
            Function evaluations: 14289
            Gradient evaluations: 272
 > Relaxation Energy: -26.28

[EXTRACTION] Mode: sampler → backend='aer_simulator', shots=4096
  Submitting 3 circuits (Z / X / Y bases)...
  Done. Angles extracted from measurement statistics.

[RESULT] Final energy: -26.2753
[REPLICA 510] RMSD: 6.167 Å
[REPLICA 510] Done!
  Energy     : -26.2753
  RMSD       : 6.167 Å
  Runtime    : 254.3s
  Saved to   : outputs/reps_Brickwork_entanglement/slurm_YYDPETGTWY_amber/replica_510/replica_510_result.json
============================================
End time     : Fri Apr 17 08:58:47 EDT 2026
Exit code    : 0
============================================
