============================================
Job ID       : 5495095
Array Task   : 91
Replica ID   : 91
Node         : lri035
Start time   : Mon Apr 27 12:54:02 EDT 2026
============================================
[REPLICA 91] Starting...
  Sequence     : YYDPETGTWY
  Forcefield   : amber
  Backend      : aer
  Max iter     : 2000
  Skip Stage 2 : False
--- INITIALIZING QUANTUM BIOPHYSICS FOLDER (HARDWARE) ---
--- FORCE FIELD: AMBER ---
[REPLICA 91] Ground truth loaded — 10 CA atoms
--- SCOUTING: Checking 50 starting points ---
 > Deterministic Seed: 313296858 (Derived from Sequence)
 > Best Start Found: Energy 508.05
[REPLICA 91] Init strategy: random, seed: 313296858
============================================
End time     : Mon Apr 27 12:54:06 EDT 2026
Exit code    : 0
============================================
