============================================
Job ID       : 5496141
Array Task   : 293
Replica ID   : 293
Node         : lri066
Start time   : Mon Apr 27 13:47:19 EDT 2026
============================================
[REPLICA 293] Starting...
  Sequence     : YYDPETGTWY
  Forcefield   : amber
  Backend      : aer
  Max iter     : 2000
  Skip Stage 2 : True
--- INITIALIZING QUANTUM BIOPHYSICS FOLDER (HARDWARE) ---
--- FORCE FIELD: AMBER ---
[REPLICA 293] Ground truth loaded — 10 CA atoms
--- SCOUTING: Checking 50 starting points ---
 > Deterministic Seed: 313297060 (Derived from Sequence)
 > Best Start Found: Energy 308.22
[REPLICA 293] Init strategy: random, seed: 313297060
============================================
End time     : Mon Apr 27 13:47:21 EDT 2026
Exit code    : 0
============================================
