============================================
Job ID       : 5439993
Array Task   : 63
Replica ID   : 63
Node         : lri000
Start time   : Fri Apr 17 11:16:40 EDT 2026
============================================
[REPLICA 63] Starting...
  Sequence   : DAYAQWLKDGGPSSGRPPPS
  Forcefield : amber
  Backend    : aer
  Max iter   : 2000
--- INITIALIZING QUANTUM BIOPHYSICS FOLDER (HARDWARE) ---
--- FORCE FIELD: AMBER ---
--- SCOUTING: Checking 50 starting points ---
 > Deterministic Seed: 2158523448 (Derived from Sequence)
 > Best Start Found: Energy 649.98
[REPLICA 63] Init strategy: random, seed: 2158523448
--- STARTING QUANTUM FOLDING (HYBRID PIPELINE) ---
Stage 1: Mechanical Collapse (COBYLA, statevector)...
 > Collapse Energy: 484.63
Stage 2: Physics Refinement (SLSQP, statevector)...
Optimization terminated successfully    (Exit mode 0)
            Current function value: 220.96225443981194
            Iterations: 915
            Function evaluations: 69144
            Gradient evaluations: 915
 > Refinement Energy: 220.96
Stage 3: Natural Relaxation (SLSQP, statevector)...
Optimization terminated successfully    (Exit mode 0)
            Current function value: -68.63862517547477
            Iterations: 220
            Function evaluations: 17369
            Gradient evaluations: 220
 > Relaxation Energy: -68.64

[EXTRACTION] Mode: sampler → backend='aer_simulator', shots=4096
  Submitting 3 circuits (Z / X / Y bases)...
  Done. Angles extracted from measurement statistics.

[RESULT] Final energy: -68.6386
[REPLICA 63] RMSD: 10.954 Å
[REPLICA 63] Done!
  Energy     : -68.6386
  RMSD       : 10.954 Å
  Runtime    : 1587.7s
  Saved to   : outputs/reps_Brickwork_entanglement1/slurm_DAYAQWLKDGGPSSGRPPPS_amber/replica_63/replica_63_result.json
============================================
End time     : Fri Apr 17 11:43:09 EDT 2026
Exit code    : 0
============================================
