============================================
Job ID       : 5496238
Array Task   : 390
Replica ID   : 390
Node         : lri027
Start time   : Mon Apr 27 13:47:23 EDT 2026
============================================
[REPLICA 390] Starting...
  Sequence     : YYDPETGTWY
  Forcefield   : amber
  Backend      : aer
  Max iter     : 2000
  Skip Stage 2 : True
--- INITIALIZING QUANTUM BIOPHYSICS FOLDER (HARDWARE) ---
--- FORCE FIELD: AMBER ---
[REPLICA 390] Ground truth loaded — 10 CA atoms
--- SCOUTING: Checking 50 starting points ---
 > Deterministic Seed: 313297157 (Derived from Sequence)
 > Best Start Found: Energy 502.56
[REPLICA 390] Init strategy: random, seed: 313297157
============================================
End time     : Mon Apr 27 13:47:25 EDT 2026
Exit code    : 0
============================================
