============================================
Job ID       : 5496093
Array Task   : 245
Replica ID   : 245
Node         : lri035
Start time   : Mon Apr 27 13:47:17 EDT 2026
============================================
[REPLICA 245] Starting...
  Sequence     : YYDPETGTWY
  Forcefield   : amber
  Backend      : aer
  Max iter     : 2000
  Skip Stage 2 : True
--- INITIALIZING QUANTUM BIOPHYSICS FOLDER (HARDWARE) ---
--- FORCE FIELD: AMBER ---
[REPLICA 245] Ground truth loaded — 10 CA atoms
--- SCOUTING: Checking 50 starting points ---
 > Deterministic Seed: 313297012 (Derived from Sequence)
 > Best Start Found: Energy 466.15
[REPLICA 245] Init strategy: random, seed: 313297012
============================================
End time     : Mon Apr 27 13:47:19 EDT 2026
Exit code    : 0
============================================
