============================================
Job ID       : 5439653
Array Task   : 858
Replica ID   : 858
Node         : lri054
Start time   : Fri Apr 17 10:00:35 EDT 2026
============================================
[REPLICA 858] Starting...
  Sequence   : YYDPETGTWY
  Forcefield : amber
  Backend    : aer
  Max iter   : 2000
--- INITIALIZING QUANTUM BIOPHYSICS FOLDER (HARDWARE) ---
--- FORCE FIELD: AMBER ---
--- SCOUTING: Checking 50 starting points ---
 > Deterministic Seed: 313297625 (Derived from Sequence)
 > Best Start Found: Energy 386.35
[REPLICA 858] Init strategy: random, seed: 313297625
--- STARTING QUANTUM FOLDING (HYBRID PIPELINE) ---
Stage 1: Mechanical Collapse (COBYLA, statevector)...
 > Collapse Energy: 665.46
Stage 2: Physics Refinement (SLSQP, statevector)...
Optimization terminated successfully    (Exit mode 0)
            Current function value: -24.73167554011649
            Iterations: 189
            Function evaluations: 10135
            Gradient evaluations: 189
 > Refinement Energy: -24.73
Stage 3: Natural Relaxation (SLSQP, statevector)...
Optimization terminated successfully    (Exit mode 0)
            Current function value: 9.285107099547245
            Iterations: 132
            Function evaluations: 7253
            Gradient evaluations: 132
 > Relaxation Energy: 9.29

[EXTRACTION] Mode: sampler → backend='aer_simulator', shots=4096
  Submitting 3 circuits (Z / X / Y bases)...
  Done. Angles extracted from measurement statistics.

[RESULT] Final energy: 9.2851
[REPLICA 858] RMSD: 6.635 Å
[REPLICA 858] Done!
  Energy     : 9.2851
  RMSD       : 6.635 Å
  Runtime    : 206.5s
  Saved to   : outputs/reps_Brickwork_entanglement/slurm_YYDPETGTWY_amber/replica_858/replica_858_result.json
============================================
End time     : Fri Apr 17 10:04:03 EDT 2026
Exit code    : 0
============================================
