============================================
Job ID       : 5495582
Array Task   : 135
Replica ID   : 135
Node         : lri068
Start time   : Mon Apr 27 13:44:56 EDT 2026
============================================
[REPLICA 135] Starting...
  Sequence     : YYDPETGTWY
  Forcefield   : amber
  Backend      : aer
  Max iter     : 2000
  Skip Stage 2 : False
--- INITIALIZING QUANTUM BIOPHYSICS FOLDER (HARDWARE) ---
--- FORCE FIELD: AMBER ---
[REPLICA 135] Ground truth loaded — 10 CA atoms
--- SCOUTING: Checking 50 starting points ---
 > Deterministic Seed: 313296902 (Derived from Sequence)
 > Best Start Found: Energy 341.44
[REPLICA 135] Init strategy: random, seed: 313296902
============================================
End time     : Mon Apr 27 13:44:58 EDT 2026
Exit code    : 0
============================================
