============================================
Job ID       : 5475656
Array Task   : 465
Replica ID   : 465
Node         : lri020
Start time   : Wed Apr 22 18:11:59 EDT 2026
============================================
[REPLICA 465] Starting...
  Sequence   : YYDPETGTWY
  Forcefield : amber
  Backend    : aer
  Max iter   : 2000
--- INITIALIZING QUANTUM BIOPHYSICS FOLDER (HARDWARE) ---
--- FORCE FIELD: AMBER ---
--- SCOUTING: Checking 50 starting points ---
 > Deterministic Seed: 313297232 (Derived from Sequence)
 > Best Start Found: Energy 405.41
[REPLICA 465] Init strategy: random, seed: 313297232
--- STARTING QUANTUM FOLDING (HYBRID PIPELINE) ---
Stage 1: Mechanical Collapse (COBYLA, statevector)...
 > Collapse Energy: 819.75
Stage 2: Physics Refinement (SLSQP, statevector)...
Optimization terminated successfully    (Exit mode 0)
            Current function value: -30.25794730533914
            Iterations: 161
            Function evaluations: 8786
            Gradient evaluations: 161
 > Refinement Energy: -30.26
Stage 3: Natural Relaxation (SLSQP, statevector)...
Optimization terminated successfully    (Exit mode 0)
            Current function value: -14.650861760257497
            Iterations: 154
            Function evaluations: 8439
            Gradient evaluations: 154
 > Relaxation Energy: -14.65

[EXTRACTION] Mode: sampler → backend='aer_simulator', shots=4096
  Submitting 3 circuits (Z / X / Y bases)...
  Done. Angles extracted from measurement statistics.

[RESULT] Final energy: -14.6509
[SAVED] outputs/reps_Brickwork_entanglement/slurm_YYDPETGTWY_amber/replica_465/replica_465_landscape.png
[REPLICA 465] RMSD: 6.523 Å
[REPLICA 465] Done!
  Energy     : -14.6509
  RMSD       : 6.523 Å
  Runtime    : 228.2s
  Saved to   : outputs/reps_Brickwork_entanglement/slurm_YYDPETGTWY_amber/replica_465/replica_465_result.json
============================================
End time     : Wed Apr 22 18:15:49 EDT 2026
Exit code    : 0
============================================
