============================================
Job ID       : 5428272
Array Task   : 528
Replica ID   : 528
Node         : lri016
Start time   : Wed Apr 15 19:59:16 EDT 2026
============================================
[REPLICA 528] Starting...
  Sequence   : YYDPETGTWY
  Forcefield : amber
  Backend    : aer
  Max iter   : 2000
--- INITIALIZING QUANTUM BIOPHYSICS FOLDER (HARDWARE) ---
--- FORCE FIELD: AMBER ---
--- SCOUTING: Checking 50 starting points ---
 > Deterministic Seed: 313297295 (Derived from Sequence)
 > Best Start Found: Energy 298.90
[REPLICA 528] Init strategy: random, seed: 313297295
--- STARTING QUANTUM FOLDING (HYBRID PIPELINE) ---
Stage 1: Mechanical Collapse (COBYLA, statevector)...
 > Collapse Energy: 230.40
Stage 2: Physics Refinement (SLSQP, statevector)...
Optimization terminated successfully    (Exit mode 0)
            Current function value: -47.36268018230767
            Iterations: 175
            Function evaluations: 9537
            Gradient evaluations: 175
 > Refinement Energy: -47.36
Stage 3: Natural Relaxation (SLSQP, statevector)...
Optimization terminated successfully    (Exit mode 0)
            Current function value: -60.74263158056248
            Iterations: 177
            Function evaluations: 9488
            Gradient evaluations: 177
 > Relaxation Energy: -60.74

[EXTRACTION] Mode: sampler → backend='aer_simulator', shots=4096
  Submitting 3 circuits (Z / X / Y bases)...
  Done. Angles extracted from measurement statistics.

[RESULT] Final energy: -60.7426
[REPLICA 528] RMSD: 6.904 Å
[REPLICA 528] Done!
  Energy     : -60.7426
  RMSD       : 6.904 Å
  Runtime    : 241.0s
  Saved to   : outputs/Reps_qubits_d_2/slurm_YYDPETGTWY_amber/replica_528/replica_528_result.json
============================================
End time     : Wed Apr 15 20:03:19 EDT 2026
Exit code    : 0
============================================
