============================================
Job ID       : 5496216
Array Task   : 368
Replica ID   : 368
Node         : lri065
Start time   : Mon Apr 27 13:47:23 EDT 2026
============================================
[REPLICA 368] Starting...
  Sequence     : YYDPETGTWY
  Forcefield   : amber
  Backend      : aer
  Max iter     : 2000
  Skip Stage 2 : True
--- INITIALIZING QUANTUM BIOPHYSICS FOLDER (HARDWARE) ---
--- FORCE FIELD: AMBER ---
[REPLICA 368] Ground truth loaded — 10 CA atoms
--- SCOUTING: Checking 50 starting points ---
 > Deterministic Seed: 313297135 (Derived from Sequence)
 > Best Start Found: Energy 316.89
[REPLICA 368] Init strategy: random, seed: 313297135
============================================
End time     : Mon Apr 27 13:47:25 EDT 2026
Exit code    : 0
============================================
