============================================
Job ID       : 5505661
Array Task   : 363
Replica ID   : 363
Node         : lri042
Start time   : Tue Apr 28 09:41:19 EDT 2026
============================================
[REPLICA 363] Starting...
  Sequence     : YYDPETGTWY
  Forcefield   : amber
  Backend      : aer
  Max iter     : 2000
  Skip Stage 2 : False
--- INITIALIZING QUANTUM BIOPHYSICS FOLDER (HARDWARE) ---
--- FORCE FIELD: AMBER ---
[REPLICA 363] Ground truth loaded — 10 CA atoms
--- SCOUTING: Checking 50 starting points ---
 > Deterministic Seed: 313297130 (Derived from Sequence)
 > Best Start Found: Energy 380.96
[REPLICA 363] Init strategy: random, seed: 313297130
--- STARTING QUANTUM FOLDING (HYBRID PIPELINE) ---
Stage 1: Mechanical Collapse (COBYLA, statevector)...
 > Collapse Energy : 526.74
 > Stage 1 RMSD    : 3.8690 Å
Stage 2: Physics Refinement (SLSQP, statevector)...
Optimization terminated successfully    (Exit mode 0)
            Current function value: 68.39392463927597
            Iterations: 346
            Function evaluations: 18062
            Gradient evaluations: 346
 > Refinement Energy : 68.39
 > Stage 2 RMSD      : 5.0079 Å
Stage 3: Natural Relaxation (SLSQP, statevector)...
Optimization terminated successfully    (Exit mode 0)
            Current function value: -5.2895796049342305
            Iterations: 141
            Function evaluations: 7724
            Gradient evaluations: 141
 > Relaxation Energy : -5.29
 > Stage 3 RMSD      : 3.7269 Å

── RMSD Progress ──────────────────────────
  Stage 1 : 3.8690 Å
  Stage 2 : 5.0079 Å  ↑ worse
  Stage 3 : 3.7269 Å  ↓ better
──────────────────────────────────────────

[EXTRACTION] Mode: sampler → backend='aer_simulator', shots=4096
  Submitting 3 circuits (Z / X / Y bases)...
  Done. Angles extracted from measurement statistics.

[RESULT] Final energy: -5.2896
[REPLICA 363] Tracker saved → outputs/no_skip1/slurm_YYDPETGTWY_amber/replica_363/replica_363_tracker.json
[SAVED] outputs/no_skip1/slurm_YYDPETGTWY_amber/replica_363/replica_363_landscape.png
[REPLICA 363] Final RMSD: 5.646 Å

[REPLICA 363] ✓ Done!
  Energy       : -5.2896
  RMSD final   : 5.646 Å
  RMSD stage1  : 3.869 Å
  RMSD stage2  : 5.008 Å
  RMSD stage3  : 3.727 Å
  Runtime      : 314.2s
  Saved to     : outputs/no_skip1/slurm_YYDPETGTWY_amber/replica_363/replica_363_result.json
============================================
End time     : Tue Apr 28 09:46:34 EDT 2026
Exit code    : 0
============================================
