============================================
Job ID       : 5429502
Array Task   : 880
Replica ID   : 880
Node         : lri016
Start time   : Wed Apr 15 21:54:48 EDT 2026
============================================
[REPLICA 880] Starting...
  Sequence   : YYDPETGTWY
  Forcefield : amber
  Backend    : aer
  Max iter   : 2000
--- INITIALIZING QUANTUM BIOPHYSICS FOLDER (HARDWARE) ---
--- FORCE FIELD: AMBER ---
--- SCOUTING: Checking 50 starting points ---
 > Deterministic Seed: 313297647 (Derived from Sequence)
 > Best Start Found: Energy 409.87
[REPLICA 880] Init strategy: random, seed: 313297647
--- STARTING QUANTUM FOLDING (HYBRID PIPELINE) ---
Stage 1: Mechanical Collapse (COBYLA, statevector)...
 > Collapse Energy: 179.54
Stage 2: Physics Refinement (SLSQP, statevector)...
Optimization terminated successfully    (Exit mode 0)
            Current function value: 33.11213845623152
            Iterations: 183
            Function evaluations: 9957
            Gradient evaluations: 183
 > Refinement Energy: 33.11
Stage 3: Natural Relaxation (SLSQP, statevector)...
Optimization terminated successfully    (Exit mode 0)
            Current function value: 8.41742705709979
            Iterations: 183
            Function evaluations: 9887
            Gradient evaluations: 183
 > Relaxation Energy: 8.42

[EXTRACTION] Mode: sampler → backend='aer_simulator', shots=4096
  Submitting 3 circuits (Z / X / Y bases)...
  Done. Angles extracted from measurement statistics.

[RESULT] Final energy: 8.4174
[REPLICA 880] RMSD: 5.490 Å
[REPLICA 880] Done!
  Energy     : 8.4174
  RMSD       : 5.490 Å
  Runtime    : 252.0s
  Saved to   : outputs/Reps_qubits_d_2/slurm_YYDPETGTWY_amber/replica_880/replica_880_result.json
============================================
End time     : Wed Apr 15 21:59:01 EDT 2026
Exit code    : 0
============================================
