============================================
Job ID       : 5428718
Array Task   : 667
Replica ID   : 667
Node         : lri016
Start time   : Wed Apr 15 20:43:34 EDT 2026
============================================
[REPLICA 667] Starting...
  Sequence   : YYDPETGTWY
  Forcefield : amber
  Backend    : aer
  Max iter   : 2000
--- INITIALIZING QUANTUM BIOPHYSICS FOLDER (HARDWARE) ---
--- FORCE FIELD: AMBER ---
--- SCOUTING: Checking 50 starting points ---
 > Deterministic Seed: 313297434 (Derived from Sequence)
 > Best Start Found: Energy 455.85
[REPLICA 667] Init strategy: random, seed: 313297434
--- STARTING QUANTUM FOLDING (HYBRID PIPELINE) ---
Stage 1: Mechanical Collapse (COBYLA, statevector)...
 > Collapse Energy: 272.01
Stage 2: Physics Refinement (SLSQP, statevector)...
Optimization terminated successfully    (Exit mode 0)
            Current function value: 330.5622320427414
            Iterations: 722
            Function evaluations: 37109
            Gradient evaluations: 722
 > Refinement Energy: 330.56
Stage 3: Natural Relaxation (SLSQP, statevector)...
Optimization terminated successfully    (Exit mode 0)
            Current function value: 9.333529599362267
            Iterations: 184
            Function evaluations: 9901
            Gradient evaluations: 184
 > Relaxation Energy: 9.33

[EXTRACTION] Mode: sampler → backend='aer_simulator', shots=4096
  Submitting 3 circuits (Z / X / Y bases)...
  Done. Angles extracted from measurement statistics.

[RESULT] Final energy: 9.3335
[REPLICA 667] RMSD: 5.475 Å
[REPLICA 667] Done!
  Energy     : 9.3335
  RMSD       : 5.475 Å
  Runtime    : 643.2s
  Saved to   : outputs/Reps_qubits_d_2/slurm_YYDPETGTWY_amber/replica_667/replica_667_result.json
============================================
End time     : Wed Apr 15 20:54:19 EDT 2026
Exit code    : 0
============================================
