============================================
Job ID       : 5443244
Array Task   : 863
Replica ID   : 863
Node         : lri000
Start time   : Fri Apr 17 18:15:09 EDT 2026
============================================
[REPLICA 863] Starting...
  Sequence   : DAYAQWLKDGGPSSGRPPPS
  Forcefield : amber
  Backend    : aer
  Max iter   : 2000
--- INITIALIZING QUANTUM BIOPHYSICS FOLDER (HARDWARE) ---
--- FORCE FIELD: AMBER ---
--- SCOUTING: Checking 50 starting points ---
 > Deterministic Seed: 2158524248 (Derived from Sequence)
 > Best Start Found: Energy 356.96
[REPLICA 863] Init strategy: random, seed: 2158524248
--- STARTING QUANTUM FOLDING (HYBRID PIPELINE) ---
Stage 1: Mechanical Collapse (COBYLA, statevector)...
 > Collapse Energy: 490.74
Stage 2: Physics Refinement (SLSQP, statevector)...
Optimization terminated successfully    (Exit mode 0)
            Current function value: -36.97269548005934
            Iterations: 240
            Function evaluations: 18881
            Gradient evaluations: 240
 > Refinement Energy: -36.97
Stage 3: Natural Relaxation (SLSQP, statevector)...
Optimization terminated successfully    (Exit mode 0)
            Current function value: -85.06332439465768
            Iterations: 429
            Function evaluations: 32927
            Gradient evaluations: 429
 > Relaxation Energy: -85.06

[EXTRACTION] Mode: sampler → backend='aer_simulator', shots=4096
  Submitting 3 circuits (Z / X / Y bases)...
  Done. Angles extracted from measurement statistics.

[RESULT] Final energy: -85.0633
[REPLICA 863] RMSD: 9.313 Å
[REPLICA 863] Done!
  Energy     : -85.0633
  RMSD       : 9.313 Å
  Runtime    : 977.3s
  Saved to   : outputs/reps_Brickwork_entanglement1/slurm_DAYAQWLKDGGPSSGRPPPS_amber/replica_863/replica_863_result.json
============================================
End time     : Fri Apr 17 18:31:28 EDT 2026
Exit code    : 0
============================================
