============================================
Job ID       : 5496581
Array Task   : 308
Replica ID   : 308
Node         : lri066
Start time   : Mon Apr 27 14:20:40 EDT 2026
============================================
[REPLICA 308] Starting...
  Sequence     : YYDPETGTWY
  Forcefield   : amber
  Backend      : aer
  Max iter     : 2000
  Skip Stage 2 : True
--- INITIALIZING QUANTUM BIOPHYSICS FOLDER (HARDWARE) ---
--- FORCE FIELD: AMBER ---
[REPLICA 308] Ground truth loaded — 10 CA atoms
--- SCOUTING: Checking 50 starting points ---
 > Deterministic Seed: 313297075 (Derived from Sequence)
 > Best Start Found: Energy 257.34
[REPLICA 308] Init strategy: random, seed: 313297075
--- STARTING QUANTUM FOLDING (HYBRID PIPELINE) ---
Stage 1: Mechanical Collapse (COBYLA, statevector)...
 > Collapse Energy : 386.67
 > Stage 1 RMSD    : 3.2786 Å
Stage 2: SKIPPED
Stage 3: Natural Relaxation (SLSQP, statevector)...
Optimization terminated successfully    (Exit mode 0)
            Current function value: 151.73284280752023
            Iterations: 202
            Function evaluations: 10863
            Gradient evaluations: 202
 > Relaxation Energy : 151.73
 > Stage 3 RMSD      : 2.0621 Å

── RMSD Progress ──────────────────────────
  Stage 1 : 3.2786 Å
  Stage 2 : skipped
  Stage 3 : 2.0621 Å  ↓ better
──────────────────────────────────────────

[EXTRACTION] Mode: sampler → backend='aer_simulator', shots=4096
  Submitting 3 circuits (Z / X / Y bases)...
  Done. Angles extracted from measurement statistics.

[RESULT] Final energy: 151.7328
[REPLICA 308] Tracker saved → outputs/Skip1/slurm_YYDPETGTWY_amber/replica_308/replica_308_tracker.json
[SAVED] outputs/Skip1/slurm_YYDPETGTWY_amber/replica_308/replica_308_landscape.png
[REPLICA 308] Final RMSD: 6.599 Å

[REPLICA 308] ✓ Done!
  Energy       : 151.7328
  RMSD final   : 6.599 Å
  RMSD stage1  : 3.279 Å
  RMSD stage2  : skipped
  RMSD stage3  : 2.062 Å
  Runtime      : 136.0s
  Saved to     : outputs/Skip1/slurm_YYDPETGTWY_amber/replica_308/replica_308_result.json
============================================
End time     : Mon Apr 27 14:22:57 EDT 2026
Exit code    : 0
============================================
