============================================
Job ID       : 5437396
Array Task   : 668
Replica ID   : 668
Node         : lri000
Start time   : Thu Apr 16 23:44:03 EDT 2026
============================================
[REPLICA 668] Starting...
  Sequence   : YYDPETGTWY
  Forcefield : amber
  Backend    : aer
  Max iter   : 2000
--- INITIALIZING QUANTUM BIOPHYSICS FOLDER (HARDWARE) ---
--- FORCE FIELD: AMBER ---
--- SCOUTING: Checking 50 starting points ---
 > Deterministic Seed: 313297435 (Derived from Sequence)
 > Best Start Found: Energy 353.27
[REPLICA 668] Init strategy: random, seed: 313297435
--- STARTING QUANTUM FOLDING (HYBRID PIPELINE) ---
Stage 1: Mechanical Collapse (COBYLA, statevector)...
 > Collapse Energy: 490.94
Stage 2: Physics Refinement (SLSQP, statevector)...
Optimization terminated successfully    (Exit mode 0)
            Current function value: -43.02463473643579
            Iterations: 246
            Function evaluations: 13045
            Gradient evaluations: 246
 > Refinement Energy: -43.02
Stage 3: Natural Relaxation (SLSQP, statevector)...
Optimization terminated successfully    (Exit mode 0)
            Current function value: -21.944968603615276
            Iterations: 183
            Function evaluations: 9826
            Gradient evaluations: 183
 > Relaxation Energy: -21.94

[EXTRACTION] Mode: sampler → backend='aer_simulator', shots=4096
  Submitting 3 circuits (Z / X / Y bases)...
  Done. Angles extracted from measurement statistics.

[RESULT] Final energy: -21.9450
[REPLICA 668] RMSD: 4.985 Å
[REPLICA 668] Done!
  Energy     : -21.9450
  RMSD       : 4.985 Å
  Runtime    : 270.2s
  Saved to   : outputs/Brickwork_entanglement/slurm_YYDPETGTWY_amber/replica_668/replica_668_result.json
============================================
End time     : Thu Apr 16 23:48:34 EDT 2026
Exit code    : 0
============================================
