============================================
Job ID       : 5442737
Array Task   : 670
Replica ID   : 670
Node         : lri015
Start time   : Fri Apr 17 16:51:00 EDT 2026
============================================
[REPLICA 670] Starting...
  Sequence   : DAYAQWLKDGGPSSGRPPPS
  Forcefield : amber
  Backend    : aer
  Max iter   : 2000
--- INITIALIZING QUANTUM BIOPHYSICS FOLDER (HARDWARE) ---
--- FORCE FIELD: AMBER ---
--- SCOUTING: Checking 50 starting points ---
 > Deterministic Seed: 2158524055 (Derived from Sequence)
 > Best Start Found: Energy 416.49
[REPLICA 670] Init strategy: random, seed: 2158524055
--- STARTING QUANTUM FOLDING (HYBRID PIPELINE) ---
Stage 1: Mechanical Collapse (COBYLA, statevector)...
 > Collapse Energy: 732.47
Stage 2: Physics Refinement (SLSQP, statevector)...
Optimization terminated successfully    (Exit mode 0)
            Current function value: 175.75779786809753
            Iterations: 859
            Function evaluations: 64729
            Gradient evaluations: 859
 > Refinement Energy: 175.76
Stage 3: Natural Relaxation (SLSQP, statevector)...
Optimization terminated successfully    (Exit mode 0)
            Current function value: 9.14183222811052
            Iterations: 203
            Function evaluations: 16026
            Gradient evaluations: 203
 > Relaxation Energy: 9.14

[EXTRACTION] Mode: sampler → backend='aer_simulator', shots=4096
  Submitting 3 circuits (Z / X / Y bases)...
  Done. Angles extracted from measurement statistics.

[RESULT] Final energy: 9.1418
[REPLICA 670] RMSD: 5.007 Å
[REPLICA 670] Done!
  Energy     : 9.1418
  RMSD       : 5.007 Å
  Runtime    : 1489.9s
  Saved to   : outputs/reps_Brickwork_entanglement1/slurm_DAYAQWLKDGGPSSGRPPPS_amber/replica_670/replica_670_result.json
============================================
End time     : Fri Apr 17 17:15:52 EDT 2026
Exit code    : 0
============================================
