============================================
Job ID       : 5495097
Array Task   : 93
Replica ID   : 93
Node         : lri035
Start time   : Mon Apr 27 12:54:02 EDT 2026
============================================
[REPLICA 93] Starting...
  Sequence     : YYDPETGTWY
  Forcefield   : amber
  Backend      : aer
  Max iter     : 2000
  Skip Stage 2 : False
--- INITIALIZING QUANTUM BIOPHYSICS FOLDER (HARDWARE) ---
--- FORCE FIELD: AMBER ---
[REPLICA 93] Ground truth loaded — 10 CA atoms
--- SCOUTING: Checking 50 starting points ---
 > Deterministic Seed: 313296860 (Derived from Sequence)
 > Best Start Found: Energy 326.21
[REPLICA 93] Init strategy: random, seed: 313296860
============================================
End time     : Mon Apr 27 12:54:06 EDT 2026
Exit code    : 0
============================================
