============================================
Job ID       : 5424272
Array Task   : 218
Replica ID   : 218
Node         : lri054
Start time   : Tue Apr 14 19:54:10 EDT 2026
============================================
[REPLICA 218] Starting...
  Sequence   : YYDPETGTWY
  Forcefield : amber
  Backend    : aer
  Max iter   : 2000
--- INITIALIZING QUANTUM BIOPHYSICS FOLDER (HARDWARE) ---
--- FORCE FIELD: AMBER ---
--- SCOUTING: Checking 50 starting points ---
 > Deterministic Seed: 313296985 (Derived from Sequence)
 > Best Start Found: Energy 390.46
[REPLICA 218] Init strategy: random, seed: 313296985
--- STARTING QUANTUM FOLDING (HYBRID PIPELINE) ---
Stage 1: Mechanical Collapse (COBYLA, statevector)...
 > Collapse Energy: 100.04
Stage 2: Physics Refinement (SLSQP, statevector)...
Optimization terminated successfully    (Exit mode 0)
            Current function value: -0.6036347565954093
            Iterations: 388
            Function evaluations: 44449
            Gradient evaluations: 388
 > Refinement Energy: -0.60
Stage 3: Natural Relaxation (SLSQP, statevector)...
Optimization terminated successfully    (Exit mode 0)
            Current function value: 7.474572452835798
            Iterations: 239
            Function evaluations: 27748
            Gradient evaluations: 239
 > Relaxation Energy: 7.47

[EXTRACTION] Mode: sampler → backend='aer_simulator', shots=4096
  Submitting 3 circuits (Z / X / Y bases)...
  Done. Angles extracted from measurement statistics.

[RESULT] Final energy: 7.4746
[REPLICA 218] RMSD: 5.986 Å
[REPLICA 218] Done!
  Energy     : 7.4746
  RMSD       : 5.986 Å
  Runtime    : 1169.2s
  Saved to   : outputs/only_random_strategy/slurm_YYDPETGTWY_amber/replica_218/replica_218_result.json
============================================
End time     : Tue Apr 14 20:13:40 EDT 2026
Exit code    : 0
============================================
