============================================
Job ID       : 5439212
Array Task   : 531
Replica ID   : 531
Node         : lri015
Start time   : Fri Apr 17 08:58:32 EDT 2026
============================================
[REPLICA 531] Starting...
  Sequence   : YYDPETGTWY
  Forcefield : amber
  Backend    : aer
  Max iter   : 2000
--- INITIALIZING QUANTUM BIOPHYSICS FOLDER (HARDWARE) ---
--- FORCE FIELD: AMBER ---
--- SCOUTING: Checking 50 starting points ---
 > Deterministic Seed: 313297298 (Derived from Sequence)
 > Best Start Found: Energy 323.29
[REPLICA 531] Init strategy: random, seed: 313297298
--- STARTING QUANTUM FOLDING (HYBRID PIPELINE) ---
Stage 1: Mechanical Collapse (COBYLA, statevector)...
 > Collapse Energy: 716.43
Stage 2: Physics Refinement (SLSQP, statevector)...
Optimization terminated successfully    (Exit mode 0)
            Current function value: 120.46458771645855
            Iterations: 199
            Function evaluations: 10792
            Gradient evaluations: 199
 > Refinement Energy: 120.46
Stage 3: Natural Relaxation (SLSQP, statevector)...
Optimization terminated successfully    (Exit mode 0)
            Current function value: -70.60318856532021
            Iterations: 263
            Function evaluations: 13920
            Gradient evaluations: 263
 > Relaxation Energy: -70.60

[EXTRACTION] Mode: sampler → backend='aer_simulator', shots=4096
  Submitting 3 circuits (Z / X / Y bases)...
  Done. Angles extracted from measurement statistics.

[RESULT] Final energy: -70.6032
[REPLICA 531] RMSD: 6.411 Å
[REPLICA 531] Done!
  Energy     : -70.6032
  RMSD       : 6.411 Å
  Runtime    : 304.0s
  Saved to   : outputs/reps_Brickwork_entanglement/slurm_YYDPETGTWY_amber/replica_531/replica_531_result.json
============================================
End time     : Fri Apr 17 09:03:38 EDT 2026
Exit code    : 0
============================================
