============================================
Job ID       : 5475059
Array Task   : 883
Replica ID   : 883
Node         : lri057
Start time   : Wed Apr 22 18:04:56 EDT 2026
============================================
[REPLICA 883] Starting...
  Sequence   : YYDPETGTWY
  Forcefield : amber
  Backend    : aer
  Max iter   : 2000
--- INITIALIZING QUANTUM BIOPHYSICS FOLDER (HARDWARE) ---
--- FORCE FIELD: AMBER ---
--- SCOUTING: Checking 50 starting points ---
 > Deterministic Seed: 313297650 (Derived from Sequence)
 > Best Start Found: Energy 409.79
[REPLICA 883] Init strategy: random, seed: 313297650
--- STARTING QUANTUM FOLDING (HYBRID PIPELINE) ---
Stage 1: Mechanical Collapse (COBYLA, statevector)...
 > Collapse Energy: 702.58
Stage 2: Physics Refinement (SLSQP, statevector)...
Optimization terminated successfully    (Exit mode 0)
            Current function value: 158.1905884424813
            Iterations: 176
            Function evaluations: 9486
            Gradient evaluations: 176
 > Refinement Energy: 158.19
Stage 3: Natural Relaxation (SLSQP, statevector)...
Optimization terminated successfully    (Exit mode 0)
            Current function value: -16.265808029941276
            Iterations: 287
            Function evaluations: 15252
            Gradient evaluations: 287
 > Relaxation Energy: -16.27

[EXTRACTION] Mode: sampler → backend='aer_simulator', shots=4096
  Submitting 3 circuits (Z / X / Y bases)...
  Done. Angles extracted from measurement statistics.

[RESULT] Final energy: -16.2658
[SAVED] outputs/reps_Brickwork_entanglement/slurm_YYDPETGTWY_amber/replica_883/replica_883_landscape.png
[REPLICA 883] RMSD: 6.277 Å
[REPLICA 883] Done!
  Energy     : -16.2658
  RMSD       : 6.277 Å
  Runtime    : 297.9s
  Saved to   : outputs/reps_Brickwork_entanglement/slurm_YYDPETGTWY_amber/replica_883/replica_883_result.json
============================================
End time     : Wed Apr 22 18:09:58 EDT 2026
Exit code    : 0
============================================
