============================================
Job ID       : 5495025
Array Task   : 21
Replica ID   : 21
Node         : lri025
Start time   : Mon Apr 27 12:53:59 EDT 2026
============================================
[REPLICA 21] Starting...
  Sequence     : YYDPETGTWY
  Forcefield   : amber
  Backend      : aer
  Max iter     : 2000
  Skip Stage 2 : False
--- INITIALIZING QUANTUM BIOPHYSICS FOLDER (HARDWARE) ---
--- FORCE FIELD: AMBER ---
[REPLICA 21] Ground truth loaded — 10 CA atoms
--- SCOUTING: Checking 50 starting points ---
 > Deterministic Seed: 313296788 (Derived from Sequence)
 > Best Start Found: Energy 361.02
[REPLICA 21] Init strategy: random, seed: 313296788
============================================
End time     : Mon Apr 27 12:54:02 EDT 2026
Exit code    : 0
============================================
