============================================
Job ID       : 5425652
Array Task   : 169
Replica ID   : 169
Node         : lri016
Start time   : Wed Apr 15 13:16:51 EDT 2026
============================================
[REPLICA 169] Starting...
  Sequence   : YYDPETGTWY
  Forcefield : amber
  Backend    : aer
  Max iter   : 2000
--- INITIALIZING QUANTUM BIOPHYSICS FOLDER (HARDWARE) ---
--- FORCE FIELD: AMBER ---
--- SCOUTING: Checking 50 starting points ---
 > Deterministic Seed: 313296936 (Derived from Sequence)
 > Best Start Found: Energy 369.94
[REPLICA 169] Init strategy: random, seed: 313296936
--- STARTING QUANTUM FOLDING (HYBRID PIPELINE) ---
Stage 1: Mechanical Collapse (COBYLA, statevector)...
 > Collapse Energy: 234.16
Stage 2: Physics Refinement (SLSQP, statevector)...
Optimization terminated successfully    (Exit mode 0)
            Current function value: 81.69427410145968
            Iterations: 117
            Function evaluations: 6577
            Gradient evaluations: 117
 > Refinement Energy: 81.69
Stage 3: Natural Relaxation (SLSQP, statevector)...
Optimization terminated successfully    (Exit mode 0)
            Current function value: 60.1208721469686
            Iterations: 184
            Function evaluations: 10077
            Gradient evaluations: 184
 > Relaxation Energy: 60.12

[EXTRACTION] Mode: sampler → backend='aer_simulator', shots=4096
  Submitting 3 circuits (Z / X / Y bases)...
  Done. Angles extracted from measurement statistics.

[RESULT] Final energy: 60.1209
[REPLICA 169] RMSD: 6.190 Å
[REPLICA 169] Done!
  Energy     : 60.1209
  RMSD       : 6.190 Å
  Runtime    : 216.1s
  Saved to   : outputs/linear_entanglement_1_rep/slurm_YYDPETGTWY_amber/replica_169/replica_169_result.json
============================================
End time     : Wed Apr 15 13:20:28 EDT 2026
Exit code    : 0
============================================
