============================================
Job ID       : 5495184
Array Task   : 180
Replica ID   : 180
Node         : lri026
Start time   : Mon Apr 27 12:54:08 EDT 2026
============================================
[REPLICA 180] Starting...
  Sequence     : YYDPETGTWY
  Forcefield   : amber
  Backend      : aer
  Max iter     : 2000
  Skip Stage 2 : False
--- INITIALIZING QUANTUM BIOPHYSICS FOLDER (HARDWARE) ---
--- FORCE FIELD: AMBER ---
[REPLICA 180] Ground truth loaded — 10 CA atoms
--- SCOUTING: Checking 50 starting points ---
 > Deterministic Seed: 313296947 (Derived from Sequence)
 > Best Start Found: Energy 316.86
[REPLICA 180] Init strategy: random, seed: 313296947
============================================
End time     : Mon Apr 27 12:54:10 EDT 2026
Exit code    : 0
============================================
