============================================
Job ID       : 5439297
Array Task   : 604
Replica ID   : 604
Node         : lri015
Start time   : Fri Apr 17 09:10:32 EDT 2026
============================================
[REPLICA 604] Starting...
  Sequence   : YYDPETGTWY
  Forcefield : amber
  Backend    : aer
  Max iter   : 2000
--- INITIALIZING QUANTUM BIOPHYSICS FOLDER (HARDWARE) ---
--- FORCE FIELD: AMBER ---
--- SCOUTING: Checking 50 starting points ---
 > Deterministic Seed: 313297371 (Derived from Sequence)
 > Best Start Found: Energy 222.68
[REPLICA 604] Init strategy: random, seed: 313297371
--- STARTING QUANTUM FOLDING (HYBRID PIPELINE) ---
Stage 1: Mechanical Collapse (COBYLA, statevector)...
 > Collapse Energy: 299.65
Stage 2: Physics Refinement (SLSQP, statevector)...
Optimization terminated successfully    (Exit mode 0)
            Current function value: 49.692117136961876
            Iterations: 150
            Function evaluations: 8306
            Gradient evaluations: 150
 > Refinement Energy: 49.69
Stage 3: Natural Relaxation (SLSQP, statevector)...
Optimization terminated successfully    (Exit mode 0)
            Current function value: 3.311533941274096
            Iterations: 164
            Function evaluations: 8894
            Gradient evaluations: 164
 > Relaxation Energy: 3.31

[EXTRACTION] Mode: sampler → backend='aer_simulator', shots=4096
  Submitting 3 circuits (Z / X / Y bases)...
  Done. Angles extracted from measurement statistics.

[RESULT] Final energy: 3.3115
[REPLICA 604] RMSD: 4.469 Å
[REPLICA 604] Done!
  Energy     : 3.3115
  RMSD       : 4.469 Å
  Runtime    : 210.9s
  Saved to   : outputs/reps_Brickwork_entanglement/slurm_YYDPETGTWY_amber/replica_604/replica_604_result.json
============================================
End time     : Fri Apr 17 09:14:05 EDT 2026
Exit code    : 0
============================================
