============================================
Job ID       : 5475196
Array Task   : 20
Replica ID   : 20
Node         : lri047
Start time   : Wed Apr 22 18:06:08 EDT 2026
============================================
[REPLICA 20] Starting...
  Sequence   : YYDPETGTWY
  Forcefield : amber
  Backend    : aer
  Max iter   : 2000
--- INITIALIZING QUANTUM BIOPHYSICS FOLDER (HARDWARE) ---
--- FORCE FIELD: AMBER ---
--- SCOUTING: Checking 50 starting points ---
 > Deterministic Seed: 313296787 (Derived from Sequence)
 > Best Start Found: Energy 340.55
[REPLICA 20] Init strategy: random, seed: 313296787
--- STARTING QUANTUM FOLDING (HYBRID PIPELINE) ---
Stage 1: Mechanical Collapse (COBYLA, statevector)...
 > Collapse Energy: 96.81
Stage 2: Physics Refinement (SLSQP, statevector)...
Optimization terminated successfully    (Exit mode 0)
            Current function value: 84.44714801365224
            Iterations: 155
            Function evaluations: 8515
            Gradient evaluations: 155
 > Refinement Energy: 84.45
Stage 3: Natural Relaxation (SLSQP, statevector)...
Optimization terminated successfully    (Exit mode 0)
            Current function value: 147.15516710752303
            Iterations: 210
            Function evaluations: 11171
            Gradient evaluations: 210
 > Relaxation Energy: 147.16

[EXTRACTION] Mode: sampler → backend='aer_simulator', shots=4096
  Submitting 3 circuits (Z / X / Y bases)...
  Done. Angles extracted from measurement statistics.

[RESULT] Final energy: 147.1552
[SAVED] outputs/reps_Brickwork_entanglement/slurm_YYDPETGTWY_amber/replica_20/replica_20_landscape.png
[REPLICA 20] RMSD: 5.389 Å
[REPLICA 20] Done!
  Energy     : 147.1552
  RMSD       : 5.389 Å
  Runtime    : 243.2s
  Saved to   : outputs/reps_Brickwork_entanglement/slurm_YYDPETGTWY_amber/replica_20/replica_20_result.json
============================================
End time     : Wed Apr 22 18:10:16 EDT 2026
Exit code    : 0
============================================
