============================================
Job ID       : 5422659
Array Task   : 898
Replica ID   : 898
Node         : lri016
Start time   : Tue Apr 14 11:25:34 EDT 2026
============================================
[REPLICA 898] Starting...
  Sequence   : YYDPETGTWY
  Forcefield : amber
  Backend    : aer
  Max iter   : 2000
--- INITIALIZING QUANTUM BIOPHYSICS FOLDER (HARDWARE) ---
--- FORCE FIELD: AMBER ---
--- PRIMING CIRCUIT FOR SHEET ---
 > Priming Error: 7.0249
[REPLICA 898] Init strategy: sheet, seed: 313297665
--- STARTING QUANTUM FOLDING (HYBRID PIPELINE) ---
Stage 1: Mechanical Collapse (COBYLA, statevector)...
 > Collapse Energy: 443.89
Stage 2: Physics Refinement (SLSQP, statevector)...
Optimization terminated successfully    (Exit mode 0)
            Current function value: -8.227240326398311
            Iterations: 267
            Function evaluations: 31072
            Gradient evaluations: 267
 > Refinement Energy: -8.23
Stage 3: Natural Relaxation (SLSQP, statevector)...
Optimization terminated successfully    (Exit mode 0)
            Current function value: 10.962199885575556
            Iterations: 250
            Function evaluations: 28947
            Gradient evaluations: 250
 > Relaxation Energy: 10.96

[EXTRACTION] Mode: sampler → backend='aer_simulator', shots=4096
  Submitting 3 circuits (Z / X / Y bases)...
  Done. Angles extracted from measurement statistics.

[RESULT] Final energy: 10.9622
[REPLICA 898] RMSD: 5.520 Å
[REPLICA 898] Done!
  Energy     : 10.9622
  RMSD       : 5.520 Å
  Runtime    : 1073.9s
  Saved to   : outputs/slurm_YYDPETGTWY_amber/replica_898/replica_898_result.json
============================================
End time     : Tue Apr 14 11:43:30 EDT 2026
Exit code    : 0
============================================
