============================================
Job ID       : 5427796
Array Task   : 392
Replica ID   : 392
Node         : lri016
Start time   : Wed Apr 15 19:15:14 EDT 2026
============================================
[REPLICA 392] Starting...
  Sequence   : YYDPETGTWY
  Forcefield : amber
  Backend    : aer
  Max iter   : 2000
--- INITIALIZING QUANTUM BIOPHYSICS FOLDER (HARDWARE) ---
--- FORCE FIELD: AMBER ---
--- SCOUTING: Checking 50 starting points ---
 > Deterministic Seed: 313297159 (Derived from Sequence)
 > Best Start Found: Energy 391.14
[REPLICA 392] Init strategy: random, seed: 313297159
--- STARTING QUANTUM FOLDING (HYBRID PIPELINE) ---
Stage 1: Mechanical Collapse (COBYLA, statevector)...
 > Collapse Energy: 237.45
Stage 2: Physics Refinement (SLSQP, statevector)...
Optimization terminated successfully    (Exit mode 0)
            Current function value: -69.86202421157417
            Iterations: 222
            Function evaluations: 11894
            Gradient evaluations: 222
 > Refinement Energy: -69.86
Stage 3: Natural Relaxation (SLSQP, statevector)...
Optimization terminated successfully    (Exit mode 0)
            Current function value: 75.99460838481833
            Iterations: 275
            Function evaluations: 14582
            Gradient evaluations: 275
 > Relaxation Energy: 75.99

[EXTRACTION] Mode: sampler → backend='aer_simulator', shots=4096
  Submitting 3 circuits (Z / X / Y bases)...
  Done. Angles extracted from measurement statistics.

[RESULT] Final energy: 75.9946
[REPLICA 392] RMSD: 5.556 Å
[REPLICA 392] Done!
  Energy     : 75.9946
  RMSD       : 5.556 Å
  Runtime    : 337.9s
  Saved to   : outputs/Reps_qubits_d_2/slurm_YYDPETGTWY_amber/replica_392/replica_392_result.json
============================================
End time     : Wed Apr 15 19:20:53 EDT 2026
Exit code    : 0
============================================
