============================================
Job ID       : 5423269
Array Task   : 309
Replica ID   : 309
Node         : lri013
Start time   : Tue Apr 14 16:11:53 EDT 2026
============================================
[REPLICA 309] Starting...
  Sequence   : YYDPETGTWY
  Forcefield : amber
  Backend    : aer
  Max iter   : 2000
--- INITIALIZING QUANTUM BIOPHYSICS FOLDER (HARDWARE) ---
--- FORCE FIELD: AMBER ---
--- SCOUTING: Checking 50 starting points ---
 > Deterministic Seed: 313297076 (Derived from Sequence)
 > Best Start Found: Energy 461.20
[REPLICA 309] Init strategy: random, seed: 313297076
--- STARTING QUANTUM FOLDING (HYBRID PIPELINE) ---
Stage 1: Mechanical Collapse (COBYLA, statevector)...
 > Collapse Energy: 176.96
Stage 2: Physics Refinement (SLSQP, statevector)...
Optimization terminated successfully    (Exit mode 0)
            Current function value: 17.663296838195688
            Iterations: 364
            Function evaluations: 41783
            Gradient evaluations: 364
 > Refinement Energy: 17.66
Stage 3: Natural Relaxation (SLSQP, statevector)...
Optimization terminated successfully    (Exit mode 0)
            Current function value: -95.10265871690477
            Iterations: 296
            Function evaluations: 34057
            Gradient evaluations: 296
 > Relaxation Energy: -95.10

[EXTRACTION] Mode: sampler → backend='aer_simulator', shots=4096
  Submitting 3 circuits (Z / X / Y bases)...
  Done. Angles extracted from measurement statistics.

[RESULT] Final energy: -95.1027
[REPLICA 309] RMSD: 4.426 Å
[REPLICA 309] Done!
  Energy     : -95.1027
  RMSD       : 4.426 Å
  Runtime    : 1369.2s
  Saved to   : outputs/probability_vectors/slurm_YYDPETGTWY_amber/replica_309/replica_309_result.json
============================================
End time     : Tue Apr 14 16:34:44 EDT 2026
Exit code    : 0
============================================
