============================================
Job ID       : 5496155
Array Task   : 307
Replica ID   : 307
Node         : lri039
Start time   : Mon Apr 27 13:47:19 EDT 2026
============================================
[REPLICA 307] Starting...
  Sequence     : YYDPETGTWY
  Forcefield   : amber
  Backend      : aer
  Max iter     : 2000
  Skip Stage 2 : True
--- INITIALIZING QUANTUM BIOPHYSICS FOLDER (HARDWARE) ---
--- FORCE FIELD: AMBER ---
[REPLICA 307] Ground truth loaded — 10 CA atoms
--- SCOUTING: Checking 50 starting points ---
 > Deterministic Seed: 313297074 (Derived from Sequence)
 > Best Start Found: Energy 512.47
[REPLICA 307] Init strategy: random, seed: 313297074
============================================
End time     : Mon Apr 27 13:47:21 EDT 2026
Exit code    : 0
============================================
