============================================
Job ID       : 5481046
Array Task   : 390
Replica ID   : 390
Node         : lri020
Start time   : Thu Apr 23 11:54:06 EDT 2026
============================================
[REPLICA 390] Starting...
  Sequence   : YYDPETGTWY
  Forcefield : amber
  Backend    : aer
  Max iter   : 20
--- INITIALIZING QUANTUM BIOPHYSICS FOLDER (HARDWARE) ---
--- FORCE FIELD: AMBER ---
--- SCOUTING: Checking 50 starting points ---
 > Deterministic Seed: 313297157 (Derived from Sequence)
 > Best Start Found: Energy 502.56
[REPLICA 390] Init strategy: random, seed: 313297157
--- STARTING QUANTUM FOLDING (HYBRID PIPELINE) ---
Stage 1: Mechanical Collapse (COBYLA, statevector)...
 > Collapse Energy: 1136.12
Stage 2: Physics Refinement (SLSQP, statevector)...
Iteration limit reached    (Exit mode 9)
            Current function value: 12605.221070357384
            Iterations: 20
            Function evaluations: 1170
            Gradient evaluations: 20
 > Refinement Energy: 12605.22
Stage 3: Natural Relaxation (SLSQP, statevector)...
Iteration limit reached    (Exit mode 9)
            Current function value: 922.5281851015851
            Iterations: 20
            Function evaluations: 1170
            Gradient evaluations: 20
 > Relaxation Energy: 922.53

[EXTRACTION] Mode: sampler → backend='aer_simulator', shots=4096
  Submitting 3 circuits (Z / X / Y bases)...
  Done. Angles extracted from measurement statistics.

[RESULT] Final energy: 922.5282
[REPLICA 390] Tracker saved → outputs/energy_reps_Brickwork_entanglement11/slurm_YYDPETGTWY_amber/replica_390/replica_390_tracker.json
[SAVED] outputs/energy_reps_Brickwork_entanglement11/slurm_YYDPETGTWY_amber/replica_390/replica_390_landscape.png
[REPLICA 390] RMSD: 4.590 Å
[REPLICA 390] Done!
  Energy     : 922.5282
  RMSD       : 4.590 Å
  Runtime    : 30.0s
  Saved to   : outputs/energy_reps_Brickwork_entanglement11/slurm_YYDPETGTWY_amber/replica_390/replica_390_result.json
============================================
End time     : Thu Apr 23 11:54:37 EDT 2026
Exit code    : 0
============================================
