============================================
Job ID       : 5423086
Array Task   : 160
Replica ID   : 160
Node         : lri024
Start time   : Tue Apr 14 15:09:49 EDT 2026
============================================
[REPLICA 160] Starting...
  Sequence   : YYDPETGTWY
  Forcefield : amber
  Backend    : aer
  Max iter   : 2000
--- INITIALIZING QUANTUM BIOPHYSICS FOLDER (HARDWARE) ---
--- FORCE FIELD: AMBER ---
--- SCOUTING: Checking 50 starting points ---
 > Deterministic Seed: 313296927 (Derived from Sequence)
 > Best Start Found: Energy 374.91
[REPLICA 160] Init strategy: random, seed: 313296927
--- STARTING QUANTUM FOLDING (HYBRID PIPELINE) ---
Stage 1: Mechanical Collapse (COBYLA, statevector)...
 > Collapse Energy: 340.59
Stage 2: Physics Refinement (SLSQP, statevector)...
Optimization terminated successfully    (Exit mode 0)
            Current function value: 9656.881043738493
            Iterations: 530
            Function evaluations: 62280
            Gradient evaluations: 530
 > Refinement Energy: 9656.88
Stage 3: Natural Relaxation (SLSQP, statevector)...
Optimization terminated successfully    (Exit mode 0)
            Current function value: 523.9558684090018
            Iterations: 284
            Function evaluations: 33373
            Gradient evaluations: 284
 > Relaxation Energy: 523.96

[EXTRACTION] Mode: sampler → backend='aer_simulator', shots=4096
  Submitting 3 circuits (Z / X / Y bases)...
  Done. Angles extracted from measurement statistics.

[RESULT] Final energy: 523.9559
[REPLICA 160] RMSD: 5.414 Å
[REPLICA 160] Done!
  Energy     : 523.9559
  RMSD       : 5.414 Å
  Runtime    : 1722.4s
  Saved to   : outputs/probability_vectors/slurm_YYDPETGTWY_amber/replica_160/replica_160_result.json
============================================
End time     : Tue Apr 14 15:38:33 EDT 2026
Exit code    : 0
============================================
