============================================
Job ID       : 5423445
Array Task   : 445
Replica ID   : 445
Node         : lri013
Start time   : Tue Apr 14 16:55:57 EDT 2026
============================================
[REPLICA 445] Starting...
  Sequence   : YYDPETGTWY
  Forcefield : amber
  Backend    : aer
  Max iter   : 2000
--- INITIALIZING QUANTUM BIOPHYSICS FOLDER (HARDWARE) ---
--- FORCE FIELD: AMBER ---
--- SCOUTING: Checking 50 starting points ---
 > Deterministic Seed: 313297212 (Derived from Sequence)
 > Best Start Found: Energy 289.80
[REPLICA 445] Init strategy: random, seed: 313297212
--- STARTING QUANTUM FOLDING (HYBRID PIPELINE) ---
Stage 1: Mechanical Collapse (COBYLA, statevector)...
 > Collapse Energy: 177.54
Stage 2: Physics Refinement (SLSQP, statevector)...
Optimization terminated successfully    (Exit mode 0)
            Current function value: 9.192201128535295
            Iterations: 299
            Function evaluations: 34698
            Gradient evaluations: 299
 > Refinement Energy: 9.19
Stage 3: Natural Relaxation (SLSQP, statevector)...
Optimization terminated successfully    (Exit mode 0)
            Current function value: -113.3316232126565
            Iterations: 243
            Function evaluations: 28210
            Gradient evaluations: 243
 > Relaxation Energy: -113.33

[EXTRACTION] Mode: sampler → backend='aer_simulator', shots=4096
  Submitting 3 circuits (Z / X / Y bases)...
  Done. Angles extracted from measurement statistics.

[RESULT] Final energy: -113.3316
[REPLICA 445] RMSD: 4.008 Å
[REPLICA 445] Done!
  Energy     : -113.3316
  RMSD       : 4.008 Å
  Runtime    : 1151.5s
  Saved to   : outputs/probability_vectors/slurm_YYDPETGTWY_amber/replica_445/replica_445_result.json
============================================
End time     : Tue Apr 14 17:15:10 EDT 2026
Exit code    : 0
============================================
