============================================
Job ID       : 5427052
Array Task   : 988
Replica ID   : 988
Node         : lri054
Start time   : Wed Apr 15 17:05:06 EDT 2026
============================================
[REPLICA 988] Starting...
  Sequence   : YYDPETGTWY
  Forcefield : amber
  Backend    : aer
  Max iter   : 2000
--- INITIALIZING QUANTUM BIOPHYSICS FOLDER (HARDWARE) ---
--- FORCE FIELD: AMBER ---
--- SCOUTING: Checking 50 starting points ---
 > Deterministic Seed: 313297755 (Derived from Sequence)
 > Best Start Found: Energy 416.37
[REPLICA 988] Init strategy: random, seed: 313297755
--- STARTING QUANTUM FOLDING (HYBRID PIPELINE) ---
Stage 1: Mechanical Collapse (COBYLA, statevector)...
 > Collapse Energy: 927.28
Stage 2: Physics Refinement (SLSQP, statevector)...
Optimization terminated successfully    (Exit mode 0)
            Current function value: 33.137510977678545
            Iterations: 174
            Function evaluations: 9410
            Gradient evaluations: 174
 > Refinement Energy: 33.14
Stage 3: Natural Relaxation (SLSQP, statevector)...
Optimization terminated successfully    (Exit mode 0)
            Current function value: -76.03302083853058
            Iterations: 208
            Function evaluations: 10993
            Gradient evaluations: 208
 > Relaxation Energy: -76.03

[EXTRACTION] Mode: sampler → backend='aer_simulator', shots=4096
  Submitting 3 circuits (Z / X / Y bases)...
  Done. Angles extracted from measurement statistics.

[RESULT] Final energy: -76.0330
[REPLICA 988] RMSD: 5.574 Å
[REPLICA 988] Done!
  Energy     : -76.0330
  RMSD       : 5.574 Å
  Runtime    : 257.9s
  Saved to   : outputs/linear_entanglement_1_rep/slurm_YYDPETGTWY_amber/replica_988/replica_988_result.json
============================================
End time     : Wed Apr 15 17:09:25 EDT 2026
Exit code    : 0
============================================
