============================================
Job ID       : 5495362
Array Task   : 358
Replica ID   : 358
Node         : lri034
Start time   : Mon Apr 27 12:54:17 EDT 2026
============================================
[REPLICA 358] Starting...
  Sequence     : YYDPETGTWY
  Forcefield   : amber
  Backend      : aer
  Max iter     : 2000
  Skip Stage 2 : False
--- INITIALIZING QUANTUM BIOPHYSICS FOLDER (HARDWARE) ---
--- FORCE FIELD: AMBER ---
[REPLICA 358] Ground truth loaded — 10 CA atoms
--- SCOUTING: Checking 50 starting points ---
 > Deterministic Seed: 313297125 (Derived from Sequence)
 > Best Start Found: Energy 315.35
[REPLICA 358] Init strategy: random, seed: 313297125
============================================
End time     : Mon Apr 27 12:54:19 EDT 2026
Exit code    : 0
============================================
