============================================
Job ID       : 5494589
Array Task   : 141
Replica ID   : 141
Node         : lri026
Start time   : Mon Apr 27 11:29:38 EDT 2026
============================================
[REPLICA 141] Starting...
  Sequence     : YYDPETGTWY
  Forcefield   : amber
  Backend      : aer
  Max iter     : 2000
  Skip Stage 2 : False
--- INITIALIZING QUANTUM BIOPHYSICS FOLDER (HARDWARE) ---
--- FORCE FIELD: AMBER ---
[REPLICA 141] Ground truth loaded — 10 CA atoms
--- SCOUTING: Checking 50 starting points ---
 > Deterministic Seed: 313296908 (Derived from Sequence)
 > Best Start Found: Energy 367.28
[REPLICA 141] Init strategy: random, seed: 313296908
============================================
End time     : Mon Apr 27 11:29:40 EDT 2026
Exit code    : 0
============================================
