============================================
Job ID       : 5421194
Array Task   : 258
Replica ID   : 258
Node         : lri018
Start time   : Tue Apr 14 03:29:04 EDT 2026
============================================
[REPLICA 258] Starting...
  Sequence   : YYDPETGTWY
  Forcefield : amber
  Backend    : aer
  Max iter   : 2000
--- INITIALIZING QUANTUM BIOPHYSICS FOLDER (HARDWARE) ---
--- FORCE FIELD: AMBER ---
--- PRIMING CIRCUIT FOR HELIX ---
 > Priming Error: 6.7956
[REPLICA 258] Init strategy: helix, seed: 313297025
--- STARTING QUANTUM FOLDING (HYBRID PIPELINE) ---
Stage 1: Mechanical Collapse (COBYLA, statevector)...
 > Collapse Energy: 433.26
Stage 2: Physics Refinement (SLSQP, statevector)...
Optimization terminated successfully    (Exit mode 0)
            Current function value: -4.811671163312481
            Iterations: 291
            Function evaluations: 33761
            Gradient evaluations: 291
 > Refinement Energy: -4.81
Stage 3: Natural Relaxation (SLSQP, statevector)...
Optimization terminated successfully    (Exit mode 0)
            Current function value: -32.29120486234867
            Iterations: 285
            Function evaluations: 32894
            Gradient evaluations: 285
 > Relaxation Energy: -32.29

[EXTRACTION] Mode: sampler → backend='aer_simulator', shots=4096
  Submitting 3 circuits (Z / X / Y bases)...
  Done. Angles extracted from measurement statistics.

[RESULT] Final energy: -32.2912
[REPLICA 258] RMSD: 4.816 Å
[REPLICA 258] Done!
  Energy     : -32.2912
  RMSD       : 4.816 Å
  Runtime    : 1211.0s
  Saved to   : outputs/slurm_YYDPETGTWY_amber/replica_258/replica_258_result.json
============================================
End time     : Tue Apr 14 03:49:20 EDT 2026
Exit code    : 0
============================================
