============================================
Job ID       : 5425725
Array Task   : 240
Replica ID   : 240
Node         : lri014
Start time   : Wed Apr 15 13:34:53 EDT 2026
============================================
[REPLICA 240] Starting...
  Sequence   : YYDPETGTWY
  Forcefield : amber
  Backend    : aer
  Max iter   : 2000
--- INITIALIZING QUANTUM BIOPHYSICS FOLDER (HARDWARE) ---
--- FORCE FIELD: AMBER ---
--- SCOUTING: Checking 50 starting points ---
 > Deterministic Seed: 313297007 (Derived from Sequence)
 > Best Start Found: Energy 389.52
[REPLICA 240] Init strategy: random, seed: 313297007
--- STARTING QUANTUM FOLDING (HYBRID PIPELINE) ---
Stage 1: Mechanical Collapse (COBYLA, statevector)...
 > Collapse Energy: 334.25
Stage 2: Physics Refinement (SLSQP, statevector)...
Optimization terminated successfully    (Exit mode 0)
            Current function value: 79.66257688853571
            Iterations: 288
            Function evaluations: 15220
            Gradient evaluations: 288
 > Refinement Energy: 79.66
Stage 3: Natural Relaxation (SLSQP, statevector)...
Optimization terminated successfully    (Exit mode 0)
            Current function value: -2.0489225314879143
            Iterations: 130
            Function evaluations: 7155
            Gradient evaluations: 130
 > Relaxation Energy: -2.05

[EXTRACTION] Mode: sampler → backend='aer_simulator', shots=4096
  Submitting 3 circuits (Z / X / Y bases)...
  Done. Angles extracted from measurement statistics.

[RESULT] Final energy: -2.0489
[REPLICA 240] RMSD: 5.456 Å
[REPLICA 240] Done!
  Energy     : -2.0489
  RMSD       : 5.456 Å
  Runtime    : 295.5s
  Saved to   : outputs/linear_entanglement_1_rep/slurm_YYDPETGTWY_amber/replica_240/replica_240_result.json
============================================
End time     : Wed Apr 15 13:39:49 EDT 2026
Exit code    : 0
============================================
