============================================
Job ID       : 5495899
Array Task   : 51
Replica ID   : 51
Node         : lri027
Start time   : Mon Apr 27 13:47:10 EDT 2026
============================================
[REPLICA 51] Starting...
  Sequence     : YYDPETGTWY
  Forcefield   : amber
  Backend      : aer
  Max iter     : 2000
  Skip Stage 2 : True
--- INITIALIZING QUANTUM BIOPHYSICS FOLDER (HARDWARE) ---
--- FORCE FIELD: AMBER ---
[REPLICA 51] Ground truth loaded — 10 CA atoms
--- SCOUTING: Checking 50 starting points ---
 > Deterministic Seed: 313296818 (Derived from Sequence)
 > Best Start Found: Energy 360.27
[REPLICA 51] Init strategy: random, seed: 313296818
============================================
End time     : Mon Apr 27 13:47:12 EDT 2026
Exit code    : 0
============================================
