============================================
Job ID       : 5495658
Array Task   : 211
Replica ID   : 211
Node         : lri067
Start time   : Mon Apr 27 13:45:00 EDT 2026
============================================
[REPLICA 211] Starting...
  Sequence     : YYDPETGTWY
  Forcefield   : amber
  Backend      : aer
  Max iter     : 2000
  Skip Stage 2 : False
--- INITIALIZING QUANTUM BIOPHYSICS FOLDER (HARDWARE) ---
--- FORCE FIELD: AMBER ---
[REPLICA 211] Ground truth loaded — 10 CA atoms
--- SCOUTING: Checking 50 starting points ---
 > Deterministic Seed: 313296978 (Derived from Sequence)
 > Best Start Found: Energy 410.36
[REPLICA 211] Init strategy: random, seed: 313296978
============================================
End time     : Mon Apr 27 13:45:02 EDT 2026
Exit code    : 0
============================================
