============================================
Job ID       : 5440485
Array Task   : 354
Replica ID   : 354
Node         : lri013
Start time   : Fri Apr 17 14:18:50 EDT 2026
============================================
[REPLICA 354] Starting...
  Sequence   : DAYAQWLKDGGPSSGRPPPS
  Forcefield : amber
  Backend    : aer
  Max iter   : 2000
--- INITIALIZING QUANTUM BIOPHYSICS FOLDER (HARDWARE) ---
--- FORCE FIELD: AMBER ---
--- SCOUTING: Checking 50 starting points ---
 > Deterministic Seed: 2158523739 (Derived from Sequence)
 > Best Start Found: Energy 515.80
[REPLICA 354] Init strategy: random, seed: 2158523739
--- STARTING QUANTUM FOLDING (HYBRID PIPELINE) ---
Stage 1: Mechanical Collapse (COBYLA, statevector)...
 > Collapse Energy: 335.90
Stage 2: Physics Refinement (SLSQP, statevector)...
Optimization terminated successfully    (Exit mode 0)
            Current function value: -69.75767954189496
            Iterations: 276
            Function evaluations: 21635
            Gradient evaluations: 276
 > Refinement Energy: -69.76
Stage 3: Natural Relaxation (SLSQP, statevector)...
Optimization terminated successfully    (Exit mode 0)
            Current function value: 2.12560390076438
            Iterations: 504
            Function evaluations: 38541
            Gradient evaluations: 504
 > Relaxation Energy: 2.13

[EXTRACTION] Mode: sampler → backend='aer_simulator', shots=4096
  Submitting 3 circuits (Z / X / Y bases)...
  Done. Angles extracted from measurement statistics.

[RESULT] Final energy: 2.1256
[REPLICA 354] RMSD: 7.187 Å
[REPLICA 354] Done!
  Energy     : 2.1256
  RMSD       : 7.187 Å
  Runtime    : 1130.5s
  Saved to   : outputs/reps_Brickwork_entanglement1/slurm_DAYAQWLKDGGPSSGRPPPS_amber/replica_354/replica_354_result.json
============================================
End time     : Fri Apr 17 14:37:41 EDT 2026
Exit code    : 0
============================================
