============================================
Job ID       : 5424096
Array Task   : 45
Replica ID   : 45
Node         : lri025
Start time   : Tue Apr 14 19:18:07 EDT 2026
============================================
[REPLICA 45] Starting...
  Sequence   : YYDPETGTWY
  Forcefield : amber
  Backend    : aer
  Max iter   : 2000
--- INITIALIZING QUANTUM BIOPHYSICS FOLDER (HARDWARE) ---
--- FORCE FIELD: AMBER ---
--- SCOUTING: Checking 50 starting points ---
 > Deterministic Seed: 313296812 (Derived from Sequence)
 > Best Start Found: Energy 329.14
[REPLICA 45] Init strategy: random, seed: 313296812
--- STARTING QUANTUM FOLDING (HYBRID PIPELINE) ---
Stage 1: Mechanical Collapse (COBYLA, statevector)...
 > Collapse Energy: 205.98
Stage 2: Physics Refinement (SLSQP, statevector)...
Optimization terminated successfully    (Exit mode 0)
            Current function value: -9.374056500320101
            Iterations: 341
            Function evaluations: 39233
            Gradient evaluations: 341
 > Refinement Energy: -9.37
Stage 3: Natural Relaxation (SLSQP, statevector)...
Optimization terminated successfully    (Exit mode 0)
            Current function value: -15.069724897615817
            Iterations: 322
            Function evaluations: 37007
            Gradient evaluations: 322
 > Relaxation Energy: -15.07

[EXTRACTION] Mode: sampler → backend='aer_simulator', shots=4096
  Submitting 3 circuits (Z / X / Y bases)...
  Done. Angles extracted from measurement statistics.

[RESULT] Final energy: -15.0697
[REPLICA 45] RMSD: 4.762 Å
[REPLICA 45] Done!
  Energy     : -15.0697
  RMSD       : 4.762 Å
  Runtime    : 1335.6s
  Saved to   : outputs/only_random_strategy/slurm_YYDPETGTWY_amber/replica_45/replica_45_result.json
============================================
End time     : Tue Apr 14 19:40:24 EDT 2026
Exit code    : 0
============================================
