============================================
Job ID       : 5424808
Array Task   : 724
Replica ID   : 724
Node         : lri025
Start time   : Tue Apr 14 21:42:20 EDT 2026
============================================
[REPLICA 724] Starting...
  Sequence   : YYDPETGTWY
  Forcefield : amber
  Backend    : aer
  Max iter   : 2000
--- INITIALIZING QUANTUM BIOPHYSICS FOLDER (HARDWARE) ---
--- FORCE FIELD: AMBER ---
--- SCOUTING: Checking 50 starting points ---
 > Deterministic Seed: 313297491 (Derived from Sequence)
 > Best Start Found: Energy 267.17
[REPLICA 724] Init strategy: random, seed: 313297491
--- STARTING QUANTUM FOLDING (HYBRID PIPELINE) ---
Stage 1: Mechanical Collapse (COBYLA, statevector)...
 > Collapse Energy: 228.76
Stage 2: Physics Refinement (SLSQP, statevector)...
Optimization terminated successfully    (Exit mode 0)
            Current function value: 207.86975496768872
            Iterations: 701
            Function evaluations: 78950
            Gradient evaluations: 701
 > Refinement Energy: 207.87
Stage 3: Natural Relaxation (SLSQP, statevector)...
Optimization terminated successfully    (Exit mode 0)
            Current function value: -30.931119878124818
            Iterations: 247
            Function evaluations: 28581
            Gradient evaluations: 247
 > Relaxation Energy: -30.93

[EXTRACTION] Mode: sampler → backend='aer_simulator', shots=4096
  Submitting 3 circuits (Z / X / Y bases)...
  Done. Angles extracted from measurement statistics.

[RESULT] Final energy: -30.9311
[REPLICA 724] RMSD: 3.518 Å
[REPLICA 724] Done!
  Energy     : -30.9311
  RMSD       : 3.518 Å
  Runtime    : 1845.7s
  Saved to   : outputs/only_random_strategy/slurm_YYDPETGTWY_amber/replica_724/replica_724_result.json
============================================
End time     : Tue Apr 14 22:13:07 EDT 2026
Exit code    : 0
============================================
