============================================
Job ID       : 5495229
Array Task   : 225
Replica ID   : 225
Node         : lri032
Start time   : Mon Apr 27 12:54:10 EDT 2026
============================================
[REPLICA 225] Starting...
  Sequence     : YYDPETGTWY
  Forcefield   : amber
  Backend      : aer
  Max iter     : 2000
  Skip Stage 2 : False
--- INITIALIZING QUANTUM BIOPHYSICS FOLDER (HARDWARE) ---
--- FORCE FIELD: AMBER ---
[REPLICA 225] Ground truth loaded — 10 CA atoms
--- SCOUTING: Checking 50 starting points ---
 > Deterministic Seed: 313296992 (Derived from Sequence)
 > Best Start Found: Energy 409.57
[REPLICA 225] Init strategy: random, seed: 313296992
============================================
End time     : Mon Apr 27 12:54:12 EDT 2026
Exit code    : 0
============================================
