============================================
Job ID       : 5422348
Array Task   : 699
Replica ID   : 699
Node         : lri014
Start time   : Tue Apr 14 10:11:31 EDT 2026
============================================
[REPLICA 699] Starting...
  Sequence   : YYDPETGTWY
  Forcefield : amber
  Backend    : aer
  Max iter   : 2000
--- INITIALIZING QUANTUM BIOPHYSICS FOLDER (HARDWARE) ---
--- FORCE FIELD: AMBER ---
--- PRIMING CIRCUIT FOR HELIX ---
 > Priming Error: 14.0303
[REPLICA 699] Init strategy: helix, seed: 313297466
--- STARTING QUANTUM FOLDING (HYBRID PIPELINE) ---
Stage 1: Mechanical Collapse (COBYLA, statevector)...
 > Collapse Energy: 220.47
Stage 2: Physics Refinement (SLSQP, statevector)...
Optimization terminated successfully    (Exit mode 0)
            Current function value: -93.21840764041119
            Iterations: 351
            Function evaluations: 40314
            Gradient evaluations: 351
 > Refinement Energy: -93.22
Stage 3: Natural Relaxation (SLSQP, statevector)...
Optimization terminated successfully    (Exit mode 0)
            Current function value: 245.02682928604062
            Iterations: 220
            Function evaluations: 25973
            Gradient evaluations: 220
 > Relaxation Energy: 245.03

[EXTRACTION] Mode: sampler → backend='aer_simulator', shots=4096
  Submitting 3 circuits (Z / X / Y bases)...
  Done. Angles extracted from measurement statistics.

[RESULT] Final energy: 245.0268
[REPLICA 699] RMSD: 5.408 Å
[REPLICA 699] Done!
  Energy     : 245.0268
  RMSD       : 5.408 Å
  Runtime    : 1171.8s
  Saved to   : outputs/slurm_YYDPETGTWY_amber/replica_699/replica_699_result.json
============================================
End time     : Tue Apr 14 10:31:04 EDT 2026
Exit code    : 0
============================================
