============================================
Job ID       : 5494757
Array Task   : 309
Replica ID   : 309
Node         : lri025
Start time   : Mon Apr 27 11:29:50 EDT 2026
============================================
[REPLICA 309] Starting...
  Sequence     : YYDPETGTWY
  Forcefield   : amber
  Backend      : aer
  Max iter     : 2000
  Skip Stage 2 : False
--- INITIALIZING QUANTUM BIOPHYSICS FOLDER (HARDWARE) ---
--- FORCE FIELD: AMBER ---
[REPLICA 309] Ground truth loaded — 10 CA atoms
--- SCOUTING: Checking 50 starting points ---
 > Deterministic Seed: 313297076 (Derived from Sequence)
 > Best Start Found: Energy 448.82
[REPLICA 309] Init strategy: random, seed: 313297076
============================================
End time     : Mon Apr 27 11:29:52 EDT 2026
Exit code    : 0
============================================
