============================================
Job ID       : 5440565
Array Task   : 404
Replica ID   : 404
Node         : lri013
Start time   : Fri Apr 17 14:44:51 EDT 2026
============================================
[REPLICA 404] Starting...
  Sequence   : DAYAQWLKDGGPSSGRPPPS
  Forcefield : amber
  Backend    : aer
  Max iter   : 2000
--- INITIALIZING QUANTUM BIOPHYSICS FOLDER (HARDWARE) ---
--- FORCE FIELD: AMBER ---
--- SCOUTING: Checking 50 starting points ---
 > Deterministic Seed: 2158523789 (Derived from Sequence)
 > Best Start Found: Energy 416.14
[REPLICA 404] Init strategy: random, seed: 2158523789
--- STARTING QUANTUM FOLDING (HYBRID PIPELINE) ---
Stage 1: Mechanical Collapse (COBYLA, statevector)...
 > Collapse Energy: 196.68
Stage 2: Physics Refinement (SLSQP, statevector)...
Optimization terminated successfully    (Exit mode 0)
            Current function value: -2.2338022603161756
            Iterations: 319
            Function evaluations: 24885
            Gradient evaluations: 319
 > Refinement Energy: -2.23
Stage 3: Natural Relaxation (SLSQP, statevector)...
Optimization terminated successfully    (Exit mode 0)
            Current function value: -50.56972771556038
            Iterations: 188
            Function evaluations: 14884
            Gradient evaluations: 188
 > Relaxation Energy: -50.57

[EXTRACTION] Mode: sampler → backend='aer_simulator', shots=4096
  Submitting 3 circuits (Z / X / Y bases)...
  Done. Angles extracted from measurement statistics.

[RESULT] Final energy: -50.5697
[REPLICA 404] RMSD: 7.091 Å
[REPLICA 404] Done!
  Energy     : -50.5697
  RMSD       : 7.091 Å
  Runtime    : 756.4s
  Saved to   : outputs/reps_Brickwork_entanglement1/slurm_DAYAQWLKDGGPSSGRPPPS_amber/replica_404/replica_404_result.json
============================================
End time     : Fri Apr 17 14:57:29 EDT 2026
Exit code    : 0
============================================
