============================================
Job ID       : 5424135
Array Task   : 84
Replica ID   : 84
Node         : lri014
Start time   : Tue Apr 14 19:26:08 EDT 2026
============================================
[REPLICA 84] Starting...
  Sequence   : YYDPETGTWY
  Forcefield : amber
  Backend    : aer
  Max iter   : 2000
--- INITIALIZING QUANTUM BIOPHYSICS FOLDER (HARDWARE) ---
--- FORCE FIELD: AMBER ---
--- SCOUTING: Checking 50 starting points ---
 > Deterministic Seed: 313296851 (Derived from Sequence)
 > Best Start Found: Energy 417.41
[REPLICA 84] Init strategy: random, seed: 313296851
--- STARTING QUANTUM FOLDING (HYBRID PIPELINE) ---
Stage 1: Mechanical Collapse (COBYLA, statevector)...
 > Collapse Energy: 179.28
Stage 2: Physics Refinement (SLSQP, statevector)...
Optimization terminated successfully    (Exit mode 0)
            Current function value: 0.46587043858811844
            Iterations: 315
            Function evaluations: 36282
            Gradient evaluations: 315
 > Refinement Energy: 0.47
Stage 3: Natural Relaxation (SLSQP, statevector)...
Optimization terminated successfully    (Exit mode 0)
            Current function value: 21.3334098470146
            Iterations: 306
            Function evaluations: 35408
            Gradient evaluations: 306
 > Relaxation Energy: 21.33

[EXTRACTION] Mode: sampler → backend='aer_simulator', shots=4096
  Submitting 3 circuits (Z / X / Y bases)...
  Done. Angles extracted from measurement statistics.

[RESULT] Final energy: 21.3334
[REPLICA 84] RMSD: 6.053 Å
[REPLICA 84] Done!
  Energy     : 21.3334
  RMSD       : 6.053 Å
  Runtime    : 1269.7s
  Saved to   : outputs/only_random_strategy/slurm_YYDPETGTWY_amber/replica_84/replica_84_result.json
============================================
End time     : Tue Apr 14 19:47:19 EDT 2026
Exit code    : 0
============================================
