============================================
Job ID       : 5480912
Array Task   : 258
Replica ID   : 258
Node         : lri068
Start time   : Thu Apr 23 11:53:12 EDT 2026
============================================
[REPLICA 258] Starting...
  Sequence   : YYDPETGTWY
  Forcefield : amber
  Backend    : aer
  Max iter   : 20
--- INITIALIZING QUANTUM BIOPHYSICS FOLDER (HARDWARE) ---
--- FORCE FIELD: AMBER ---
--- SCOUTING: Checking 50 starting points ---
 > Deterministic Seed: 313297025 (Derived from Sequence)
 > Best Start Found: Energy 421.54
[REPLICA 258] Init strategy: random, seed: 313297025
--- STARTING QUANTUM FOLDING (HYBRID PIPELINE) ---
Stage 1: Mechanical Collapse (COBYLA, statevector)...
 > Collapse Energy: 1386.76
Stage 2: Physics Refinement (SLSQP, statevector)...
Iteration limit reached    (Exit mode 9)
            Current function value: 5289.550648890286
            Iterations: 20
            Function evaluations: 1170
            Gradient evaluations: 20
 > Refinement Energy: 5289.55
Stage 3: Natural Relaxation (SLSQP, statevector)...
Iteration limit reached    (Exit mode 9)
            Current function value: 2201.1547539069866
            Iterations: 20
            Function evaluations: 1170
            Gradient evaluations: 20
 > Relaxation Energy: 2201.15

[EXTRACTION] Mode: sampler → backend='aer_simulator', shots=4096
  Submitting 3 circuits (Z / X / Y bases)...
  Done. Angles extracted from measurement statistics.

[RESULT] Final energy: 2201.1548
[REPLICA 258] Tracker saved → outputs/energy_reps_Brickwork_entanglement11/slurm_YYDPETGTWY_amber/replica_258/replica_258_tracker.json
[SAVED] outputs/energy_reps_Brickwork_entanglement11/slurm_YYDPETGTWY_amber/replica_258/replica_258_landscape.png
[REPLICA 258] RMSD: 3.603 Å
[REPLICA 258] Done!
  Energy     : 2201.1548
  RMSD       : 3.603 Å
  Runtime    : 30.9s
  Saved to   : outputs/energy_reps_Brickwork_entanglement11/slurm_YYDPETGTWY_amber/replica_258/replica_258_result.json
============================================
End time     : Thu Apr 23 11:53:44 EDT 2026
Exit code    : 0
============================================
