============================================
Job ID       : 5439173
Array Task   : 496
Replica ID   : 496
Node         : lri015
Start time   : Fri Apr 17 08:52:32 EDT 2026
============================================
[REPLICA 496] Starting...
  Sequence   : YYDPETGTWY
  Forcefield : amber
  Backend    : aer
  Max iter   : 2000
--- INITIALIZING QUANTUM BIOPHYSICS FOLDER (HARDWARE) ---
--- FORCE FIELD: AMBER ---
--- SCOUTING: Checking 50 starting points ---
 > Deterministic Seed: 313297263 (Derived from Sequence)
 > Best Start Found: Energy 323.97
[REPLICA 496] Init strategy: random, seed: 313297263
--- STARTING QUANTUM FOLDING (HYBRID PIPELINE) ---
Stage 1: Mechanical Collapse (COBYLA, statevector)...
 > Collapse Energy: 335.36
Stage 2: Physics Refinement (SLSQP, statevector)...
Optimization terminated successfully    (Exit mode 0)
            Current function value: -13.442368337363453
            Iterations: 218
            Function evaluations: 11647
            Gradient evaluations: 218
 > Refinement Energy: -13.44
Stage 3: Natural Relaxation (SLSQP, statevector)...
Optimization terminated successfully    (Exit mode 0)
            Current function value: 2.0909821013832257
            Iterations: 172
            Function evaluations: 9379
            Gradient evaluations: 172
 > Relaxation Energy: 2.09

[EXTRACTION] Mode: sampler → backend='aer_simulator', shots=4096
  Submitting 3 circuits (Z / X / Y bases)...
  Done. Angles extracted from measurement statistics.

[RESULT] Final energy: 2.0910
[REPLICA 496] RMSD: 4.365 Å
[REPLICA 496] Done!
  Energy     : 2.0910
  RMSD       : 4.365 Å
  Runtime    : 258.2s
  Saved to   : outputs/reps_Brickwork_entanglement/slurm_YYDPETGTWY_amber/replica_496/replica_496_result.json
============================================
End time     : Fri Apr 17 08:56:51 EDT 2026
Exit code    : 0
============================================
