============================================
Job ID       : 5443494
Array Task   : 971
Replica ID   : 971
Node         : lri015
Start time   : Fri Apr 17 19:05:14 EDT 2026
============================================
[REPLICA 971] Starting...
  Sequence   : DAYAQWLKDGGPSSGRPPPS
  Forcefield : amber
  Backend    : aer
  Max iter   : 2000
--- INITIALIZING QUANTUM BIOPHYSICS FOLDER (HARDWARE) ---
--- FORCE FIELD: AMBER ---
--- SCOUTING: Checking 50 starting points ---
 > Deterministic Seed: 2158524356 (Derived from Sequence)
 > Best Start Found: Energy 571.72
[REPLICA 971] Init strategy: random, seed: 2158524356
--- STARTING QUANTUM FOLDING (HYBRID PIPELINE) ---
Stage 1: Mechanical Collapse (COBYLA, statevector)...
 > Collapse Energy: 451.65
Stage 2: Physics Refinement (SLSQP, statevector)...
Optimization terminated successfully    (Exit mode 0)
            Current function value: -27.155887850019518
            Iterations: 227
            Function evaluations: 17845
            Gradient evaluations: 227
 > Refinement Energy: -27.16
Stage 3: Natural Relaxation (SLSQP, statevector)...
Optimization terminated successfully    (Exit mode 0)
            Current function value: 71.24842427011427
            Iterations: 337
            Function evaluations: 26104
            Gradient evaluations: 337
 > Relaxation Energy: 71.25

[EXTRACTION] Mode: sampler → backend='aer_simulator', shots=4096
  Submitting 3 circuits (Z / X / Y bases)...
  Done. Angles extracted from measurement statistics.

[RESULT] Final energy: 71.2484
[REPLICA 971] RMSD: 5.632 Å
[REPLICA 971] Done!
  Energy     : 71.2484
  RMSD       : 5.632 Å
  Runtime    : 820.9s
  Saved to   : outputs/reps_Brickwork_entanglement1/slurm_DAYAQWLKDGGPSSGRPPPS_amber/replica_971/replica_971_result.json
============================================
End time     : Fri Apr 17 19:18:57 EDT 2026
Exit code    : 0
============================================
