============================================
Job ID       : 5474873
Array Task   : 699
Replica ID   : 699
Node         : lri023
Start time   : Wed Apr 22 18:02:02 EDT 2026
============================================
[REPLICA 699] Starting...
  Sequence   : YYDPETGTWY
  Forcefield : amber
  Backend    : aer
  Max iter   : 2000
--- INITIALIZING QUANTUM BIOPHYSICS FOLDER (HARDWARE) ---
--- FORCE FIELD: AMBER ---
--- SCOUTING: Checking 50 starting points ---
 > Deterministic Seed: 313297466 (Derived from Sequence)
 > Best Start Found: Energy 368.24
[REPLICA 699] Init strategy: random, seed: 313297466
--- STARTING QUANTUM FOLDING (HYBRID PIPELINE) ---
Stage 1: Mechanical Collapse (COBYLA, statevector)...
 > Collapse Energy: 272.23
Stage 2: Physics Refinement (SLSQP, statevector)...
Optimization terminated successfully    (Exit mode 0)
            Current function value: 247.79116073199125
            Iterations: 287
            Function evaluations: 15277
            Gradient evaluations: 287
 > Refinement Energy: 247.79
Stage 3: Natural Relaxation (SLSQP, statevector)...
Optimization terminated successfully    (Exit mode 0)
            Current function value: -25.000070916533943
            Iterations: 212
            Function evaluations: 11335
            Gradient evaluations: 212
 > Relaxation Energy: -25.00

[EXTRACTION] Mode: sampler → backend='aer_simulator', shots=4096
  Submitting 3 circuits (Z / X / Y bases)...
  Done. Angles extracted from measurement statistics.

[RESULT] Final energy: -25.0001
[SAVED] outputs/reps_Brickwork_entanglement/slurm_YYDPETGTWY_amber/replica_699/replica_699_landscape.png
[REPLICA 699] RMSD: 5.357 Å
[REPLICA 699] Done!
  Energy     : -25.0001
  RMSD       : 5.357 Å
  Runtime    : 324.5s
  Saved to   : outputs/reps_Brickwork_entanglement/slurm_YYDPETGTWY_amber/replica_699/replica_699_result.json
============================================
End time     : Wed Apr 22 18:07:28 EDT 2026
Exit code    : 0
============================================
