============================================
Job ID       : 5475532
Array Task   : 341
Replica ID   : 341
Node         : lri006
Start time   : Wed Apr 22 18:10:31 EDT 2026
============================================
[REPLICA 341] Starting...
  Sequence   : YYDPETGTWY
  Forcefield : amber
  Backend    : aer
  Max iter   : 2000
--- INITIALIZING QUANTUM BIOPHYSICS FOLDER (HARDWARE) ---
--- FORCE FIELD: AMBER ---
--- SCOUTING: Checking 50 starting points ---
 > Deterministic Seed: 313297108 (Derived from Sequence)
 > Best Start Found: Energy 96.90
[REPLICA 341] Init strategy: random, seed: 313297108
--- STARTING QUANTUM FOLDING (HYBRID PIPELINE) ---
Stage 1: Mechanical Collapse (COBYLA, statevector)...
 > Collapse Energy: 344.09
Stage 2: Physics Refinement (SLSQP, statevector)...
Optimization terminated successfully    (Exit mode 0)
            Current function value: -6.8796851810140165
            Iterations: 173
            Function evaluations: 9403
            Gradient evaluations: 173
 > Refinement Energy: -6.88
Stage 3: Natural Relaxation (SLSQP, statevector)...
Optimization terminated successfully    (Exit mode 0)
            Current function value: 57.3918835141716
            Iterations: 254
            Function evaluations: 13504
            Gradient evaluations: 254
 > Relaxation Energy: 57.39

[EXTRACTION] Mode: sampler → backend='aer_simulator', shots=4096
  Submitting 3 circuits (Z / X / Y bases)...
  Done. Angles extracted from measurement statistics.

[RESULT] Final energy: 57.3919
[SAVED] outputs/reps_Brickwork_entanglement/slurm_YYDPETGTWY_amber/replica_341/replica_341_landscape.png
[REPLICA 341] RMSD: 5.456 Å
[REPLICA 341] Done!
  Energy     : 57.3919
  RMSD       : 5.456 Å
  Runtime    : 278.0s
  Saved to   : outputs/reps_Brickwork_entanglement/slurm_YYDPETGTWY_amber/replica_341/replica_341_result.json
============================================
End time     : Wed Apr 22 18:15:10 EDT 2026
Exit code    : 0
============================================
