============================================
Job ID       : 5494634
Array Task   : 186
Replica ID   : 186
Node         : lri026
Start time   : Mon Apr 27 11:29:41 EDT 2026
============================================
[REPLICA 186] Starting...
  Sequence     : YYDPETGTWY
  Forcefield   : amber
  Backend      : aer
  Max iter     : 2000
  Skip Stage 2 : False
--- INITIALIZING QUANTUM BIOPHYSICS FOLDER (HARDWARE) ---
--- FORCE FIELD: AMBER ---
[REPLICA 186] Ground truth loaded — 10 CA atoms
--- SCOUTING: Checking 50 starting points ---
 > Deterministic Seed: 313296953 (Derived from Sequence)
 > Best Start Found: Energy 332.06
[REPLICA 186] Init strategy: random, seed: 313296953
============================================
End time     : Mon Apr 27 11:29:43 EDT 2026
Exit code    : 0
============================================
