============================================
Job ID       : 5480961
Array Task   : 307
Replica ID   : 307
Node         : lri007
Start time   : Thu Apr 23 11:53:31 EDT 2026
============================================
[REPLICA 307] Starting...
  Sequence   : YYDPETGTWY
  Forcefield : amber
  Backend    : aer
  Max iter   : 20
--- INITIALIZING QUANTUM BIOPHYSICS FOLDER (HARDWARE) ---
--- FORCE FIELD: AMBER ---
--- SCOUTING: Checking 50 starting points ---
 > Deterministic Seed: 313297074 (Derived from Sequence)
 > Best Start Found: Energy 512.47
[REPLICA 307] Init strategy: random, seed: 313297074
--- STARTING QUANTUM FOLDING (HYBRID PIPELINE) ---
Stage 1: Mechanical Collapse (COBYLA, statevector)...
 > Collapse Energy: 2587.38
Stage 2: Physics Refinement (SLSQP, statevector)...
Iteration limit reached    (Exit mode 9)
            Current function value: 11025.562799444508
            Iterations: 20
            Function evaluations: 1170
            Gradient evaluations: 20
 > Refinement Energy: 11025.56
Stage 3: Natural Relaxation (SLSQP, statevector)...
Iteration limit reached    (Exit mode 9)
            Current function value: 1359.3818141164595
            Iterations: 20
            Function evaluations: 1168
            Gradient evaluations: 20
 > Relaxation Energy: 1359.38

[EXTRACTION] Mode: sampler → backend='aer_simulator', shots=4096
  Submitting 3 circuits (Z / X / Y bases)...
  Done. Angles extracted from measurement statistics.

[RESULT] Final energy: 1359.3818
[REPLICA 307] Tracker saved → outputs/energy_reps_Brickwork_entanglement11/slurm_YYDPETGTWY_amber/replica_307/replica_307_tracker.json
[SAVED] outputs/energy_reps_Brickwork_entanglement11/slurm_YYDPETGTWY_amber/replica_307/replica_307_landscape.png
[REPLICA 307] RMSD: 4.424 Å
[REPLICA 307] Done!
  Energy     : 1359.3818
  RMSD       : 4.424 Å
  Runtime    : 34.6s
  Saved to   : outputs/energy_reps_Brickwork_entanglement11/slurm_YYDPETGTWY_amber/replica_307/replica_307_result.json
============================================
End time     : Thu Apr 23 11:54:07 EDT 2026
Exit code    : 0
============================================
