============================================
Job ID       : 5424399
Array Task   : 336
Replica ID   : 336
Node         : lri054
Start time   : Tue Apr 14 20:18:11 EDT 2026
============================================
[REPLICA 336] Starting...
  Sequence   : YYDPETGTWY
  Forcefield : amber
  Backend    : aer
  Max iter   : 2000
--- INITIALIZING QUANTUM BIOPHYSICS FOLDER (HARDWARE) ---
--- FORCE FIELD: AMBER ---
--- SCOUTING: Checking 50 starting points ---
 > Deterministic Seed: 313297103 (Derived from Sequence)
 > Best Start Found: Energy 361.43
[REPLICA 336] Init strategy: random, seed: 313297103
--- STARTING QUANTUM FOLDING (HYBRID PIPELINE) ---
Stage 1: Mechanical Collapse (COBYLA, statevector)...
 > Collapse Energy: 241.98
Stage 2: Physics Refinement (SLSQP, statevector)...
Optimization terminated successfully    (Exit mode 0)
            Current function value: -34.73892881676683
            Iterations: 500
            Function evaluations: 56945
            Gradient evaluations: 500
 > Refinement Energy: -34.74
Stage 3: Natural Relaxation (SLSQP, statevector)...
Optimization terminated successfully    (Exit mode 0)
            Current function value: -60.3769550988232
            Iterations: 312
            Function evaluations: 35892
            Gradient evaluations: 312
 > Relaxation Energy: -60.38

[EXTRACTION] Mode: sampler → backend='aer_simulator', shots=4096
  Submitting 3 circuits (Z / X / Y bases)...
  Done. Angles extracted from measurement statistics.

[RESULT] Final energy: -60.3770
[REPLICA 336] RMSD: 4.021 Å
[REPLICA 336] Done!
  Energy     : -60.3770
  RMSD       : 4.021 Å
  Runtime    : 1609.6s
  Saved to   : outputs/only_random_strategy/slurm_YYDPETGTWY_amber/replica_336/replica_336_result.json
============================================
End time     : Tue Apr 14 20:45:02 EDT 2026
Exit code    : 0
============================================
