============================================
Job ID       : 5440722
Array Task   : 507
Replica ID   : 507
Node         : lri013
Start time   : Fri Apr 17 15:34:55 EDT 2026
============================================
[REPLICA 507] Starting...
  Sequence   : DAYAQWLKDGGPSSGRPPPS
  Forcefield : amber
  Backend    : aer
  Max iter   : 2000
--- INITIALIZING QUANTUM BIOPHYSICS FOLDER (HARDWARE) ---
--- FORCE FIELD: AMBER ---
--- SCOUTING: Checking 50 starting points ---
 > Deterministic Seed: 2158523892 (Derived from Sequence)
 > Best Start Found: Energy 475.44
[REPLICA 507] Init strategy: random, seed: 2158523892
--- STARTING QUANTUM FOLDING (HYBRID PIPELINE) ---
Stage 1: Mechanical Collapse (COBYLA, statevector)...
 > Collapse Energy: 589.94
Stage 2: Physics Refinement (SLSQP, statevector)...
Optimization terminated successfully    (Exit mode 0)
            Current function value: 108.1773168793407
            Iterations: 431
            Function evaluations: 33223
            Gradient evaluations: 431
 > Refinement Energy: 108.18
Stage 3: Natural Relaxation (SLSQP, statevector)...
Optimization terminated successfully    (Exit mode 0)
            Current function value: -103.92115301884623
            Iterations: 213
            Function evaluations: 16750
            Gradient evaluations: 213
 > Relaxation Energy: -103.92

[EXTRACTION] Mode: sampler → backend='aer_simulator', shots=4096
  Submitting 3 circuits (Z / X / Y bases)...
  Done. Angles extracted from measurement statistics.

[RESULT] Final energy: -103.9212
[REPLICA 507] RMSD: 8.938 Å
[REPLICA 507] Done!
  Energy     : -103.9212
  RMSD       : 8.938 Å
  Runtime    : 928.2s
  Saved to   : outputs/reps_Brickwork_entanglement1/slurm_DAYAQWLKDGGPSSGRPPPS_amber/replica_507/replica_507_result.json
============================================
End time     : Fri Apr 17 15:50:24 EDT 2026
Exit code    : 0
============================================
