============================================
Job ID       : 5480985
Array Task   : 330
Replica ID   : 330
Node         : lri052
Start time   : Thu Apr 23 11:53:44 EDT 2026
============================================
[REPLICA 330] Starting...
  Sequence   : YYDPETGTWY
  Forcefield : amber
  Backend    : aer
  Max iter   : 20
--- INITIALIZING QUANTUM BIOPHYSICS FOLDER (HARDWARE) ---
--- FORCE FIELD: AMBER ---
--- SCOUTING: Checking 50 starting points ---
 > Deterministic Seed: 313297097 (Derived from Sequence)
 > Best Start Found: Energy 500.19
[REPLICA 330] Init strategy: random, seed: 313297097
--- STARTING QUANTUM FOLDING (HYBRID PIPELINE) ---
Stage 1: Mechanical Collapse (COBYLA, statevector)...
 > Collapse Energy: 1663.59
Stage 2: Physics Refinement (SLSQP, statevector)...
Iteration limit reached    (Exit mode 9)
            Current function value: 3293.236110995982
            Iterations: 20
            Function evaluations: 1170
            Gradient evaluations: 20
 > Refinement Energy: 3293.24
Stage 3: Natural Relaxation (SLSQP, statevector)...
Iteration limit reached    (Exit mode 9)
            Current function value: 912.6464979253743
            Iterations: 20
            Function evaluations: 1170
            Gradient evaluations: 20
 > Relaxation Energy: 912.65

[EXTRACTION] Mode: sampler → backend='aer_simulator', shots=4096
  Submitting 3 circuits (Z / X / Y bases)...
  Done. Angles extracted from measurement statistics.

[RESULT] Final energy: 912.6465
[REPLICA 330] Tracker saved → outputs/energy_reps_Brickwork_entanglement11/slurm_YYDPETGTWY_amber/replica_330/replica_330_tracker.json
[SAVED] outputs/energy_reps_Brickwork_entanglement11/slurm_YYDPETGTWY_amber/replica_330/replica_330_landscape.png
[REPLICA 330] RMSD: 6.404 Å
[REPLICA 330] Done!
  Energy     : 912.6465
  RMSD       : 6.404 Å
  Runtime    : 29.8s
  Saved to   : outputs/energy_reps_Brickwork_entanglement11/slurm_YYDPETGTWY_amber/replica_330/replica_330_result.json
============================================
End time     : Thu Apr 23 11:54:15 EDT 2026
Exit code    : 0
============================================
