============================================
Job ID       : 5437748
Array Task   : 814
Replica ID   : 814
Node         : lri014
Start time   : Fri Apr 17 00:12:05 EDT 2026
============================================
[REPLICA 814] Starting...
  Sequence   : YYDPETGTWY
  Forcefield : amber
  Backend    : aer
  Max iter   : 2000
--- INITIALIZING QUANTUM BIOPHYSICS FOLDER (HARDWARE) ---
--- FORCE FIELD: AMBER ---
--- SCOUTING: Checking 50 starting points ---
 > Deterministic Seed: 313297581 (Derived from Sequence)
 > Best Start Found: Energy 390.99
[REPLICA 814] Init strategy: random, seed: 313297581
--- STARTING QUANTUM FOLDING (HYBRID PIPELINE) ---
Stage 1: Mechanical Collapse (COBYLA, statevector)...
 > Collapse Energy: 246.70
Stage 2: Physics Refinement (SLSQP, statevector)...
Optimization terminated successfully    (Exit mode 0)
            Current function value: -30.143244393748656
            Iterations: 342
            Function evaluations: 17892
            Gradient evaluations: 342
 > Refinement Energy: -30.14
Stage 3: Natural Relaxation (SLSQP, statevector)...
Optimization terminated successfully    (Exit mode 0)
            Current function value: -14.760311502245127
            Iterations: 163
            Function evaluations: 8861
            Gradient evaluations: 163
 > Relaxation Energy: -14.76

[EXTRACTION] Mode: sampler → backend='aer_simulator', shots=4096
  Submitting 3 circuits (Z / X / Y bases)...
  Done. Angles extracted from measurement statistics.

[RESULT] Final energy: -14.7603
[REPLICA 814] RMSD: 5.153 Å
[REPLICA 814] Done!
  Energy     : -14.7603
  RMSD       : 5.153 Å
  Runtime    : 320.0s
  Saved to   : outputs/Brickwork_entanglement/slurm_YYDPETGTWY_amber/replica_814/replica_814_result.json
============================================
End time     : Fri Apr 17 00:17:26 EDT 2026
Exit code    : 0
============================================
