============================================
Job ID       : 5479959
Array Task   : 4
Replica ID   : 4
Node         : lri029
Start time   : Thu Apr 23 11:04:49 EDT 2026
============================================
[REPLICA 4] Starting...
  Sequence   : YYDPETGTWY
  Forcefield : amber
  Backend    : aer
  Max iter   : 20
--- INITIALIZING QUANTUM BIOPHYSICS FOLDER (HARDWARE) ---
--- FORCE FIELD: AMBER ---
--- SCOUTING: Checking 50 starting points ---
 > Deterministic Seed: 313296771 (Derived from Sequence)
 > Best Start Found: Energy 402.84
[REPLICA 4] Init strategy: random, seed: 313296771
--- STARTING QUANTUM FOLDING (HYBRID PIPELINE) ---
Stage 1: Mechanical Collapse (COBYLA, statevector)...
 > Collapse Energy: 1882.01
Stage 2: Physics Refinement (SLSQP, statevector)...
Iteration limit reached    (Exit mode 9)
            Current function value: 4738.728305666143
            Iterations: 20
            Function evaluations: 1170
            Gradient evaluations: 20
 > Refinement Energy: 4738.73
Stage 3: Natural Relaxation (SLSQP, statevector)...
Iteration limit reached    (Exit mode 9)
            Current function value: 970.5515928664233
            Iterations: 20
            Function evaluations: 1170
            Gradient evaluations: 20
 > Relaxation Energy: 970.55

[EXTRACTION] Mode: sampler → backend='aer_simulator', shots=4096
  Submitting 3 circuits (Z / X / Y bases)...
  Done. Angles extracted from measurement statistics.

[RESULT] Final energy: 970.5516
[REPLICA 4] Tracker saved → outputs/energy_reps_Brickwork_entanglement11/slurm_YYDPETGTWY_amber/replica_4/replica_4_tracker.json
[SAVED] outputs/energy_reps_Brickwork_entanglement11/slurm_YYDPETGTWY_amber/replica_4/replica_4_landscape.png
[REPLICA 4] RMSD: 6.061 Å
[REPLICA 4] Done!
  Energy     : 970.5516
  RMSD       : 6.061 Å
  Runtime    : 29.2s
  Saved to   : outputs/energy_reps_Brickwork_entanglement11/slurm_YYDPETGTWY_amber/replica_4/replica_4_result.json
============================================
End time     : Thu Apr 23 11:05:20 EDT 2026
Exit code    : 0
============================================
