============================================
Job ID       : 5423573
Array Task   : 567
Replica ID   : 567
Node         : lri018
Start time   : Tue Apr 14 17:31:59 EDT 2026
============================================
[REPLICA 567] Starting...
  Sequence   : YYDPETGTWY
  Forcefield : amber
  Backend    : aer
  Max iter   : 2000
--- INITIALIZING QUANTUM BIOPHYSICS FOLDER (HARDWARE) ---
--- FORCE FIELD: AMBER ---
--- SCOUTING: Checking 50 starting points ---
 > Deterministic Seed: 313297334 (Derived from Sequence)
 > Best Start Found: Energy 422.34
[REPLICA 567] Init strategy: random, seed: 313297334
--- STARTING QUANTUM FOLDING (HYBRID PIPELINE) ---
Stage 1: Mechanical Collapse (COBYLA, statevector)...
 > Collapse Energy: 282.78
Stage 2: Physics Refinement (SLSQP, statevector)...
Optimization terminated successfully    (Exit mode 0)
            Current function value: -56.37090880104217
            Iterations: 304
            Function evaluations: 35131
            Gradient evaluations: 304
 > Refinement Energy: -56.37
Stage 3: Natural Relaxation (SLSQP, statevector)...
Optimization terminated successfully    (Exit mode 0)
            Current function value: -72.25483576416
            Iterations: 217
            Function evaluations: 25209
            Gradient evaluations: 217
 > Relaxation Energy: -72.25

[EXTRACTION] Mode: sampler → backend='aer_simulator', shots=4096
  Submitting 3 circuits (Z / X / Y bases)...
  Done. Angles extracted from measurement statistics.

[RESULT] Final energy: -72.2548
[REPLICA 567] RMSD: 4.774 Å
[REPLICA 567] Done!
  Energy     : -72.2548
  RMSD       : 4.774 Å
  Runtime    : 1076.8s
  Saved to   : outputs/probability_vectors/slurm_YYDPETGTWY_amber/replica_567/replica_567_result.json
============================================
End time     : Tue Apr 14 17:49:59 EDT 2026
Exit code    : 0
============================================
