============================================
Job ID       : 5495718
Array Task   : 271
Replica ID   : 271
Node         : lri032
Start time   : Mon Apr 27 13:45:02 EDT 2026
============================================
[REPLICA 271] Starting...
  Sequence     : YYDPETGTWY
  Forcefield   : amber
  Backend      : aer
  Max iter     : 2000
  Skip Stage 2 : False
--- INITIALIZING QUANTUM BIOPHYSICS FOLDER (HARDWARE) ---
--- FORCE FIELD: AMBER ---
[REPLICA 271] Ground truth loaded — 10 CA atoms
--- SCOUTING: Checking 50 starting points ---
 > Deterministic Seed: 313297038 (Derived from Sequence)
 > Best Start Found: Energy 415.69
[REPLICA 271] Init strategy: random, seed: 313297038
============================================
End time     : Mon Apr 27 13:45:04 EDT 2026
Exit code    : 0
============================================
