============================================
Job ID       : 5496194
Array Task   : 346
Replica ID   : 346
Node         : lri025
Start time   : Mon Apr 27 13:47:23 EDT 2026
============================================
[REPLICA 346] Starting...
  Sequence     : YYDPETGTWY
  Forcefield   : amber
  Backend      : aer
  Max iter     : 2000
  Skip Stage 2 : True
--- INITIALIZING QUANTUM BIOPHYSICS FOLDER (HARDWARE) ---
--- FORCE FIELD: AMBER ---
[REPLICA 346] Ground truth loaded — 10 CA atoms
--- SCOUTING: Checking 50 starting points ---
 > Deterministic Seed: 313297113 (Derived from Sequence)
 > Best Start Found: Energy 445.79
[REPLICA 346] Init strategy: random, seed: 313297113
============================================
End time     : Mon Apr 27 13:47:25 EDT 2026
Exit code    : 0
============================================
