============================================
Job ID       : 5480933
Array Task   : 279
Replica ID   : 279
Node         : lri025
Start time   : Thu Apr 23 11:53:25 EDT 2026
============================================
[REPLICA 279] Starting...
  Sequence   : YYDPETGTWY
  Forcefield : amber
  Backend    : aer
  Max iter   : 20
--- INITIALIZING QUANTUM BIOPHYSICS FOLDER (HARDWARE) ---
--- FORCE FIELD: AMBER ---
--- SCOUTING: Checking 50 starting points ---
 > Deterministic Seed: 313297046 (Derived from Sequence)
 > Best Start Found: Energy 400.68
[REPLICA 279] Init strategy: random, seed: 313297046
--- STARTING QUANTUM FOLDING (HYBRID PIPELINE) ---
Stage 1: Mechanical Collapse (COBYLA, statevector)...
 > Collapse Energy: 1188.89
Stage 2: Physics Refinement (SLSQP, statevector)...
Iteration limit reached    (Exit mode 9)
            Current function value: 1264.60409442555
            Iterations: 20
            Function evaluations: 1170
            Gradient evaluations: 20
 > Refinement Energy: 1264.60
Stage 3: Natural Relaxation (SLSQP, statevector)...
Iteration limit reached    (Exit mode 9)
            Current function value: 411.9488285892765
            Iterations: 20
            Function evaluations: 1170
            Gradient evaluations: 20
 > Relaxation Energy: 411.95

[EXTRACTION] Mode: sampler → backend='aer_simulator', shots=4096
  Submitting 3 circuits (Z / X / Y bases)...
  Done. Angles extracted from measurement statistics.

[RESULT] Final energy: 411.9488
[REPLICA 279] Tracker saved → outputs/energy_reps_Brickwork_entanglement11/slurm_YYDPETGTWY_amber/replica_279/replica_279_tracker.json
[SAVED] outputs/energy_reps_Brickwork_entanglement11/slurm_YYDPETGTWY_amber/replica_279/replica_279_landscape.png
[REPLICA 279] RMSD: 5.525 Å
[REPLICA 279] Done!
  Energy     : 411.9488
  RMSD       : 5.525 Å
  Runtime    : 27.6s
  Saved to   : outputs/energy_reps_Brickwork_entanglement11/slurm_YYDPETGTWY_amber/replica_279/replica_279_result.json
============================================
End time     : Thu Apr 23 11:53:54 EDT 2026
Exit code    : 0
============================================
