============================================
Job ID       : 5442949
Array Task   : 747
Replica ID   : 747
Node         : lri014
Start time   : Fri Apr 17 17:27:05 EDT 2026
============================================
[REPLICA 747] Starting...
  Sequence   : DAYAQWLKDGGPSSGRPPPS
  Forcefield : amber
  Backend    : aer
  Max iter   : 2000
--- INITIALIZING QUANTUM BIOPHYSICS FOLDER (HARDWARE) ---
--- FORCE FIELD: AMBER ---
--- SCOUTING: Checking 50 starting points ---
 > Deterministic Seed: 2158524132 (Derived from Sequence)
 > Best Start Found: Energy 368.02
[REPLICA 747] Init strategy: random, seed: 2158524132
--- STARTING QUANTUM FOLDING (HYBRID PIPELINE) ---
Stage 1: Mechanical Collapse (COBYLA, statevector)...
 > Collapse Energy: 485.57
Stage 2: Physics Refinement (SLSQP, statevector)...
Optimization terminated successfully    (Exit mode 0)
            Current function value: -103.42544509678194
            Iterations: 369
            Function evaluations: 28518
            Gradient evaluations: 369
 > Refinement Energy: -103.43
Stage 3: Natural Relaxation (SLSQP, statevector)...
Optimization terminated successfully    (Exit mode 0)
            Current function value: -40.448795229515866
            Iterations: 352
            Function evaluations: 27127
            Gradient evaluations: 352
 > Relaxation Energy: -40.45

[EXTRACTION] Mode: sampler → backend='aer_simulator', shots=4096
  Submitting 3 circuits (Z / X / Y bases)...
  Done. Angles extracted from measurement statistics.

[RESULT] Final energy: -40.4488
[REPLICA 747] RMSD: 9.203 Å
[REPLICA 747] Done!
  Energy     : -40.4488
  RMSD       : 9.203 Å
  Runtime    : 1033.0s
  Saved to   : outputs/reps_Brickwork_entanglement1/slurm_DAYAQWLKDGGPSSGRPPPS_amber/replica_747/replica_747_result.json
============================================
End time     : Fri Apr 17 17:44:19 EDT 2026
Exit code    : 0
============================================
