============================================
Job ID       : 5497402
Array Task   : 249
Replica ID   : 249
Node         : lri029
Start time   : Mon Apr 27 14:51:17 EDT 2026
============================================
[REPLICA 249] Starting...
  Sequence     : YYDPETGTWY
  Forcefield   : amber
  Backend      : aer
  Max iter     : 2000
  Skip Stage 2 : False
--- INITIALIZING QUANTUM BIOPHYSICS FOLDER (HARDWARE) ---
--- FORCE FIELD: AMBER ---
[REPLICA 249] Ground truth loaded — 10 CA atoms
--- SCOUTING: Checking 50 starting points ---
 > Deterministic Seed: 313297016 (Derived from Sequence)
 > Best Start Found: Energy 367.13
[REPLICA 249] Init strategy: random, seed: 313297016
--- STARTING QUANTUM FOLDING (HYBRID PIPELINE) ---
Stage 1: Mechanical Collapse (COBYLA, statevector)...
 > Collapse Energy : 622.59
 > Stage 1 RMSD    : 4.1745 Å
Stage 2: Physics Refinement (SLSQP, statevector)...
Optimization terminated successfully    (Exit mode 0)
            Current function value: 73.71113723276832
            Iterations: 203
            Function evaluations: 10987
            Gradient evaluations: 203
 > Refinement Energy : 73.71
 > Stage 2 RMSD      : 3.5056 Å
Stage 3: Natural Relaxation (SLSQP, statevector)...
Optimization terminated successfully    (Exit mode 0)
            Current function value: -33.25563988018929
            Iterations: 142
            Function evaluations: 7800
            Gradient evaluations: 142
 > Relaxation Energy : -33.26
 > Stage 3 RMSD      : 3.4111 Å

── RMSD Progress ──────────────────────────
  Stage 1 : 4.1745 Å
  Stage 2 : 3.5056 Å  ↓ better
  Stage 3 : 3.4111 Å  ↓ better
──────────────────────────────────────────

[EXTRACTION] Mode: sampler → backend='aer_simulator', shots=4096
  Submitting 3 circuits (Z / X / Y bases)...
  Done. Angles extracted from measurement statistics.

[RESULT] Final energy: -33.2556
[REPLICA 249] Tracker saved → outputs/no_skip/slurm_YYDPETGTWY_amber/replica_249/replica_249_tracker.json
[SAVED] outputs/no_skip/slurm_YYDPETGTWY_amber/replica_249/replica_249_landscape.png
[REPLICA 249] Final RMSD: 6.035 Å

[REPLICA 249] ✓ Done!
  Energy       : -33.2556
  RMSD final   : 6.035 Å
  RMSD stage1  : 4.174 Å
  RMSD stage2  : 3.506 Å
  RMSD stage3  : 3.411 Å
  Runtime      : 232.7s
  Saved to     : outputs/no_skip/slurm_YYDPETGTWY_amber/replica_249/replica_249_result.json
============================================
End time     : Mon Apr 27 14:55:11 EDT 2026
Exit code    : 0
============================================
