============================================
Job ID       : 5480606
Array Task   : 170
Replica ID   : 170
Node         : lri024
Start time   : Thu Apr 23 11:42:53 EDT 2026
============================================
[REPLICA 170] Starting...
  Sequence   : YYDPETGTWY
  Forcefield : amber
  Backend    : aer
  Max iter   : 20
--- INITIALIZING QUANTUM BIOPHYSICS FOLDER (HARDWARE) ---
--- FORCE FIELD: AMBER ---
--- SCOUTING: Checking 50 starting points ---
 > Deterministic Seed: 313296937 (Derived from Sequence)
 > Best Start Found: Energy 376.76
[REPLICA 170] Init strategy: random, seed: 313296937
--- STARTING QUANTUM FOLDING (HYBRID PIPELINE) ---
Stage 1: Mechanical Collapse (COBYLA, statevector)...
 > Collapse Energy: 1429.23
Stage 2: Physics Refinement (SLSQP, statevector)...
Iteration limit reached    (Exit mode 9)
            Current function value: 1512.7200778505794
            Iterations: 20
            Function evaluations: 1170
            Gradient evaluations: 20
 > Refinement Energy: 1512.72
Stage 3: Natural Relaxation (SLSQP, statevector)...
Iteration limit reached    (Exit mode 9)
            Current function value: 685.541801352866
            Iterations: 20
            Function evaluations: 1170
            Gradient evaluations: 20
 > Relaxation Energy: 685.54

[EXTRACTION] Mode: sampler → backend='aer_simulator', shots=4096
  Submitting 3 circuits (Z / X / Y bases)...
  Done. Angles extracted from measurement statistics.

[RESULT] Final energy: 685.5418
[REPLICA 170] Tracker saved → outputs/energy_reps_Brickwork_entanglement11/slurm_YYDPETGTWY_amber/replica_170/replica_170_tracker.json
[SAVED] outputs/energy_reps_Brickwork_entanglement11/slurm_YYDPETGTWY_amber/replica_170/replica_170_landscape.png
[REPLICA 170] RMSD: 3.956 Å
[REPLICA 170] Done!
  Energy     : 685.5418
  RMSD       : 3.956 Å
  Runtime    : 29.7s
  Saved to   : outputs/energy_reps_Brickwork_entanglement11/slurm_YYDPETGTWY_amber/replica_170/replica_170_result.json
============================================
End time     : Thu Apr 23 11:43:24 EDT 2026
Exit code    : 0
============================================
