============================================
Job ID       : 5495079
Array Task   : 75
Replica ID   : 75
Node         : lri032
Start time   : Mon Apr 27 12:54:02 EDT 2026
============================================
[REPLICA 75] Starting...
  Sequence     : YYDPETGTWY
  Forcefield   : amber
  Backend      : aer
  Max iter     : 2000
  Skip Stage 2 : False
--- INITIALIZING QUANTUM BIOPHYSICS FOLDER (HARDWARE) ---
--- FORCE FIELD: AMBER ---
[REPLICA 75] Ground truth loaded — 10 CA atoms
--- SCOUTING: Checking 50 starting points ---
 > Deterministic Seed: 313296842 (Derived from Sequence)
 > Best Start Found: Energy 319.35
[REPLICA 75] Init strategy: random, seed: 313296842
============================================
End time     : Mon Apr 27 12:54:05 EDT 2026
Exit code    : 0
============================================
