============================================
Job ID       : 5495053
Array Task   : 49
Replica ID   : 49
Node         : lri000
Start time   : Mon Apr 27 12:54:02 EDT 2026
============================================
[REPLICA 49] Starting...
  Sequence     : YYDPETGTWY
  Forcefield   : amber
  Backend      : aer
  Max iter     : 2000
  Skip Stage 2 : False
--- INITIALIZING QUANTUM BIOPHYSICS FOLDER (HARDWARE) ---
--- FORCE FIELD: AMBER ---
[REPLICA 49] Ground truth loaded — 10 CA atoms
--- SCOUTING: Checking 50 starting points ---
 > Deterministic Seed: 313296816 (Derived from Sequence)
 > Best Start Found: Energy 457.17
[REPLICA 49] Init strategy: random, seed: 313296816
============================================
End time     : Mon Apr 27 12:54:03 EDT 2026
Exit code    : 0
============================================
