============================================
Job ID       : 5480573
Array Task   : 163
Replica ID   : 163
Node         : lri025
Start time   : Thu Apr 23 11:40:53 EDT 2026
============================================
[REPLICA 163] Starting...
  Sequence   : YYDPETGTWY
  Forcefield : amber
  Backend    : aer
  Max iter   : 20
--- INITIALIZING QUANTUM BIOPHYSICS FOLDER (HARDWARE) ---
--- FORCE FIELD: AMBER ---
--- SCOUTING: Checking 50 starting points ---
 > Deterministic Seed: 313296930 (Derived from Sequence)
 > Best Start Found: Energy 403.64
[REPLICA 163] Init strategy: random, seed: 313296930
--- STARTING QUANTUM FOLDING (HYBRID PIPELINE) ---
Stage 1: Mechanical Collapse (COBYLA, statevector)...
 > Collapse Energy: 1225.63
Stage 2: Physics Refinement (SLSQP, statevector)...
Iteration limit reached    (Exit mode 9)
            Current function value: 1670.2241518411736
            Iterations: 20
            Function evaluations: 1170
            Gradient evaluations: 20
 > Refinement Energy: 1670.22
Stage 3: Natural Relaxation (SLSQP, statevector)...
Iteration limit reached    (Exit mode 9)
            Current function value: 948.3863149201446
            Iterations: 20
            Function evaluations: 1170
            Gradient evaluations: 20
 > Relaxation Energy: 948.39

[EXTRACTION] Mode: sampler → backend='aer_simulator', shots=4096
  Submitting 3 circuits (Z / X / Y bases)...
  Done. Angles extracted from measurement statistics.

[RESULT] Final energy: 948.3863
[REPLICA 163] Tracker saved → outputs/energy_reps_Brickwork_entanglement11/slurm_YYDPETGTWY_amber/replica_163/replica_163_tracker.json
[SAVED] outputs/energy_reps_Brickwork_entanglement11/slurm_YYDPETGTWY_amber/replica_163/replica_163_landscape.png
[REPLICA 163] RMSD: 6.616 Å
[REPLICA 163] Done!
  Energy     : 948.3863
  RMSD       : 6.616 Å
  Runtime    : 27.6s
  Saved to   : outputs/energy_reps_Brickwork_entanglement11/slurm_YYDPETGTWY_amber/replica_163/replica_163_result.json
============================================
End time     : Thu Apr 23 11:41:22 EDT 2026
Exit code    : 0
============================================
