============================================
Job ID       : 5438970
Array Task   : 313
Replica ID   : 313
Node         : lri015
Start time   : Fri Apr 17 08:16:30 EDT 2026
============================================
[REPLICA 313] Starting...
  Sequence   : YYDPETGTWY
  Forcefield : amber
  Backend    : aer
  Max iter   : 2000
--- INITIALIZING QUANTUM BIOPHYSICS FOLDER (HARDWARE) ---
--- FORCE FIELD: AMBER ---
--- SCOUTING: Checking 50 starting points ---
 > Deterministic Seed: 313297080 (Derived from Sequence)
 > Best Start Found: Energy 504.33
[REPLICA 313] Init strategy: random, seed: 313297080
--- STARTING QUANTUM FOLDING (HYBRID PIPELINE) ---
Stage 1: Mechanical Collapse (COBYLA, statevector)...
 > Collapse Energy: 347.40
Stage 2: Physics Refinement (SLSQP, statevector)...
Optimization terminated successfully    (Exit mode 0)
            Current function value: 189.0296010468995
            Iterations: 154
            Function evaluations: 8510
            Gradient evaluations: 154
 > Refinement Energy: 189.03
Stage 3: Natural Relaxation (SLSQP, statevector)...
Optimization terminated successfully    (Exit mode 0)
            Current function value: 13.54361506637336
            Iterations: 152
            Function evaluations: 8263
            Gradient evaluations: 152
 > Relaxation Energy: 13.54

[EXTRACTION] Mode: sampler → backend='aer_simulator', shots=4096
  Submitting 3 circuits (Z / X / Y bases)...
  Done. Angles extracted from measurement statistics.

[RESULT] Final energy: 13.5436
[REPLICA 313] RMSD: 6.384 Å
[REPLICA 313] Done!
  Energy     : 13.5436
  RMSD       : 6.384 Å
  Runtime    : 210.4s
  Saved to   : outputs/reps_Brickwork_entanglement/slurm_YYDPETGTWY_amber/replica_313/replica_313_result.json
============================================
End time     : Fri Apr 17 08:20:02 EDT 2026
Exit code    : 0
============================================
