============================================
Job ID       : 5427096
Array Task   : 28
Replica ID   : 28
Node         : lri016
Start time   : Wed Apr 15 17:17:08 EDT 2026
============================================
[REPLICA 28] Starting...
  Sequence   : YYDPETGTWY
  Forcefield : amber
  Backend    : aer
  Max iter   : 2000
--- INITIALIZING QUANTUM BIOPHYSICS FOLDER (HARDWARE) ---
--- FORCE FIELD: AMBER ---
--- SCOUTING: Checking 50 starting points ---
 > Deterministic Seed: 313296795 (Derived from Sequence)
 > Best Start Found: Energy 327.06
[REPLICA 28] Init strategy: random, seed: 313296795
--- STARTING QUANTUM FOLDING (HYBRID PIPELINE) ---
Stage 1: Mechanical Collapse (COBYLA, statevector)...
 > Collapse Energy: 694.10
Stage 2: Physics Refinement (SLSQP, statevector)...
Optimization terminated successfully    (Exit mode 0)
            Current function value: 61.03913837601404
            Iterations: 478
            Function evaluations: 24633
            Gradient evaluations: 478
 > Refinement Energy: 61.04
Stage 3: Natural Relaxation (SLSQP, statevector)...
Optimization terminated successfully    (Exit mode 0)
            Current function value: 4.007221806003042
            Iterations: 131
            Function evaluations: 7126
            Gradient evaluations: 131
 > Relaxation Energy: 4.01

[EXTRACTION] Mode: sampler → backend='aer_simulator', shots=4096
  Submitting 3 circuits (Z / X / Y bases)...
  Done. Angles extracted from measurement statistics.

[RESULT] Final energy: 4.0072
[REPLICA 28] RMSD: 4.998 Å
[REPLICA 28] Done!
  Energy     : 4.0072
  RMSD       : 4.998 Å
  Runtime    : 439.2s
  Saved to   : outputs/Reps_qubits_d_2/slurm_YYDPETGTWY_amber/replica_28/replica_28_result.json
============================================
End time     : Wed Apr 15 17:24:28 EDT 2026
Exit code    : 0
============================================
