============================================
Job ID       : 5440583
Array Task   : 418
Replica ID   : 418
Node         : lri013
Start time   : Fri Apr 17 14:50:51 EDT 2026
============================================
[REPLICA 418] Starting...
  Sequence   : DAYAQWLKDGGPSSGRPPPS
  Forcefield : amber
  Backend    : aer
  Max iter   : 2000
--- INITIALIZING QUANTUM BIOPHYSICS FOLDER (HARDWARE) ---
--- FORCE FIELD: AMBER ---
--- SCOUTING: Checking 50 starting points ---
 > Deterministic Seed: 2158523803 (Derived from Sequence)
 > Best Start Found: Energy 495.15
[REPLICA 418] Init strategy: random, seed: 2158523803
--- STARTING QUANTUM FOLDING (HYBRID PIPELINE) ---
Stage 1: Mechanical Collapse (COBYLA, statevector)...
 > Collapse Energy: 320.62
Stage 2: Physics Refinement (SLSQP, statevector)...
Optimization terminated successfully    (Exit mode 0)
            Current function value: 94.85164830290067
            Iterations: 624
            Function evaluations: 47367
            Gradient evaluations: 624
 > Refinement Energy: 94.85
Stage 3: Natural Relaxation (SLSQP, statevector)...
Optimization terminated successfully    (Exit mode 0)
            Current function value: -0.6562550701791081
            Iterations: 477
            Function evaluations: 36547
            Gradient evaluations: 477
 > Relaxation Energy: -0.66

[EXTRACTION] Mode: sampler → backend='aer_simulator', shots=4096
  Submitting 3 circuits (Z / X / Y bases)...
  Done. Angles extracted from measurement statistics.

[RESULT] Final energy: -0.6563
[REPLICA 418] RMSD: 4.895 Å
[REPLICA 418] Done!
  Energy     : -0.6563
  RMSD       : 4.895 Å
  Runtime    : 1547.1s
  Saved to   : outputs/reps_Brickwork_entanglement1/slurm_DAYAQWLKDGGPSSGRPPPS_amber/replica_418/replica_418_result.json
============================================
End time     : Fri Apr 17 15:16:40 EDT 2026
Exit code    : 0
============================================
