============================================
Job ID       : 5474709
Array Task   : 537
Replica ID   : 537
Node         : lri066
Start time   : Wed Apr 22 17:59:21 EDT 2026
============================================
[REPLICA 537] Starting...
  Sequence   : YYDPETGTWY
  Forcefield : amber
  Backend    : aer
  Max iter   : 2000
--- INITIALIZING QUANTUM BIOPHYSICS FOLDER (HARDWARE) ---
--- FORCE FIELD: AMBER ---
--- SCOUTING: Checking 50 starting points ---
 > Deterministic Seed: 313297304 (Derived from Sequence)
 > Best Start Found: Energy 408.41
[REPLICA 537] Init strategy: random, seed: 313297304
--- STARTING QUANTUM FOLDING (HYBRID PIPELINE) ---
Stage 1: Mechanical Collapse (COBYLA, statevector)...
 > Collapse Energy: 565.34
Stage 2: Physics Refinement (SLSQP, statevector)...
Optimization terminated successfully    (Exit mode 0)
            Current function value: 103.039461319323
            Iterations: 254
            Function evaluations: 13783
            Gradient evaluations: 254
 > Refinement Energy: 103.04
Stage 3: Natural Relaxation (SLSQP, statevector)...
Optimization terminated successfully    (Exit mode 0)
            Current function value: -22.948878411469757
            Iterations: 154
            Function evaluations: 8348
            Gradient evaluations: 154
 > Relaxation Energy: -22.95

[EXTRACTION] Mode: sampler → backend='aer_simulator', shots=4096
  Submitting 3 circuits (Z / X / Y bases)...
  Done. Angles extracted from measurement statistics.

[RESULT] Final energy: -22.9489
[SAVED] outputs/reps_Brickwork_entanglement/slurm_YYDPETGTWY_amber/replica_537/replica_537_landscape.png
[REPLICA 537] RMSD: 6.836 Å
[REPLICA 537] Done!
  Energy     : -22.9489
  RMSD       : 6.836 Å
  Runtime    : 274.1s
  Saved to   : outputs/reps_Brickwork_entanglement/slurm_YYDPETGTWY_amber/replica_537/replica_537_result.json
============================================
End time     : Wed Apr 22 18:03:56 EDT 2026
Exit code    : 0
============================================
