============================================
Job ID       : 5421204
Array Task   : 268
Replica ID   : 268
Node         : lri014
Start time   : Tue Apr 14 03:31:00 EDT 2026
============================================
[REPLICA 268] Starting...
  Sequence   : YYDPETGTWY
  Forcefield : amber
  Backend    : aer
  Max iter   : 2000
--- INITIALIZING QUANTUM BIOPHYSICS FOLDER (HARDWARE) ---
--- FORCE FIELD: AMBER ---
--- PRIMING CIRCUIT FOR SHEET ---
 > Priming Error: 6.6618
[REPLICA 268] Init strategy: sheet, seed: 313297035
--- STARTING QUANTUM FOLDING (HYBRID PIPELINE) ---
Stage 1: Mechanical Collapse (COBYLA, statevector)...
 > Collapse Energy: 350.81
Stage 2: Physics Refinement (SLSQP, statevector)...
Optimization terminated successfully    (Exit mode 0)
            Current function value: -0.38618206795649723
            Iterations: 326
            Function evaluations: 37618
            Gradient evaluations: 326
 > Refinement Energy: -0.39
Stage 3: Natural Relaxation (SLSQP, statevector)...
Optimization terminated successfully    (Exit mode 0)
            Current function value: -122.96711726618426
            Iterations: 355
            Function evaluations: 40837
            Gradient evaluations: 355
 > Relaxation Energy: -122.97

[EXTRACTION] Mode: sampler → backend='aer_simulator', shots=4096
  Submitting 3 circuits (Z / X / Y bases)...
  Done. Angles extracted from measurement statistics.

[RESULT] Final energy: -122.9671
[REPLICA 268] RMSD: 4.860 Å
[REPLICA 268] Done!
  Energy     : -122.9671
  RMSD       : 4.860 Å
  Runtime    : 1369.2s
  Saved to   : outputs/slurm_YYDPETGTWY_amber/replica_268/replica_268_result.json
============================================
End time     : Tue Apr 14 03:53:51 EDT 2026
Exit code    : 0
============================================
