============================================
Job ID       : 5475346
Array Task   : 156
Replica ID   : 156
Node         : lri020
Start time   : Wed Apr 22 18:08:17 EDT 2026
============================================
[REPLICA 156] Starting...
  Sequence   : YYDPETGTWY
  Forcefield : amber
  Backend    : aer
  Max iter   : 2000
--- INITIALIZING QUANTUM BIOPHYSICS FOLDER (HARDWARE) ---
--- FORCE FIELD: AMBER ---
--- SCOUTING: Checking 50 starting points ---
 > Deterministic Seed: 313296923 (Derived from Sequence)
 > Best Start Found: Energy 221.86
[REPLICA 156] Init strategy: random, seed: 313296923
--- STARTING QUANTUM FOLDING (HYBRID PIPELINE) ---
Stage 1: Mechanical Collapse (COBYLA, statevector)...
 > Collapse Energy: 63.93
Stage 2: Physics Refinement (SLSQP, statevector)...
Optimization terminated successfully    (Exit mode 0)
            Current function value: 24.08248230977523
            Iterations: 199
            Function evaluations: 10634
            Gradient evaluations: 199
 > Refinement Energy: 24.08
Stage 3: Natural Relaxation (SLSQP, statevector)...
Optimization terminated successfully    (Exit mode 0)
            Current function value: 105.63529870793941
            Iterations: 123
            Function evaluations: 6855
            Gradient evaluations: 123
 > Relaxation Energy: 105.64

[EXTRACTION] Mode: sampler → backend='aer_simulator', shots=4096
  Submitting 3 circuits (Z / X / Y bases)...
  Done. Angles extracted from measurement statistics.

[RESULT] Final energy: 105.6353
[SAVED] outputs/reps_Brickwork_entanglement/slurm_YYDPETGTWY_amber/replica_156/replica_156_landscape.png
[REPLICA 156] RMSD: 5.402 Å
[REPLICA 156] Done!
  Energy     : 105.6353
  RMSD       : 5.402 Å
  Runtime    : 219.5s
  Saved to   : outputs/reps_Brickwork_entanglement/slurm_YYDPETGTWY_amber/replica_156/replica_156_result.json
============================================
End time     : Wed Apr 22 18:11:58 EDT 2026
Exit code    : 0
============================================
