============================================
Job ID       : 5480786
Array Task   : 208
Replica ID   : 208
Node         : lri042
Start time   : Thu Apr 23 11:50:54 EDT 2026
============================================
[REPLICA 208] Starting...
  Sequence   : YYDPETGTWY
  Forcefield : amber
  Backend    : aer
  Max iter   : 20
--- INITIALIZING QUANTUM BIOPHYSICS FOLDER (HARDWARE) ---
--- FORCE FIELD: AMBER ---
--- SCOUTING: Checking 50 starting points ---
 > Deterministic Seed: 313296975 (Derived from Sequence)
 > Best Start Found: Energy 577.06
[REPLICA 208] Init strategy: random, seed: 313296975
--- STARTING QUANTUM FOLDING (HYBRID PIPELINE) ---
Stage 1: Mechanical Collapse (COBYLA, statevector)...
 > Collapse Energy: 1565.80
Stage 2: Physics Refinement (SLSQP, statevector)...
Iteration limit reached    (Exit mode 9)
            Current function value: 7700.472062441959
            Iterations: 20
            Function evaluations: 1170
            Gradient evaluations: 20
 > Refinement Energy: 7700.47
Stage 3: Natural Relaxation (SLSQP, statevector)...
Iteration limit reached    (Exit mode 9)
            Current function value: 1134.1026787084277
            Iterations: 20
            Function evaluations: 1170
            Gradient evaluations: 20
 > Relaxation Energy: 1134.10

[EXTRACTION] Mode: sampler → backend='aer_simulator', shots=4096
  Submitting 3 circuits (Z / X / Y bases)...
  Done. Angles extracted from measurement statistics.

[RESULT] Final energy: 1134.1027
[REPLICA 208] Tracker saved → outputs/energy_reps_Brickwork_entanglement11/slurm_YYDPETGTWY_amber/replica_208/replica_208_tracker.json
[SAVED] outputs/energy_reps_Brickwork_entanglement11/slurm_YYDPETGTWY_amber/replica_208/replica_208_landscape.png
[REPLICA 208] RMSD: 5.309 Å
[REPLICA 208] Done!
  Energy     : 1134.1027
  RMSD       : 5.309 Å
  Runtime    : 29.8s
  Saved to   : outputs/energy_reps_Brickwork_entanglement11/slurm_YYDPETGTWY_amber/replica_208/replica_208_result.json
============================================
End time     : Thu Apr 23 11:51:25 EDT 2026
Exit code    : 0
============================================
