============================================
Job ID       : 5443080
Array Task   : 792
Replica ID   : 792
Node         : lri014
Start time   : Fri Apr 17 17:47:07 EDT 2026
============================================
[REPLICA 792] Starting...
  Sequence   : DAYAQWLKDGGPSSGRPPPS
  Forcefield : amber
  Backend    : aer
  Max iter   : 2000
--- INITIALIZING QUANTUM BIOPHYSICS FOLDER (HARDWARE) ---
--- FORCE FIELD: AMBER ---
--- SCOUTING: Checking 50 starting points ---
 > Deterministic Seed: 2158524177 (Derived from Sequence)
 > Best Start Found: Energy 695.71
[REPLICA 792] Init strategy: random, seed: 2158524177
--- STARTING QUANTUM FOLDING (HYBRID PIPELINE) ---
Stage 1: Mechanical Collapse (COBYLA, statevector)...
 > Collapse Energy: 562.57
Stage 2: Physics Refinement (SLSQP, statevector)...
Optimization terminated successfully    (Exit mode 0)
            Current function value: -63.906746778359064
            Iterations: 218
            Function evaluations: 17283
            Gradient evaluations: 218
 > Refinement Energy: -63.91
Stage 3: Natural Relaxation (SLSQP, statevector)...
Optimization terminated successfully    (Exit mode 0)
            Current function value: -6.584495185842002
            Iterations: 190
            Function evaluations: 15166
            Gradient evaluations: 190
 > Relaxation Energy: -6.58

[EXTRACTION] Mode: sampler → backend='aer_simulator', shots=4096
  Submitting 3 circuits (Z / X / Y bases)...
  Done. Angles extracted from measurement statistics.

[RESULT] Final energy: -6.5845
[REPLICA 792] RMSD: 6.184 Å
[REPLICA 792] Done!
  Energy     : -6.5845
  RMSD       : 6.184 Å
  Runtime    : 613.5s
  Saved to   : outputs/reps_Brickwork_entanglement1/slurm_DAYAQWLKDGGPSSGRPPPS_amber/replica_792/replica_792_result.json
============================================
End time     : Fri Apr 17 17:57:21 EDT 2026
Exit code    : 0
============================================
