============================================
Job ID       : 5494519
Array Task   : 71
Replica ID   : 71
Node         : lri038
Start time   : Mon Apr 27 11:29:30 EDT 2026
============================================
[REPLICA 71] Starting...
  Sequence     : YYDPETGTWY
  Forcefield   : amber
  Backend      : aer
  Max iter     : 2000
  Skip Stage 2 : False
--- INITIALIZING QUANTUM BIOPHYSICS FOLDER (HARDWARE) ---
--- FORCE FIELD: AMBER ---
[REPLICA 71] Ground truth loaded — 10 CA atoms
--- SCOUTING: Checking 50 starting points ---
 > Deterministic Seed: 313296838 (Derived from Sequence)
 > Best Start Found: Energy 349.05
[REPLICA 71] Init strategy: random, seed: 313296838
============================================
End time     : Mon Apr 27 11:29:36 EDT 2026
Exit code    : 0
============================================
