============================================
Job ID       : 5428734
Array Task   : 673
Replica ID   : 673
Node         : lri054
Start time   : Wed Apr 15 20:45:34 EDT 2026
============================================
[REPLICA 673] Starting...
  Sequence   : YYDPETGTWY
  Forcefield : amber
  Backend    : aer
  Max iter   : 2000
--- INITIALIZING QUANTUM BIOPHYSICS FOLDER (HARDWARE) ---
--- FORCE FIELD: AMBER ---
--- SCOUTING: Checking 50 starting points ---
 > Deterministic Seed: 313297440 (Derived from Sequence)
 > Best Start Found: Energy 321.20
[REPLICA 673] Init strategy: random, seed: 313297440
--- STARTING QUANTUM FOLDING (HYBRID PIPELINE) ---
Stage 1: Mechanical Collapse (COBYLA, statevector)...
 > Collapse Energy: 310.50
Stage 2: Physics Refinement (SLSQP, statevector)...
Optimization terminated successfully    (Exit mode 0)
            Current function value: 41.02975445863031
            Iterations: 217
            Function evaluations: 11686
            Gradient evaluations: 217
 > Refinement Energy: 41.03
Stage 3: Natural Relaxation (SLSQP, statevector)...
Optimization terminated successfully    (Exit mode 0)
            Current function value: 38.74874511030843
            Iterations: 150
            Function evaluations: 8226
            Gradient evaluations: 150
 > Relaxation Energy: 38.75

[EXTRACTION] Mode: sampler → backend='aer_simulator', shots=4096
  Submitting 3 circuits (Z / X / Y bases)...
  Done. Angles extracted from measurement statistics.

[RESULT] Final energy: 38.7487
[REPLICA 673] RMSD: 4.472 Å
[REPLICA 673] Done!
  Energy     : 38.7487
  RMSD       : 4.472 Å
  Runtime    : 247.7s
  Saved to   : outputs/Reps_qubits_d_2/slurm_YYDPETGTWY_amber/replica_673/replica_673_result.json
============================================
End time     : Wed Apr 15 20:49:43 EDT 2026
Exit code    : 0
============================================
