============================================
Job ID       : 5426778
Array Task   : 730
Replica ID   : 730
Node         : lri054
Start time   : Wed Apr 15 15:51:00 EDT 2026
============================================
[REPLICA 730] Starting...
  Sequence   : YYDPETGTWY
  Forcefield : amber
  Backend    : aer
  Max iter   : 2000
--- INITIALIZING QUANTUM BIOPHYSICS FOLDER (HARDWARE) ---
--- FORCE FIELD: AMBER ---
--- SCOUTING: Checking 50 starting points ---
 > Deterministic Seed: 313297497 (Derived from Sequence)
 > Best Start Found: Energy 469.84
[REPLICA 730] Init strategy: random, seed: 313297497
--- STARTING QUANTUM FOLDING (HYBRID PIPELINE) ---
Stage 1: Mechanical Collapse (COBYLA, statevector)...
 > Collapse Energy: 453.79
Stage 2: Physics Refinement (SLSQP, statevector)...
Optimization terminated successfully    (Exit mode 0)
            Current function value: 137.13084701277936
            Iterations: 308
            Function evaluations: 16177
            Gradient evaluations: 308
 > Refinement Energy: 137.13
Stage 3: Natural Relaxation (SLSQP, statevector)...
Optimization terminated successfully    (Exit mode 0)
            Current function value: 92.43292400685384
            Iterations: 151
            Function evaluations: 8255
            Gradient evaluations: 151
 > Relaxation Energy: 92.43

[EXTRACTION] Mode: sampler → backend='aer_simulator', shots=4096
  Submitting 3 circuits (Z / X / Y bases)...
  Done. Angles extracted from measurement statistics.

[RESULT] Final energy: 92.4329
[REPLICA 730] RMSD: 3.653 Å
[REPLICA 730] Done!
  Energy     : 92.4329
  RMSD       : 3.653 Å
  Runtime    : 328.0s
  Saved to   : outputs/linear_entanglement_1_rep/slurm_YYDPETGTWY_amber/replica_730/replica_730_result.json
============================================
End time     : Wed Apr 15 15:56:30 EDT 2026
Exit code    : 0
============================================
