============================================
Job ID       : 5422643
Array Task   : 886
Replica ID   : 886
Node         : lri054
Start time   : Tue Apr 14 11:19:34 EDT 2026
============================================
[REPLICA 886] Starting...
  Sequence   : YYDPETGTWY
  Forcefield : amber
  Backend    : aer
  Max iter   : 2000
--- INITIALIZING QUANTUM BIOPHYSICS FOLDER (HARDWARE) ---
--- FORCE FIELD: AMBER ---
--- PRIMING CIRCUIT FOR SHEET ---
 > Priming Error: 6.7963
[REPLICA 886] Init strategy: sheet, seed: 313297653
--- STARTING QUANTUM FOLDING (HYBRID PIPELINE) ---
Stage 1: Mechanical Collapse (COBYLA, statevector)...
 > Collapse Energy: 438.45
Stage 2: Physics Refinement (SLSQP, statevector)...
Optimization terminated successfully    (Exit mode 0)
            Current function value: 2.094769774770017
            Iterations: 338
            Function evaluations: 38976
            Gradient evaluations: 338
 > Refinement Energy: 2.09
Stage 3: Natural Relaxation (SLSQP, statevector)...
Optimization terminated successfully    (Exit mode 0)
            Current function value: -24.45097817554769
            Iterations: 266
            Function evaluations: 30791
            Gradient evaluations: 266
 > Relaxation Energy: -24.45

[EXTRACTION] Mode: sampler → backend='aer_simulator', shots=4096
  Submitting 3 circuits (Z / X / Y bases)...
  Done. Angles extracted from measurement statistics.

[RESULT] Final energy: -24.4510
[REPLICA 886] RMSD: 5.211 Å
[REPLICA 886] Done!
  Energy     : -24.4510
  RMSD       : 5.211 Å
  Runtime    : 1233.2s
  Saved to   : outputs/slurm_YYDPETGTWY_amber/replica_886/replica_886_result.json
============================================
End time     : Tue Apr 14 11:40:09 EDT 2026
Exit code    : 0
============================================
