============================================
Job ID       : 5442673
Array Task   : 647
Replica ID   : 647
Node         : lri014
Start time   : Fri Apr 17 16:40:59 EDT 2026
============================================
[REPLICA 647] Starting...
  Sequence   : DAYAQWLKDGGPSSGRPPPS
  Forcefield : amber
  Backend    : aer
  Max iter   : 2000
--- INITIALIZING QUANTUM BIOPHYSICS FOLDER (HARDWARE) ---
--- FORCE FIELD: AMBER ---
--- SCOUTING: Checking 50 starting points ---
 > Deterministic Seed: 2158524032 (Derived from Sequence)
 > Best Start Found: Energy 484.36
[REPLICA 647] Init strategy: random, seed: 2158524032
--- STARTING QUANTUM FOLDING (HYBRID PIPELINE) ---
Stage 1: Mechanical Collapse (COBYLA, statevector)...
 > Collapse Energy: 258.06
Stage 2: Physics Refinement (SLSQP, statevector)...
Optimization terminated successfully    (Exit mode 0)
            Current function value: 1357.5840080471942
            Iterations: 183
            Function evaluations: 15059
            Gradient evaluations: 183
 > Refinement Energy: 1357.58
Stage 3: Natural Relaxation (SLSQP, statevector)...
Optimization terminated successfully    (Exit mode 0)
            Current function value: 691.679222404763
            Iterations: 169
            Function evaluations: 13869
            Gradient evaluations: 169
 > Relaxation Energy: 691.68

[EXTRACTION] Mode: sampler → backend='aer_simulator', shots=4096
  Submitting 3 circuits (Z / X / Y bases)...
  Done. Angles extracted from measurement statistics.

[RESULT] Final energy: 691.6792
[REPLICA 647] RMSD: 8.146 Å
[REPLICA 647] Done!
  Energy     : 691.6792
  RMSD       : 8.146 Å
  Runtime    : 547.6s
  Saved to   : outputs/reps_Brickwork_entanglement1/slurm_DAYAQWLKDGGPSSGRPPPS_amber/replica_647/replica_647_result.json
============================================
End time     : Fri Apr 17 16:50:08 EDT 2026
Exit code    : 0
============================================
