============================================
Job ID       : 5495885
Array Task   : 37
Replica ID   : 37
Node         : lri067
Start time   : Mon Apr 27 13:47:10 EDT 2026
============================================
[REPLICA 37] Starting...
  Sequence     : YYDPETGTWY
  Forcefield   : amber
  Backend      : aer
  Max iter     : 2000
  Skip Stage 2 : True
--- INITIALIZING QUANTUM BIOPHYSICS FOLDER (HARDWARE) ---
--- FORCE FIELD: AMBER ---
[REPLICA 37] Ground truth loaded — 10 CA atoms
--- SCOUTING: Checking 50 starting points ---
 > Deterministic Seed: 313296804 (Derived from Sequence)
 > Best Start Found: Energy 325.55
[REPLICA 37] Init strategy: random, seed: 313296804
============================================
End time     : Mon Apr 27 13:47:12 EDT 2026
Exit code    : 0
============================================
