============================================
Job ID       : 5435028
Array Task   : 122
Replica ID   : 122
Node         : lri013
Start time   : Thu Apr 16 17:55:39 EDT 2026
============================================
[REPLICA 122] Starting...
  Sequence   : YYDPETGTWY
  Forcefield : amber
  Backend    : aer
  Max iter   : 2000
--- INITIALIZING QUANTUM BIOPHYSICS FOLDER (HARDWARE) ---
--- FORCE FIELD: AMBER ---
--- SCOUTING: Checking 50 starting points ---
 > Deterministic Seed: 313296889 (Derived from Sequence)
 > Best Start Found: Energy 447.06
[REPLICA 122] Init strategy: random, seed: 313296889
--- STARTING QUANTUM FOLDING (HYBRID PIPELINE) ---
Stage 1: Mechanical Collapse (COBYLA, statevector)...
 > Collapse Energy: 885.10
Stage 2: Physics Refinement (SLSQP, statevector)...
Optimization terminated successfully    (Exit mode 0)
            Current function value: 91.95777857816125
            Iterations: 337
            Function evaluations: 17774
            Gradient evaluations: 337
 > Refinement Energy: 91.96
Stage 3: Natural Relaxation (SLSQP, statevector)...
Optimization terminated successfully    (Exit mode 0)
            Current function value: -8.94598652612296
            Iterations: 252
            Function evaluations: 13412
            Gradient evaluations: 252
 > Relaxation Energy: -8.95

[EXTRACTION] Mode: sampler → backend='aer_simulator', shots=4096
  Submitting 3 circuits (Z / X / Y bases)...
  Done. Angles extracted from measurement statistics.

[RESULT] Final energy: -8.9460
[REPLICA 122] RMSD: 3.958 Å
[REPLICA 122] Done!
  Energy     : -8.9460
  RMSD       : 3.958 Å
  Runtime    : 412.8s
  Saved to   : outputs/Brickwork_entanglement/slurm_YYDPETGTWY_amber/replica_122/replica_122_result.json
============================================
End time     : Thu Apr 16 18:02:33 EDT 2026
Exit code    : 0
============================================
