============================================
Job ID       : 5494731
Array Task   : 283
Replica ID   : 283
Node         : lri040
Start time   : Mon Apr 27 11:29:47 EDT 2026
============================================
[REPLICA 283] Starting...
  Sequence     : YYDPETGTWY
  Forcefield   : amber
  Backend      : aer
  Max iter     : 2000
  Skip Stage 2 : False
--- INITIALIZING QUANTUM BIOPHYSICS FOLDER (HARDWARE) ---
--- FORCE FIELD: AMBER ---
[REPLICA 283] Ground truth loaded — 10 CA atoms
--- SCOUTING: Checking 50 starting points ---
 > Deterministic Seed: 313297050 (Derived from Sequence)
 > Best Start Found: Energy 367.21
[REPLICA 283] Init strategy: random, seed: 313297050
============================================
End time     : Mon Apr 27 11:29:49 EDT 2026
Exit code    : 0
============================================
