============================================
Job ID       : 5495208
Array Task   : 204
Replica ID   : 204
Node         : lri068
Start time   : Mon Apr 27 12:54:10 EDT 2026
============================================
[REPLICA 204] Starting...
  Sequence     : YYDPETGTWY
  Forcefield   : amber
  Backend      : aer
  Max iter     : 2000
  Skip Stage 2 : False
--- INITIALIZING QUANTUM BIOPHYSICS FOLDER (HARDWARE) ---
--- FORCE FIELD: AMBER ---
[REPLICA 204] Ground truth loaded — 10 CA atoms
--- SCOUTING: Checking 50 starting points ---
 > Deterministic Seed: 313296971 (Derived from Sequence)
 > Best Start Found: Energy 446.33
[REPLICA 204] Init strategy: random, seed: 313296971
============================================
End time     : Mon Apr 27 12:54:11 EDT 2026
Exit code    : 0
============================================
