============================================
Job ID       : 5442049
Array Task   : 531
Replica ID   : 531
Node         : lri015
Start time   : Fri Apr 17 15:46:56 EDT 2026
============================================
[REPLICA 531] Starting...
  Sequence   : DAYAQWLKDGGPSSGRPPPS
  Forcefield : amber
  Backend    : aer
  Max iter   : 2000
--- INITIALIZING QUANTUM BIOPHYSICS FOLDER (HARDWARE) ---
--- FORCE FIELD: AMBER ---
--- SCOUTING: Checking 50 starting points ---
 > Deterministic Seed: 2158523916 (Derived from Sequence)
 > Best Start Found: Energy 488.23
[REPLICA 531] Init strategy: random, seed: 2158523916
--- STARTING QUANTUM FOLDING (HYBRID PIPELINE) ---
Stage 1: Mechanical Collapse (COBYLA, statevector)...
 > Collapse Energy: 400.14
Stage 2: Physics Refinement (SLSQP, statevector)...
Optimization terminated successfully    (Exit mode 0)
            Current function value: 1.4158787426285628
            Iterations: 243
            Function evaluations: 19177
            Gradient evaluations: 243
 > Refinement Energy: 1.42
Stage 3: Natural Relaxation (SLSQP, statevector)...
Optimization terminated successfully    (Exit mode 0)
            Current function value: -108.6989712408236
            Iterations: 212
            Function evaluations: 16699
            Gradient evaluations: 212
 > Relaxation Energy: -108.70

[EXTRACTION] Mode: sampler → backend='aer_simulator', shots=4096
  Submitting 3 circuits (Z / X / Y bases)...
  Done. Angles extracted from measurement statistics.

[RESULT] Final energy: -108.6990
[REPLICA 531] RMSD: 5.688 Å
[REPLICA 531] Done!
  Energy     : -108.6990
  RMSD       : 5.688 Å
  Runtime    : 689.3s
  Saved to   : outputs/reps_Brickwork_entanglement1/slurm_DAYAQWLKDGGPSSGRPPPS_amber/replica_531/replica_531_result.json
============================================
End time     : Fri Apr 17 15:58:26 EDT 2026
Exit code    : 0
============================================
