============================================
Job ID       : 5422748
Array Task   : 970
Replica ID   : 970
Node         : lri018
Start time   : Tue Apr 14 11:55:35 EDT 2026
============================================
[REPLICA 970] Starting...
  Sequence   : YYDPETGTWY
  Forcefield : amber
  Backend    : aer
  Max iter   : 2000
--- INITIALIZING QUANTUM BIOPHYSICS FOLDER (HARDWARE) ---
--- FORCE FIELD: AMBER ---
--- PRIMING CIRCUIT FOR SHEET ---
 > Priming Error: 9.4130
[REPLICA 970] Init strategy: sheet, seed: 313297737
--- STARTING QUANTUM FOLDING (HYBRID PIPELINE) ---
Stage 1: Mechanical Collapse (COBYLA, statevector)...
 > Collapse Energy: 199.20
Stage 2: Physics Refinement (SLSQP, statevector)...
Optimization terminated successfully    (Exit mode 0)
            Current function value: -97.50155714325784
            Iterations: 332
            Function evaluations: 38210
            Gradient evaluations: 332
 > Refinement Energy: -97.50
Stage 3: Natural Relaxation (SLSQP, statevector)...
Optimization terminated successfully    (Exit mode 0)
            Current function value: 24.51550060866979
            Iterations: 424
            Function evaluations: 48502
            Gradient evaluations: 424
 > Relaxation Energy: 24.52

[EXTRACTION] Mode: sampler → backend='aer_simulator', shots=4096
  Submitting 3 circuits (Z / X / Y bases)...
  Done. Angles extracted from measurement statistics.

[RESULT] Final energy: 24.5155
[REPLICA 970] RMSD: 4.730 Å
[REPLICA 970] Done!
  Energy     : 24.5155
  RMSD       : 4.730 Å
  Runtime    : 1543.2s
  Saved to   : outputs/slurm_YYDPETGTWY_amber/replica_970/replica_970_result.json
============================================
End time     : Tue Apr 14 12:21:20 EDT 2026
Exit code    : 0
============================================
