============================================
Job ID       : 5495571
Array Task   : 124
Replica ID   : 124
Node         : lri025
Start time   : Mon Apr 27 13:44:56 EDT 2026
============================================
[REPLICA 124] Starting...
  Sequence     : YYDPETGTWY
  Forcefield   : amber
  Backend      : aer
  Max iter     : 2000
  Skip Stage 2 : False
--- INITIALIZING QUANTUM BIOPHYSICS FOLDER (HARDWARE) ---
--- FORCE FIELD: AMBER ---
[REPLICA 124] Ground truth loaded — 10 CA atoms
--- SCOUTING: Checking 50 starting points ---
 > Deterministic Seed: 313296891 (Derived from Sequence)
 > Best Start Found: Energy 495.34
[REPLICA 124] Init strategy: random, seed: 313296891
============================================
End time     : Mon Apr 27 13:44:58 EDT 2026
Exit code    : 0
============================================
