============================================
Job ID       : 5495168
Array Task   : 164
Replica ID   : 164
Node         : lri025
Start time   : Mon Apr 27 12:54:08 EDT 2026
============================================
[REPLICA 164] Starting...
  Sequence     : YYDPETGTWY
  Forcefield   : amber
  Backend      : aer
  Max iter     : 2000
  Skip Stage 2 : False
--- INITIALIZING QUANTUM BIOPHYSICS FOLDER (HARDWARE) ---
--- FORCE FIELD: AMBER ---
[REPLICA 164] Ground truth loaded — 10 CA atoms
--- SCOUTING: Checking 50 starting points ---
 > Deterministic Seed: 313296931 (Derived from Sequence)
 > Best Start Found: Energy 306.22
[REPLICA 164] Init strategy: random, seed: 313296931
============================================
End time     : Mon Apr 27 12:54:10 EDT 2026
Exit code    : 0
============================================
