============================================
Job ID       : 5474762
Array Task   : 590
Replica ID   : 590
Node         : lri029
Start time   : Wed Apr 22 18:00:12 EDT 2026
============================================
[REPLICA 590] Starting...
  Sequence   : YYDPETGTWY
  Forcefield : amber
  Backend    : aer
  Max iter   : 2000
--- INITIALIZING QUANTUM BIOPHYSICS FOLDER (HARDWARE) ---
--- FORCE FIELD: AMBER ---
--- SCOUTING: Checking 50 starting points ---
 > Deterministic Seed: 313297357 (Derived from Sequence)
 > Best Start Found: Energy 469.50
[REPLICA 590] Init strategy: random, seed: 313297357
--- STARTING QUANTUM FOLDING (HYBRID PIPELINE) ---
Stage 1: Mechanical Collapse (COBYLA, statevector)...
 > Collapse Energy: 637.63
Stage 2: Physics Refinement (SLSQP, statevector)...
Optimization terminated successfully    (Exit mode 0)
            Current function value: -4.715607378468009
            Iterations: 185
            Function evaluations: 9978
            Gradient evaluations: 185
 > Refinement Energy: -4.72
Stage 3: Natural Relaxation (SLSQP, statevector)...
Optimization terminated successfully    (Exit mode 0)
            Current function value: -21.046676924681027
            Iterations: 332
            Function evaluations: 17320
            Gradient evaluations: 332
 > Relaxation Energy: -21.05

[EXTRACTION] Mode: sampler → backend='aer_simulator', shots=4096
  Submitting 3 circuits (Z / X / Y bases)...
  Done. Angles extracted from measurement statistics.

[RESULT] Final energy: -21.0467
[SAVED] outputs/reps_Brickwork_entanglement/slurm_YYDPETGTWY_amber/replica_590/replica_590_landscape.png
[REPLICA 590] RMSD: 6.035 Å
[REPLICA 590] Done!
  Energy     : -21.0467
  RMSD       : 6.035 Å
  Runtime    : 333.4s
  Saved to   : outputs/reps_Brickwork_entanglement/slurm_YYDPETGTWY_amber/replica_590/replica_590_result.json
============================================
End time     : Wed Apr 22 18:05:46 EDT 2026
Exit code    : 0
============================================
