============================================
Job ID       : 5439029
Array Task   : 367
Replica ID   : 367
Node         : lri054
Start time   : Fri Apr 17 08:26:30 EDT 2026
============================================
[REPLICA 367] Starting...
  Sequence   : YYDPETGTWY
  Forcefield : amber
  Backend    : aer
  Max iter   : 2000
--- INITIALIZING QUANTUM BIOPHYSICS FOLDER (HARDWARE) ---
--- FORCE FIELD: AMBER ---
--- SCOUTING: Checking 50 starting points ---
 > Deterministic Seed: 313297134 (Derived from Sequence)
 > Best Start Found: Energy 380.49
[REPLICA 367] Init strategy: random, seed: 313297134
--- STARTING QUANTUM FOLDING (HYBRID PIPELINE) ---
Stage 1: Mechanical Collapse (COBYLA, statevector)...
 > Collapse Energy: 122.49
Stage 2: Physics Refinement (SLSQP, statevector)...
Optimization terminated successfully    (Exit mode 0)
            Current function value: 79.42772709287729
            Iterations: 378
            Function evaluations: 19957
            Gradient evaluations: 378
 > Refinement Energy: 79.43
Stage 3: Natural Relaxation (SLSQP, statevector)...
Optimization terminated successfully    (Exit mode 0)
            Current function value: -27.96012225319471
            Iterations: 169
            Function evaluations: 9046
            Gradient evaluations: 169
 > Relaxation Energy: -27.96

[EXTRACTION] Mode: sampler → backend='aer_simulator', shots=4096
  Submitting 3 circuits (Z / X / Y bases)...
  Done. Angles extracted from measurement statistics.

[RESULT] Final energy: -27.9601
[REPLICA 367] RMSD: 7.535 Å
[REPLICA 367] Done!
  Energy     : -27.9601
  RMSD       : 7.535 Å
  Runtime    : 322.9s
  Saved to   : outputs/reps_Brickwork_entanglement/slurm_YYDPETGTWY_amber/replica_367/replica_367_result.json
============================================
End time     : Fri Apr 17 08:31:55 EDT 2026
Exit code    : 0
============================================
