============================================
Job ID       : 5495731
Array Task   : 284
Replica ID   : 284
Node         : lri033
Start time   : Mon Apr 27 13:45:02 EDT 2026
============================================
[REPLICA 284] Starting...
  Sequence     : YYDPETGTWY
  Forcefield   : amber
  Backend      : aer
  Max iter     : 2000
  Skip Stage 2 : False
--- INITIALIZING QUANTUM BIOPHYSICS FOLDER (HARDWARE) ---
--- FORCE FIELD: AMBER ---
[REPLICA 284] Ground truth loaded — 10 CA atoms
--- SCOUTING: Checking 50 starting points ---
 > Deterministic Seed: 313297051 (Derived from Sequence)
 > Best Start Found: Energy 443.66
[REPLICA 284] Init strategy: random, seed: 313297051
============================================
End time     : Mon Apr 27 13:45:04 EDT 2026
Exit code    : 0
============================================
