============================================
Job ID       : 5474700
Array Task   : 529
Replica ID   : 529
Node         : lri019
Start time   : Wed Apr 22 17:59:07 EDT 2026
============================================
[REPLICA 529] Starting...
  Sequence   : YYDPETGTWY
  Forcefield : amber
  Backend    : aer
  Max iter   : 2000
--- INITIALIZING QUANTUM BIOPHYSICS FOLDER (HARDWARE) ---
--- FORCE FIELD: AMBER ---
--- SCOUTING: Checking 50 starting points ---
 > Deterministic Seed: 313297296 (Derived from Sequence)
 > Best Start Found: Energy 385.15
[REPLICA 529] Init strategy: random, seed: 313297296
--- STARTING QUANTUM FOLDING (HYBRID PIPELINE) ---
Stage 1: Mechanical Collapse (COBYLA, statevector)...
 > Collapse Energy: 450.27
Stage 2: Physics Refinement (SLSQP, statevector)...
Optimization terminated successfully    (Exit mode 0)
            Current function value: -17.13018775309716
            Iterations: 163
            Function evaluations: 8875
            Gradient evaluations: 163
 > Refinement Energy: -17.13
Stage 3: Natural Relaxation (SLSQP, statevector)...
Optimization terminated successfully    (Exit mode 0)
            Current function value: -80.30774802660666
            Iterations: 194
            Function evaluations: 10462
            Gradient evaluations: 194
 > Relaxation Energy: -80.31

[EXTRACTION] Mode: sampler → backend='aer_simulator', shots=4096
  Submitting 3 circuits (Z / X / Y bases)...
  Done. Angles extracted from measurement statistics.

[RESULT] Final energy: -80.3077
[SAVED] outputs/reps_Brickwork_entanglement/slurm_YYDPETGTWY_amber/replica_529/replica_529_landscape.png
[REPLICA 529] RMSD: 5.008 Å
[REPLICA 529] Done!
  Energy     : -80.3077
  RMSD       : 5.008 Å
  Runtime    : 236.2s
  Saved to   : outputs/reps_Brickwork_entanglement/slurm_YYDPETGTWY_amber/replica_529/replica_529_result.json
============================================
End time     : Wed Apr 22 18:03:04 EDT 2026
Exit code    : 0
============================================
