============================================
Job ID       : 5495131
Array Task   : 127
Replica ID   : 127
Node         : lri026
Start time   : Mon Apr 27 12:54:05 EDT 2026
============================================
[REPLICA 127] Starting...
  Sequence     : YYDPETGTWY
  Forcefield   : amber
  Backend      : aer
  Max iter     : 2000
  Skip Stage 2 : False
--- INITIALIZING QUANTUM BIOPHYSICS FOLDER (HARDWARE) ---
--- FORCE FIELD: AMBER ---
[REPLICA 127] Ground truth loaded — 10 CA atoms
--- SCOUTING: Checking 50 starting points ---
 > Deterministic Seed: 313296894 (Derived from Sequence)
 > Best Start Found: Energy 420.48
[REPLICA 127] Init strategy: random, seed: 313296894
============================================
End time     : Mon Apr 27 12:54:07 EDT 2026
Exit code    : 0
============================================
