============================================
Job ID       : 5428289
Array Task   : 545
Replica ID   : 545
Node         : lri054
Start time   : Wed Apr 15 20:05:17 EDT 2026
============================================
[REPLICA 545] Starting...
  Sequence   : YYDPETGTWY
  Forcefield : amber
  Backend    : aer
  Max iter   : 2000
--- INITIALIZING QUANTUM BIOPHYSICS FOLDER (HARDWARE) ---
--- FORCE FIELD: AMBER ---
--- SCOUTING: Checking 50 starting points ---
 > Deterministic Seed: 313297312 (Derived from Sequence)
 > Best Start Found: Energy 452.36
[REPLICA 545] Init strategy: random, seed: 313297312
--- STARTING QUANTUM FOLDING (HYBRID PIPELINE) ---
Stage 1: Mechanical Collapse (COBYLA, statevector)...
 > Collapse Energy: 432.66
Stage 2: Physics Refinement (SLSQP, statevector)...
Optimization terminated successfully    (Exit mode 0)
            Current function value: -62.171123184831956
            Iterations: 196
            Function evaluations: 10618
            Gradient evaluations: 196
 > Refinement Energy: -62.17
Stage 3: Natural Relaxation (SLSQP, statevector)...
Optimization terminated successfully    (Exit mode 0)
            Current function value: 22.51988432346814
            Iterations: 304
            Function evaluations: 16028
            Gradient evaluations: 304
 > Relaxation Energy: 22.52

[EXTRACTION] Mode: sampler → backend='aer_simulator', shots=4096
  Submitting 3 circuits (Z / X / Y bases)...
  Done. Angles extracted from measurement statistics.

[RESULT] Final energy: 22.5199
[REPLICA 545] RMSD: 6.552 Å
[REPLICA 545] Done!
  Energy     : 22.5199
  RMSD       : 6.552 Å
  Runtime    : 328.4s
  Saved to   : outputs/Reps_qubits_d_2/slurm_YYDPETGTWY_amber/replica_545/replica_545_result.json
============================================
End time     : Wed Apr 15 20:10:47 EDT 2026
Exit code    : 0
============================================
