============================================
Job ID       : 5479962
Array Task   : 7
Replica ID   : 7
Node         : lri024
Start time   : Thu Apr 23 11:04:49 EDT 2026
============================================
[REPLICA 7] Starting...
  Sequence   : YYDPETGTWY
  Forcefield : amber
  Backend    : aer
  Max iter   : 20
--- INITIALIZING QUANTUM BIOPHYSICS FOLDER (HARDWARE) ---
--- FORCE FIELD: AMBER ---
--- SCOUTING: Checking 50 starting points ---
 > Deterministic Seed: 313296774 (Derived from Sequence)
 > Best Start Found: Energy 314.04
[REPLICA 7] Init strategy: random, seed: 313296774
--- STARTING QUANTUM FOLDING (HYBRID PIPELINE) ---
Stage 1: Mechanical Collapse (COBYLA, statevector)...
 > Collapse Energy: 1511.94
Stage 2: Physics Refinement (SLSQP, statevector)...
Iteration limit reached    (Exit mode 9)
            Current function value: 16275.4885652716
            Iterations: 20
            Function evaluations: 1170
            Gradient evaluations: 20
 > Refinement Energy: 16275.49
Stage 3: Natural Relaxation (SLSQP, statevector)...
Iteration limit reached    (Exit mode 9)
            Current function value: 2175.077793333366
            Iterations: 20
            Function evaluations: 1169
            Gradient evaluations: 20
 > Relaxation Energy: 2175.08

[EXTRACTION] Mode: sampler → backend='aer_simulator', shots=4096
  Submitting 3 circuits (Z / X / Y bases)...
  Done. Angles extracted from measurement statistics.

[RESULT] Final energy: 2175.0778
[REPLICA 7] Tracker saved → outputs/energy_reps_Brickwork_entanglement11/slurm_YYDPETGTWY_amber/replica_7/replica_7_tracker.json
[SAVED] outputs/energy_reps_Brickwork_entanglement11/slurm_YYDPETGTWY_amber/replica_7/replica_7_landscape.png
[REPLICA 7] RMSD: 7.306 Å
[REPLICA 7] Done!
  Energy     : 2175.0778
  RMSD       : 7.306 Å
  Runtime    : 27.8s
  Saved to   : outputs/energy_reps_Brickwork_entanglement11/slurm_YYDPETGTWY_amber/replica_7/replica_7_result.json
============================================
End time     : Thu Apr 23 11:05:18 EDT 2026
Exit code    : 0
============================================
