============================================
Job ID       : 5475502
Array Task   : 311
Replica ID   : 311
Node         : lri012
Start time   : Wed Apr 22 18:10:16 EDT 2026
============================================
[REPLICA 311] Starting...
  Sequence   : YYDPETGTWY
  Forcefield : amber
  Backend    : aer
  Max iter   : 2000
--- INITIALIZING QUANTUM BIOPHYSICS FOLDER (HARDWARE) ---
--- FORCE FIELD: AMBER ---
--- SCOUTING: Checking 50 starting points ---
 > Deterministic Seed: 313297078 (Derived from Sequence)
 > Best Start Found: Energy 307.62
[REPLICA 311] Init strategy: random, seed: 313297078
--- STARTING QUANTUM FOLDING (HYBRID PIPELINE) ---
Stage 1: Mechanical Collapse (COBYLA, statevector)...
 > Collapse Energy: 245.74
Stage 2: Physics Refinement (SLSQP, statevector)...
Optimization terminated successfully    (Exit mode 0)
            Current function value: -15.208843881346635
            Iterations: 217
            Function evaluations: 11663
            Gradient evaluations: 217
 > Refinement Energy: -15.21
Stage 3: Natural Relaxation (SLSQP, statevector)...
Optimization terminated successfully    (Exit mode 0)
            Current function value: -66.20487240771367
            Iterations: 263
            Function evaluations: 13944
            Gradient evaluations: 263
 > Relaxation Energy: -66.20

[EXTRACTION] Mode: sampler → backend='aer_simulator', shots=4096
  Submitting 3 circuits (Z / X / Y bases)...
  Done. Angles extracted from measurement statistics.

[RESULT] Final energy: -66.2049
[SAVED] outputs/reps_Brickwork_entanglement/slurm_YYDPETGTWY_amber/replica_311/replica_311_landscape.png
[REPLICA 311] RMSD: 6.215 Å
[REPLICA 311] Done!
  Energy     : -66.2049
  RMSD       : 6.215 Å
  Runtime    : 310.9s
  Saved to   : outputs/reps_Brickwork_entanglement/slurm_YYDPETGTWY_amber/replica_311/replica_311_result.json
============================================
End time     : Wed Apr 22 18:15:28 EDT 2026
Exit code    : 0
============================================
