============================================
Job ID       : 5495478
Array Task   : 31
Replica ID   : 31
Node         : lri065
Start time   : Mon Apr 27 13:44:51 EDT 2026
============================================
[REPLICA 31] Starting...
  Sequence     : YYDPETGTWY
  Forcefield   : amber
  Backend      : aer
  Max iter     : 2000
  Skip Stage 2 : False
--- INITIALIZING QUANTUM BIOPHYSICS FOLDER (HARDWARE) ---
--- FORCE FIELD: AMBER ---
[REPLICA 31] Ground truth loaded — 10 CA atoms
--- SCOUTING: Checking 50 starting points ---
 > Deterministic Seed: 313296798 (Derived from Sequence)
 > Best Start Found: Energy 303.15
[REPLICA 31] Init strategy: random, seed: 313296798
============================================
End time     : Mon Apr 27 13:44:53 EDT 2026
Exit code    : 0
============================================
