============================================
Job ID       : 5495719
Array Task   : 272
Replica ID   : 272
Node         : lri032
Start time   : Mon Apr 27 13:45:02 EDT 2026
============================================
[REPLICA 272] Starting...
  Sequence     : YYDPETGTWY
  Forcefield   : amber
  Backend      : aer
  Max iter     : 2000
  Skip Stage 2 : False
--- INITIALIZING QUANTUM BIOPHYSICS FOLDER (HARDWARE) ---
--- FORCE FIELD: AMBER ---
[REPLICA 272] Ground truth loaded — 10 CA atoms
--- SCOUTING: Checking 50 starting points ---
 > Deterministic Seed: 313297039 (Derived from Sequence)
 > Best Start Found: Energy 339.93
[REPLICA 272] Init strategy: random, seed: 313297039
============================================
End time     : Mon Apr 27 13:45:04 EDT 2026
Exit code    : 0
============================================
