============================================
Job ID       : 5439807
Array Task   : 973
Replica ID   : 973
Node         : lri054
Start time   : Fri Apr 17 10:26:37 EDT 2026
============================================
[REPLICA 973] Starting...
  Sequence   : YYDPETGTWY
  Forcefield : amber
  Backend    : aer
  Max iter   : 2000
--- INITIALIZING QUANTUM BIOPHYSICS FOLDER (HARDWARE) ---
--- FORCE FIELD: AMBER ---
--- SCOUTING: Checking 50 starting points ---
 > Deterministic Seed: 313297740 (Derived from Sequence)
 > Best Start Found: Energy 284.06
[REPLICA 973] Init strategy: random, seed: 313297740
--- STARTING QUANTUM FOLDING (HYBRID PIPELINE) ---
Stage 1: Mechanical Collapse (COBYLA, statevector)...
 > Collapse Energy: 396.77
Stage 2: Physics Refinement (SLSQP, statevector)...
Optimization terminated successfully    (Exit mode 0)
            Current function value: 354.5009823087968
            Iterations: 180
            Function evaluations: 9706
            Gradient evaluations: 180
 > Refinement Energy: 354.50
Stage 3: Natural Relaxation (SLSQP, statevector)...
Optimization terminated successfully    (Exit mode 0)
            Current function value: -22.78500784576049
            Iterations: 184
            Function evaluations: 9948
            Gradient evaluations: 184
 > Relaxation Energy: -22.79

[EXTRACTION] Mode: sampler → backend='aer_simulator', shots=4096
  Submitting 3 circuits (Z / X / Y bases)...
  Done. Angles extracted from measurement statistics.

[RESULT] Final energy: -22.7850
[REPLICA 973] RMSD: 6.854 Å
[REPLICA 973] Done!
  Energy     : -22.7850
  RMSD       : 6.854 Å
  Runtime    : 222.4s
  Saved to   : outputs/reps_Brickwork_entanglement/slurm_YYDPETGTWY_amber/replica_973/replica_973_result.json
============================================
End time     : Fri Apr 17 10:30:21 EDT 2026
Exit code    : 0
============================================
