============================================
Job ID       : 5495915
Array Task   : 67
Replica ID   : 67
Node         : lri056
Start time   : Mon Apr 27 13:47:13 EDT 2026
============================================
[REPLICA 67] Starting...
  Sequence     : YYDPETGTWY
  Forcefield   : amber
  Backend      : aer
  Max iter     : 2000
  Skip Stage 2 : True
--- INITIALIZING QUANTUM BIOPHYSICS FOLDER (HARDWARE) ---
--- FORCE FIELD: AMBER ---
[REPLICA 67] Ground truth loaded — 10 CA atoms
--- SCOUTING: Checking 50 starting points ---
 > Deterministic Seed: 313296834 (Derived from Sequence)
 > Best Start Found: Energy 445.34
[REPLICA 67] Init strategy: random, seed: 313296834
============================================
End time     : Mon Apr 27 13:47:15 EDT 2026
Exit code    : 0
============================================
