============================================
Job ID       : 5480921
Array Task   : 267
Replica ID   : 267
Node         : lri008
Start time   : Thu Apr 23 11:53:23 EDT 2026
============================================
[REPLICA 267] Starting...
  Sequence   : YYDPETGTWY
  Forcefield : amber
  Backend    : aer
  Max iter   : 20
--- INITIALIZING QUANTUM BIOPHYSICS FOLDER (HARDWARE) ---
--- FORCE FIELD: AMBER ---
--- SCOUTING: Checking 50 starting points ---
 > Deterministic Seed: 313297034 (Derived from Sequence)
 > Best Start Found: Energy 270.86
[REPLICA 267] Init strategy: random, seed: 313297034
--- STARTING QUANTUM FOLDING (HYBRID PIPELINE) ---
Stage 1: Mechanical Collapse (COBYLA, statevector)...
 > Collapse Energy: 1110.55
Stage 2: Physics Refinement (SLSQP, statevector)...
Iteration limit reached    (Exit mode 9)
            Current function value: 17494.02747552005
            Iterations: 20
            Function evaluations: 1170
            Gradient evaluations: 20
 > Refinement Energy: 17494.03
Stage 3: Natural Relaxation (SLSQP, statevector)...
Iteration limit reached    (Exit mode 9)
            Current function value: 1324.46530988848
            Iterations: 20
            Function evaluations: 1170
            Gradient evaluations: 20
 > Relaxation Energy: 1324.47

[EXTRACTION] Mode: sampler → backend='aer_simulator', shots=4096
  Submitting 3 circuits (Z / X / Y bases)...
  Done. Angles extracted from measurement statistics.

[RESULT] Final energy: 1324.4653
[REPLICA 267] Tracker saved → outputs/energy_reps_Brickwork_entanglement11/slurm_YYDPETGTWY_amber/replica_267/replica_267_tracker.json
[SAVED] outputs/energy_reps_Brickwork_entanglement11/slurm_YYDPETGTWY_amber/replica_267/replica_267_landscape.png
[REPLICA 267] RMSD: 6.979 Å
[REPLICA 267] Done!
  Energy     : 1324.4653
  RMSD       : 6.979 Å
  Runtime    : 31.3s
  Saved to   : outputs/energy_reps_Brickwork_entanglement11/slurm_YYDPETGTWY_amber/replica_267/replica_267_result.json
============================================
End time     : Thu Apr 23 11:53:59 EDT 2026
Exit code    : 0
============================================
