============================================
Job ID       : 5435617
Array Task   : 357
Replica ID   : 357
Node         : lri013
Start time   : Thu Apr 16 21:05:51 EDT 2026
============================================
[REPLICA 357] Starting...
  Sequence   : YYDPETGTWY
  Forcefield : amber
  Backend    : aer
  Max iter   : 2000
--- INITIALIZING QUANTUM BIOPHYSICS FOLDER (HARDWARE) ---
--- FORCE FIELD: AMBER ---
--- SCOUTING: Checking 50 starting points ---
 > Deterministic Seed: 313297124 (Derived from Sequence)
 > Best Start Found: Energy 378.70
[REPLICA 357] Init strategy: random, seed: 313297124
--- STARTING QUANTUM FOLDING (HYBRID PIPELINE) ---
Stage 1: Mechanical Collapse (COBYLA, statevector)...
 > Collapse Energy: 395.77
Stage 2: Physics Refinement (SLSQP, statevector)...
Optimization terminated successfully    (Exit mode 0)
            Current function value: -26.15194033350947
            Iterations: 189
            Function evaluations: 10218
            Gradient evaluations: 189
 > Refinement Energy: -26.15
Stage 3: Natural Relaxation (SLSQP, statevector)...
Optimization terminated successfully    (Exit mode 0)
            Current function value: -20.696317204360014
            Iterations: 169
            Function evaluations: 9182
            Gradient evaluations: 169
 > Relaxation Energy: -20.70

[EXTRACTION] Mode: sampler → backend='aer_simulator', shots=4096
  Submitting 3 circuits (Z / X / Y bases)...
  Done. Angles extracted from measurement statistics.

[RESULT] Final energy: -20.6963
[REPLICA 357] RMSD: 5.845 Å
[REPLICA 357] Done!
  Energy     : -20.6963
  RMSD       : 5.845 Å
  Runtime    : 239.1s
  Saved to   : outputs/Brickwork_entanglement/slurm_YYDPETGTWY_amber/replica_357/replica_357_result.json
============================================
End time     : Thu Apr 16 21:09:52 EDT 2026
Exit code    : 0
============================================
