============================================
Job ID       : 5495305
Array Task   : 301
Replica ID   : 301
Node         : lri065
Start time   : Mon Apr 27 12:54:17 EDT 2026
============================================
[REPLICA 301] Starting...
  Sequence     : YYDPETGTWY
  Forcefield   : amber
  Backend      : aer
  Max iter     : 2000
  Skip Stage 2 : False
--- INITIALIZING QUANTUM BIOPHYSICS FOLDER (HARDWARE) ---
--- FORCE FIELD: AMBER ---
[REPLICA 301] Ground truth loaded — 10 CA atoms
--- SCOUTING: Checking 50 starting points ---
 > Deterministic Seed: 313297068 (Derived from Sequence)
 > Best Start Found: Energy 344.09
[REPLICA 301] Init strategy: random, seed: 313297068
============================================
End time     : Mon Apr 27 12:54:19 EDT 2026
Exit code    : 0
============================================
