============================================
Job ID       : 5425482
Array Task   : 19
Replica ID   : 19
Node         : lri016
Start time   : Wed Apr 15 12:36:48 EDT 2026
============================================
[REPLICA 19] Starting...
  Sequence   : YYDPETGTWY
  Forcefield : amber
  Backend    : aer
  Max iter   : 2000
--- INITIALIZING QUANTUM BIOPHYSICS FOLDER (HARDWARE) ---
--- FORCE FIELD: AMBER ---
--- SCOUTING: Checking 50 starting points ---
 > Deterministic Seed: 313296786 (Derived from Sequence)
 > Best Start Found: Energy 232.89
[REPLICA 19] Init strategy: random, seed: 313296786
--- STARTING QUANTUM FOLDING (HYBRID PIPELINE) ---
Stage 1: Mechanical Collapse (COBYLA, statevector)...
 > Collapse Energy: 101.57
Stage 2: Physics Refinement (SLSQP, statevector)...
Optimization terminated successfully    (Exit mode 0)
            Current function value: 62.73004225762084
            Iterations: 92
            Function evaluations: 2800
            Gradient evaluations: 92
 > Refinement Energy: 62.73
Stage 3: Natural Relaxation (SLSQP, statevector)...
Optimization terminated successfully    (Exit mode 0)
            Current function value: 20.05264347909086
            Iterations: 102
            Function evaluations: 3045
            Gradient evaluations: 102
 > Relaxation Energy: 20.05

[EXTRACTION] Mode: sampler → backend='aer_simulator', shots=4096
  Submitting 3 circuits (Z / X / Y bases)...
  Done. Angles extracted from measurement statistics.

[RESULT] Final energy: 20.0526
[REPLICA 19] RMSD: 4.467 Å
[REPLICA 19] Done!
  Energy     : 20.0526
  RMSD       : 4.467 Å
  Runtime    : 69.3s
  Saved to   : outputs/linear_entanglement_1_rep/slurm_YYDPETGTWY_amber/replica_19/replica_19_result.json
============================================
End time     : Wed Apr 15 12:38:02 EDT 2026
Exit code    : 0
============================================
