============================================
Job ID       : 5427385
Array Task   : 277
Replica ID   : 277
Node         : lri016
Start time   : Wed Apr 15 18:35:13 EDT 2026
============================================
[REPLICA 277] Starting...
  Sequence   : YYDPETGTWY
  Forcefield : amber
  Backend    : aer
  Max iter   : 2000
--- INITIALIZING QUANTUM BIOPHYSICS FOLDER (HARDWARE) ---
--- FORCE FIELD: AMBER ---
--- SCOUTING: Checking 50 starting points ---
 > Deterministic Seed: 313297044 (Derived from Sequence)
 > Best Start Found: Energy 378.47
[REPLICA 277] Init strategy: random, seed: 313297044
--- STARTING QUANTUM FOLDING (HYBRID PIPELINE) ---
Stage 1: Mechanical Collapse (COBYLA, statevector)...
 > Collapse Energy: 761.18
Stage 2: Physics Refinement (SLSQP, statevector)...
Optimization terminated successfully    (Exit mode 0)
            Current function value: 116.07004179826717
            Iterations: 206
            Function evaluations: 11040
            Gradient evaluations: 206
 > Refinement Energy: 116.07
Stage 3: Natural Relaxation (SLSQP, statevector)...
Optimization terminated successfully    (Exit mode 0)
            Current function value: -46.64819746032254
            Iterations: 171
            Function evaluations: 9195
            Gradient evaluations: 171
 > Relaxation Energy: -46.65

[EXTRACTION] Mode: sampler → backend='aer_simulator', shots=4096
  Submitting 3 circuits (Z / X / Y bases)...
  Done. Angles extracted from measurement statistics.

[RESULT] Final energy: -46.6482
[REPLICA 277] RMSD: 4.251 Å
[REPLICA 277] Done!
  Energy     : -46.6482
  RMSD       : 4.251 Å
  Runtime    : 262.0s
  Saved to   : outputs/Reps_qubits_d_2/slurm_YYDPETGTWY_amber/replica_277/replica_277_result.json
============================================
End time     : Wed Apr 15 18:39:36 EDT 2026
Exit code    : 0
============================================
