============================================
Job ID       : 5495191
Array Task   : 187
Replica ID   : 187
Node         : lri029
Start time   : Mon Apr 27 12:54:08 EDT 2026
============================================
[REPLICA 187] Starting...
  Sequence     : YYDPETGTWY
  Forcefield   : amber
  Backend      : aer
  Max iter     : 2000
  Skip Stage 2 : False
--- INITIALIZING QUANTUM BIOPHYSICS FOLDER (HARDWARE) ---
--- FORCE FIELD: AMBER ---
[REPLICA 187] Ground truth loaded — 10 CA atoms
--- SCOUTING: Checking 50 starting points ---
 > Deterministic Seed: 313296954 (Derived from Sequence)
 > Best Start Found: Energy 255.56
[REPLICA 187] Init strategy: random, seed: 313296954
============================================
End time     : Mon Apr 27 12:54:10 EDT 2026
Exit code    : 0
============================================
