============================================
Job ID       : 5429691
Array Task   : 937
Replica ID   : 937
Node         : lri015
Start time   : Wed Apr 15 22:14:50 EDT 2026
============================================
[REPLICA 937] Starting...
  Sequence   : YYDPETGTWY
  Forcefield : amber
  Backend    : aer
  Max iter   : 2000
--- INITIALIZING QUANTUM BIOPHYSICS FOLDER (HARDWARE) ---
--- FORCE FIELD: AMBER ---
--- SCOUTING: Checking 50 starting points ---
 > Deterministic Seed: 313297704 (Derived from Sequence)
 > Best Start Found: Energy 305.20
[REPLICA 937] Init strategy: random, seed: 313297704
--- STARTING QUANTUM FOLDING (HYBRID PIPELINE) ---
Stage 1: Mechanical Collapse (COBYLA, statevector)...
 > Collapse Energy: 505.82
Stage 2: Physics Refinement (SLSQP, statevector)...
Optimization terminated successfully    (Exit mode 0)
            Current function value: 89.0918082799464
            Iterations: 128
            Function evaluations: 7099
            Gradient evaluations: 128
 > Refinement Energy: 89.09
Stage 3: Natural Relaxation (SLSQP, statevector)...
Optimization terminated successfully    (Exit mode 0)
            Current function value: -53.82719264885754
            Iterations: 187
            Function evaluations: 10025
            Gradient evaluations: 187
 > Relaxation Energy: -53.83

[EXTRACTION] Mode: sampler → backend='aer_simulator', shots=4096
  Submitting 3 circuits (Z / X / Y bases)...
  Done. Angles extracted from measurement statistics.

[RESULT] Final energy: -53.8272
[REPLICA 937] RMSD: 5.077 Å
[REPLICA 937] Done!
  Energy     : -53.8272
  RMSD       : 5.077 Å
  Runtime    : 223.6s
  Saved to   : outputs/Reps_qubits_d_2/slurm_YYDPETGTWY_amber/replica_937/replica_937_result.json
============================================
End time     : Wed Apr 15 22:18:35 EDT 2026
Exit code    : 0
============================================
