============================================
Job ID       : 5422825
Array Task   : 2
Replica ID   : 2
Node         : lri021
Start time   : Tue Apr 14 13:05:39 EDT 2026
============================================
[REPLICA 2] Starting...
  Sequence   : YYDPETGTWY
  Forcefield : amber
  Backend    : aer
  Max iter   : 2000
--- INITIALIZING QUANTUM BIOPHYSICS FOLDER (HARDWARE) ---
--- FORCE FIELD: AMBER ---
--- SCOUTING: Checking 50 starting points ---
 > Deterministic Seed: 313296769 (Derived from Sequence)
 > Best Start Found: Energy 367.59
[REPLICA 2] Init strategy: random, seed: 313296769
--- STARTING QUANTUM FOLDING (HYBRID PIPELINE) ---
Stage 1: Mechanical Collapse (COBYLA, statevector)...
 > Collapse Energy: 196.38
Stage 2: Physics Refinement (SLSQP, statevector)...
Optimization terminated successfully    (Exit mode 0)
            Current function value: -59.54165560386684
            Iterations: 316
            Function evaluations: 36440
            Gradient evaluations: 316
 > Refinement Energy: -59.54
Stage 3: Natural Relaxation (SLSQP, statevector)...
Optimization terminated successfully    (Exit mode 0)
            Current function value: -46.85653435207018
            Iterations: 264
            Function evaluations: 30587
            Gradient evaluations: 264
 > Relaxation Energy: -46.86

[EXTRACTION] Mode: sampler → backend='aer_simulator', shots=4096
  Submitting 3 circuits (Z / X / Y bases)...
  Done. Angles extracted from measurement statistics.

[RESULT] Final energy: -46.8565
[REPLICA 2] RMSD: 6.026 Å
[REPLICA 2] Done!
  Energy     : -46.8565
  RMSD       : 6.026 Å
  Runtime    : 1200.3s
  Saved to   : outputs/probability_vectors/slurm_YYDPETGTWY_amber/replica_2/replica_2_result.json
============================================
End time     : Tue Apr 14 13:25:42 EDT 2026
Exit code    : 0
============================================
