============================================
Job ID       : 5439454
Array Task   : 720
Replica ID   : 720
Node         : lri014
Start time   : Fri Apr 17 09:32:33 EDT 2026
============================================
[REPLICA 720] Starting...
  Sequence   : YYDPETGTWY
  Forcefield : amber
  Backend    : aer
  Max iter   : 2000
--- INITIALIZING QUANTUM BIOPHYSICS FOLDER (HARDWARE) ---
--- FORCE FIELD: AMBER ---
--- SCOUTING: Checking 50 starting points ---
 > Deterministic Seed: 313297487 (Derived from Sequence)
 > Best Start Found: Energy 398.24
[REPLICA 720] Init strategy: random, seed: 313297487
--- STARTING QUANTUM FOLDING (HYBRID PIPELINE) ---
Stage 1: Mechanical Collapse (COBYLA, statevector)...
 > Collapse Energy: 288.35
Stage 2: Physics Refinement (SLSQP, statevector)...
Optimization terminated successfully    (Exit mode 0)
            Current function value: 33.19393999384957
            Iterations: 215
            Function evaluations: 11543
            Gradient evaluations: 215
 > Refinement Energy: 33.19
Stage 3: Natural Relaxation (SLSQP, statevector)...
Optimization terminated successfully    (Exit mode 0)
            Current function value: 57.297909036911655
            Iterations: 226
            Function evaluations: 12097
            Gradient evaluations: 226
 > Relaxation Energy: 57.30

[EXTRACTION] Mode: sampler → backend='aer_simulator', shots=4096
  Submitting 3 circuits (Z / X / Y bases)...
  Done. Angles extracted from measurement statistics.

[RESULT] Final energy: 57.2979
[REPLICA 720] RMSD: 5.113 Å
[REPLICA 720] Done!
  Energy     : 57.2979
  RMSD       : 5.113 Å
  Runtime    : 289.9s
  Saved to   : outputs/reps_Brickwork_entanglement/slurm_YYDPETGTWY_amber/replica_720/replica_720_result.json
============================================
End time     : Fri Apr 17 09:37:25 EDT 2026
Exit code    : 0
============================================
