============================================
Job ID       : 5474905
Array Task   : 730
Replica ID   : 730
Node         : lri003
Start time   : Wed Apr 22 18:02:46 EDT 2026
============================================
[REPLICA 730] Starting...
  Sequence   : YYDPETGTWY
  Forcefield : amber
  Backend    : aer
  Max iter   : 2000
--- INITIALIZING QUANTUM BIOPHYSICS FOLDER (HARDWARE) ---
--- FORCE FIELD: AMBER ---
--- SCOUTING: Checking 50 starting points ---
 > Deterministic Seed: 313297497 (Derived from Sequence)
 > Best Start Found: Energy 290.28
[REPLICA 730] Init strategy: random, seed: 313297497
--- STARTING QUANTUM FOLDING (HYBRID PIPELINE) ---
Stage 1: Mechanical Collapse (COBYLA, statevector)...
 > Collapse Energy: 279.32
Stage 2: Physics Refinement (SLSQP, statevector)...
Optimization terminated successfully    (Exit mode 0)
            Current function value: 57.282973579832564
            Iterations: 206
            Function evaluations: 11013
            Gradient evaluations: 206
 > Refinement Energy: 57.28
Stage 3: Natural Relaxation (SLSQP, statevector)...
Optimization terminated successfully    (Exit mode 0)
            Current function value: 96.58490841044684
            Iterations: 152
            Function evaluations: 8356
            Gradient evaluations: 152
 > Relaxation Energy: 96.58

[EXTRACTION] Mode: sampler → backend='aer_simulator', shots=4096
  Submitting 3 circuits (Z / X / Y bases)...
  Done. Angles extracted from measurement statistics.

[RESULT] Final energy: 96.5849
[SAVED] outputs/reps_Brickwork_entanglement/slurm_YYDPETGTWY_amber/replica_730/replica_730_landscape.png
[REPLICA 730] RMSD: 6.769 Å
[REPLICA 730] Done!
  Energy     : 96.5849
  RMSD       : 6.769 Å
  Runtime    : 238.2s
  Saved to   : outputs/reps_Brickwork_entanglement/slurm_YYDPETGTWY_amber/replica_730/replica_730_result.json
============================================
End time     : Wed Apr 22 18:06:45 EDT 2026
Exit code    : 0
============================================
