============================================
Job ID       : 5474350
Array Task   : 200
Replica ID   : 200
Node         : lri015
Start time   : Wed Apr 22 17:52:02 EDT 2026
============================================
[REPLICA 200] Starting...
  Sequence   : YYDPETGTWY
  Forcefield : amber
  Backend    : aer
  Max iter   : 2000
--- INITIALIZING QUANTUM BIOPHYSICS FOLDER (HARDWARE) ---
--- FORCE FIELD: AMBER ---
--- SCOUTING: Checking 50 starting points ---
 > Deterministic Seed: 313296967 (Derived from Sequence)
 > Best Start Found: Energy 325.94
[REPLICA 200] Init strategy: random, seed: 313296967
--- STARTING QUANTUM FOLDING (HYBRID PIPELINE) ---
Stage 1: Mechanical Collapse (COBYLA, statevector)...
 > Collapse Energy: 403.58
Stage 2: Physics Refinement (SLSQP, statevector)...
Optimization terminated successfully    (Exit mode 0)
            Current function value: 27.39678438948383
            Iterations: 237
            Function evaluations: 12705
            Gradient evaluations: 237
 > Refinement Energy: 27.40
Stage 3: Natural Relaxation (SLSQP, statevector)...
Optimization terminated successfully    (Exit mode 0)
            Current function value: -49.531903111779236
            Iterations: 157
            Function evaluations: 8522
            Gradient evaluations: 157
 > Relaxation Energy: -49.53

[EXTRACTION] Mode: sampler → backend='aer_simulator', shots=4096
  Submitting 3 circuits (Z / X / Y bases)...
  Done. Angles extracted from measurement statistics.

[RESULT] Final energy: -49.5319
[SAVED] outputs/reps_Brickwork_entanglement/slurm_YYDPETGTWY_amber/replica_200/replica_200_landscape.png
[REPLICA 200] RMSD: 6.912 Å
[REPLICA 200] Done!
  Energy     : -49.5319
  RMSD       : 6.912 Å
  Runtime    : 267.3s
  Saved to   : outputs/reps_Brickwork_entanglement/slurm_YYDPETGTWY_amber/replica_200/replica_200_result.json
============================================
End time     : Wed Apr 22 17:56:33 EDT 2026
Exit code    : 0
============================================
