============================================
Job ID       : 5495959
Array Task   : 111
Replica ID   : 111
Node         : lri027
Start time   : Mon Apr 27 13:47:13 EDT 2026
============================================
[REPLICA 111] Starting...
  Sequence     : YYDPETGTWY
  Forcefield   : amber
  Backend      : aer
  Max iter     : 2000
  Skip Stage 2 : True
--- INITIALIZING QUANTUM BIOPHYSICS FOLDER (HARDWARE) ---
--- FORCE FIELD: AMBER ---
[REPLICA 111] Ground truth loaded — 10 CA atoms
--- SCOUTING: Checking 50 starting points ---
 > Deterministic Seed: 313296878 (Derived from Sequence)
 > Best Start Found: Energy 339.63
[REPLICA 111] Init strategy: random, seed: 313296878
============================================
End time     : Mon Apr 27 13:47:15 EDT 2026
Exit code    : 0
============================================
