============================================
Job ID       : 5474719
Array Task   : 547
Replica ID   : 547
Node         : lri025
Start time   : Wed Apr 22 17:59:35 EDT 2026
============================================
[REPLICA 547] Starting...
  Sequence   : YYDPETGTWY
  Forcefield : amber
  Backend    : aer
  Max iter   : 2000
--- INITIALIZING QUANTUM BIOPHYSICS FOLDER (HARDWARE) ---
--- FORCE FIELD: AMBER ---
--- SCOUTING: Checking 50 starting points ---
 > Deterministic Seed: 313297314 (Derived from Sequence)
 > Best Start Found: Energy 431.70
[REPLICA 547] Init strategy: random, seed: 313297314
--- STARTING QUANTUM FOLDING (HYBRID PIPELINE) ---
Stage 1: Mechanical Collapse (COBYLA, statevector)...
 > Collapse Energy: 574.15
Stage 2: Physics Refinement (SLSQP, statevector)...
Optimization terminated successfully    (Exit mode 0)
            Current function value: 85.43576745686566
            Iterations: 203
            Function evaluations: 10970
            Gradient evaluations: 203
 > Refinement Energy: 85.44
Stage 3: Natural Relaxation (SLSQP, statevector)...
Optimization terminated successfully    (Exit mode 0)
            Current function value: -0.0627801967615168
            Iterations: 210
            Function evaluations: 11342
            Gradient evaluations: 210
 > Relaxation Energy: -0.06

[EXTRACTION] Mode: sampler → backend='aer_simulator', shots=4096
  Submitting 3 circuits (Z / X / Y bases)...
  Done. Angles extracted from measurement statistics.

[RESULT] Final energy: -0.0628
[SAVED] outputs/reps_Brickwork_entanglement/slurm_YYDPETGTWY_amber/replica_547/replica_547_landscape.png
[REPLICA 547] RMSD: 5.275 Å
[REPLICA 547] Done!
  Energy     : -0.0628
  RMSD       : 5.275 Å
  Runtime    : 280.2s
  Saved to   : outputs/reps_Brickwork_entanglement/slurm_YYDPETGTWY_amber/replica_547/replica_547_result.json
============================================
End time     : Wed Apr 22 18:04:16 EDT 2026
Exit code    : 0
============================================
