============================================
Job ID       : 5423442
Array Task   : 442
Replica ID   : 442
Node         : lri014
Start time   : Tue Apr 14 16:55:57 EDT 2026
============================================
[REPLICA 442] Starting...
  Sequence   : YYDPETGTWY
  Forcefield : amber
  Backend    : aer
  Max iter   : 2000
--- INITIALIZING QUANTUM BIOPHYSICS FOLDER (HARDWARE) ---
--- FORCE FIELD: AMBER ---
--- SCOUTING: Checking 50 starting points ---
 > Deterministic Seed: 313297209 (Derived from Sequence)
 > Best Start Found: Energy 402.99
[REPLICA 442] Init strategy: random, seed: 313297209
--- STARTING QUANTUM FOLDING (HYBRID PIPELINE) ---
Stage 1: Mechanical Collapse (COBYLA, statevector)...
 > Collapse Energy: 366.37
Stage 2: Physics Refinement (SLSQP, statevector)...
Optimization terminated successfully    (Exit mode 0)
            Current function value: 122.38601906441224
            Iterations: 430
            Function evaluations: 49141
            Gradient evaluations: 430
 > Refinement Energy: 122.39
Stage 3: Natural Relaxation (SLSQP, statevector)...
Optimization terminated successfully    (Exit mode 0)
            Current function value: -115.72271707873921
            Iterations: 331
            Function evaluations: 37995
            Gradient evaluations: 331
 > Relaxation Energy: -115.72

[EXTRACTION] Mode: sampler → backend='aer_simulator', shots=4096
  Submitting 3 circuits (Z / X / Y bases)...
  Done. Angles extracted from measurement statistics.

[RESULT] Final energy: -115.7227
[REPLICA 442] RMSD: 3.390 Å
[REPLICA 442] Done!
  Energy     : -115.7227
  RMSD       : 3.390 Å
  Runtime    : 1509.0s
  Saved to   : outputs/probability_vectors/slurm_YYDPETGTWY_amber/replica_442/replica_442_result.json
============================================
End time     : Tue Apr 14 17:21:07 EDT 2026
Exit code    : 0
============================================
