============================================
Job ID       : 5474882
Array Task   : 707
Replica ID   : 707
Node         : lri049
Start time   : Wed Apr 22 18:02:15 EDT 2026
============================================
[REPLICA 707] Starting...
  Sequence   : YYDPETGTWY
  Forcefield : amber
  Backend    : aer
  Max iter   : 2000
--- INITIALIZING QUANTUM BIOPHYSICS FOLDER (HARDWARE) ---
--- FORCE FIELD: AMBER ---
--- SCOUTING: Checking 50 starting points ---
 > Deterministic Seed: 313297474 (Derived from Sequence)
 > Best Start Found: Energy 265.92
[REPLICA 707] Init strategy: random, seed: 313297474
--- STARTING QUANTUM FOLDING (HYBRID PIPELINE) ---
Stage 1: Mechanical Collapse (COBYLA, statevector)...
 > Collapse Energy: 236.24
Stage 2: Physics Refinement (SLSQP, statevector)...
Optimization terminated successfully    (Exit mode 0)
            Current function value: 94.26374150450015
            Iterations: 197
            Function evaluations: 10646
            Gradient evaluations: 197
 > Refinement Energy: 94.26
Stage 3: Natural Relaxation (SLSQP, statevector)...
Optimization terminated successfully    (Exit mode 0)
            Current function value: 54.35807062970299
            Iterations: 618
            Function evaluations: 31897
            Gradient evaluations: 618
 > Relaxation Energy: 54.36

[EXTRACTION] Mode: sampler → backend='aer_simulator', shots=4096
  Submitting 3 circuits (Z / X / Y bases)...
  Done. Angles extracted from measurement statistics.

[RESULT] Final energy: 54.3581
[SAVED] outputs/reps_Brickwork_entanglement/slurm_YYDPETGTWY_amber/replica_707/replica_707_landscape.png
[REPLICA 707] RMSD: 3.815 Å
[REPLICA 707] Done!
  Energy     : 54.3581
  RMSD       : 3.815 Å
  Runtime    : 507.4s
  Saved to   : outputs/reps_Brickwork_entanglement/slurm_YYDPETGTWY_amber/replica_707/replica_707_result.json
============================================
End time     : Wed Apr 22 18:10:43 EDT 2026
Exit code    : 0
============================================
