============================================
Job ID       : 5424778
Array Task   : 696
Replica ID   : 696
Node         : lri025
Start time   : Tue Apr 14 21:36:20 EDT 2026
============================================
[REPLICA 696] Starting...
  Sequence   : YYDPETGTWY
  Forcefield : amber
  Backend    : aer
  Max iter   : 2000
--- INITIALIZING QUANTUM BIOPHYSICS FOLDER (HARDWARE) ---
--- FORCE FIELD: AMBER ---
--- SCOUTING: Checking 50 starting points ---
 > Deterministic Seed: 313297463 (Derived from Sequence)
 > Best Start Found: Energy 316.76
[REPLICA 696] Init strategy: random, seed: 313297463
--- STARTING QUANTUM FOLDING (HYBRID PIPELINE) ---
Stage 1: Mechanical Collapse (COBYLA, statevector)...
 > Collapse Energy: 298.14
Stage 2: Physics Refinement (SLSQP, statevector)...
Optimization terminated successfully    (Exit mode 0)
            Current function value: -53.581654948991144
            Iterations: 366
            Function evaluations: 42169
            Gradient evaluations: 366
 > Refinement Energy: -53.58
Stage 3: Natural Relaxation (SLSQP, statevector)...
Optimization terminated successfully    (Exit mode 0)
            Current function value: -99.83344985238028
            Iterations: 289
            Function evaluations: 33278
            Gradient evaluations: 289
 > Relaxation Energy: -99.83

[EXTRACTION] Mode: sampler → backend='aer_simulator', shots=4096
  Submitting 3 circuits (Z / X / Y bases)...
  Done. Angles extracted from measurement statistics.

[RESULT] Final energy: -99.8334
[REPLICA 696] RMSD: 4.754 Å
[REPLICA 696] Done!
  Energy     : -99.8334
  RMSD       : 4.754 Å
  Runtime    : 1309.9s
  Saved to   : outputs/only_random_strategy/slurm_YYDPETGTWY_amber/replica_696/replica_696_result.json
============================================
End time     : Tue Apr 14 21:58:11 EDT 2026
Exit code    : 0
============================================
