============================================
Job ID       : 5440229
Array Task   : 198
Replica ID   : 198
Node         : lri013
Start time   : Fri Apr 17 12:52:44 EDT 2026
============================================
[REPLICA 198] Starting...
  Sequence   : DAYAQWLKDGGPSSGRPPPS
  Forcefield : amber
  Backend    : aer
  Max iter   : 2000
--- INITIALIZING QUANTUM BIOPHYSICS FOLDER (HARDWARE) ---
--- FORCE FIELD: AMBER ---
--- SCOUTING: Checking 50 starting points ---
 > Deterministic Seed: 2158523583 (Derived from Sequence)
 > Best Start Found: Energy 529.02
[REPLICA 198] Init strategy: random, seed: 2158523583
--- STARTING QUANTUM FOLDING (HYBRID PIPELINE) ---
Stage 1: Mechanical Collapse (COBYLA, statevector)...
 > Collapse Energy: 822.88
Stage 2: Physics Refinement (SLSQP, statevector)...
Optimization terminated successfully    (Exit mode 0)
            Current function value: -166.94913482435348
            Iterations: 374
            Function evaluations: 28939
            Gradient evaluations: 374
 > Refinement Energy: -166.95
Stage 3: Natural Relaxation (SLSQP, statevector)...
Optimization terminated successfully    (Exit mode 0)
            Current function value: -186.36129114789406
            Iterations: 262
            Function evaluations: 20446
            Gradient evaluations: 262
 > Relaxation Energy: -186.36

[EXTRACTION] Mode: sampler → backend='aer_simulator', shots=4096
  Submitting 3 circuits (Z / X / Y bases)...
  Done. Angles extracted from measurement statistics.

[RESULT] Final energy: -186.3613
[REPLICA 198] RMSD: 5.856 Å
[REPLICA 198] Done!
  Energy     : -186.3613
  RMSD       : 5.856 Å
  Runtime    : 928.5s
  Saved to   : outputs/reps_Brickwork_entanglement1/slurm_DAYAQWLKDGGPSSGRPPPS_amber/replica_198/replica_198_result.json
============================================
End time     : Fri Apr 17 13:08:14 EDT 2026
Exit code    : 0
============================================
