============================================
Job ID       : 5443520
Array Task   : 981
Replica ID   : 981
Node         : lri015
Start time   : Fri Apr 17 19:11:16 EDT 2026
============================================
[REPLICA 981] Starting...
  Sequence   : DAYAQWLKDGGPSSGRPPPS
  Forcefield : amber
  Backend    : aer
  Max iter   : 2000
--- INITIALIZING QUANTUM BIOPHYSICS FOLDER (HARDWARE) ---
--- FORCE FIELD: AMBER ---
--- SCOUTING: Checking 50 starting points ---
 > Deterministic Seed: 2158524366 (Derived from Sequence)
 > Best Start Found: Energy 676.87
[REPLICA 981] Init strategy: random, seed: 2158524366
--- STARTING QUANTUM FOLDING (HYBRID PIPELINE) ---
Stage 1: Mechanical Collapse (COBYLA, statevector)...
 > Collapse Energy: 770.17
Stage 2: Physics Refinement (SLSQP, statevector)...
Optimization terminated successfully    (Exit mode 0)
            Current function value: -157.93506840384143
            Iterations: 347
            Function evaluations: 26963
            Gradient evaluations: 347
 > Refinement Energy: -157.94
Stage 3: Natural Relaxation (SLSQP, statevector)...
Optimization terminated successfully    (Exit mode 0)
            Current function value: -72.20759562815189
            Iterations: 325
            Function evaluations: 25180
            Gradient evaluations: 325
 > Relaxation Energy: -72.21

[EXTRACTION] Mode: sampler → backend='aer_simulator', shots=4096
  Submitting 3 circuits (Z / X / Y bases)...
  Done. Angles extracted from measurement statistics.

[RESULT] Final energy: -72.2076
[REPLICA 981] RMSD: 5.396 Å
[REPLICA 981] Done!
  Energy     : -72.2076
  RMSD       : 5.396 Å
  Runtime    : 983.0s
  Saved to   : outputs/reps_Brickwork_entanglement1/slurm_DAYAQWLKDGGPSSGRPPPS_amber/replica_981/replica_981_result.json
============================================
End time     : Fri Apr 17 19:27:40 EDT 2026
Exit code    : 0
============================================
