============================================
Job ID       : 5475446
Array Task   : 255
Replica ID   : 255
Node         : lri049
Start time   : Wed Apr 22 18:09:38 EDT 2026
============================================
[REPLICA 255] Starting...
  Sequence   : YYDPETGTWY
  Forcefield : amber
  Backend    : aer
  Max iter   : 2000
--- INITIALIZING QUANTUM BIOPHYSICS FOLDER (HARDWARE) ---
--- FORCE FIELD: AMBER ---
--- SCOUTING: Checking 50 starting points ---
 > Deterministic Seed: 313297022 (Derived from Sequence)
 > Best Start Found: Energy 435.77
[REPLICA 255] Init strategy: random, seed: 313297022
--- STARTING QUANTUM FOLDING (HYBRID PIPELINE) ---
Stage 1: Mechanical Collapse (COBYLA, statevector)...
 > Collapse Energy: 202.34
Stage 2: Physics Refinement (SLSQP, statevector)...
Optimization terminated successfully    (Exit mode 0)
            Current function value: 111.25357343430862
            Iterations: 302
            Function evaluations: 15951
            Gradient evaluations: 302
 > Refinement Energy: 111.25
Stage 3: Natural Relaxation (SLSQP, statevector)...
Optimization terminated successfully    (Exit mode 0)
            Current function value: -7.38283478432442
            Iterations: 295
            Function evaluations: 15673
            Gradient evaluations: 295
 > Relaxation Energy: -7.38

[EXTRACTION] Mode: sampler → backend='aer_simulator', shots=4096
  Submitting 3 circuits (Z / X / Y bases)...
  Done. Angles extracted from measurement statistics.

[RESULT] Final energy: -7.3828
[SAVED] outputs/reps_Brickwork_entanglement/slurm_YYDPETGTWY_amber/replica_255/replica_255_landscape.png
[REPLICA 255] RMSD: 5.949 Å
[REPLICA 255] Done!
  Energy     : -7.3828
  RMSD       : 5.949 Å
  Runtime    : 380.9s
  Saved to   : outputs/reps_Brickwork_entanglement/slurm_YYDPETGTWY_amber/replica_255/replica_255_result.json
============================================
End time     : Wed Apr 22 18:16:00 EDT 2026
Exit code    : 0
============================================
