============================================
Job ID       : 5424268
Array Task   : 214
Replica ID   : 214
Node         : lri021
Start time   : Tue Apr 14 19:54:10 EDT 2026
============================================
[REPLICA 214] Starting...
  Sequence   : YYDPETGTWY
  Forcefield : amber
  Backend    : aer
  Max iter   : 2000
--- INITIALIZING QUANTUM BIOPHYSICS FOLDER (HARDWARE) ---
--- FORCE FIELD: AMBER ---
--- SCOUTING: Checking 50 starting points ---
 > Deterministic Seed: 313296981 (Derived from Sequence)
 > Best Start Found: Energy 272.63
[REPLICA 214] Init strategy: random, seed: 313296981
--- STARTING QUANTUM FOLDING (HYBRID PIPELINE) ---
Stage 1: Mechanical Collapse (COBYLA, statevector)...
 > Collapse Energy: 227.09
Stage 2: Physics Refinement (SLSQP, statevector)...
Optimization terminated successfully    (Exit mode 0)
            Current function value: -24.594543547792753
            Iterations: 425
            Function evaluations: 48461
            Gradient evaluations: 425
 > Refinement Energy: -24.59
Stage 3: Natural Relaxation (SLSQP, statevector)...
Optimization terminated successfully    (Exit mode 0)
            Current function value: -48.73599176279389
            Iterations: 245
            Function evaluations: 28457
            Gradient evaluations: 245
 > Relaxation Energy: -48.74

[EXTRACTION] Mode: sampler → backend='aer_simulator', shots=4096
  Submitting 3 circuits (Z / X / Y bases)...
  Done. Angles extracted from measurement statistics.

[RESULT] Final energy: -48.7360
[REPLICA 214] RMSD: 3.350 Å
[REPLICA 214] Done!
  Energy     : -48.7360
  RMSD       : 3.350 Å
  Runtime    : 1432.4s
  Saved to   : outputs/only_random_strategy/slurm_YYDPETGTWY_amber/replica_214/replica_214_result.json
============================================
End time     : Tue Apr 14 20:18:04 EDT 2026
Exit code    : 0
============================================
