============================================
Job ID       : 5480174
Array Task   : 85
Replica ID   : 85
Node         : lri038
Start time   : Thu Apr 23 11:20:51 EDT 2026
============================================
[REPLICA 85] Starting...
  Sequence   : YYDPETGTWY
  Forcefield : amber
  Backend    : aer
  Max iter   : 20
--- INITIALIZING QUANTUM BIOPHYSICS FOLDER (HARDWARE) ---
--- FORCE FIELD: AMBER ---
--- SCOUTING: Checking 50 starting points ---
 > Deterministic Seed: 313296852 (Derived from Sequence)
 > Best Start Found: Energy 416.18
[REPLICA 85] Init strategy: random, seed: 313296852
--- STARTING QUANTUM FOLDING (HYBRID PIPELINE) ---
Stage 1: Mechanical Collapse (COBYLA, statevector)...
 > Collapse Energy: 1007.05
Stage 2: Physics Refinement (SLSQP, statevector)...
Iteration limit reached    (Exit mode 9)
            Current function value: 10993.275979136723
            Iterations: 20
            Function evaluations: 1170
            Gradient evaluations: 20
 > Refinement Energy: 10993.28
Stage 3: Natural Relaxation (SLSQP, statevector)...
Iteration limit reached    (Exit mode 9)
            Current function value: 911.5584296339644
            Iterations: 20
            Function evaluations: 1168
            Gradient evaluations: 20
 > Relaxation Energy: 911.56

[EXTRACTION] Mode: sampler → backend='aer_simulator', shots=4096
  Submitting 3 circuits (Z / X / Y bases)...
  Done. Angles extracted from measurement statistics.

[RESULT] Final energy: 911.5584
[REPLICA 85] Tracker saved → outputs/energy_reps_Brickwork_entanglement11/slurm_YYDPETGTWY_amber/replica_85/replica_85_tracker.json
[SAVED] outputs/energy_reps_Brickwork_entanglement11/slurm_YYDPETGTWY_amber/replica_85/replica_85_landscape.png
[REPLICA 85] RMSD: 5.492 Å
[REPLICA 85] Done!
  Energy     : 911.5584
  RMSD       : 5.492 Å
  Runtime    : 36.0s
  Saved to   : outputs/energy_reps_Brickwork_entanglement11/slurm_YYDPETGTWY_amber/replica_85/replica_85_result.json
============================================
End time     : Thu Apr 23 11:21:28 EDT 2026
Exit code    : 0
============================================
