============================================
Job ID       : 5494770
Array Task   : 322
Replica ID   : 322
Node         : lri026
Start time   : Mon Apr 27 11:29:50 EDT 2026
============================================
[REPLICA 322] Starting...
  Sequence     : YYDPETGTWY
  Forcefield   : amber
  Backend      : aer
  Max iter     : 2000
  Skip Stage 2 : False
--- INITIALIZING QUANTUM BIOPHYSICS FOLDER (HARDWARE) ---
--- FORCE FIELD: AMBER ---
[REPLICA 322] Ground truth loaded — 10 CA atoms
--- SCOUTING: Checking 50 starting points ---
 > Deterministic Seed: 313297089 (Derived from Sequence)
 > Best Start Found: Energy 326.55
[REPLICA 322] Init strategy: random, seed: 313297089
============================================
End time     : Mon Apr 27 11:29:52 EDT 2026
Exit code    : 0
============================================
