============================================
Job ID       : 5495082
Array Task   : 78
Replica ID   : 78
Node         : lri032
Start time   : Mon Apr 27 12:54:02 EDT 2026
============================================
[REPLICA 78] Starting...
  Sequence     : YYDPETGTWY
  Forcefield   : amber
  Backend      : aer
  Max iter     : 2000
  Skip Stage 2 : False
--- INITIALIZING QUANTUM BIOPHYSICS FOLDER (HARDWARE) ---
--- FORCE FIELD: AMBER ---
[REPLICA 78] Ground truth loaded — 10 CA atoms
--- SCOUTING: Checking 50 starting points ---
 > Deterministic Seed: 313296845 (Derived from Sequence)
 > Best Start Found: Energy 300.16
[REPLICA 78] Init strategy: random, seed: 313296845
============================================
End time     : Mon Apr 27 12:54:05 EDT 2026
Exit code    : 0
============================================
