============================================
Job ID       : 5427692
Array Task   : 359
Replica ID   : 359
Node         : lri016
Start time   : Wed Apr 15 19:05:14 EDT 2026
============================================
[REPLICA 359] Starting...
  Sequence   : YYDPETGTWY
  Forcefield : amber
  Backend    : aer
  Max iter   : 2000
--- INITIALIZING QUANTUM BIOPHYSICS FOLDER (HARDWARE) ---
--- FORCE FIELD: AMBER ---
--- SCOUTING: Checking 50 starting points ---
 > Deterministic Seed: 313297126 (Derived from Sequence)
 > Best Start Found: Energy 493.69
[REPLICA 359] Init strategy: random, seed: 313297126
--- STARTING QUANTUM FOLDING (HYBRID PIPELINE) ---
Stage 1: Mechanical Collapse (COBYLA, statevector)...
 > Collapse Energy: 160.90
Stage 2: Physics Refinement (SLSQP, statevector)...
Optimization terminated successfully    (Exit mode 0)
            Current function value: 97.44693084317781
            Iterations: 299
            Function evaluations: 15862
            Gradient evaluations: 299
 > Refinement Energy: 97.45
Stage 3: Natural Relaxation (SLSQP, statevector)...
Optimization terminated successfully    (Exit mode 0)
            Current function value: -4.789655442225992
            Iterations: 137
            Function evaluations: 7494
            Gradient evaluations: 137
 > Relaxation Energy: -4.79

[EXTRACTION] Mode: sampler → backend='aer_simulator', shots=4096
  Submitting 3 circuits (Z / X / Y bases)...
  Done. Angles extracted from measurement statistics.

[RESULT] Final energy: -4.7897
[REPLICA 359] RMSD: 6.098 Å
[REPLICA 359] Done!
  Energy     : -4.7897
  RMSD       : 6.098 Å
  Runtime    : 300.1s
  Saved to   : outputs/Reps_qubits_d_2/slurm_YYDPETGTWY_amber/replica_359/replica_359_result.json
============================================
End time     : Wed Apr 15 19:10:15 EDT 2026
Exit code    : 0
============================================
