============================================
Job ID       : 5495696
Array Task   : 249
Replica ID   : 249
Node         : lri029
Start time   : Mon Apr 27 13:45:02 EDT 2026
============================================
[REPLICA 249] Starting...
  Sequence     : YYDPETGTWY
  Forcefield   : amber
  Backend      : aer
  Max iter     : 2000
  Skip Stage 2 : False
--- INITIALIZING QUANTUM BIOPHYSICS FOLDER (HARDWARE) ---
--- FORCE FIELD: AMBER ---
[REPLICA 249] Ground truth loaded — 10 CA atoms
--- SCOUTING: Checking 50 starting points ---
 > Deterministic Seed: 313297016 (Derived from Sequence)
 > Best Start Found: Energy 367.13
[REPLICA 249] Init strategy: random, seed: 313297016
============================================
End time     : Mon Apr 27 13:45:04 EDT 2026
Exit code    : 0
============================================
