============================================
Job ID       : 5480669
Array Task   : 182
Replica ID   : 182
Node         : lri035
Start time   : Thu Apr 23 11:46:54 EDT 2026
============================================
[REPLICA 182] Starting...
  Sequence   : YYDPETGTWY
  Forcefield : amber
  Backend    : aer
  Max iter   : 20
--- INITIALIZING QUANTUM BIOPHYSICS FOLDER (HARDWARE) ---
--- FORCE FIELD: AMBER ---
--- SCOUTING: Checking 50 starting points ---
 > Deterministic Seed: 313296949 (Derived from Sequence)
 > Best Start Found: Energy 468.94
[REPLICA 182] Init strategy: random, seed: 313296949
--- STARTING QUANTUM FOLDING (HYBRID PIPELINE) ---
Stage 1: Mechanical Collapse (COBYLA, statevector)...
 > Collapse Energy: 1724.32
Stage 2: Physics Refinement (SLSQP, statevector)...
Iteration limit reached    (Exit mode 9)
            Current function value: 11780.4375835915
            Iterations: 20
            Function evaluations: 1170
            Gradient evaluations: 20
 > Refinement Energy: 11780.44
Stage 3: Natural Relaxation (SLSQP, statevector)...
Iteration limit reached    (Exit mode 9)
            Current function value: 1099.5907718891476
            Iterations: 20
            Function evaluations: 1169
            Gradient evaluations: 20
 > Relaxation Energy: 1099.59

[EXTRACTION] Mode: sampler → backend='aer_simulator', shots=4096
  Submitting 3 circuits (Z / X / Y bases)...
  Done. Angles extracted from measurement statistics.

[RESULT] Final energy: 1099.5908
[REPLICA 182] Tracker saved → outputs/energy_reps_Brickwork_entanglement11/slurm_YYDPETGTWY_amber/replica_182/replica_182_tracker.json
[SAVED] outputs/energy_reps_Brickwork_entanglement11/slurm_YYDPETGTWY_amber/replica_182/replica_182_landscape.png
[REPLICA 182] RMSD: 5.161 Å
[REPLICA 182] Done!
  Energy     : 1099.5908
  RMSD       : 5.161 Å
  Runtime    : 33.9s
  Saved to   : outputs/energy_reps_Brickwork_entanglement11/slurm_YYDPETGTWY_amber/replica_182/replica_182_result.json
============================================
End time     : Thu Apr 23 11:47:29 EDT 2026
Exit code    : 0
============================================
