============================================
Job ID       : 5442134
Array Task   : 588
Replica ID   : 588
Node         : lri014
Start time   : Fri Apr 17 16:12:57 EDT 2026
============================================
[REPLICA 588] Starting...
  Sequence   : DAYAQWLKDGGPSSGRPPPS
  Forcefield : amber
  Backend    : aer
  Max iter   : 2000
--- INITIALIZING QUANTUM BIOPHYSICS FOLDER (HARDWARE) ---
--- FORCE FIELD: AMBER ---
--- SCOUTING: Checking 50 starting points ---
 > Deterministic Seed: 2158523973 (Derived from Sequence)
 > Best Start Found: Energy 638.62
[REPLICA 588] Init strategy: random, seed: 2158523973
--- STARTING QUANTUM FOLDING (HYBRID PIPELINE) ---
Stage 1: Mechanical Collapse (COBYLA, statevector)...
 > Collapse Energy: 705.74
Stage 2: Physics Refinement (SLSQP, statevector)...
Optimization terminated successfully    (Exit mode 0)
            Current function value: -12.35944991816185
            Iterations: 205
            Function evaluations: 16221
            Gradient evaluations: 205
 > Refinement Energy: -12.36
Stage 3: Natural Relaxation (SLSQP, statevector)...
Optimization terminated successfully    (Exit mode 0)
            Current function value: -102.36121418504608
            Iterations: 280
            Function evaluations: 21949
            Gradient evaluations: 280
 > Relaxation Energy: -102.36

[EXTRACTION] Mode: sampler → backend='aer_simulator', shots=4096
  Submitting 3 circuits (Z / X / Y bases)...
  Done. Angles extracted from measurement statistics.

[RESULT] Final energy: -102.3612
[REPLICA 588] RMSD: 4.940 Å
[REPLICA 588] Done!
  Energy     : -102.3612
  RMSD       : 4.940 Å
  Runtime    : 731.8s
  Saved to   : outputs/reps_Brickwork_entanglement1/slurm_DAYAQWLKDGGPSSGRPPPS_amber/replica_588/replica_588_result.json
============================================
End time     : Fri Apr 17 16:25:11 EDT 2026
Exit code    : 0
============================================
