============================================
Job ID       : 5505657
Array Task   : 359
Replica ID   : 359
Node         : lri045
Start time   : Tue Apr 28 09:41:13 EDT 2026
============================================
[REPLICA 359] Starting...
  Sequence     : YYDPETGTWY
  Forcefield   : amber
  Backend      : aer
  Max iter     : 2000
  Skip Stage 2 : False
--- INITIALIZING QUANTUM BIOPHYSICS FOLDER (HARDWARE) ---
--- FORCE FIELD: AMBER ---
[REPLICA 359] Ground truth loaded — 10 CA atoms
--- SCOUTING: Checking 50 starting points ---
 > Deterministic Seed: 313297126 (Derived from Sequence)
 > Best Start Found: Energy 368.01
[REPLICA 359] Init strategy: random, seed: 313297126
--- STARTING QUANTUM FOLDING (HYBRID PIPELINE) ---
Stage 1: Mechanical Collapse (COBYLA, statevector)...
 > Collapse Energy : 260.56
 > Stage 1 RMSD    : 3.2061 Å
Stage 2: Physics Refinement (SLSQP, statevector)...
Optimization terminated successfully    (Exit mode 0)
            Current function value: 73.81532215908045
            Iterations: 159
            Function evaluations: 8657
            Gradient evaluations: 159
 > Refinement Energy : 73.82
 > Stage 2 RMSD      : 2.8374 Å
Stage 3: Natural Relaxation (SLSQP, statevector)...
Optimization terminated successfully    (Exit mode 0)
            Current function value: 28.808648713860197
            Iterations: 118
            Function evaluations: 6571
            Gradient evaluations: 118
 > Relaxation Energy : 28.81
 > Stage 3 RMSD      : 3.2283 Å

── RMSD Progress ──────────────────────────
  Stage 1 : 3.2061 Å
  Stage 2 : 2.8374 Å  ↓ better
  Stage 3 : 3.2283 Å  ↑ worse
──────────────────────────────────────────

[EXTRACTION] Mode: sampler → backend='aer_simulator', shots=4096
  Submitting 3 circuits (Z / X / Y bases)...
  Done. Angles extracted from measurement statistics.

[RESULT] Final energy: 28.8086
[REPLICA 359] Tracker saved → outputs/no_skip1/slurm_YYDPETGTWY_amber/replica_359/replica_359_tracker.json
[SAVED] outputs/no_skip1/slurm_YYDPETGTWY_amber/replica_359/replica_359_landscape.png
[REPLICA 359] Final RMSD: 4.670 Å

[REPLICA 359] ✓ Done!
  Energy       : 28.8086
  RMSD final   : 4.670 Å
  RMSD stage1  : 3.206 Å
  RMSD stage2  : 2.837 Å
  RMSD stage3  : 3.228 Å
  Runtime      : 186.2s
  Saved to     : outputs/no_skip1/slurm_YYDPETGTWY_amber/replica_359/replica_359_result.json
============================================
End time     : Tue Apr 28 09:44:20 EDT 2026
Exit code    : 0
============================================
