============================================
Job ID       : 5495279
Array Task   : 275
Replica ID   : 275
Node         : lri026
Start time   : Mon Apr 27 12:54:13 EDT 2026
============================================
[REPLICA 275] Starting...
  Sequence     : YYDPETGTWY
  Forcefield   : amber
  Backend      : aer
  Max iter     : 2000
  Skip Stage 2 : False
--- INITIALIZING QUANTUM BIOPHYSICS FOLDER (HARDWARE) ---
--- FORCE FIELD: AMBER ---
[REPLICA 275] Ground truth loaded — 10 CA atoms
--- SCOUTING: Checking 50 starting points ---
 > Deterministic Seed: 313297042 (Derived from Sequence)
 > Best Start Found: Energy 372.32
[REPLICA 275] Init strategy: random, seed: 313297042
============================================
End time     : Mon Apr 27 12:54:15 EDT 2026
Exit code    : 0
============================================
