============================================
Job ID       : 5480111
Array Task   : 59
Replica ID   : 59
Node         : lri024
Start time   : Thu Apr 23 11:14:50 EDT 2026
============================================
[REPLICA 59] Starting...
  Sequence   : YYDPETGTWY
  Forcefield : amber
  Backend    : aer
  Max iter   : 20
--- INITIALIZING QUANTUM BIOPHYSICS FOLDER (HARDWARE) ---
--- FORCE FIELD: AMBER ---
--- SCOUTING: Checking 50 starting points ---
 > Deterministic Seed: 313296826 (Derived from Sequence)
 > Best Start Found: Energy 456.05
[REPLICA 59] Init strategy: random, seed: 313296826
--- STARTING QUANTUM FOLDING (HYBRID PIPELINE) ---
Stage 1: Mechanical Collapse (COBYLA, statevector)...
 > Collapse Energy: 1146.14
Stage 2: Physics Refinement (SLSQP, statevector)...
Iteration limit reached    (Exit mode 9)
            Current function value: 1955.306724161787
            Iterations: 20
            Function evaluations: 1170
            Gradient evaluations: 20
 > Refinement Energy: 1955.31
Stage 3: Natural Relaxation (SLSQP, statevector)...
Iteration limit reached    (Exit mode 9)
            Current function value: 1078.0040112943168
            Iterations: 20
            Function evaluations: 1170
            Gradient evaluations: 20
 > Relaxation Energy: 1078.00

[EXTRACTION] Mode: sampler → backend='aer_simulator', shots=4096
  Submitting 3 circuits (Z / X / Y bases)...
  Done. Angles extracted from measurement statistics.

[RESULT] Final energy: 1078.0040
[REPLICA 59] Tracker saved → outputs/energy_reps_Brickwork_entanglement11/slurm_YYDPETGTWY_amber/replica_59/replica_59_tracker.json
[SAVED] outputs/energy_reps_Brickwork_entanglement11/slurm_YYDPETGTWY_amber/replica_59/replica_59_landscape.png
[REPLICA 59] RMSD: 4.768 Å
[REPLICA 59] Done!
  Energy     : 1078.0040
  RMSD       : 4.768 Å
  Runtime    : 29.0s
  Saved to   : outputs/energy_reps_Brickwork_entanglement11/slurm_YYDPETGTWY_amber/replica_59/replica_59_result.json
============================================
End time     : Thu Apr 23 11:15:20 EDT 2026
Exit code    : 0
============================================
