============================================
Job ID       : 5495304
Array Task   : 300
Replica ID   : 300
Node         : lri066
Start time   : Mon Apr 27 12:54:17 EDT 2026
============================================
[REPLICA 300] Starting...
  Sequence     : YYDPETGTWY
  Forcefield   : amber
  Backend      : aer
  Max iter     : 2000
  Skip Stage 2 : False
--- INITIALIZING QUANTUM BIOPHYSICS FOLDER (HARDWARE) ---
--- FORCE FIELD: AMBER ---
[REPLICA 300] Ground truth loaded — 10 CA atoms
--- SCOUTING: Checking 50 starting points ---
 > Deterministic Seed: 313297067 (Derived from Sequence)
 > Best Start Found: Energy 299.26
[REPLICA 300] Init strategy: random, seed: 313297067
============================================
End time     : Mon Apr 27 12:54:19 EDT 2026
Exit code    : 0
============================================
