============================================
Job ID       : 5495321
Array Task   : 317
Replica ID   : 317
Node         : lri026
Start time   : Mon Apr 27 12:54:17 EDT 2026
============================================
[REPLICA 317] Starting...
  Sequence     : YYDPETGTWY
  Forcefield   : amber
  Backend      : aer
  Max iter     : 2000
  Skip Stage 2 : False
--- INITIALIZING QUANTUM BIOPHYSICS FOLDER (HARDWARE) ---
--- FORCE FIELD: AMBER ---
[REPLICA 317] Ground truth loaded — 10 CA atoms
--- SCOUTING: Checking 50 starting points ---
 > Deterministic Seed: 313297084 (Derived from Sequence)
 > Best Start Found: Energy 398.37
[REPLICA 317] Init strategy: random, seed: 313297084
============================================
End time     : Mon Apr 27 12:54:19 EDT 2026
Exit code    : 0
============================================
