============================================
Job ID       : 5494738
Array Task   : 290
Replica ID   : 290
Node         : lri041
Start time   : Mon Apr 27 11:29:47 EDT 2026
============================================
[REPLICA 290] Starting...
  Sequence     : YYDPETGTWY
  Forcefield   : amber
  Backend      : aer
  Max iter     : 2000
  Skip Stage 2 : False
--- INITIALIZING QUANTUM BIOPHYSICS FOLDER (HARDWARE) ---
--- FORCE FIELD: AMBER ---
[REPLICA 290] Ground truth loaded — 10 CA atoms
--- SCOUTING: Checking 50 starting points ---
 > Deterministic Seed: 313297057 (Derived from Sequence)
 > Best Start Found: Energy 344.39
[REPLICA 290] Init strategy: random, seed: 313297057
============================================
End time     : Mon Apr 27 11:29:49 EDT 2026
Exit code    : 0
============================================
