============================================
Job ID       : 5475007
Array Task   : 832
Replica ID   : 832
Node         : lri048
Start time   : Wed Apr 22 18:04:32 EDT 2026
============================================
[REPLICA 832] Starting...
  Sequence   : YYDPETGTWY
  Forcefield : amber
  Backend    : aer
  Max iter   : 2000
--- INITIALIZING QUANTUM BIOPHYSICS FOLDER (HARDWARE) ---
--- FORCE FIELD: AMBER ---
--- SCOUTING: Checking 50 starting points ---
 > Deterministic Seed: 313297599 (Derived from Sequence)
 > Best Start Found: Energy 479.91
[REPLICA 832] Init strategy: random, seed: 313297599
--- STARTING QUANTUM FOLDING (HYBRID PIPELINE) ---
Stage 1: Mechanical Collapse (COBYLA, statevector)...
 > Collapse Energy: 623.20
Stage 2: Physics Refinement (SLSQP, statevector)...
Optimization terminated successfully    (Exit mode 0)
            Current function value: -25.024958486708393
            Iterations: 290
            Function evaluations: 15478
            Gradient evaluations: 290
 > Refinement Energy: -25.02
Stage 3: Natural Relaxation (SLSQP, statevector)...
Optimization terminated successfully    (Exit mode 0)
            Current function value: 4.095472421814659
            Iterations: 139
            Function evaluations: 7609
            Gradient evaluations: 139
 > Relaxation Energy: 4.10

[EXTRACTION] Mode: sampler → backend='aer_simulator', shots=4096
  Submitting 3 circuits (Z / X / Y bases)...
  Done. Angles extracted from measurement statistics.

[RESULT] Final energy: 4.0955
[SAVED] outputs/reps_Brickwork_entanglement/slurm_YYDPETGTWY_amber/replica_832/replica_832_landscape.png
[REPLICA 832] RMSD: 7.016 Å
[REPLICA 832] Done!
  Energy     : 4.0955
  RMSD       : 7.016 Å
  Runtime    : 282.3s
  Saved to   : outputs/reps_Brickwork_entanglement/slurm_YYDPETGTWY_amber/replica_832/replica_832_result.json
============================================
End time     : Wed Apr 22 18:09:20 EDT 2026
Exit code    : 0
============================================
