============================================
Job ID       : 5480674
Array Task   : 187
Replica ID   : 187
Node         : lri002
Start time   : Thu Apr 23 11:46:53 EDT 2026
============================================
[REPLICA 187] Starting...
  Sequence   : YYDPETGTWY
  Forcefield : amber
  Backend    : aer
  Max iter   : 20
--- INITIALIZING QUANTUM BIOPHYSICS FOLDER (HARDWARE) ---
--- FORCE FIELD: AMBER ---
--- SCOUTING: Checking 50 starting points ---
 > Deterministic Seed: 313296954 (Derived from Sequence)
 > Best Start Found: Energy 255.56
[REPLICA 187] Init strategy: random, seed: 313296954
--- STARTING QUANTUM FOLDING (HYBRID PIPELINE) ---
Stage 1: Mechanical Collapse (COBYLA, statevector)...
 > Collapse Energy: 987.55
Stage 2: Physics Refinement (SLSQP, statevector)...
Iteration limit reached    (Exit mode 9)
            Current function value: 3399.020953136285
            Iterations: 20
            Function evaluations: 1170
            Gradient evaluations: 20
 > Refinement Energy: 3399.02
Stage 3: Natural Relaxation (SLSQP, statevector)...
Iteration limit reached    (Exit mode 9)
            Current function value: 634.4922002279094
            Iterations: 20
            Function evaluations: 1169
            Gradient evaluations: 20
 > Relaxation Energy: 634.49

[EXTRACTION] Mode: sampler → backend='aer_simulator', shots=4096
  Submitting 3 circuits (Z / X / Y bases)...
  Done. Angles extracted from measurement statistics.

[RESULT] Final energy: 634.4922
[REPLICA 187] Tracker saved → outputs/energy_reps_Brickwork_entanglement11/slurm_YYDPETGTWY_amber/replica_187/replica_187_tracker.json
[SAVED] outputs/energy_reps_Brickwork_entanglement11/slurm_YYDPETGTWY_amber/replica_187/replica_187_landscape.png
[REPLICA 187] RMSD: 6.543 Å
[REPLICA 187] Done!
  Energy     : 634.4922
  RMSD       : 6.543 Å
  Runtime    : 29.1s
  Saved to   : outputs/energy_reps_Brickwork_entanglement11/slurm_YYDPETGTWY_amber/replica_187/replica_187_result.json
============================================
End time     : Thu Apr 23 11:47:24 EDT 2026
Exit code    : 0
============================================
