============================================
Job ID       : 5495220
Array Task   : 216
Replica ID   : 216
Node         : lri031
Start time   : Mon Apr 27 12:54:10 EDT 2026
============================================
[REPLICA 216] Starting...
  Sequence     : YYDPETGTWY
  Forcefield   : amber
  Backend      : aer
  Max iter     : 2000
  Skip Stage 2 : False
--- INITIALIZING QUANTUM BIOPHYSICS FOLDER (HARDWARE) ---
--- FORCE FIELD: AMBER ---
[REPLICA 216] Ground truth loaded — 10 CA atoms
--- SCOUTING: Checking 50 starting points ---
 > Deterministic Seed: 313296983 (Derived from Sequence)
 > Best Start Found: Energy 513.89
[REPLICA 216] Init strategy: random, seed: 313296983
============================================
End time     : Mon Apr 27 12:54:12 EDT 2026
Exit code    : 0
============================================
