============================================
Job ID       : 5439745
Array Task   : 933
Replica ID   : 933
Node         : lri000
Start time   : Fri Apr 17 10:18:36 EDT 2026
============================================
[REPLICA 933] Starting...
  Sequence   : YYDPETGTWY
  Forcefield : amber
  Backend    : aer
  Max iter   : 2000
--- INITIALIZING QUANTUM BIOPHYSICS FOLDER (HARDWARE) ---
--- FORCE FIELD: AMBER ---
--- SCOUTING: Checking 50 starting points ---
 > Deterministic Seed: 313297700 (Derived from Sequence)
 > Best Start Found: Energy 381.76
[REPLICA 933] Init strategy: random, seed: 313297700
--- STARTING QUANTUM FOLDING (HYBRID PIPELINE) ---
Stage 1: Mechanical Collapse (COBYLA, statevector)...
 > Collapse Energy: 220.58
Stage 2: Physics Refinement (SLSQP, statevector)...
Optimization terminated successfully    (Exit mode 0)
            Current function value: 127.81961245482442
            Iterations: 192
            Function evaluations: 10332
            Gradient evaluations: 192
 > Refinement Energy: 127.82
Stage 3: Natural Relaxation (SLSQP, statevector)...
Optimization terminated successfully    (Exit mode 0)
            Current function value: 8.454411670002504
            Iterations: 259
            Function evaluations: 13549
            Gradient evaluations: 259
 > Relaxation Energy: 8.45

[EXTRACTION] Mode: sampler → backend='aer_simulator', shots=4096
  Submitting 3 circuits (Z / X / Y bases)...
  Done. Angles extracted from measurement statistics.

[RESULT] Final energy: 8.4544
[REPLICA 933] RMSD: 5.928 Å
[REPLICA 933] Done!
  Energy     : 8.4544
  RMSD       : 5.928 Å
  Runtime    : 282.3s
  Saved to   : outputs/reps_Brickwork_entanglement/slurm_YYDPETGTWY_amber/replica_933/replica_933_result.json
============================================
End time     : Fri Apr 17 10:23:20 EDT 2026
Exit code    : 0
============================================
