============================================
Job ID       : 5474303
Array Task   : 153
Replica ID   : 153
Node         : lri066
Start time   : Wed Apr 22 17:50:32 EDT 2026
============================================
[REPLICA 153] Starting...
  Sequence   : YYDPETGTWY
  Forcefield : amber
  Backend    : aer
  Max iter   : 2000
--- INITIALIZING QUANTUM BIOPHYSICS FOLDER (HARDWARE) ---
--- FORCE FIELD: AMBER ---
--- SCOUTING: Checking 50 starting points ---
 > Deterministic Seed: 313296920 (Derived from Sequence)
 > Best Start Found: Energy 306.41
[REPLICA 153] Init strategy: random, seed: 313296920
--- STARTING QUANTUM FOLDING (HYBRID PIPELINE) ---
Stage 1: Mechanical Collapse (COBYLA, statevector)...
 > Collapse Energy: 569.26
Stage 2: Physics Refinement (SLSQP, statevector)...
Optimization terminated successfully    (Exit mode 0)
            Current function value: 176.7233691607983
            Iterations: 480
            Function evaluations: 24737
            Gradient evaluations: 480
 > Refinement Energy: 176.72
Stage 3: Natural Relaxation (SLSQP, statevector)...
Optimization terminated successfully    (Exit mode 0)
            Current function value: -40.06135537273339
            Iterations: 218
            Function evaluations: 11752
            Gradient evaluations: 218
 > Relaxation Energy: -40.06

[EXTRACTION] Mode: sampler → backend='aer_simulator', shots=4096
  Submitting 3 circuits (Z / X / Y bases)...
  Done. Angles extracted from measurement statistics.

[RESULT] Final energy: -40.0614
[SAVED] outputs/reps_Brickwork_entanglement/slurm_YYDPETGTWY_amber/replica_153/replica_153_landscape.png
[REPLICA 153] RMSD: 5.559 Å
[REPLICA 153] Done!
  Energy     : -40.0614
  RMSD       : 5.559 Å
  Runtime    : 438.1s
  Saved to   : outputs/reps_Brickwork_entanglement/slurm_YYDPETGTWY_amber/replica_153/replica_153_result.json
============================================
End time     : Wed Apr 22 17:57:51 EDT 2026
Exit code    : 0
============================================
