============================================
Job ID       : 5494522
Array Task   : 74
Replica ID   : 74
Node         : lri040
Start time   : Mon Apr 27 11:29:30 EDT 2026
============================================
[REPLICA 74] Starting...
  Sequence     : YYDPETGTWY
  Forcefield   : amber
  Backend      : aer
  Max iter     : 2000
  Skip Stage 2 : False
--- INITIALIZING QUANTUM BIOPHYSICS FOLDER (HARDWARE) ---
--- FORCE FIELD: AMBER ---
[REPLICA 74] Ground truth loaded — 10 CA atoms
--- SCOUTING: Checking 50 starting points ---
 > Deterministic Seed: 313296841 (Derived from Sequence)
 > Best Start Found: Energy 411.37
[REPLICA 74] Init strategy: random, seed: 313296841
============================================
End time     : Mon Apr 27 11:29:36 EDT 2026
Exit code    : 0
============================================
