============================================
Job ID       : 5426851
Array Task   : 798
Replica ID   : 798
Node         : lri014
Start time   : Wed Apr 15 16:11:01 EDT 2026
============================================
[REPLICA 798] Starting...
  Sequence   : YYDPETGTWY
  Forcefield : amber
  Backend    : aer
  Max iter   : 2000
--- INITIALIZING QUANTUM BIOPHYSICS FOLDER (HARDWARE) ---
--- FORCE FIELD: AMBER ---
--- SCOUTING: Checking 50 starting points ---
 > Deterministic Seed: 313297565 (Derived from Sequence)
 > Best Start Found: Energy 456.12
[REPLICA 798] Init strategy: random, seed: 313297565
--- STARTING QUANTUM FOLDING (HYBRID PIPELINE) ---
Stage 1: Mechanical Collapse (COBYLA, statevector)...
 > Collapse Energy: 520.47
Stage 2: Physics Refinement (SLSQP, statevector)...
Optimization terminated successfully    (Exit mode 0)
            Current function value: -70.12883087385971
            Iterations: 192
            Function evaluations: 10400
            Gradient evaluations: 192
 > Refinement Energy: -70.13
Stage 3: Natural Relaxation (SLSQP, statevector)...
Optimization terminated successfully    (Exit mode 0)
            Current function value: -20.87384614906723
            Iterations: 216
            Function evaluations: 11546
            Gradient evaluations: 216
 > Relaxation Energy: -20.87

[EXTRACTION] Mode: sampler → backend='aer_simulator', shots=4096
  Submitting 3 circuits (Z / X / Y bases)...
  Done. Angles extracted from measurement statistics.

[RESULT] Final energy: -20.8738
[REPLICA 798] RMSD: 6.390 Å
[REPLICA 798] Done!
  Energy     : -20.8738
  RMSD       : 6.390 Å
  Runtime    : 296.3s
  Saved to   : outputs/linear_entanglement_1_rep/slurm_YYDPETGTWY_amber/replica_798/replica_798_result.json
============================================
End time     : Wed Apr 15 16:15:59 EDT 2026
Exit code    : 0
============================================
