============================================
Job ID       : 5481041
Array Task   : 386
Replica ID   : 386
Node         : lri066
Start time   : Thu Apr 23 11:54:03 EDT 2026
============================================
[REPLICA 386] Starting...
  Sequence   : YYDPETGTWY
  Forcefield : amber
  Backend    : aer
  Max iter   : 20
--- INITIALIZING QUANTUM BIOPHYSICS FOLDER (HARDWARE) ---
--- FORCE FIELD: AMBER ---
--- SCOUTING: Checking 50 starting points ---
 > Deterministic Seed: 313297153 (Derived from Sequence)
 > Best Start Found: Energy 409.94
[REPLICA 386] Init strategy: random, seed: 313297153
--- STARTING QUANTUM FOLDING (HYBRID PIPELINE) ---
Stage 1: Mechanical Collapse (COBYLA, statevector)...
 > Collapse Energy: 875.13
Stage 2: Physics Refinement (SLSQP, statevector)...
Iteration limit reached    (Exit mode 9)
            Current function value: 759.4759595295219
            Iterations: 20
            Function evaluations: 1170
            Gradient evaluations: 20
 > Refinement Energy: 759.48
Stage 3: Natural Relaxation (SLSQP, statevector)...
Iteration limit reached    (Exit mode 9)
            Current function value: 380.85066528179533
            Iterations: 20
            Function evaluations: 1170
            Gradient evaluations: 20
 > Relaxation Energy: 380.85

[EXTRACTION] Mode: sampler → backend='aer_simulator', shots=4096
  Submitting 3 circuits (Z / X / Y bases)...
  Done. Angles extracted from measurement statistics.

[RESULT] Final energy: 380.8507
[REPLICA 386] Tracker saved → outputs/energy_reps_Brickwork_entanglement11/slurm_YYDPETGTWY_amber/replica_386/replica_386_tracker.json
[SAVED] outputs/energy_reps_Brickwork_entanglement11/slurm_YYDPETGTWY_amber/replica_386/replica_386_landscape.png
[REPLICA 386] RMSD: 7.041 Å
[REPLICA 386] Done!
  Energy     : 380.8507
  RMSD       : 7.041 Å
  Runtime    : 30.0s
  Saved to   : outputs/energy_reps_Brickwork_entanglement11/slurm_YYDPETGTWY_amber/replica_386/replica_386_result.json
============================================
End time     : Thu Apr 23 11:54:34 EDT 2026
Exit code    : 0
============================================
