============================================
Job ID       : 5496072
Array Task   : 224
Replica ID   : 224
Node         : lri065
Start time   : Mon Apr 27 13:47:17 EDT 2026
============================================
[REPLICA 224] Starting...
  Sequence     : YYDPETGTWY
  Forcefield   : amber
  Backend      : aer
  Max iter     : 2000
  Skip Stage 2 : True
--- INITIALIZING QUANTUM BIOPHYSICS FOLDER (HARDWARE) ---
--- FORCE FIELD: AMBER ---
[REPLICA 224] Ground truth loaded — 10 CA atoms
--- SCOUTING: Checking 50 starting points ---
 > Deterministic Seed: 313296991 (Derived from Sequence)
 > Best Start Found: Energy 431.02
[REPLICA 224] Init strategy: random, seed: 313296991
============================================
End time     : Mon Apr 27 13:47:19 EDT 2026
Exit code    : 0
============================================
