============================================
Job ID       : 5548141
Array Task   : 277
Replica ID   : 277
Node         : lri035
Start time   : Thu May  7 10:16:06 EDT 2026
============================================
[REPLICA 277] Starting...
  Sequence     : YYDPETGTWY
  Forcefield   : amber
  Backend      : aer
  Max iter     : 2000
  Skip Stage 2 : False
--- INITIALIZING QUANTUM BIOPHYSICS FOLDER (HARDWARE) ---
--- FORCE FIELD: AMBER ---
[REPLICA 277] Ground truth loaded — 10 CA atoms
--- SCOUTING: Checking 50 starting points ---
 > Deterministic Seed: 313297044 (Derived from Sequence)
 > Best Start Found: Energy 399.60
[REPLICA 277] Init strategy: random, seed: 313297044
--- STARTING QUANTUM FOLDING (HYBRID PIPELINE) ---
Stage 1: Mechanical Collapse (COBYLA, statevector)...
 > Collapse Energy : 456.42
 > Stage 1 RMSD    : 2.7776 Å
Stage 2: Physics Refinement (SLSQP, statevector)...
Optimization terminated successfully    (Exit mode 0)
            Current function value: 10.125452423866252
            Iterations: 155
            Function evaluations: 8438
            Gradient evaluations: 155
 > Refinement Energy : 10.13
 > Stage 2 RMSD      : 2.8623 Å
Stage 3: Natural Relaxation (SLSQP, statevector)...
Optimization terminated successfully    (Exit mode 0)
            Current function value: 89.22556330074924
            Iterations: 332
            Function evaluations: 17452
            Gradient evaluations: 332
 > Relaxation Energy : 89.23
 > Stage 3 RMSD      : 3.7994 Å

── RMSD Progress ──────────────────────────
  Stage 1 : 2.7776 Å
  Stage 2 : 2.8623 Å  ↑ worse
  Stage 3 : 3.7994 Å  ↑ worse
──────────────────────────────────────────

[EXTRACTION] Mode: sampler → backend='aer_simulator', shots=4096
  Submitting 3 circuits (Z / X / Y bases)...
  Done. Angles extracted from measurement statistics.

[RESULT] Final energy: 89.2256
[REPLICA 277] Tracker saved → outputs/no_skip1/slurm_YYDPETGTWY_amber/replica_277/replica_277_tracker.json
[SAVED] outputs/no_skip1/slurm_YYDPETGTWY_amber/replica_277/replica_277_landscape.png
[REPLICA 277] Final RMSD: 5.795 Å

[REPLICA 277] ✓ Done!
  Energy       : 89.2256
  RMSD final   : 5.795 Å
  RMSD stage1  : 2.778 Å
  RMSD stage2  : 2.862 Å
  RMSD stage3  : 3.799 Å
  Runtime      : 317.1s
  Saved to     : outputs/no_skip1/slurm_YYDPETGTWY_amber/replica_277/replica_277_result.json
============================================
End time     : Thu May  7 10:21:30 EDT 2026
Exit code    : 0
============================================
