============================================
Job ID       : 5435573
Array Task   : 331
Replica ID   : 331
Node         : lri015
Start time   : Thu Apr 16 20:49:50 EDT 2026
============================================
[REPLICA 331] Starting...
  Sequence   : YYDPETGTWY
  Forcefield : amber
  Backend    : aer
  Max iter   : 2000
--- INITIALIZING QUANTUM BIOPHYSICS FOLDER (HARDWARE) ---
--- FORCE FIELD: AMBER ---
--- SCOUTING: Checking 50 starting points ---
 > Deterministic Seed: 313297098 (Derived from Sequence)
 > Best Start Found: Energy 459.48
[REPLICA 331] Init strategy: random, seed: 313297098
--- STARTING QUANTUM FOLDING (HYBRID PIPELINE) ---
Stage 1: Mechanical Collapse (COBYLA, statevector)...
 > Collapse Energy: 246.57
Stage 2: Physics Refinement (SLSQP, statevector)...
Optimization terminated successfully    (Exit mode 0)
            Current function value: 128.49442811250418
            Iterations: 295
            Function evaluations: 15514
            Gradient evaluations: 295
 > Refinement Energy: 128.49
Stage 3: Natural Relaxation (SLSQP, statevector)...
Optimization terminated successfully    (Exit mode 0)
            Current function value: 33.34156681907453
            Iterations: 144
            Function evaluations: 7871
            Gradient evaluations: 144
 > Relaxation Energy: 33.34

[EXTRACTION] Mode: sampler → backend='aer_simulator', shots=4096
  Submitting 3 circuits (Z / X / Y bases)...
  Done. Angles extracted from measurement statistics.

[RESULT] Final energy: 33.3416
[REPLICA 331] RMSD: 5.498 Å
[REPLICA 331] Done!
  Energy     : 33.3416
  RMSD       : 5.498 Å
  Runtime    : 287.2s
  Saved to   : outputs/Brickwork_entanglement/slurm_YYDPETGTWY_amber/replica_331/replica_331_result.json
============================================
End time     : Thu Apr 16 20:54:39 EDT 2026
Exit code    : 0
============================================
