============================================
Job ID       : 5479248
Array Task   : 321
Replica ID   : 321
Node         : lri042
Start time   : Thu Apr 23 10:06:06 EDT 2026
============================================
[REPLICA 321] Starting...
  Sequence   : YYDPETGTWY
  Forcefield : amber
  Backend    : aer
  Max iter   : 2000
--- INITIALIZING QUANTUM BIOPHYSICS FOLDER (HARDWARE) ---
--- FORCE FIELD: AMBER ---
--- SCOUTING: Checking 50 starting points ---
 > Deterministic Seed: 313297088 (Derived from Sequence)
 > Best Start Found: Energy 355.55
[REPLICA 321] Init strategy: random, seed: 313297088
--- STARTING QUANTUM FOLDING (HYBRID PIPELINE) ---
Stage 1: Mechanical Collapse (COBYLA, statevector)...
 > Collapse Energy: 413.97
Stage 2: Physics Refinement (SLSQP, statevector)...
Optimization terminated successfully    (Exit mode 0)
            Current function value: 72.38739040000178
            Iterations: 298
            Function evaluations: 15759
            Gradient evaluations: 298
 > Refinement Energy: 72.39
Stage 3: Natural Relaxation (SLSQP, statevector)...
Optimization terminated successfully    (Exit mode 0)
            Current function value: 11.92894029381974
            Iterations: 125
            Function evaluations: 6859
            Gradient evaluations: 125
 > Relaxation Energy: 11.93

[EXTRACTION] Mode: sampler → backend='aer_simulator', shots=4096
  Submitting 3 circuits (Z / X / Y bases)...
  Done. Angles extracted from measurement statistics.

[RESULT] Final energy: 11.9289
[SAVED] outputs/energy_reps_Brickwork_entanglement/slurm_YYDPETGTWY_amber/replica_321/replica_321_landscape.png
[REPLICA 321] RMSD: 5.943 Å
[REPLICA 321] Done!
  Energy     : 11.9289
  RMSD       : 5.943 Å
  Runtime    : 278.8s
  Saved to   : outputs/energy_reps_Brickwork_entanglement/slurm_YYDPETGTWY_amber/replica_321/replica_321_result.json
============================================
End time     : Thu Apr 23 10:10:46 EDT 2026
Exit code    : 0
============================================
