============================================
Job ID       : 5494804
Array Task   : 356
Replica ID   : 356
Node         : lri025
Start time   : Mon Apr 27 11:29:53 EDT 2026
============================================
[REPLICA 356] Starting...
  Sequence     : YYDPETGTWY
  Forcefield   : amber
  Backend      : aer
  Max iter     : 2000
  Skip Stage 2 : False
--- INITIALIZING QUANTUM BIOPHYSICS FOLDER (HARDWARE) ---
--- FORCE FIELD: AMBER ---
[REPLICA 356] Ground truth loaded — 10 CA atoms
--- SCOUTING: Checking 50 starting points ---
 > Deterministic Seed: 313297123 (Derived from Sequence)
 > Best Start Found: Energy 304.87
[REPLICA 356] Init strategy: random, seed: 313297123
============================================
End time     : Mon Apr 27 11:29:54 EDT 2026
Exit code    : 0
============================================
