============================================
Job ID       : 5496505
Array Task   : 232
Replica ID   : 232
Node         : lri040
Start time   : Mon Apr 27 14:19:08 EDT 2026
============================================
[REPLICA 232] Starting...
  Sequence     : YYDPETGTWY
  Forcefield   : amber
  Backend      : aer
  Max iter     : 2000
  Skip Stage 2 : True
--- INITIALIZING QUANTUM BIOPHYSICS FOLDER (HARDWARE) ---
--- FORCE FIELD: AMBER ---
[REPLICA 232] Ground truth loaded — 10 CA atoms
--- SCOUTING: Checking 50 starting points ---
 > Deterministic Seed: 313296999 (Derived from Sequence)
 > Best Start Found: Energy 372.24
[REPLICA 232] Init strategy: random, seed: 313296999
--- STARTING QUANTUM FOLDING (HYBRID PIPELINE) ---
Stage 1: Mechanical Collapse (COBYLA, statevector)...
 > Collapse Energy : 296.66
 > Stage 1 RMSD    : 3.4706 Å
Stage 2: SKIPPED
Stage 3: Natural Relaxation (SLSQP, statevector)...
Optimization terminated successfully    (Exit mode 0)
            Current function value: 41.39787174264465
            Iterations: 181
            Function evaluations: 9772
            Gradient evaluations: 181
 > Relaxation Energy : 41.40
 > Stage 3 RMSD      : 2.0368 Å

── RMSD Progress ──────────────────────────
  Stage 1 : 3.4706 Å
  Stage 2 : skipped
  Stage 3 : 2.0368 Å  ↓ better
──────────────────────────────────────────

[EXTRACTION] Mode: sampler → backend='aer_simulator', shots=4096
  Submitting 3 circuits (Z / X / Y bases)...
  Done. Angles extracted from measurement statistics.

[RESULT] Final energy: 41.3979
[REPLICA 232] Tracker saved → outputs/Skip1/slurm_YYDPETGTWY_amber/replica_232/replica_232_tracker.json
[SAVED] outputs/Skip1/slurm_YYDPETGTWY_amber/replica_232/replica_232_landscape.png
[REPLICA 232] Final RMSD: 6.150 Å

[REPLICA 232] ✓ Done!
  Energy       : 41.3979
  RMSD final   : 6.150 Å
  RMSD stage1  : 3.471 Å
  RMSD stage2  : skipped
  RMSD stage3  : 2.037 Å
  Runtime      : 135.0s
  Saved to     : outputs/Skip1/slurm_YYDPETGTWY_amber/replica_232/replica_232_result.json
============================================
End time     : Mon Apr 27 14:21:25 EDT 2026
Exit code    : 0
============================================
