============================================
Job ID       : 5495369
Array Task   : 365
Replica ID   : 365
Node         : lri035
Start time   : Mon Apr 27 12:54:17 EDT 2026
============================================
[REPLICA 365] Starting...
  Sequence     : YYDPETGTWY
  Forcefield   : amber
  Backend      : aer
  Max iter     : 2000
  Skip Stage 2 : False
--- INITIALIZING QUANTUM BIOPHYSICS FOLDER (HARDWARE) ---
--- FORCE FIELD: AMBER ---
[REPLICA 365] Ground truth loaded — 10 CA atoms
--- SCOUTING: Checking 50 starting points ---
 > Deterministic Seed: 313297132 (Derived from Sequence)
 > Best Start Found: Energy 324.86
[REPLICA 365] Init strategy: random, seed: 313297132
============================================
End time     : Mon Apr 27 12:54:19 EDT 2026
Exit code    : 0
============================================
