============================================
Job ID       : 5494733
Array Task   : 285
Replica ID   : 285
Node         : lri040
Start time   : Mon Apr 27 11:29:47 EDT 2026
============================================
[REPLICA 285] Starting...
  Sequence     : YYDPETGTWY
  Forcefield   : amber
  Backend      : aer
  Max iter     : 2000
  Skip Stage 2 : False
--- INITIALIZING QUANTUM BIOPHYSICS FOLDER (HARDWARE) ---
--- FORCE FIELD: AMBER ---
[REPLICA 285] Ground truth loaded — 10 CA atoms
--- SCOUTING: Checking 50 starting points ---
 > Deterministic Seed: 313297052 (Derived from Sequence)
 > Best Start Found: Energy 364.08
[REPLICA 285] Init strategy: random, seed: 313297052
============================================
End time     : Mon Apr 27 11:29:49 EDT 2026
Exit code    : 0
============================================
