============================================
Job ID       : 5435161
Array Task   : 204
Replica ID   : 204
Node         : lri015
Start time   : Thu Apr 16 19:23:45 EDT 2026
============================================
[REPLICA 204] Starting...
  Sequence   : YYDPETGTWY
  Forcefield : amber
  Backend    : aer
  Max iter   : 2000
--- INITIALIZING QUANTUM BIOPHYSICS FOLDER (HARDWARE) ---
--- FORCE FIELD: AMBER ---
--- SCOUTING: Checking 50 starting points ---
 > Deterministic Seed: 313296971 (Derived from Sequence)
 > Best Start Found: Energy 446.33
[REPLICA 204] Init strategy: random, seed: 313296971
--- STARTING QUANTUM FOLDING (HYBRID PIPELINE) ---
Stage 1: Mechanical Collapse (COBYLA, statevector)...
 > Collapse Energy: 499.76
Stage 2: Physics Refinement (SLSQP, statevector)...
Optimization terminated successfully    (Exit mode 0)
            Current function value: -14.330411197961128
            Iterations: 167
            Function evaluations: 9174
            Gradient evaluations: 167
 > Refinement Energy: -14.33
Stage 3: Natural Relaxation (SLSQP, statevector)...
Optimization terminated successfully    (Exit mode 0)
            Current function value: -39.723109416072646
            Iterations: 154
            Function evaluations: 8359
            Gradient evaluations: 154
 > Relaxation Energy: -39.72

[EXTRACTION] Mode: sampler → backend='aer_simulator', shots=4096
  Submitting 3 circuits (Z / X / Y bases)...
  Done. Angles extracted from measurement statistics.

[RESULT] Final energy: -39.7231
[REPLICA 204] RMSD: 5.475 Å
[REPLICA 204] Done!
  Energy     : -39.7231
  RMSD       : 5.475 Å
  Runtime    : 215.2s
  Saved to   : outputs/Brickwork_entanglement/slurm_YYDPETGTWY_amber/replica_204/replica_204_result.json
============================================
End time     : Thu Apr 16 19:27:21 EDT 2026
Exit code    : 0
============================================
