============================================
Job ID       : 5442900
Array Task   : 729
Replica ID   : 729
Node         : lri015
Start time   : Fri Apr 17 17:17:04 EDT 2026
============================================
[REPLICA 729] Starting...
  Sequence   : DAYAQWLKDGGPSSGRPPPS
  Forcefield : amber
  Backend    : aer
  Max iter   : 2000
--- INITIALIZING QUANTUM BIOPHYSICS FOLDER (HARDWARE) ---
--- FORCE FIELD: AMBER ---
--- SCOUTING: Checking 50 starting points ---
 > Deterministic Seed: 2158524114 (Derived from Sequence)
 > Best Start Found: Energy 696.34
[REPLICA 729] Init strategy: random, seed: 2158524114
--- STARTING QUANTUM FOLDING (HYBRID PIPELINE) ---
Stage 1: Mechanical Collapse (COBYLA, statevector)...
 > Collapse Energy: 242.49
Stage 2: Physics Refinement (SLSQP, statevector)...
Optimization terminated successfully    (Exit mode 0)
            Current function value: 8.822203803954684
            Iterations: 654
            Function evaluations: 49772
            Gradient evaluations: 654
 > Refinement Energy: 8.82
Stage 3: Natural Relaxation (SLSQP, statevector)...
Optimization terminated successfully    (Exit mode 0)
            Current function value: -151.59501882872826
            Iterations: 204
            Function evaluations: 16105
            Gradient evaluations: 204
 > Relaxation Energy: -151.60

[EXTRACTION] Mode: sampler → backend='aer_simulator', shots=4096
  Submitting 3 circuits (Z / X / Y bases)...
  Done. Angles extracted from measurement statistics.

[RESULT] Final energy: -151.5950
[REPLICA 729] RMSD: 4.369 Å
[REPLICA 729] Done!
  Energy     : -151.5950
  RMSD       : 4.369 Å
  Runtime    : 1228.5s
  Saved to   : outputs/reps_Brickwork_entanglement1/slurm_DAYAQWLKDGGPSSGRPPPS_amber/replica_729/replica_729_result.json
============================================
End time     : Fri Apr 17 17:37:34 EDT 2026
Exit code    : 0
============================================
