============================================
Job ID       : 5436166
Array Task   : 411
Replica ID   : 411
Node         : lri015
Start time   : Thu Apr 16 21:49:54 EDT 2026
============================================
[REPLICA 411] Starting...
  Sequence   : YYDPETGTWY
  Forcefield : amber
  Backend    : aer
  Max iter   : 2000
--- INITIALIZING QUANTUM BIOPHYSICS FOLDER (HARDWARE) ---
--- FORCE FIELD: AMBER ---
--- SCOUTING: Checking 50 starting points ---
 > Deterministic Seed: 313297178 (Derived from Sequence)
 > Best Start Found: Energy 310.74
[REPLICA 411] Init strategy: random, seed: 313297178
--- STARTING QUANTUM FOLDING (HYBRID PIPELINE) ---
Stage 1: Mechanical Collapse (COBYLA, statevector)...
 > Collapse Energy: 304.60
Stage 2: Physics Refinement (SLSQP, statevector)...
Optimization terminated successfully    (Exit mode 0)
            Current function value: 30.056170437220295
            Iterations: 212
            Function evaluations: 11314
            Gradient evaluations: 212
 > Refinement Energy: 30.06
Stage 3: Natural Relaxation (SLSQP, statevector)...
Optimization terminated successfully    (Exit mode 0)
            Current function value: -15.75221130366302
            Iterations: 128
            Function evaluations: 7059
            Gradient evaluations: 128
 > Relaxation Energy: -15.75

[EXTRACTION] Mode: sampler → backend='aer_simulator', shots=4096
  Submitting 3 circuits (Z / X / Y bases)...
  Done. Angles extracted from measurement statistics.

[RESULT] Final energy: -15.7522
[REPLICA 411] RMSD: 4.267 Å
[REPLICA 411] Done!
  Energy     : -15.7522
  RMSD       : 4.267 Å
  Runtime    : 225.5s
  Saved to   : outputs/Brickwork_entanglement/slurm_YYDPETGTWY_amber/replica_411/replica_411_result.json
============================================
End time     : Thu Apr 16 21:53:40 EDT 2026
Exit code    : 0
============================================
