============================================
Job ID       : 5495753
Array Task   : 306
Replica ID   : 306
Node         : lri056
Start time   : Mon Apr 27 13:45:05 EDT 2026
============================================
[REPLICA 306] Starting...
  Sequence     : YYDPETGTWY
  Forcefield   : amber
  Backend      : aer
  Max iter     : 2000
  Skip Stage 2 : False
--- INITIALIZING QUANTUM BIOPHYSICS FOLDER (HARDWARE) ---
--- FORCE FIELD: AMBER ---
[REPLICA 306] Ground truth loaded — 10 CA atoms
--- SCOUTING: Checking 50 starting points ---
 > Deterministic Seed: 313297073 (Derived from Sequence)
 > Best Start Found: Energy 521.41
[REPLICA 306] Init strategy: random, seed: 313297073
============================================
End time     : Mon Apr 27 13:45:07 EDT 2026
Exit code    : 0
============================================
