============================================
Job ID       : 5443464
Array Task   : 953
Replica ID   : 953
Node         : lri013
Start time   : Fri Apr 17 18:59:14 EDT 2026
============================================
[REPLICA 953] Starting...
  Sequence   : DAYAQWLKDGGPSSGRPPPS
  Forcefield : amber
  Backend    : aer
  Max iter   : 2000
--- INITIALIZING QUANTUM BIOPHYSICS FOLDER (HARDWARE) ---
--- FORCE FIELD: AMBER ---
--- SCOUTING: Checking 50 starting points ---
 > Deterministic Seed: 2158524338 (Derived from Sequence)
 > Best Start Found: Energy 578.07
[REPLICA 953] Init strategy: random, seed: 2158524338
--- STARTING QUANTUM FOLDING (HYBRID PIPELINE) ---
Stage 1: Mechanical Collapse (COBYLA, statevector)...
 > Collapse Energy: 292.34
Stage 2: Physics Refinement (SLSQP, statevector)...
Optimization terminated successfully    (Exit mode 0)
            Current function value: 2.1898744401945
            Iterations: 273
            Function evaluations: 21325
            Gradient evaluations: 273
 > Refinement Energy: 2.19
Stage 3: Natural Relaxation (SLSQP, statevector)...
Optimization terminated successfully    (Exit mode 0)
            Current function value: -25.7721557416823
            Iterations: 230
            Function evaluations: 18130
            Gradient evaluations: 230
 > Relaxation Energy: -25.77

[EXTRACTION] Mode: sampler → backend='aer_simulator', shots=4096
  Submitting 3 circuits (Z / X / Y bases)...
  Done. Angles extracted from measurement statistics.

[RESULT] Final energy: -25.7722
[REPLICA 953] RMSD: 4.904 Å
[REPLICA 953] Done!
  Energy     : -25.7722
  RMSD       : 4.904 Å
  Runtime    : 756.3s
  Saved to   : outputs/reps_Brickwork_entanglement1/slurm_DAYAQWLKDGGPSSGRPPPS_amber/replica_953/replica_953_result.json
============================================
End time     : Fri Apr 17 19:11:51 EDT 2026
Exit code    : 0
============================================
