============================================
Job ID       : 5496326
Array Task   : 55
Replica ID   : 55
Node         : lri044
Start time   : Mon Apr 27 14:18:31 EDT 2026
============================================
[REPLICA 55] Starting...
  Sequence     : YYDPETGTWY
  Forcefield   : amber
  Backend      : aer
  Max iter     : 2000
  Skip Stage 2 : True
--- INITIALIZING QUANTUM BIOPHYSICS FOLDER (HARDWARE) ---
--- FORCE FIELD: AMBER ---
[REPLICA 55] Ground truth loaded — 10 CA atoms
--- SCOUTING: Checking 50 starting points ---
 > Deterministic Seed: 313296822 (Derived from Sequence)
 > Best Start Found: Energy 373.52
[REPLICA 55] Init strategy: random, seed: 313296822
--- STARTING QUANTUM FOLDING (HYBRID PIPELINE) ---
Stage 1: Mechanical Collapse (COBYLA, statevector)...
 > Collapse Energy : 431.60
 > Stage 1 RMSD    : 4.0947 Å
Stage 2: SKIPPED
Stage 3: Natural Relaxation (SLSQP, statevector)...
Optimization terminated successfully    (Exit mode 0)
            Current function value: -10.482962593027306
            Iterations: 231
            Function evaluations: 12246
            Gradient evaluations: 231
 > Relaxation Energy : -10.48
 > Stage 3 RMSD      : 3.1078 Å

── RMSD Progress ──────────────────────────
  Stage 1 : 4.0947 Å
  Stage 2 : skipped
  Stage 3 : 3.1078 Å  ↓ better
──────────────────────────────────────────

[EXTRACTION] Mode: sampler → backend='aer_simulator', shots=4096
  Submitting 3 circuits (Z / X / Y bases)...
  Done. Angles extracted from measurement statistics.

[RESULT] Final energy: -10.4830
[REPLICA 55] Tracker saved → outputs/Skip1/slurm_YYDPETGTWY_amber/replica_55/replica_55_tracker.json
[SAVED] outputs/Skip1/slurm_YYDPETGTWY_amber/replica_55/replica_55_landscape.png
[REPLICA 55] Final RMSD: 5.532 Å

[REPLICA 55] ✓ Done!
  Energy       : -10.4830
  RMSD final   : 5.532 Å
  RMSD stage1  : 4.095 Å
  RMSD stage2  : skipped
  RMSD stage3  : 3.108 Å
  Runtime      : 156.1s
  Saved to     : outputs/Skip1/slurm_YYDPETGTWY_amber/replica_55/replica_55_result.json
============================================
End time     : Mon Apr 27 14:21:11 EDT 2026
Exit code    : 0
============================================
