============================================
Job ID       : 5440650
Array Task   : 458
Replica ID   : 458
Node         : lri013
Start time   : Fri Apr 17 15:12:55 EDT 2026
============================================
[REPLICA 458] Starting...
  Sequence   : DAYAQWLKDGGPSSGRPPPS
  Forcefield : amber
  Backend    : aer
  Max iter   : 2000
--- INITIALIZING QUANTUM BIOPHYSICS FOLDER (HARDWARE) ---
--- FORCE FIELD: AMBER ---
--- SCOUTING: Checking 50 starting points ---
 > Deterministic Seed: 2158523843 (Derived from Sequence)
 > Best Start Found: Energy 849.43
[REPLICA 458] Init strategy: random, seed: 2158523843
--- STARTING QUANTUM FOLDING (HYBRID PIPELINE) ---
Stage 1: Mechanical Collapse (COBYLA, statevector)...
 > Collapse Energy: 449.00
Stage 2: Physics Refinement (SLSQP, statevector)...
Optimization terminated successfully    (Exit mode 0)
            Current function value: -22.953873515666285
            Iterations: 264
            Function evaluations: 20779
            Gradient evaluations: 264
 > Refinement Energy: -22.95
Stage 3: Natural Relaxation (SLSQP, statevector)...
Optimization terminated successfully    (Exit mode 0)
            Current function value: -26.607196526742115
            Iterations: 331
            Function evaluations: 25582
            Gradient evaluations: 331
 > Relaxation Energy: -26.61

[EXTRACTION] Mode: sampler → backend='aer_simulator', shots=4096
  Submitting 3 circuits (Z / X / Y bases)...
  Done. Angles extracted from measurement statistics.

[RESULT] Final energy: -26.6072
[REPLICA 458] RMSD: 12.189 Å
[REPLICA 458] Done!
  Energy     : -26.6072
  RMSD       : 12.189 Å
  Runtime    : 867.3s
  Saved to   : outputs/reps_Brickwork_entanglement1/slurm_DAYAQWLKDGGPSSGRPPPS_amber/replica_458/replica_458_result.json
============================================
End time     : Fri Apr 17 15:27:23 EDT 2026
Exit code    : 0
============================================
