============================================
Job ID       : 5442715
Array Task   : 663
Replica ID   : 663
Node         : lri000
Start time   : Fri Apr 17 16:47:00 EDT 2026
============================================
[REPLICA 663] Starting...
  Sequence   : DAYAQWLKDGGPSSGRPPPS
  Forcefield : amber
  Backend    : aer
  Max iter   : 2000
--- INITIALIZING QUANTUM BIOPHYSICS FOLDER (HARDWARE) ---
--- FORCE FIELD: AMBER ---
--- SCOUTING: Checking 50 starting points ---
 > Deterministic Seed: 2158524048 (Derived from Sequence)
 > Best Start Found: Energy 545.63
[REPLICA 663] Init strategy: random, seed: 2158524048
--- STARTING QUANTUM FOLDING (HYBRID PIPELINE) ---
Stage 1: Mechanical Collapse (COBYLA, statevector)...
 > Collapse Energy: 664.25
Stage 2: Physics Refinement (SLSQP, statevector)...
Optimization terminated successfully    (Exit mode 0)
            Current function value: 36.399985699739915
            Iterations: 430
            Function evaluations: 32947
            Gradient evaluations: 430
 > Refinement Energy: 36.40
Stage 3: Natural Relaxation (SLSQP, statevector)...
Optimization terminated successfully    (Exit mode 0)
            Current function value: -13.749801752286672
            Iterations: 627
            Function evaluations: 47355
            Gradient evaluations: 627
 > Relaxation Energy: -13.75

[EXTRACTION] Mode: sampler → backend='aer_simulator', shots=4096
  Submitting 3 circuits (Z / X / Y bases)...
  Done. Angles extracted from measurement statistics.

[RESULT] Final energy: -13.7498
[REPLICA 663] RMSD: 8.138 Å
[REPLICA 663] Done!
  Energy     : -13.7498
  RMSD       : 8.138 Å
  Runtime    : 1494.8s
  Saved to   : outputs/reps_Brickwork_entanglement1/slurm_DAYAQWLKDGGPSSGRPPPS_amber/replica_663/replica_663_result.json
============================================
End time     : Fri Apr 17 17:11:56 EDT 2026
Exit code    : 0
============================================
