============================================
Job ID       : 5440306
Array Task   : 242
Replica ID   : 242
Node         : lri013
Start time   : Fri Apr 17 13:16:45 EDT 2026
============================================
[REPLICA 242] Starting...
  Sequence   : DAYAQWLKDGGPSSGRPPPS
  Forcefield : amber
  Backend    : aer
  Max iter   : 2000
--- INITIALIZING QUANTUM BIOPHYSICS FOLDER (HARDWARE) ---
--- FORCE FIELD: AMBER ---
--- SCOUTING: Checking 50 starting points ---
 > Deterministic Seed: 2158523627 (Derived from Sequence)
 > Best Start Found: Energy 563.53
[REPLICA 242] Init strategy: random, seed: 2158523627
--- STARTING QUANTUM FOLDING (HYBRID PIPELINE) ---
Stage 1: Mechanical Collapse (COBYLA, statevector)...
 > Collapse Energy: 421.81
Stage 2: Physics Refinement (SLSQP, statevector)...
Optimization terminated successfully    (Exit mode 0)
            Current function value: 69.37887996799667
            Iterations: 691
            Function evaluations: 52354
            Gradient evaluations: 691
 > Refinement Energy: 69.38
Stage 3: Natural Relaxation (SLSQP, statevector)...
Optimization terminated successfully    (Exit mode 0)
            Current function value: -80.91293260657534
            Iterations: 236
            Function evaluations: 18592
            Gradient evaluations: 236
 > Relaxation Energy: -80.91

[EXTRACTION] Mode: sampler → backend='aer_simulator', shots=4096
  Submitting 3 circuits (Z / X / Y bases)...
  Done. Angles extracted from measurement statistics.

[RESULT] Final energy: -80.9129
[REPLICA 242] RMSD: 7.493 Å
[REPLICA 242] Done!
  Energy     : -80.9129
  RMSD       : 7.493 Å
  Runtime    : 1342.7s
  Saved to   : outputs/reps_Brickwork_entanglement1/slurm_DAYAQWLKDGGPSSGRPPPS_amber/replica_242/replica_242_result.json
============================================
End time     : Fri Apr 17 13:39:09 EDT 2026
Exit code    : 0
============================================
