============================================
Job ID       : 5494581
Array Task   : 133
Replica ID   : 133
Node         : lri027
Start time   : Mon Apr 27 11:29:38 EDT 2026
============================================
[REPLICA 133] Starting...
  Sequence     : YYDPETGTWY
  Forcefield   : amber
  Backend      : aer
  Max iter     : 2000
  Skip Stage 2 : False
--- INITIALIZING QUANTUM BIOPHYSICS FOLDER (HARDWARE) ---
--- FORCE FIELD: AMBER ---
[REPLICA 133] Ground truth loaded — 10 CA atoms
--- SCOUTING: Checking 50 starting points ---
 > Deterministic Seed: 313296900 (Derived from Sequence)
 > Best Start Found: Energy 511.52
[REPLICA 133] Init strategy: random, seed: 313296900
============================================
End time     : Mon Apr 27 11:29:40 EDT 2026
Exit code    : 0
============================================
