============================================
Job ID       : 5422703
Array Task   : 934
Replica ID   : 934
Node         : lri042
Start time   : Tue Apr 14 11:39:35 EDT 2026
============================================
[REPLICA 934] Starting...
  Sequence   : YYDPETGTWY
  Forcefield : amber
  Backend    : aer
  Max iter   : 2000
--- INITIALIZING QUANTUM BIOPHYSICS FOLDER (HARDWARE) ---
--- FORCE FIELD: AMBER ---
--- PRIMING CIRCUIT FOR SHEET ---
 > Priming Error: 5.7639
[REPLICA 934] Init strategy: sheet, seed: 313297701
--- STARTING QUANTUM FOLDING (HYBRID PIPELINE) ---
Stage 1: Mechanical Collapse (COBYLA, statevector)...
 > Collapse Energy: 270.40
Stage 2: Physics Refinement (SLSQP, statevector)...
Optimization terminated successfully    (Exit mode 0)
            Current function value: -4.23228683571128
            Iterations: 294
            Function evaluations: 33993
            Gradient evaluations: 294
 > Refinement Energy: -4.23
Stage 3: Natural Relaxation (SLSQP, statevector)...
Optimization terminated successfully    (Exit mode 0)
            Current function value: -29.422722765230933
            Iterations: 490
            Function evaluations: 55831
            Gradient evaluations: 490
 > Relaxation Energy: -29.42

[EXTRACTION] Mode: sampler → backend='aer_simulator', shots=4096
  Submitting 3 circuits (Z / X / Y bases)...
  Done. Angles extracted from measurement statistics.

[RESULT] Final energy: -29.4227
[REPLICA 934] RMSD: 4.932 Å
[REPLICA 934] Done!
  Energy     : -29.4227
  RMSD       : 4.932 Å
  Runtime    : 1575.5s
  Saved to   : outputs/slurm_YYDPETGTWY_amber/replica_934/replica_934_result.json
============================================
End time     : Tue Apr 14 12:05:52 EDT 2026
Exit code    : 0
============================================
