============================================
Job ID       : 5423997
Array Task   : 948
Replica ID   : 948
Node         : lri016
Start time   : Tue Apr 14 18:58:06 EDT 2026
============================================
[REPLICA 948] Starting...
  Sequence   : YYDPETGTWY
  Forcefield : amber
  Backend    : aer
  Max iter   : 2000
--- INITIALIZING QUANTUM BIOPHYSICS FOLDER (HARDWARE) ---
--- FORCE FIELD: AMBER ---
--- SCOUTING: Checking 50 starting points ---
 > Deterministic Seed: 313297715 (Derived from Sequence)
 > Best Start Found: Energy 500.13
[REPLICA 948] Init strategy: random, seed: 313297715
--- STARTING QUANTUM FOLDING (HYBRID PIPELINE) ---
Stage 1: Mechanical Collapse (COBYLA, statevector)...
 > Collapse Energy: 247.94
Stage 2: Physics Refinement (SLSQP, statevector)...
Optimization terminated successfully    (Exit mode 0)
            Current function value: -60.43396416427533
            Iterations: 323
            Function evaluations: 37242
            Gradient evaluations: 323
 > Refinement Energy: -60.43
Stage 3: Natural Relaxation (SLSQP, statevector)...
Optimization terminated successfully    (Exit mode 0)
            Current function value: 34.41326907369864
            Iterations: 376
            Function evaluations: 43034
            Gradient evaluations: 376
 > Relaxation Energy: 34.41

[EXTRACTION] Mode: sampler → backend='aer_simulator', shots=4096
  Submitting 3 circuits (Z / X / Y bases)...
  Done. Angles extracted from measurement statistics.

[RESULT] Final energy: 34.4133
[REPLICA 948] RMSD: 5.764 Å
[REPLICA 948] Done!
  Energy     : 34.4133
  RMSD       : 5.764 Å
  Runtime    : 1404.7s
  Saved to   : outputs/probability_vectors/slurm_YYDPETGTWY_amber/replica_948/replica_948_result.json
============================================
End time     : Tue Apr 14 19:21:32 EDT 2026
Exit code    : 0
============================================
