============================================
Job ID       : 5440593
Array Task   : 425
Replica ID   : 425
Node         : lri000
Start time   : Fri Apr 17 14:54:52 EDT 2026
============================================
[REPLICA 425] Starting...
  Sequence   : DAYAQWLKDGGPSSGRPPPS
  Forcefield : amber
  Backend    : aer
  Max iter   : 2000
--- INITIALIZING QUANTUM BIOPHYSICS FOLDER (HARDWARE) ---
--- FORCE FIELD: AMBER ---
--- SCOUTING: Checking 50 starting points ---
 > Deterministic Seed: 2158523810 (Derived from Sequence)
 > Best Start Found: Energy 482.26
[REPLICA 425] Init strategy: random, seed: 2158523810
--- STARTING QUANTUM FOLDING (HYBRID PIPELINE) ---
Stage 1: Mechanical Collapse (COBYLA, statevector)...
 > Collapse Energy: 415.47
Stage 2: Physics Refinement (SLSQP, statevector)...
Optimization terminated successfully    (Exit mode 0)
            Current function value: 5555.876290809131
            Iterations: 243
            Function evaluations: 19898
            Gradient evaluations: 243
 > Refinement Energy: 5555.88
Stage 3: Natural Relaxation (SLSQP, statevector)...
Optimization terminated successfully    (Exit mode 0)
            Current function value: 498.8633212879791
            Iterations: 191
            Function evaluations: 15602
            Gradient evaluations: 191
 > Relaxation Energy: 498.86

[EXTRACTION] Mode: sampler → backend='aer_simulator', shots=4096
  Submitting 3 circuits (Z / X / Y bases)...
  Done. Angles extracted from measurement statistics.

[RESULT] Final energy: 498.8633
[REPLICA 425] RMSD: 7.417 Å
[REPLICA 425] Done!
  Energy     : 498.8633
  RMSD       : 7.417 Å
  Runtime    : 676.8s
  Saved to   : outputs/reps_Brickwork_entanglement1/slurm_DAYAQWLKDGGPSSGRPPPS_amber/replica_425/replica_425_result.json
============================================
End time     : Fri Apr 17 15:06:10 EDT 2026
Exit code    : 0
============================================
