============================================
Job ID       : 5474263
Array Task   : 123
Replica ID   : 123
Node         : lri054
Start time   : Wed Apr 22 17:49:40 EDT 2026
============================================
[REPLICA 123] Starting...
  Sequence   : YYDPETGTWY
  Forcefield : amber
  Backend    : aer
  Max iter   : 2000
--- INITIALIZING QUANTUM BIOPHYSICS FOLDER (HARDWARE) ---
--- FORCE FIELD: AMBER ---
--- SCOUTING: Checking 50 starting points ---
 > Deterministic Seed: 313296890 (Derived from Sequence)
 > Best Start Found: Energy 386.90
[REPLICA 123] Init strategy: random, seed: 313296890
--- STARTING QUANTUM FOLDING (HYBRID PIPELINE) ---
Stage 1: Mechanical Collapse (COBYLA, statevector)...
 > Collapse Energy: 1252.46
Stage 2: Physics Refinement (SLSQP, statevector)...
Optimization terminated successfully    (Exit mode 0)
            Current function value: 0.564338524940307
            Iterations: 176
            Function evaluations: 9494
            Gradient evaluations: 176
 > Refinement Energy: 0.56
Stage 3: Natural Relaxation (SLSQP, statevector)...
Optimization terminated successfully    (Exit mode 0)
            Current function value: 19.88018345358843
            Iterations: 195
            Function evaluations: 10442
            Gradient evaluations: 195
 > Relaxation Energy: 19.88

[EXTRACTION] Mode: sampler → backend='aer_simulator', shots=4096
  Submitting 3 circuits (Z / X / Y bases)...
  Done. Angles extracted from measurement statistics.

[RESULT] Final energy: 19.8802
[SAVED] outputs/reps_Brickwork_entanglement/slurm_YYDPETGTWY_amber/replica_123/replica_123_landscape.png
[REPLICA 123] RMSD: 4.521 Å
[REPLICA 123] Done!
  Energy     : 19.8802
  RMSD       : 4.521 Å
  Runtime    : 254.8s
  Saved to   : outputs/reps_Brickwork_entanglement/slurm_YYDPETGTWY_amber/replica_123/replica_123_result.json
============================================
End time     : Wed Apr 22 17:53:56 EDT 2026
Exit code    : 0
============================================
