============================================
Job ID       : 5421305
Array Task   : 69
Replica ID   : 69
Node         : lri018
Start time   : Tue Apr 14 04:13:04 EDT 2026
============================================
[REPLICA 69] Starting...
  Sequence   : YYDPETGTWY
  Forcefield : amber
  Backend    : aer
  Max iter   : 2000
--- INITIALIZING QUANTUM BIOPHYSICS FOLDER (HARDWARE) ---
--- FORCE FIELD: AMBER ---
--- PRIMING CIRCUIT FOR HELIX ---
 > Priming Error: 11.3092
[REPLICA 69] Init strategy: helix, seed: 313296836
--- STARTING QUANTUM FOLDING (HYBRID PIPELINE) ---
Stage 1: Mechanical Collapse (COBYLA, statevector)...
 > Collapse Energy: 97.75
Stage 2: Physics Refinement (SLSQP, statevector)...
Optimization terminated successfully    (Exit mode 0)
            Current function value: -35.34218369742004
            Iterations: 326
            Function evaluations: 37622
            Gradient evaluations: 326
 > Refinement Energy: -35.34
Stage 3: Natural Relaxation (SLSQP, statevector)...
Optimization terminated successfully    (Exit mode 0)
            Current function value: -42.42075382404128
            Iterations: 504
            Function evaluations: 57051
            Gradient evaluations: 504
 > Relaxation Energy: -42.42

[EXTRACTION] Mode: sampler → backend='aer_simulator', shots=4096
  Submitting 3 circuits (Z / X / Y bases)...
  Done. Angles extracted from measurement statistics.

[RESULT] Final energy: -42.4208
[REPLICA 69] RMSD: 5.079 Å
[REPLICA 69] Done!
  Energy     : -42.4208
  RMSD       : 5.079 Å
  Runtime    : 1708.5s
  Saved to   : outputs/slurm_YYDPETGTWY_amber/replica_69/replica_69_result.json
============================================
End time     : Tue Apr 14 04:41:34 EDT 2026
Exit code    : 0
============================================
