============================================
Job ID       : 5494815
Array Task   : 367
Replica ID   : 367
Node         : lri027
Start time   : Mon Apr 27 11:29:53 EDT 2026
============================================
[REPLICA 367] Starting...
  Sequence     : YYDPETGTWY
  Forcefield   : amber
  Backend      : aer
  Max iter     : 2000
  Skip Stage 2 : False
--- INITIALIZING QUANTUM BIOPHYSICS FOLDER (HARDWARE) ---
--- FORCE FIELD: AMBER ---
[REPLICA 367] Ground truth loaded — 10 CA atoms
--- SCOUTING: Checking 50 starting points ---
 > Deterministic Seed: 313297134 (Derived from Sequence)
 > Best Start Found: Energy 380.49
[REPLICA 367] Init strategy: random, seed: 313297134
============================================
End time     : Mon Apr 27 11:29:55 EDT 2026
Exit code    : 0
============================================
