============================================
Job ID       : 5426799
Array Task   : 750
Replica ID   : 750
Node         : lri054
Start time   : Wed Apr 15 15:57:01 EDT 2026
============================================
[REPLICA 750] Starting...
  Sequence   : YYDPETGTWY
  Forcefield : amber
  Backend    : aer
  Max iter   : 2000
--- INITIALIZING QUANTUM BIOPHYSICS FOLDER (HARDWARE) ---
--- FORCE FIELD: AMBER ---
--- SCOUTING: Checking 50 starting points ---
 > Deterministic Seed: 313297517 (Derived from Sequence)
 > Best Start Found: Energy 409.44
[REPLICA 750] Init strategy: random, seed: 313297517
--- STARTING QUANTUM FOLDING (HYBRID PIPELINE) ---
Stage 1: Mechanical Collapse (COBYLA, statevector)...
 > Collapse Energy: 224.71
Stage 2: Physics Refinement (SLSQP, statevector)...
Optimization terminated successfully    (Exit mode 0)
            Current function value: 306.2051183057323
            Iterations: 163
            Function evaluations: 8883
            Gradient evaluations: 163
 > Refinement Energy: 306.21
Stage 3: Natural Relaxation (SLSQP, statevector)...
Optimization terminated successfully    (Exit mode 0)
            Current function value: -11.5568405596458
            Iterations: 193
            Function evaluations: 10417
            Gradient evaluations: 193
 > Relaxation Energy: -11.56

[EXTRACTION] Mode: sampler → backend='aer_simulator', shots=4096
  Submitting 3 circuits (Z / X / Y bases)...
  Done. Angles extracted from measurement statistics.

[RESULT] Final energy: -11.5568
[REPLICA 750] RMSD: 4.296 Å
[REPLICA 750] Done!
  Energy     : -11.5568
  RMSD       : 4.296 Å
  Runtime    : 259.2s
  Saved to   : outputs/linear_entanglement_1_rep/slurm_YYDPETGTWY_amber/replica_750/replica_750_result.json
============================================
End time     : Wed Apr 15 16:01:21 EDT 2026
Exit code    : 0
============================================
