============================================
Job ID       : 5494840
Array Task   : 392
Replica ID   : 392
Node         : lri068
Start time   : Mon Apr 27 11:29:56 EDT 2026
============================================
[REPLICA 392] Starting...
  Sequence     : YYDPETGTWY
  Forcefield   : amber
  Backend      : aer
  Max iter     : 2000
  Skip Stage 2 : False
--- INITIALIZING QUANTUM BIOPHYSICS FOLDER (HARDWARE) ---
--- FORCE FIELD: AMBER ---
[REPLICA 392] Ground truth loaded — 10 CA atoms
--- SCOUTING: Checking 50 starting points ---
 > Deterministic Seed: 313297159 (Derived from Sequence)
 > Best Start Found: Energy 282.09
[REPLICA 392] Init strategy: random, seed: 313297159
============================================
End time     : Mon Apr 27 11:29:58 EDT 2026
Exit code    : 0
============================================
