============================================
Job ID       : 5436773
Array Task   : 494
Replica ID   : 494
Node         : lri014
Start time   : Thu Apr 16 22:47:57 EDT 2026
============================================
[REPLICA 494] Starting...
  Sequence   : YYDPETGTWY
  Forcefield : amber
  Backend    : aer
  Max iter   : 2000
--- INITIALIZING QUANTUM BIOPHYSICS FOLDER (HARDWARE) ---
--- FORCE FIELD: AMBER ---
--- SCOUTING: Checking 50 starting points ---
 > Deterministic Seed: 313297261 (Derived from Sequence)
 > Best Start Found: Energy 390.64
[REPLICA 494] Init strategy: random, seed: 313297261
--- STARTING QUANTUM FOLDING (HYBRID PIPELINE) ---
Stage 1: Mechanical Collapse (COBYLA, statevector)...
 > Collapse Energy: 655.49
Stage 2: Physics Refinement (SLSQP, statevector)...
Optimization terminated successfully    (Exit mode 0)
            Current function value: -24.546697084318733
            Iterations: 583
            Function evaluations: 30046
            Gradient evaluations: 583
 > Refinement Energy: -24.55
Stage 3: Natural Relaxation (SLSQP, statevector)...
Optimization terminated successfully    (Exit mode 0)
            Current function value: -59.432055280084825
            Iterations: 242
            Function evaluations: 12892
            Gradient evaluations: 242
 > Relaxation Energy: -59.43

[EXTRACTION] Mode: sampler → backend='aer_simulator', shots=4096
  Submitting 3 circuits (Z / X / Y bases)...
  Done. Angles extracted from measurement statistics.

[RESULT] Final energy: -59.4321
[REPLICA 494] RMSD: 5.646 Å
[REPLICA 494] Done!
  Energy     : -59.4321
  RMSD       : 5.646 Å
  Runtime    : 514.1s
  Saved to   : outputs/Brickwork_entanglement/slurm_YYDPETGTWY_amber/replica_494/replica_494_result.json
============================================
End time     : Thu Apr 16 22:56:32 EDT 2026
Exit code    : 0
============================================
