============================================
Job ID       : 5494775
Array Task   : 327
Replica ID   : 327
Node         : lri032
Start time   : Mon Apr 27 11:29:50 EDT 2026
============================================
[REPLICA 327] Starting...
  Sequence     : YYDPETGTWY
  Forcefield   : amber
  Backend      : aer
  Max iter     : 2000
  Skip Stage 2 : False
--- INITIALIZING QUANTUM BIOPHYSICS FOLDER (HARDWARE) ---
--- FORCE FIELD: AMBER ---
[REPLICA 327] Ground truth loaded — 10 CA atoms
--- SCOUTING: Checking 50 starting points ---
 > Deterministic Seed: 313297094 (Derived from Sequence)
 > Best Start Found: Energy 438.35
[REPLICA 327] Init strategy: random, seed: 313297094
============================================
End time     : Mon Apr 27 11:29:52 EDT 2026
Exit code    : 0
============================================
