============================================
Job ID       : 5439594
Array Task   : 811
Replica ID   : 811
Node         : lri054
Start time   : Fri Apr 17 09:52:35 EDT 2026
============================================
[REPLICA 811] Starting...
  Sequence   : YYDPETGTWY
  Forcefield : amber
  Backend    : aer
  Max iter   : 2000
--- INITIALIZING QUANTUM BIOPHYSICS FOLDER (HARDWARE) ---
--- FORCE FIELD: AMBER ---
--- SCOUTING: Checking 50 starting points ---
 > Deterministic Seed: 313297578 (Derived from Sequence)
 > Best Start Found: Energy 346.26
[REPLICA 811] Init strategy: random, seed: 313297578
--- STARTING QUANTUM FOLDING (HYBRID PIPELINE) ---
Stage 1: Mechanical Collapse (COBYLA, statevector)...
 > Collapse Energy: 238.43
Stage 2: Physics Refinement (SLSQP, statevector)...
Optimization terminated successfully    (Exit mode 0)
            Current function value: 477.72778538443157
            Iterations: 543
            Function evaluations: 27970
            Gradient evaluations: 543
 > Refinement Energy: 477.73
Stage 3: Natural Relaxation (SLSQP, statevector)...
Optimization terminated successfully    (Exit mode 0)
            Current function value: -57.305411360684275
            Iterations: 129
            Function evaluations: 7170
            Gradient evaluations: 129
 > Relaxation Energy: -57.31

[EXTRACTION] Mode: sampler → backend='aer_simulator', shots=4096
  Submitting 3 circuits (Z / X / Y bases)...
  Done. Angles extracted from measurement statistics.

[RESULT] Final energy: -57.3054
[REPLICA 811] RMSD: 4.212 Å
[REPLICA 811] Done!
  Energy     : -57.3054
  RMSD       : 4.212 Å
  Runtime    : 389.6s
  Saved to   : outputs/reps_Brickwork_entanglement/slurm_YYDPETGTWY_amber/replica_811/replica_811_result.json
============================================
End time     : Fri Apr 17 09:59:06 EDT 2026
Exit code    : 0
============================================
