============================================
Job ID       : 5495027
Array Task   : 23
Replica ID   : 23
Node         : lri025
Start time   : Mon Apr 27 12:53:59 EDT 2026
============================================
[REPLICA 23] Starting...
  Sequence     : YYDPETGTWY
  Forcefield   : amber
  Backend      : aer
  Max iter     : 2000
  Skip Stage 2 : False
--- INITIALIZING QUANTUM BIOPHYSICS FOLDER (HARDWARE) ---
--- FORCE FIELD: AMBER ---
[REPLICA 23] Ground truth loaded — 10 CA atoms
--- SCOUTING: Checking 50 starting points ---
 > Deterministic Seed: 313296790 (Derived from Sequence)
 > Best Start Found: Energy 381.23
[REPLICA 23] Init strategy: random, seed: 313296790
============================================
End time     : Mon Apr 27 12:54:02 EDT 2026
Exit code    : 0
============================================
