============================================
Job ID       : 5438494
Array Task   : 45
Replica ID   : 45
Node         : lri014
Start time   : Fri Apr 17 03:48:18 EDT 2026
============================================
[REPLICA 45] Starting...
  Sequence   : YYDPETGTWY
  Forcefield : amber
  Backend    : aer
  Max iter   : 2000
--- INITIALIZING QUANTUM BIOPHYSICS FOLDER (HARDWARE) ---
--- FORCE FIELD: AMBER ---
--- SCOUTING: Checking 50 starting points ---
 > Deterministic Seed: 313296812 (Derived from Sequence)
 > Best Start Found: Energy 343.19
[REPLICA 45] Init strategy: random, seed: 313296812
--- STARTING QUANTUM FOLDING (HYBRID PIPELINE) ---
Stage 1: Mechanical Collapse (COBYLA, statevector)...
 > Collapse Energy: 334.99
Stage 2: Physics Refinement (SLSQP, statevector)...
Optimization terminated successfully    (Exit mode 0)
            Current function value: 3461.7468295489416
            Iterations: 183
            Function evaluations: 10481
            Gradient evaluations: 183
 > Refinement Energy: 3461.75
Stage 3: Natural Relaxation (SLSQP, statevector)...
Optimization terminated successfully    (Exit mode 0)
            Current function value: 823.166065347087
            Iterations: 146
            Function evaluations: 8345
            Gradient evaluations: 146
 > Relaxation Energy: 823.17

[EXTRACTION] Mode: sampler → backend='aer_simulator', shots=4096
  Submitting 3 circuits (Z / X / Y bases)...
  Done. Angles extracted from measurement statistics.

[RESULT] Final energy: 823.1661
[REPLICA 45] RMSD: 4.884 Å
[REPLICA 45] Done!
  Energy     : 823.1661
  RMSD       : 4.884 Å
  Runtime    : 224.8s
  Saved to   : outputs/reps_Brickwork_entanglement/slurm_YYDPETGTWY_amber/replica_45/replica_45_result.json
============================================
End time     : Fri Apr 17 03:52:04 EDT 2026
Exit code    : 0
============================================
