============================================
Job ID       : 5443493
Array Task   : 970
Replica ID   : 970
Node         : lri015
Start time   : Fri Apr 17 19:05:14 EDT 2026
============================================
[REPLICA 970] Starting...
  Sequence   : DAYAQWLKDGGPSSGRPPPS
  Forcefield : amber
  Backend    : aer
  Max iter   : 2000
--- INITIALIZING QUANTUM BIOPHYSICS FOLDER (HARDWARE) ---
--- FORCE FIELD: AMBER ---
--- SCOUTING: Checking 50 starting points ---
 > Deterministic Seed: 2158524355 (Derived from Sequence)
 > Best Start Found: Energy 521.07
[REPLICA 970] Init strategy: random, seed: 2158524355
--- STARTING QUANTUM FOLDING (HYBRID PIPELINE) ---
Stage 1: Mechanical Collapse (COBYLA, statevector)...
 > Collapse Energy: 602.98
Stage 2: Physics Refinement (SLSQP, statevector)...
Optimization terminated successfully    (Exit mode 0)
            Current function value: 72.80857996250433
            Iterations: 438
            Function evaluations: 33662
            Gradient evaluations: 438
 > Refinement Energy: 72.81
Stage 3: Natural Relaxation (SLSQP, statevector)...
Optimization terminated successfully    (Exit mode 0)
            Current function value: -116.14134165323333
            Iterations: 191
            Function evaluations: 15107
            Gradient evaluations: 191
 > Relaxation Energy: -116.14

[EXTRACTION] Mode: sampler → backend='aer_simulator', shots=4096
  Submitting 3 circuits (Z / X / Y bases)...
  Done. Angles extracted from measurement statistics.

[RESULT] Final energy: -116.1413
[REPLICA 970] RMSD: 8.175 Å
[REPLICA 970] Done!
  Energy     : -116.1413
  RMSD       : 8.175 Å
  Runtime    : 925.1s
  Saved to   : outputs/reps_Brickwork_entanglement1/slurm_DAYAQWLKDGGPSSGRPPPS_amber/replica_970/replica_970_result.json
============================================
End time     : Fri Apr 17 19:20:41 EDT 2026
Exit code    : 0
============================================
