============================================
Job ID       : 5442929
Array Task   : 742
Replica ID   : 742
Node         : lri000
Start time   : Fri Apr 17 17:23:04 EDT 2026
============================================
[REPLICA 742] Starting...
  Sequence   : DAYAQWLKDGGPSSGRPPPS
  Forcefield : amber
  Backend    : aer
  Max iter   : 2000
--- INITIALIZING QUANTUM BIOPHYSICS FOLDER (HARDWARE) ---
--- FORCE FIELD: AMBER ---
--- SCOUTING: Checking 50 starting points ---
 > Deterministic Seed: 2158524127 (Derived from Sequence)
 > Best Start Found: Energy 339.49
[REPLICA 742] Init strategy: random, seed: 2158524127
--- STARTING QUANTUM FOLDING (HYBRID PIPELINE) ---
Stage 1: Mechanical Collapse (COBYLA, statevector)...
 > Collapse Energy: 481.93
Stage 2: Physics Refinement (SLSQP, statevector)...
Optimization terminated successfully    (Exit mode 0)
            Current function value: 90.87158058151772
            Iterations: 218
            Function evaluations: 17251
            Gradient evaluations: 218
 > Refinement Energy: 90.87
Stage 3: Natural Relaxation (SLSQP, statevector)...
Optimization terminated successfully    (Exit mode 0)
            Current function value: -38.722365564648605
            Iterations: 366
            Function evaluations: 28187
            Gradient evaluations: 366
 > Relaxation Energy: -38.72

[EXTRACTION] Mode: sampler → backend='aer_simulator', shots=4096
  Submitting 3 circuits (Z / X / Y bases)...
  Done. Angles extracted from measurement statistics.

[RESULT] Final energy: -38.7224
[REPLICA 742] RMSD: 9.393 Å
[REPLICA 742] Done!
  Energy     : -38.7224
  RMSD       : 9.393 Å
  Runtime    : 884.0s
  Saved to   : outputs/reps_Brickwork_entanglement1/slurm_DAYAQWLKDGGPSSGRPPPS_amber/replica_742/replica_742_result.json
============================================
End time     : Fri Apr 17 17:37:50 EDT 2026
Exit code    : 0
============================================
