============================================
Job ID       : 5424655
Array Task   : 580
Replica ID   : 580
Node         : lri000
Start time   : Tue Apr 14 21:12:17 EDT 2026
============================================
[REPLICA 580] Starting...
  Sequence   : YYDPETGTWY
  Forcefield : amber
  Backend    : aer
  Max iter   : 2000
--- INITIALIZING QUANTUM BIOPHYSICS FOLDER (HARDWARE) ---
--- FORCE FIELD: AMBER ---
--- SCOUTING: Checking 50 starting points ---
 > Deterministic Seed: 313297347 (Derived from Sequence)
 > Best Start Found: Energy 369.11
[REPLICA 580] Init strategy: random, seed: 313297347
--- STARTING QUANTUM FOLDING (HYBRID PIPELINE) ---
Stage 1: Mechanical Collapse (COBYLA, statevector)...
 > Collapse Energy: 180.39
Stage 2: Physics Refinement (SLSQP, statevector)...
Optimization terminated successfully    (Exit mode 0)
            Current function value: 42.63980931464696
            Iterations: 330
            Function evaluations: 38053
            Gradient evaluations: 330
 > Refinement Energy: 42.64
Stage 3: Natural Relaxation (SLSQP, statevector)...
Optimization terminated successfully    (Exit mode 0)
            Current function value: -82.00067878643068
            Iterations: 297
            Function evaluations: 34259
            Gradient evaluations: 297
 > Relaxation Energy: -82.00

[EXTRACTION] Mode: sampler → backend='aer_simulator', shots=4096
  Submitting 3 circuits (Z / X / Y bases)...
  Done. Angles extracted from measurement statistics.

[RESULT] Final energy: -82.0007
[REPLICA 580] RMSD: 4.753 Å
[REPLICA 580] Done!
  Energy     : -82.0007
  RMSD       : 4.753 Å
  Runtime    : 1286.3s
  Saved to   : outputs/only_random_strategy/slurm_YYDPETGTWY_amber/replica_580/replica_580_result.json
============================================
End time     : Tue Apr 14 21:33:45 EDT 2026
Exit code    : 0
============================================
