============================================
Job ID       : 5436397
Array Task   : 434
Replica ID   : 434
Node         : lri014
Start time   : Thu Apr 16 22:11:54 EDT 2026
============================================
[REPLICA 434] Starting...
  Sequence   : YYDPETGTWY
  Forcefield : amber
  Backend    : aer
  Max iter   : 2000
--- INITIALIZING QUANTUM BIOPHYSICS FOLDER (HARDWARE) ---
--- FORCE FIELD: AMBER ---
--- SCOUTING: Checking 50 starting points ---
 > Deterministic Seed: 313297201 (Derived from Sequence)
 > Best Start Found: Energy 461.59
[REPLICA 434] Init strategy: random, seed: 313297201
--- STARTING QUANTUM FOLDING (HYBRID PIPELINE) ---
Stage 1: Mechanical Collapse (COBYLA, statevector)...
 > Collapse Energy: 409.08
Stage 2: Physics Refinement (SLSQP, statevector)...
Optimization terminated successfully    (Exit mode 0)
            Current function value: 50.94883506925327
            Iterations: 246
            Function evaluations: 13245
            Gradient evaluations: 246
 > Refinement Energy: 50.95
Stage 3: Natural Relaxation (SLSQP, statevector)...
Optimization terminated successfully    (Exit mode 0)
            Current function value: 35.83223728142809
            Iterations: 152
            Function evaluations: 8366
            Gradient evaluations: 152
 > Relaxation Energy: 35.83

[EXTRACTION] Mode: sampler → backend='aer_simulator', shots=4096
  Submitting 3 circuits (Z / X / Y bases)...
  Done. Angles extracted from measurement statistics.

[RESULT] Final energy: 35.8322
[REPLICA 434] RMSD: 5.420 Å
[REPLICA 434] Done!
  Energy     : 35.8322
  RMSD       : 5.420 Å
  Runtime    : 257.5s
  Saved to   : outputs/Brickwork_entanglement/slurm_YYDPETGTWY_amber/replica_434/replica_434_result.json
============================================
End time     : Thu Apr 16 22:16:13 EDT 2026
Exit code    : 0
============================================
