============================================
Job ID       : 5495543
Array Task   : 96
Replica ID   : 96
Node         : lri029
Start time   : Mon Apr 27 13:44:54 EDT 2026
============================================
[REPLICA 96] Starting...
  Sequence     : YYDPETGTWY
  Forcefield   : amber
  Backend      : aer
  Max iter     : 2000
  Skip Stage 2 : False
--- INITIALIZING QUANTUM BIOPHYSICS FOLDER (HARDWARE) ---
--- FORCE FIELD: AMBER ---
[REPLICA 96] Ground truth loaded — 10 CA atoms
--- SCOUTING: Checking 50 starting points ---
 > Deterministic Seed: 313296863 (Derived from Sequence)
 > Best Start Found: Energy 410.05
[REPLICA 96] Init strategy: random, seed: 313296863
============================================
End time     : Mon Apr 27 13:44:56 EDT 2026
Exit code    : 0
============================================
