============================================
Job ID       : 5494655
Array Task   : 207
Replica ID   : 207
Node         : lri068
Start time   : Mon Apr 27 11:29:45 EDT 2026
============================================
[REPLICA 207] Starting...
  Sequence     : YYDPETGTWY
  Forcefield   : amber
  Backend      : aer
  Max iter     : 2000
  Skip Stage 2 : False
--- INITIALIZING QUANTUM BIOPHYSICS FOLDER (HARDWARE) ---
--- FORCE FIELD: AMBER ---
[REPLICA 207] Ground truth loaded — 10 CA atoms
--- SCOUTING: Checking 50 starting points ---
 > Deterministic Seed: 313296974 (Derived from Sequence)
 > Best Start Found: Energy 417.14
[REPLICA 207] Init strategy: random, seed: 313296974
============================================
End time     : Mon Apr 27 11:29:47 EDT 2026
Exit code    : 0
============================================
