============================================
Job ID       : 5494587
Array Task   : 139
Replica ID   : 139
Node         : lri027
Start time   : Mon Apr 27 11:29:38 EDT 2026
============================================
[REPLICA 139] Starting...
  Sequence     : YYDPETGTWY
  Forcefield   : amber
  Backend      : aer
  Max iter     : 2000
  Skip Stage 2 : False
--- INITIALIZING QUANTUM BIOPHYSICS FOLDER (HARDWARE) ---
--- FORCE FIELD: AMBER ---
[REPLICA 139] Ground truth loaded — 10 CA atoms
--- SCOUTING: Checking 50 starting points ---
 > Deterministic Seed: 313296906 (Derived from Sequence)
 > Best Start Found: Energy 340.42
[REPLICA 139] Init strategy: random, seed: 313296906
============================================
End time     : Mon Apr 27 11:29:40 EDT 2026
Exit code    : 0
============================================
