============================================
Job ID       : 5494481
Array Task   : 33
Replica ID   : 33
Node         : lri026
Start time   : Mon Apr 27 11:29:20 EDT 2026
============================================
[REPLICA 33] Starting...
  Sequence     : YYDPETGTWY
  Forcefield   : amber
  Backend      : aer
  Max iter     : 2000
  Skip Stage 2 : False
--- INITIALIZING QUANTUM BIOPHYSICS FOLDER (HARDWARE) ---
--- FORCE FIELD: AMBER ---
[REPLICA 33] Ground truth loaded — 10 CA atoms
--- SCOUTING: Checking 50 starting points ---
 > Deterministic Seed: 313296800 (Derived from Sequence)
 > Best Start Found: Energy 455.29
[REPLICA 33] Init strategy: random, seed: 313296800
============================================
End time     : Mon Apr 27 11:29:36 EDT 2026
Exit code    : 0
============================================
