============================================
Job ID       : 5424045
Array Task   : 996
Replica ID   : 996
Node         : lri016
Start time   : Tue Apr 14 19:06:07 EDT 2026
============================================
[REPLICA 996] Starting...
  Sequence   : YYDPETGTWY
  Forcefield : amber
  Backend    : aer
  Max iter   : 2000
--- INITIALIZING QUANTUM BIOPHYSICS FOLDER (HARDWARE) ---
--- FORCE FIELD: AMBER ---
--- SCOUTING: Checking 50 starting points ---
 > Deterministic Seed: 313297763 (Derived from Sequence)
 > Best Start Found: Energy 270.82
[REPLICA 996] Init strategy: random, seed: 313297763
--- STARTING QUANTUM FOLDING (HYBRID PIPELINE) ---
Stage 1: Mechanical Collapse (COBYLA, statevector)...
 > Collapse Energy: 83.47
Stage 2: Physics Refinement (SLSQP, statevector)...
Optimization terminated successfully    (Exit mode 0)
            Current function value: -48.828280803842176
            Iterations: 568
            Function evaluations: 64306
            Gradient evaluations: 568
 > Refinement Energy: -48.83
Stage 3: Natural Relaxation (SLSQP, statevector)...
Optimization terminated successfully    (Exit mode 0)
            Current function value: 24.070768912102
            Iterations: 295
            Function evaluations: 33984
            Gradient evaluations: 295
 > Relaxation Energy: 24.07

[EXTRACTION] Mode: sampler → backend='aer_simulator', shots=4096
  Submitting 3 circuits (Z / X / Y bases)...
  Done. Angles extracted from measurement statistics.

[RESULT] Final energy: 24.0708
[REPLICA 996] RMSD: 5.268 Å
[REPLICA 996] Done!
  Energy     : 24.0708
  RMSD       : 5.268 Å
  Runtime    : 1694.9s
  Saved to   : outputs/probability_vectors/slurm_YYDPETGTWY_amber/replica_996/replica_996_result.json
============================================
End time     : Tue Apr 14 19:34:23 EDT 2026
Exit code    : 0
============================================
