============================================
Job ID       : 5481035
Array Task   : 380
Replica ID   : 380
Node         : lri066
Start time   : Thu Apr 23 11:54:03 EDT 2026
============================================
[REPLICA 380] Starting...
  Sequence   : YYDPETGTWY
  Forcefield : amber
  Backend    : aer
  Max iter   : 20
--- INITIALIZING QUANTUM BIOPHYSICS FOLDER (HARDWARE) ---
--- FORCE FIELD: AMBER ---
--- SCOUTING: Checking 50 starting points ---
 > Deterministic Seed: 313297147 (Derived from Sequence)
 > Best Start Found: Energy 278.74
[REPLICA 380] Init strategy: random, seed: 313297147
--- STARTING QUANTUM FOLDING (HYBRID PIPELINE) ---
Stage 1: Mechanical Collapse (COBYLA, statevector)...
 > Collapse Energy: 1425.95
Stage 2: Physics Refinement (SLSQP, statevector)...
Iteration limit reached    (Exit mode 9)
            Current function value: 4535.223064491881
            Iterations: 20
            Function evaluations: 1170
            Gradient evaluations: 20
 > Refinement Energy: 4535.22
Stage 3: Natural Relaxation (SLSQP, statevector)...
Iteration limit reached    (Exit mode 9)
            Current function value: 368.2071729659525
            Iterations: 20
            Function evaluations: 1170
            Gradient evaluations: 20
 > Relaxation Energy: 368.21

[EXTRACTION] Mode: sampler → backend='aer_simulator', shots=4096
  Submitting 3 circuits (Z / X / Y bases)...
  Done. Angles extracted from measurement statistics.

[RESULT] Final energy: 368.2072
[REPLICA 380] Tracker saved → outputs/energy_reps_Brickwork_entanglement11/slurm_YYDPETGTWY_amber/replica_380/replica_380_tracker.json
[SAVED] outputs/energy_reps_Brickwork_entanglement11/slurm_YYDPETGTWY_amber/replica_380/replica_380_landscape.png
[REPLICA 380] RMSD: 4.731 Å
[REPLICA 380] Done!
  Energy     : 368.2072
  RMSD       : 4.731 Å
  Runtime    : 30.3s
  Saved to   : outputs/energy_reps_Brickwork_entanglement11/slurm_YYDPETGTWY_amber/replica_380/replica_380_result.json
============================================
End time     : Thu Apr 23 11:54:35 EDT 2026
Exit code    : 0
============================================
