============================================
Job ID       : 5474644
Array Task   : 492
Replica ID   : 492
Node         : lri029
Start time   : Wed Apr 22 17:58:32 EDT 2026
============================================
[REPLICA 492] Starting...
  Sequence   : YYDPETGTWY
  Forcefield : amber
  Backend    : aer
  Max iter   : 2000
--- INITIALIZING QUANTUM BIOPHYSICS FOLDER (HARDWARE) ---
--- FORCE FIELD: AMBER ---
--- SCOUTING: Checking 50 starting points ---
 > Deterministic Seed: 313297259 (Derived from Sequence)
 > Best Start Found: Energy 518.83
[REPLICA 492] Init strategy: random, seed: 313297259
--- STARTING QUANTUM FOLDING (HYBRID PIPELINE) ---
Stage 1: Mechanical Collapse (COBYLA, statevector)...
 > Collapse Energy: 626.18
Stage 2: Physics Refinement (SLSQP, statevector)...
Optimization terminated successfully    (Exit mode 0)
            Current function value: -34.580670388864476
            Iterations: 210
            Function evaluations: 11295
            Gradient evaluations: 210
 > Refinement Energy: -34.58
Stage 3: Natural Relaxation (SLSQP, statevector)...
Optimization terminated successfully    (Exit mode 0)
            Current function value: 34.036786419957465
            Iterations: 156
            Function evaluations: 8513
            Gradient evaluations: 156
 > Relaxation Energy: 34.04

[EXTRACTION] Mode: sampler → backend='aer_simulator', shots=4096
  Submitting 3 circuits (Z / X / Y bases)...
  Done. Angles extracted from measurement statistics.

[RESULT] Final energy: 34.0368
[SAVED] outputs/reps_Brickwork_entanglement/slurm_YYDPETGTWY_amber/replica_492/replica_492_landscape.png
[REPLICA 492] RMSD: 5.437 Å
[REPLICA 492] Done!
  Energy     : 34.0368
  RMSD       : 5.437 Å
  Runtime    : 245.6s
  Saved to   : outputs/reps_Brickwork_entanglement/slurm_YYDPETGTWY_amber/replica_492/replica_492_result.json
============================================
End time     : Wed Apr 22 18:02:38 EDT 2026
Exit code    : 0
============================================
