============================================
Job ID       : 5474965
Array Task   : 790
Replica ID   : 790
Node         : lri009
Start time   : Wed Apr 22 18:03:56 EDT 2026
============================================
[REPLICA 790] Starting...
  Sequence   : YYDPETGTWY
  Forcefield : amber
  Backend    : aer
  Max iter   : 2000
--- INITIALIZING QUANTUM BIOPHYSICS FOLDER (HARDWARE) ---
--- FORCE FIELD: AMBER ---
--- SCOUTING: Checking 50 starting points ---
 > Deterministic Seed: 313297557 (Derived from Sequence)
 > Best Start Found: Energy 463.58
[REPLICA 790] Init strategy: random, seed: 313297557
--- STARTING QUANTUM FOLDING (HYBRID PIPELINE) ---
Stage 1: Mechanical Collapse (COBYLA, statevector)...
 > Collapse Energy: 579.95
Stage 2: Physics Refinement (SLSQP, statevector)...
Optimization terminated successfully    (Exit mode 0)
            Current function value: -5.0532998373819655
            Iterations: 221
            Function evaluations: 11854
            Gradient evaluations: 221
 > Refinement Energy: -5.05
Stage 3: Natural Relaxation (SLSQP, statevector)...
Optimization terminated successfully    (Exit mode 0)
            Current function value: -10.316097318950803
            Iterations: 161
            Function evaluations: 8758
            Gradient evaluations: 161
 > Relaxation Energy: -10.32

[EXTRACTION] Mode: sampler → backend='aer_simulator', shots=4096
  Submitting 3 circuits (Z / X / Y bases)...
  Done. Angles extracted from measurement statistics.

[RESULT] Final energy: -10.3161
[SAVED] outputs/reps_Brickwork_entanglement/slurm_YYDPETGTWY_amber/replica_790/replica_790_landscape.png
[REPLICA 790] RMSD: 5.660 Å
[REPLICA 790] Done!
  Energy     : -10.3161
  RMSD       : 5.660 Å
  Runtime    : 254.5s
  Saved to   : outputs/reps_Brickwork_entanglement/slurm_YYDPETGTWY_amber/replica_790/replica_790_result.json
============================================
End time     : Wed Apr 22 18:08:11 EDT 2026
Exit code    : 0
============================================
