============================================
Job ID       : 5443333
Array Task   : 898
Replica ID   : 898
Node         : lri015
Start time   : Fri Apr 17 18:31:11 EDT 2026
============================================
[REPLICA 898] Starting...
  Sequence   : DAYAQWLKDGGPSSGRPPPS
  Forcefield : amber
  Backend    : aer
  Max iter   : 2000
--- INITIALIZING QUANTUM BIOPHYSICS FOLDER (HARDWARE) ---
--- FORCE FIELD: AMBER ---
--- SCOUTING: Checking 50 starting points ---
 > Deterministic Seed: 2158524283 (Derived from Sequence)
 > Best Start Found: Energy 464.43
[REPLICA 898] Init strategy: random, seed: 2158524283
--- STARTING QUANTUM FOLDING (HYBRID PIPELINE) ---
Stage 1: Mechanical Collapse (COBYLA, statevector)...
 > Collapse Energy: 362.60
Stage 2: Physics Refinement (SLSQP, statevector)...
Optimization terminated successfully    (Exit mode 0)
            Current function value: -0.99193453305922
            Iterations: 731
            Function evaluations: 55279
            Gradient evaluations: 731
 > Refinement Energy: -0.99
Stage 3: Natural Relaxation (SLSQP, statevector)...
Optimization terminated successfully    (Exit mode 0)
            Current function value: -144.84492435751997
            Iterations: 299
            Function evaluations: 23328
            Gradient evaluations: 299
 > Relaxation Energy: -144.84

[EXTRACTION] Mode: sampler → backend='aer_simulator', shots=4096
  Submitting 3 circuits (Z / X / Y bases)...
  Done. Angles extracted from measurement statistics.

[RESULT] Final energy: -144.8449
[REPLICA 898] RMSD: 5.460 Å
[REPLICA 898] Done!
  Energy     : -144.8449
  RMSD       : 5.460 Å
  Runtime    : 1458.3s
  Saved to   : outputs/reps_Brickwork_entanglement1/slurm_DAYAQWLKDGGPSSGRPPPS_amber/replica_898/replica_898_result.json
============================================
End time     : Fri Apr 17 18:55:31 EDT 2026
Exit code    : 0
============================================
