============================================
Job ID       : 5481043
Array Task   : 387
Replica ID   : 387
Node         : lri038
Start time   : Thu Apr 23 11:54:06 EDT 2026
============================================
[REPLICA 387] Starting...
  Sequence   : YYDPETGTWY
  Forcefield : amber
  Backend    : aer
  Max iter   : 20
--- INITIALIZING QUANTUM BIOPHYSICS FOLDER (HARDWARE) ---
--- FORCE FIELD: AMBER ---
--- SCOUTING: Checking 50 starting points ---
 > Deterministic Seed: 313297154 (Derived from Sequence)
 > Best Start Found: Energy 382.82
[REPLICA 387] Init strategy: random, seed: 313297154
--- STARTING QUANTUM FOLDING (HYBRID PIPELINE) ---
Stage 1: Mechanical Collapse (COBYLA, statevector)...
 > Collapse Energy: 1166.30
Stage 2: Physics Refinement (SLSQP, statevector)...
Iteration limit reached    (Exit mode 9)
            Current function value: 19166.857710954777
            Iterations: 20
            Function evaluations: 1170
            Gradient evaluations: 20
 > Refinement Energy: 19166.86
Stage 3: Natural Relaxation (SLSQP, statevector)...
Iteration limit reached    (Exit mode 9)
            Current function value: 506.7042635490343
            Iterations: 20
            Function evaluations: 1170
            Gradient evaluations: 20
 > Relaxation Energy: 506.70

[EXTRACTION] Mode: sampler → backend='aer_simulator', shots=4096
  Submitting 3 circuits (Z / X / Y bases)...
  Done. Angles extracted from measurement statistics.

[RESULT] Final energy: 506.7043
[REPLICA 387] Tracker saved → outputs/energy_reps_Brickwork_entanglement11/slurm_YYDPETGTWY_amber/replica_387/replica_387_tracker.json
[SAVED] outputs/energy_reps_Brickwork_entanglement11/slurm_YYDPETGTWY_amber/replica_387/replica_387_landscape.png
[REPLICA 387] RMSD: 5.474 Å
[REPLICA 387] Done!
  Energy     : 506.7043
  RMSD       : 5.474 Å
  Runtime    : 32.3s
  Saved to   : outputs/energy_reps_Brickwork_entanglement11/slurm_YYDPETGTWY_amber/replica_387/replica_387_result.json
============================================
End time     : Thu Apr 23 11:54:39 EDT 2026
Exit code    : 0
============================================
