============================================
Job ID       : 5440498
Array Task   : 363
Replica ID   : 363
Node         : lri000
Start time   : Fri Apr 17 14:22:50 EDT 2026
============================================
[REPLICA 363] Starting...
  Sequence   : DAYAQWLKDGGPSSGRPPPS
  Forcefield : amber
  Backend    : aer
  Max iter   : 2000
--- INITIALIZING QUANTUM BIOPHYSICS FOLDER (HARDWARE) ---
--- FORCE FIELD: AMBER ---
--- SCOUTING: Checking 50 starting points ---
 > Deterministic Seed: 2158523748 (Derived from Sequence)
 > Best Start Found: Energy 548.49
[REPLICA 363] Init strategy: random, seed: 2158523748
--- STARTING QUANTUM FOLDING (HYBRID PIPELINE) ---
Stage 1: Mechanical Collapse (COBYLA, statevector)...
 > Collapse Energy: 531.62
Stage 2: Physics Refinement (SLSQP, statevector)...
Optimization terminated successfully    (Exit mode 0)
            Current function value: -96.54022482608103
            Iterations: 482
            Function evaluations: 36804
            Gradient evaluations: 482
 > Refinement Energy: -96.54
Stage 3: Natural Relaxation (SLSQP, statevector)...
Optimization terminated successfully    (Exit mode 0)
            Current function value: -233.40468921836253
            Iterations: 311
            Function evaluations: 24133
            Gradient evaluations: 311
 > Relaxation Energy: -233.40

[EXTRACTION] Mode: sampler → backend='aer_simulator', shots=4096
  Submitting 3 circuits (Z / X / Y bases)...
  Done. Angles extracted from measurement statistics.

[RESULT] Final energy: -233.4047
[REPLICA 363] RMSD: 7.980 Å
[REPLICA 363] Done!
  Energy     : -233.4047
  RMSD       : 7.980 Å
  Runtime    : 1149.4s
  Saved to   : outputs/reps_Brickwork_entanglement1/slurm_DAYAQWLKDGGPSSGRPPPS_amber/replica_363/replica_363_result.json
============================================
End time     : Fri Apr 17 14:42:01 EDT 2026
Exit code    : 0
============================================
