============================================
Job ID       : 5478398
Array Task   : 7
Replica ID   : 7
Node         : lri034
Start time   : Thu Apr 23 09:34:42 EDT 2026
============================================
[REPLICA 7] Starting...
  Sequence   : YYDPETGTWY
  Forcefield : amber
  Backend    : aer
  Max iter   : 2000
--- INITIALIZING QUANTUM BIOPHYSICS FOLDER (HARDWARE) ---
--- FORCE FIELD: AMBER ---
--- SCOUTING: Checking 50 starting points ---
 > Deterministic Seed: 313296774 (Derived from Sequence)
 > Best Start Found: Energy 314.04
[REPLICA 7] Init strategy: random, seed: 313296774
--- STARTING QUANTUM FOLDING (HYBRID PIPELINE) ---
Stage 1: Mechanical Collapse (COBYLA, statevector)...
 > Collapse Energy: 740.74
Stage 2: Physics Refinement (SLSQP, statevector)...
Optimization terminated successfully    (Exit mode 0)
            Current function value: -52.55960710594633
            Iterations: 209
            Function evaluations: 11178
            Gradient evaluations: 209
 > Refinement Energy: -52.56
Stage 3: Natural Relaxation (SLSQP, statevector)...
Optimization terminated successfully    (Exit mode 0)
            Current function value: -0.4877388134193099
            Iterations: 384
            Function evaluations: 20178
            Gradient evaluations: 384
 > Relaxation Energy: -0.49

[EXTRACTION] Mode: sampler → backend='aer_simulator', shots=4096
  Submitting 3 circuits (Z / X / Y bases)...
  Done. Angles extracted from measurement statistics.

[RESULT] Final energy: -0.4877
[SAVED] outputs/energy_reps_Brickwork_entanglement/slurm_YYDPETGTWY_amber/replica_7/replica_7_landscape.png
[REPLICA 7] RMSD: 6.978 Å
[REPLICA 7] Done!
  Energy     : -0.4877
  RMSD       : 6.978 Å
  Runtime    : 377.2s
  Saved to   : outputs/energy_reps_Brickwork_entanglement/slurm_YYDPETGTWY_amber/replica_7/replica_7_result.json
============================================
End time     : Thu Apr 23 09:41:17 EDT 2026
Exit code    : 0
============================================
