============================================
Job ID       : 5496614
Array Task   : 341
Replica ID   : 341
Node         : lri053
Start time   : Mon Apr 27 14:20:55 EDT 2026
============================================
[REPLICA 341] Starting...
  Sequence     : YYDPETGTWY
  Forcefield   : amber
  Backend      : aer
  Max iter     : 2000
  Skip Stage 2 : True
--- INITIALIZING QUANTUM BIOPHYSICS FOLDER (HARDWARE) ---
--- FORCE FIELD: AMBER ---
[REPLICA 341] Ground truth loaded — 10 CA atoms
--- SCOUTING: Checking 50 starting points ---
 > Deterministic Seed: 313297108 (Derived from Sequence)
 > Best Start Found: Energy 96.90
[REPLICA 341] Init strategy: random, seed: 313297108
--- STARTING QUANTUM FOLDING (HYBRID PIPELINE) ---
Stage 1: Mechanical Collapse (COBYLA, statevector)...
 > Collapse Energy : 344.09
 > Stage 1 RMSD    : 2.8426 Å
Stage 2: SKIPPED
Stage 3: Natural Relaxation (SLSQP, statevector)...
Optimization terminated successfully    (Exit mode 0)
            Current function value: -13.12127442591695
            Iterations: 240
            Function evaluations: 12918
            Gradient evaluations: 240
 > Relaxation Energy : -13.12
 > Stage 3 RMSD      : 4.7974 Å

── RMSD Progress ──────────────────────────
  Stage 1 : 2.8426 Å
  Stage 2 : skipped
  Stage 3 : 4.7974 Å  ↑ worse
──────────────────────────────────────────

[EXTRACTION] Mode: sampler → backend='aer_simulator', shots=4096
  Submitting 3 circuits (Z / X / Y bases)...
  Done. Angles extracted from measurement statistics.

[RESULT] Final energy: -13.1213
[REPLICA 341] Tracker saved → outputs/Skip1/slurm_YYDPETGTWY_amber/replica_341/replica_341_tracker.json
[SAVED] outputs/Skip1/slurm_YYDPETGTWY_amber/replica_341/replica_341_landscape.png
[REPLICA 341] Final RMSD: 5.048 Å

[REPLICA 341] ✓ Done!
  Energy       : -13.1213
  RMSD final   : 5.048 Å
  RMSD stage1  : 2.843 Å
  RMSD stage2  : skipped
  RMSD stage3  : 4.797 Å
  Runtime      : 160.6s
  Saved to     : outputs/Skip1/slurm_YYDPETGTWY_amber/replica_341/replica_341_result.json
============================================
End time     : Mon Apr 27 14:23:37 EDT 2026
Exit code    : 0
============================================
