============================================
Job ID       : 5439265
Array Task   : 577
Replica ID   : 577
Node         : lri000
Start time   : Fri Apr 17 09:06:32 EDT 2026
============================================
[REPLICA 577] Starting...
  Sequence   : YYDPETGTWY
  Forcefield : amber
  Backend    : aer
  Max iter   : 2000
--- INITIALIZING QUANTUM BIOPHYSICS FOLDER (HARDWARE) ---
--- FORCE FIELD: AMBER ---
--- SCOUTING: Checking 50 starting points ---
 > Deterministic Seed: 313297344 (Derived from Sequence)
 > Best Start Found: Energy 255.70
[REPLICA 577] Init strategy: random, seed: 313297344
--- STARTING QUANTUM FOLDING (HYBRID PIPELINE) ---
Stage 1: Mechanical Collapse (COBYLA, statevector)...
 > Collapse Energy: 697.10
Stage 2: Physics Refinement (SLSQP, statevector)...
Optimization terminated successfully    (Exit mode 0)
            Current function value: 24.6354092523539
            Iterations: 226
            Function evaluations: 11986
            Gradient evaluations: 226
 > Refinement Energy: 24.64
Stage 3: Natural Relaxation (SLSQP, statevector)...
Optimization terminated successfully    (Exit mode 0)
            Current function value: 15.769170197782767
            Iterations: 114
            Function evaluations: 6378
            Gradient evaluations: 114
 > Relaxation Energy: 15.77

[EXTRACTION] Mode: sampler → backend='aer_simulator', shots=4096
  Submitting 3 circuits (Z / X / Y bases)...
  Done. Angles extracted from measurement statistics.

[RESULT] Final energy: 15.7692
[REPLICA 577] RMSD: 5.535 Å
[REPLICA 577] Done!
  Energy     : 15.7692
  RMSD       : 5.535 Å
  Runtime    : 230.9s
  Saved to   : outputs/reps_Brickwork_entanglement/slurm_YYDPETGTWY_amber/replica_577/replica_577_result.json
============================================
End time     : Fri Apr 17 09:10:24 EDT 2026
Exit code    : 0
============================================
