============================================
Job ID       : 5495912
Array Task   : 64
Replica ID   : 64
Node         : lri009
Start time   : Mon Apr 27 13:47:13 EDT 2026
============================================
[REPLICA 64] Starting...
  Sequence     : YYDPETGTWY
  Forcefield   : amber
  Backend      : aer
  Max iter     : 2000
  Skip Stage 2 : True
--- INITIALIZING QUANTUM BIOPHYSICS FOLDER (HARDWARE) ---
--- FORCE FIELD: AMBER ---
[REPLICA 64] Ground truth loaded — 10 CA atoms
--- SCOUTING: Checking 50 starting points ---
 > Deterministic Seed: 313296831 (Derived from Sequence)
 > Best Start Found: Energy 411.05
[REPLICA 64] Init strategy: random, seed: 313296831
============================================
End time     : Mon Apr 27 13:47:14 EDT 2026
Exit code    : 0
============================================
